Archive member included to satisfy reference by file (symbol)

c:/renesas/ra/e2studio_v2021-04_fsp_v3.0.0/toolchains/gcc_arm/9_2020q2/bin/../lib/gcc/arm-none-eabi/9.3.1/thumb/v8-m.main+fp/hard\libgcc.a(_aeabi_ldivmod.o)
                              ./ra/fsp/src/r_sci_uart/r_sci_uart.o (__aeabi_ldivmod)
c:/renesas/ra/e2studio_v2021-04_fsp_v3.0.0/toolchains/gcc_arm/9_2020q2/bin/../lib/gcc/arm-none-eabi/9.3.1/thumb/v8-m.main+fp/hard\libgcc.a(_udivmoddi4.o)
                              c:/renesas/ra/e2studio_v2021-04_fsp_v3.0.0/toolchains/gcc_arm/9_2020q2/bin/../lib/gcc/arm-none-eabi/9.3.1/thumb/v8-m.main+fp/hard\libgcc.a(_aeabi_ldivmod.o) (__udivmoddi4)
c:/renesas/ra/e2studio_v2021-04_fsp_v3.0.0/toolchains/gcc_arm/9_2020q2/bin/../lib/gcc/arm-none-eabi/9.3.1/thumb/v8-m.main+fp/hard\libgcc.a(_dvmd_tls.o)
                              c:/renesas/ra/e2studio_v2021-04_fsp_v3.0.0/toolchains/gcc_arm/9_2020q2/bin/../lib/gcc/arm-none-eabi/9.3.1/thumb/v8-m.main+fp/hard\libgcc.a(_aeabi_ldivmod.o) (__aeabi_ldiv0)
c:/renesas/ra/e2studio_v2021-04_fsp_v3.0.0/toolchains/gcc_arm/9_2020q2/bin/../lib/gcc/arm-none-eabi/9.3.1/../../../../arm-none-eabi/lib/thumb/v8-m.main+fp/hard\libg_nano.a(lib_a-errno.o)
                              ./ra/fsp/src/bsp/mcu/all/bsp_sbrk.o (__errno)
c:/renesas/ra/e2studio_v2021-04_fsp_v3.0.0/toolchains/gcc_arm/9_2020q2/bin/../lib/gcc/arm-none-eabi/9.3.1/../../../../arm-none-eabi/lib/thumb/v8-m.main+fp/hard\libg_nano.a(lib_a-exit.o)
                              c:/renesas/ra/e2studio_v2021-04_fsp_v3.0.0/toolchains/gcc_arm/9_2020q2/bin/../lib/gcc/arm-none-eabi/9.3.1/../../../../arm-none-eabi/lib/thumb/v8-m.main+fp/hard/rdimon-crt0.o (exit)
c:/renesas/ra/e2studio_v2021-04_fsp_v3.0.0/toolchains/gcc_arm/9_2020q2/bin/../lib/gcc/arm-none-eabi/9.3.1/../../../../arm-none-eabi/lib/thumb/v8-m.main+fp/hard\libg_nano.a(lib_a-impure.o)
                              c:/renesas/ra/e2studio_v2021-04_fsp_v3.0.0/toolchains/gcc_arm/9_2020q2/bin/../lib/gcc/arm-none-eabi/9.3.1/../../../../arm-none-eabi/lib/thumb/v8-m.main+fp/hard\libg_nano.a(lib_a-exit.o) (_global_impure_ptr)
c:/renesas/ra/e2studio_v2021-04_fsp_v3.0.0/toolchains/gcc_arm/9_2020q2/bin/../lib/gcc/arm-none-eabi/9.3.1/../../../../arm-none-eabi/lib/thumb/v8-m.main+fp/hard\libg_nano.a(lib_a-init.o)
                              c:/renesas/ra/e2studio_v2021-04_fsp_v3.0.0/toolchains/gcc_arm/9_2020q2/bin/../lib/gcc/arm-none-eabi/9.3.1/../../../../arm-none-eabi/lib/thumb/v8-m.main+fp/hard/rdimon-crt0.o (__libc_init_array)
c:/renesas/ra/e2studio_v2021-04_fsp_v3.0.0/toolchains/gcc_arm/9_2020q2/bin/../lib/gcc/arm-none-eabi/9.3.1/../../../../arm-none-eabi/lib/thumb/v8-m.main+fp/hard\libg_nano.a(lib_a-memcmp.o)
                              ./tray/tray_upper.o (memcmp)
c:/renesas/ra/e2studio_v2021-04_fsp_v3.0.0/toolchains/gcc_arm/9_2020q2/bin/../lib/gcc/arm-none-eabi/9.3.1/../../../../arm-none-eabi/lib/thumb/v8-m.main+fp/hard\libg_nano.a(lib_a-memcpy-stub.o)
                              ./tray/flow.o (memcpy)
c:/renesas/ra/e2studio_v2021-04_fsp_v3.0.0/toolchains/gcc_arm/9_2020q2/bin/../lib/gcc/arm-none-eabi/9.3.1/../../../../arm-none-eabi/lib/thumb/v8-m.main+fp/hard\libg_nano.a(lib_a-memset.o)
                              c:/renesas/ra/e2studio_v2021-04_fsp_v3.0.0/toolchains/gcc_arm/9_2020q2/bin/../lib/gcc/arm-none-eabi/9.3.1/../../../../arm-none-eabi/lib/thumb/v8-m.main+fp/hard/rdimon-crt0.o (memset)
c:/renesas/ra/e2studio_v2021-04_fsp_v3.0.0/toolchains/gcc_arm/9_2020q2/bin/../lib/gcc/arm-none-eabi/9.3.1/../../../../arm-none-eabi/lib/thumb/v8-m.main+fp/hard\libg_nano.a(lib_a-sprintf.o)
                              ./tray/func.o (sprintf)
c:/renesas/ra/e2studio_v2021-04_fsp_v3.0.0/toolchains/gcc_arm/9_2020q2/bin/../lib/gcc/arm-none-eabi/9.3.1/../../../../arm-none-eabi/lib/thumb/v8-m.main+fp/hard\libg_nano.a(lib_a-strcmp.o)
                              ./mlos/services/mlos_log.o (strcmp)
c:/renesas/ra/e2studio_v2021-04_fsp_v3.0.0/toolchains/gcc_arm/9_2020q2/bin/../lib/gcc/arm-none-eabi/9.3.1/../../../../arm-none-eabi/lib/thumb/v8-m.main+fp/hard\libg_nano.a(lib_a-strcpy.o)
                              ./mlos/os/mlos_task.o (strcpy)
c:/renesas/ra/e2studio_v2021-04_fsp_v3.0.0/toolchains/gcc_arm/9_2020q2/bin/../lib/gcc/arm-none-eabi/9.3.1/../../../../arm-none-eabi/lib/thumb/v8-m.main+fp/hard\libg_nano.a(lib_a-strlen.o)
                              ./mlos/services/mlos_shell.o (strlen)
c:/renesas/ra/e2studio_v2021-04_fsp_v3.0.0/toolchains/gcc_arm/9_2020q2/bin/../lib/gcc/arm-none-eabi/9.3.1/../../../../arm-none-eabi/lib/thumb/v8-m.main+fp/hard\libg_nano.a(lib_a-vsnprintf.o)
                              ./tray/log.o (vsnprintf)
c:/renesas/ra/e2studio_v2021-04_fsp_v3.0.0/toolchains/gcc_arm/9_2020q2/bin/../lib/gcc/arm-none-eabi/9.3.1/../../../../arm-none-eabi/lib/thumb/v8-m.main+fp/hard\libg_nano.a(lib_a-vsprintf.o)
                              ./mlos/services/mlos_log.o (vsprintf)
[...]
Memory Configuration

Name             Origin             Length             Attributes
FLASH            0x00010400         0x00050000         xr
RAM              0x20000000         0x00040000         xrw
DATA_FLASH       0x08000000         0x00002000         xr
QSPI_FLASH       0x60000000         0x04000000         xr
OSPI_DEVICE_0    0x68000000         0x08000000         xr
OSPI_DEVICE_1    0x70000000         0x10000000         xr
SDRAM            0x90000000         0x00000000         xrw
OPTION_SETTING   0x0100a100         0x00000100         r
OPTION_SETTING_S 0x0100a200         0x00000100         r
ID_CODE          0x00000000         0x00000000         xr
*default*        0x00000000         0xffffffff

Linker script and memory map

LOAD c:/renesas/ra/e2studio_v2021-04_fsp_v3.0.0/toolchains/gcc_arm/9_2020q2/bin/../lib/gcc/arm-none-eabi/9.3.1/thumb/v8-m.main+fp/hard/crti.o
LOAD c:/renesas/ra/e2studio_v2021-04_fsp_v3.0.0/toolchains/gcc_arm/9_2020q2/bin/../lib/gcc/arm-none-eabi/9.3.1/thumb/v8-m.main+fp/hard/crtbegin.o
LOAD c:/renesas/ra/e2studio_v2021-04_fsp_v3.0.0/toolchains/gcc_arm/9_2020q2/bin/../lib/gcc/arm-none-eabi/9.3.1/../../../../arm-none-eabi/lib/thumb/v8-m.main+fp/hard/rdimon-crt0.o
START GROUP
LOAD ./tray/box.o
LOAD ./tray/entry.o
LOAD ./tray/flow.o
LOAD ./tray/func.o
LOAD ./tray/log.o
LOAD ./tray/plc.o
LOAD ./tray/timer.o
LOAD ./tray/tray.o
LOAD ./tray/tray_upper.o
LOAD ./tray/uart.o
LOAD ./src/hal_entry.o
LOAD ./ra_gen/common_data.o
LOAD ./ra_gen/hal_data.o
LOAD ./ra_gen/main.o
LOAD ./ra_gen/pin_data.o
LOAD ./ra_gen/vector_data.o
LOAD ./ra/fsp/src/r_spi/r_spi.o
LOAD ./ra/fsp/src/r_sci_uart/r_sci_uart.o
LOAD ./ra/fsp/src/r_qspi/r_qspi.o
LOAD ./ra/fsp/src/r_ioport/r_ioport.o
LOAD ./ra/fsp/src/r_gpt/r_gpt.o
LOAD ./ra/fsp/src/r_flash_hp/r_flash_hp.o
LOAD ./ra/fsp/src/r_dtc/r_dtc.o
LOAD ./ra/fsp/src/r_can/r_can.o
LOAD ./ra/fsp/src/bsp/mcu/all/bsp_clocks.o
LOAD ./ra/fsp/src/bsp/mcu/all/bsp_common.o
LOAD ./ra/fsp/src/bsp/mcu/all/bsp_delay.o
LOAD ./ra/fsp/src/bsp/mcu/all/bsp_group_irq.o
LOAD ./ra/fsp/src/bsp/mcu/all/bsp_guard.o
LOAD ./ra/fsp/src/bsp/mcu/all/bsp_io.o
LOAD ./ra/fsp/src/bsp/mcu/all/bsp_irq.o
LOAD ./ra/fsp/src/bsp/mcu/all/bsp_register_protection.o
LOAD ./ra/fsp/src/bsp/mcu/all/bsp_rom_registers.o
LOAD ./ra/fsp/src/bsp/mcu/all/bsp_sbrk.o
LOAD ./ra/fsp/src/bsp/mcu/all/bsp_security.o
LOAD ./ra/fsp/src/bsp/cmsis/Device/RENESAS/Source/startup.o
LOAD ./ra/fsp/src/bsp/cmsis/Device/RENESAS/Source/system.o
LOAD ./public/u_function.o
LOAD ./public/u_led.o
LOAD ./public/u_setting.o
LOAD ./public/u_setting_tool_ntp.o
LOAD ./mlos/services/mlos_log.o
LOAD ./mlos/services/mlos_shell.o
LOAD ./mlos/port/RA6M4/mlos_port.o
LOAD ./mlos/os/mlos.o
LOAD ./mlos/os/mlos_clock.o
LOAD ./mlos/os/mlos_list.o
LOAD ./mlos/os/mlos_ltimer.o
LOAD ./mlos/os/mlos_malloc.o
LOAD ./mlos/os/mlos_mpump.o
LOAD ./mlos/os/mlos_que.o
LOAD ./mlos/os/mlos_rtimer.o
LOAD ./mlos/os/mlos_task.o
LOAD ./mllib/utp/ra6m4/utp_uart_driver.o
LOAD ./mllib/utp/pb.o
LOAD ./mllib/utp/public.o
LOAD ./mllib/utp/utp.o
LOAD ./mllib/upper/upper_ntp.o
LOAD ./mllib/tool/tool.o
LOAD ./mllib/ntp/w5500/ra6m4/ntp_w5500_spi_driver.o
LOAD ./mllib/ntp/w5500/ntp_w5500.o
LOAD ./mllib/ntp/ntp.o
LOAD ./mllib/ntp/ntp_usocket.o
LOAD ./mllib/mlflash/mx35xx/RA6M4/mx35_spi_driver.o
LOAD ./mllib/mlflash/mx35xx/mx35.o
LOAD ./mllib/mlflash/mcuflash/RA6M4/mcu_flash.o
LOAD ./mllib/mlflash/cssdcard/RA6M4/cs_sd_spi_driver.o
LOAD ./mllib/mlflash/cssdcard/cs_sdcard.o
LOAD ./mllib/iap/mc_ra6m4_iap_protocol/iap_tool_ntp.o
LOAD ./mllib/iap/mc_ra6m4_iap_protocol/iap_upper_ntp.o
LOAD ./mllib/iap/RA6M4/iap_mcu_port.o
LOAD ./mllib/iap/iap.o
LOAD ./mllib/dataStorage/ds.o
LOAD ./mllib/dataStorage/ds_tray_file.o
LOAD ./mllib/ctp/ra6m4/ctp_can_driver.o
LOAD ./mllib/ctp/ctp.o
LOAD ./app/u_app.o
LOAD ./app/u_app_tool_debug.o
END GROUP
START GROUP
LOAD c:/renesas/ra/e2studio_v2021-04_fsp_v3.0.0/toolchains/gcc_arm/9_2020q2/bin/../lib/gcc/arm-none-eabi/9.3.1/thumb/v8-m.main+fp/hard\libgcc.a
LOAD c:/renesas/ra/e2studio_v2021-04_fsp_v3.0.0/toolchains/gcc_arm/9_2020q2/bin/../lib/gcc/arm-none-eabi/9.3.1/../../../../arm-none-eabi/lib/thumb/v8-m.main+fp/hard\libg_nano.a
LOAD c:/renesas/ra/e2studio_v2021-04_fsp_v3.0.0/toolchains/gcc_arm/9_2020q2/bin/../lib/gcc/arm-none-eabi/9.3.1/../../../../arm-none-eabi/lib/thumb/v8-m.main+fp/hard\libc_nano.a
END GROUP
START GROUP
LOAD c:/renesas/ra/e2studio_v2021-04_fsp_v3.0.0/toolchains/gcc_arm/9_2020q2/bin/../lib/gcc/arm-none-eabi/9.3.1/thumb/v8-m.main+fp/hard\libgcc.a
LOAD c:/renesas/ra/e2studio_v2021-04_fsp_v3.0.0/toolchains/gcc_arm/9_2020q2/bin/../lib/gcc/arm-none-eabi/9.3.1/../../../../arm-none-eabi/lib/thumb/v8-m.main+fp/hard\libc_nano.a
LOAD c:/renesas/ra/e2studio_v2021-04_fsp_v3.0.0/toolchains/gcc_arm/9_2020q2/bin/../lib/gcc/arm-none-eabi/9.3.1/../../../../arm-none-eabi/lib/thumb/v8-m.main+fp/hard\librdimon_nano.a
END GROUP
START GROUP
LOAD c:/renesas/ra/e2studio_v2021-04_fsp_v3.0.0/toolchains/gcc_arm/9_2020q2/bin/../lib/gcc/arm-none-eabi/9.3.1/thumb/v8-m.main+fp/hard\libgcc.a
LOAD c:/renesas/ra/e2studio_v2021-04_fsp_v3.0.0/toolchains/gcc_arm/9_2020q2/bin/../lib/gcc/arm-none-eabi/9.3.1/../../../../arm-none-eabi/lib/thumb/v8-m.main+fp/hard\libc_nano.a
LOAD c:/renesas/ra/e2studio_v2021-04_fsp_v3.0.0/toolchains/gcc_arm/9_2020q2/bin/../lib/gcc/arm-none-eabi/9.3.1/../../../../arm-none-eabi/lib/thumb/v8-m.main+fp/hard\librdimon_nano.a
END GROUP
LOAD c:/renesas/ra/e2studio_v2021-04_fsp_v3.0.0/toolchains/gcc_arm/9_2020q2/bin/../lib/gcc/arm-none-eabi/9.3.1/thumb/v8-m.main+fp/hard/crtend.o
LOAD c:/renesas/ra/e2studio_v2021-04_fsp_v3.0.0/toolchains/gcc_arm/9_2020q2/bin/../lib/gcc/arm-none-eabi/9.3.1/thumb/v8-m.main+fp/hard/crtn.o
                0x20000000                RAM_START = 0x20000000
                0x00040000                RAM_LENGTH = 0x40000
                0x00010400                FLASH_START = 0x10400
                0x00050000                FLASH_LENGTH = 0x50000
                0x08000000                DATA_FLASH_START = 0x8000000
                0x00002000                DATA_FLASH_LENGTH = 0x2000
                0x0100a100                OPTION_SETTING_START = 0x100a100
                0x00000100                OPTION_SETTING_LENGTH = 0x100
                0x0100a200                OPTION_SETTING_S_START = 0x100a200
                0x00000100                OPTION_SETTING_S_LENGTH = 0x100
                0x00000000                ID_CODE_START = 0x0
                0x00000000                ID_CODE_LENGTH = 0x0
                0x90000000                SDRAM_START = 0x90000000
                0x00000000                SDRAM_LENGTH = 0x0
                0x60000000                QSPI_FLASH_START = 0x60000000
                0x04000000                QSPI_FLASH_LENGTH = 0x4000000
                0x68000000                OSPI_DEVICE_0_START = 0x68000000
                0x08000000                OSPI_DEVICE_0_LENGTH = 0x8000000
                0x70000000                OSPI_DEVICE_1_START = 0x70000000
                0x10000000                OSPI_DEVICE_1_LENGTH = 0x10000000
                0x04000000                QSPI_FLASH_PRV_LENGTH = DEFINED (QSPI_FLASH_SIZE)?ABSOLUTE (QSPI_FLASH_SIZE):ABSOLUTE (QSPI_FLASH_LENGTH)
                0x08000000                OSPI_DEVICE_0_PRV_LENGTH = DEFINED (OSPI_DEVICE_0_SIZE)?ABSOLUTE (OSPI_DEVICE_0_SIZE):ABSOLUTE (OSPI_DEVICE_0_LENGTH)
                0x10000000                OSPI_DEVICE_1_PRV_LENGTH = DEFINED (OSPI_DEVICE_1_SIZE)?ABSOLUTE (OSPI_DEVICE_1_SIZE):ABSOLUTE (OSPI_DEVICE_1_LENGTH)
                0x00000000                __RESERVE_NS_RAM = ((! (DEFINED (PROJECT_NONSECURE)) && DEFINED (RAM_NS_BUFFER_LENGTH)) && (OPTION_SETTING_S_LENGTH != 0x0))
                0x00000000                RAM_NS_BUFFER_BLOCK_LENGTH = DEFINED (RAM_NS_BUFFER_LENGTH)?ALIGN (RAM_NS_BUFFER_LENGTH, 0x2000):0x0
                0x00000000                RAM_NS_BUFFER_LENGTH = DEFINED (RAM_NS_BUFFER_LENGTH)?RAM_NS_BUFFER_LENGTH:0x0
                0x20040000                RAM_NS_BUFFER_START = ((RAM_START + RAM_LENGTH) - RAM_NS_BUFFER_LENGTH)
                0x20040000                RAM_NS_BUFFER_BLOCK_START = ((RAM_START + RAM_LENGTH) - RAM_NS_BUFFER_BLOCK_LENGTH)
                0x0100a180                OPTION_SETTING_START_NS = 0x100a180
                0x00000001                __bl_FSP_BOOTABLE_IMAGE = 0x1
                0x00000001                __bln_FSP_BOOTABLE_IMAGE = 0x1
                0x00000001                PROJECT_SECURE_OR_FLAT = ((! (DEFINED (PROJECT_NONSECURE)) && OPTION_SETTING_LENGTH) && ! (DEFINED (FSP_BOOTABLE_IMAGE)))
                0x00000000                USE_OPTION_SETTING_NS = (DEFINED (PROJECT_NONSECURE) && ! (DEFINED (FSP_BOOTABLE_IMAGE)))
                0x00000000                __bl_FLASH_IMAGE_START = ! (DEFINED (FLASH_BOOTLOADER_LENGTH))?0x0:(FLASH_APPLICATION_IMAGE_NUMBER == 0x1)?(FLASH_BOOTLOADER_LENGTH + FLASH_BOOTLOADER_HEADER_LENGTH):(((FLASH_BOOTLOADER_LENGTH + FLASH_BOOTLOADER_SCRATCH_LENGTH) + FLASH_APPLICATION_S_LENGTH) + FLASH_BOOTLOADER_HEADER_LENGTH)
                0x00000000                __bl_FLASH_IMAGE_LENGTH = ! (DEFINED (FLASH_BOOTLOADER_LENGTH))?0x0:(FLASH_APPLICATION_S_LENGTH - FLASH_BOOTLOADER_HEADER_LENGTH)
                0x00000000                __bl_FLASH_IMAGE_END = (__bl_FLASH_IMAGE_START + __bl_FLASH_IMAGE_LENGTH)
                0x00000000                __bl_FLASH_NS_START = ! (DEFINED (FLASH_BOOTLOADER_LENGTH))?0x0:(FLASH_APPLICATION_NS_LENGTH == 0x0)?__bl_FLASH_IMAGE_END:((__bl_FLASH_IMAGE_START - FLASH_BOOTLOADER_HEADER_LENGTH) + FLASH_APPLICATION_S_LENGTH)
                0x00000000                __bl_FLASH_NSC_START = ! (DEFINED (FLASH_BOOTLOADER_LENGTH))?0x0:(FLASH_APPLICATION_NS_LENGTH == 0x0)?__bl_FLASH_IMAGE_END:(__bl_FLASH_NS_START - FLASH_APPLICATION_NSC_LENGTH)
                0x00000000                __bl_RAM_NS_START = ! (DEFINED (FLASH_BOOTLOADER_LENGTH))?0x0:(FLASH_APPLICATION_NS_LENGTH == 0x0)?(RAM_START + RAM_LENGTH):((RAM_START + RAM_LENGTH) - RAM_APPLICATION_NS_LENGTH)
                0x00000000                __bl_RAM_NSC_START = ! (DEFINED (FLASH_BOOTLOADER_LENGTH))?0x0:(FLASH_APPLICATION_NS_LENGTH == 0x0)?(RAM_START + RAM_LENGTH):(__bl_RAM_NS_START - RAM_APPLICATION_NSC_LENGTH)
                0x00000000                __bl_FLASH_NS_IMAGE_START = ! (DEFINED (FLASH_BOOTLOADER_LENGTH))?0x0:(FLASH_APPLICATION_NS_LENGTH == 0x0)?__bl_FLASH_IMAGE_END:(__bl_FLASH_NS_START + FLASH_BOOTLOADER_HEADER_LENGTH_2)
                0x00000000                __bln_FLASH_IMAGE_START = __bl_FLASH_NS_IMAGE_START
                0x00000000                __bln_FLASH_IMAGE_LENGTH = ! (DEFINED (FLASH_BOOTLOADER_LENGTH))?0x0:(FLASH_APPLICATION_NS_LENGTH == 0x0)?__bl_FLASH_IMAGE_END:(FLASH_APPLICATION_NS_LENGTH - FLASH_BOOTLOADER_HEADER_LENGTH_2)
                0x00010400                FLASH_ORIGIN = DEFINED (FLASH_IMAGE_START)?FLASH_IMAGE_START:FLASH_START
                0x00050000                LIMITED_FLASH_LENGTH = DEFINED (FLASH_IMAGE_LENGTH)?FLASH_IMAGE_LENGTH:DEFINED (FLASH_BOOTLOADER_LENGTH)?FLASH_BOOTLOADER_LENGTH:FLASH_LENGTH
START GROUP
LOAD c:/renesas/ra/e2studio_v2021-04_fsp_v3.0.0/toolchains/gcc_arm/9_2020q2/bin/../lib/gcc/arm-none-eabi/9.3.1/thumb/v8-m.main+fp/hard\libgcc.a
LOAD c:/renesas/ra/e2studio_v2021-04_fsp_v3.0.0/toolchains/gcc_arm/9_2020q2/bin/../lib/gcc/arm-none-eabi/9.3.1/../../../../arm-none-eabi/lib/thumb/v8-m.main+fp/hard\libc.a
LOAD c:/renesas/ra/e2studio_v2021-04_fsp_v3.0.0/toolchains/gcc_arm/9_2020q2/bin/../lib/gcc/arm-none-eabi/9.3.1/../../../../arm-none-eabi/lib/thumb/v8-m.main+fp/hard\libm.a
LOAD c:/renesas/ra/e2studio_v2021-04_fsp_v3.0.0/toolchains/gcc_arm/9_2020q2/bin/../lib/gcc/arm-none-eabi/9.3.1/../../../../arm-none-eabi/lib/thumb/v8-m.main+fp/hard\libnosys.a
END GROUP

.text           0x00010400     0xc64c
                0x00010400                __tz_FLASH_S = ABSOLUTE (FLASH_START)
                0x00010400                __ROM_Start = .
 *(.fixed_vectors*)
 .fixed_vectors
                0x00010400       0x40 ./ra/fsp/src/bsp/cmsis/Device/RENESAS/Source/startup.o
                0x00010400                __Vectors
 *(.application_vectors*)
 .application_vectors
                0x00010440      0x180 ./ra_gen/vector_data.o
                0x00010440                g_vector_table
                0x000105c0                __Vectors_End = .
                0x000105c0                . = (OPTION_SETTING_LENGTH > 0x0)?.:(__ROM_Start + 0x400)
 *(.rom_registers*)
                0x000105c0                . = (OPTION_SETTING_LENGTH > 0x0)?.:(__ROM_Start + 0x500)
 *(.text*)
 .text          0x000105c0       0x40 c:/renesas/ra/e2studio_v2021-04_fsp_v3.0.0/toolchains/gcc_arm/9_2020q2/bin/../lib/gcc/arm-none-eabi/9.3.1/thumb/v8-m.main+fp/hard/crtbegin.o
 .text.boxMsgIgnore
                0x00010600        0x4 ./tray/box.o
                0x00010600                boxMsgIgnore
 .text.boxExprUpdUpldAck
                0x00010604        0x4 ./tray/box.o
                0x00010604                boxExprUpdUpldAck
 .text.boxRxSmplSeriesWiSw
                0x00010608        0x4 ./tray/box.o
                0x00010608                boxRxSmplSeriesWiSw
 .text.boxRxSmplAck
                0x0001060c       0x60 ./tray/box.o
                0x0001060c                boxRxSmplAck
 .text.boxRxCtrlAck
                0x0001066c        0x4 ./tray/box.o
                0x0001066c                boxRxCtrlAck
 .text.boxExprUpdCnfmAck
                0x00010670       0x2c ./tray/box.o
                0x00010670                boxExprUpdCnfmAck
 .text.boxExprUpdSetupAck
                0x0001069c       0x2c ./tray/box.o
                0x0001069c                boxExprUpdSetupAck
 .text.boxExprCaliSmplAck
                0x000106c8       0x4c ./tray/box.o
                0x000106c8                boxExprCaliSmplAck
 .text.boxRxUpdCnfmAck
                0x00010714       0x54 ./tray/box.o
                0x00010714                boxRxUpdCnfmAck
 .text.boxRxUpdSetupAck
                0x00010768       0x6c ./tray/box.o
                0x00010768                boxRxUpdSetupAck
 .text.boxExprCaliNtfyAck
                0x000107d4       0x10 ./tray/box.o
                0x000107d4                boxExprCaliNtfyAck
 .text.boxRxCaliNtfyAck
                0x000107e4       0x50 ./tray/box.o
                0x000107e4                boxRxCaliNtfyAck
 .text.boxExprCmmnAuxAck
                0x00010834       0x10 ./tray/box.o
                0x00010834                boxExprCmmnAuxAck
 .text.boxRxUpdDldAck
                0x00010844       0x40 ./tray/box.o
                0x00010844                boxRxUpdDldAck
 .text.boxRxCaliCmmnAck
                0x00010884       0x40 ./tray/box.o
                0x00010884                boxRxCaliCmmnAck
 .text.boxRxConnAck
                0x000108c4       0x68 ./tray/box.o
                0x000108c4                boxRxConnAck
 .text.boxRxCaliSmplAck
                0x0001092c      0x138 ./tray/box.o
                0x0001092c                boxRxCaliSmplAck
 .text.boxRxCfgReadAck
                0x00010a64        0x4 ./tray/box.o
                0x00010a64                boxRxCfgReadAck
 .text.boxRxCfgSetAck
                0x00010a68        0x4 ./tray/box.o
                0x00010a68                boxRxCfgSetAck
 .text.boxRxUpdUpldAck
                0x00010a6c        0x4 ./tray/box.o
                0x00010a6c                boxRxUpdUpldAck
 .text.boxExprCfgReadAck
                0x00010a70        0x4 ./tray/box.o
                0x00010a70                boxExprCfgReadAck
 .text.boxExprCfgSetAck
                0x00010a74        0x4 ./tray/box.o
                0x00010a74                boxExprCfgSetAck
 .text.allocAuxCanBuf
                0x00010a78       0x20 ./tray/box.o
                0x00010a78                allocAuxCanBuf
 .text.boxAuxTx
                0x00010a98       0x30 ./tray/box.o
                0x00010a98                boxAuxTx
 .text.boxAuxTxTry
                0x00010ac8       0x38 ./tray/box.o
                0x00010ac8                boxAuxTxTry
 .text.boxSmplTx
                0x00010b00       0x4c ./tray/box.o
                0x00010b00                boxSmplTx
 .text.boxSmplTxTry
                0x00010b4c       0x90 ./tray/box.o
                0x00010b4c                boxSmplTxTry
 .text.boxCtrlRcd
                0x00010bdc       0x60 ./tray/box.o
                0x00010bdc                boxCtrlRcd
 .text.boxCtrlTx
                0x00010c3c       0xc4 ./tray/box.o
                0x00010c3c                boxCtrlTx
 .text.boxCtrlTxTry
                0x00010d00       0x50 ./tray/box.o
                0x00010d00                boxCtrlTxTry
 .text.boxRxSmplParallel
                0x00010d50      0x190 ./tray/box.o
                0x00010d50                boxRxSmplParallel
 .text.boxRxSmplSeriesWoSw
                0x00010ee0      0x248 ./tray/box.o
                0x00010ee0                boxRxSmplSeriesWoSw
 .text.canIdleNtfy
                0x00011128       0xa0 ./tray/box.o
                0x00011128                canIdleNtfy
 .text.boxExprCtrlAck
                0x000111c8       0x14 ./tray/box.o
                0x000111c8                boxExprCtrlAck
 .text.boxExprSmplAck
                0x000111dc       0x60 ./tray/box.o
                0x000111dc                boxExprSmplAck
 .text.boxExprAuxAck
                0x0001123c       0x88 ./tray/box.o
                0x0001123c                boxExprAuxAck
 .text.canRxMsg
                0x000112c4       0x74 ./tray/box.o
                0x000112c4                canRxMsg
 .text.boxInit  0x00011338      0x1c8 ./tray/box.o
                0x00011338                boxInit
 .text.mainInit
                0x00011500      0x818 ./tray/entry.o
                0x00011500                mainInit
 .text.ctrlInit
                0x00011d18       0x44 ./tray/entry.o
                0x00011d18                ctrlInit
 .text.recvCtrlGet
                0x00011d5c       0x10 ./tray/flow.o
                0x00011d5c                recvCtrlGet
 .text.recvCtrlSetup
                0x00011d6c       0x7c ./tray/flow.o
                0x00011d6c                recvCtrlSetup
 .text.recvCtrlFree
                0x00011de8       0x30 ./tray/flow.o
                0x00011de8                recvCtrlFree
 .text.upFlowSave
                0x00011e18       0x88 ./tray/flow.o
                0x00011e18                upFlowSave
 .text.upProtGenSave
                0x00011ea0       0x88 ./tray/flow.o
                0x00011ea0                upProtGenSave
 .text.upProtStepSave
                0x00011f28       0xa0 ./tray/flow.o
                0x00011f28                upProtStepSave
 .text.flowInit
                0x00011fc8       0x34 ./tray/flow.o
                0x00011fc8                flowInit
 .text.crc16Modbus
                0x00011ffc       0x40 ./tray/func.o
                0x00011ffc                crc16Modbus
 .text.sysMemAlloc
                0x0001203c        0x8 ./tray/func.o
                0x0001203c                sysMemAlloc
 .text.memMgrInit
                0x00012044       0xcc ./tray/func.o
                0x00012044                memMgrInit
 .text.memAlloc
                0x00012110       0x40 ./tray/func.o
                0x00012110                memAlloc
 .text.memFree  0x00012150       0x14 ./tray/func.o
                0x00012150                memFree
 .text.funcInit
                0x00012164       0x20 ./tray/func.o
                0x00012164                funcInit
 .text.mem2Copy
                0x00012184       0x1c ./tray/func.o
                0x00012184                mem2Copy
 .text.logTrc   0x000121a0       0x78 ./tray/log.o
                0x000121a0                logTrc
 .text.logDbg   0x00012218       0x44 ./tray/log.o
                0x00012218                logDbg
 .text.logInit  0x0001225c       0x20 ./tray/log.o
                0x0001225c                logInit
 .text.plcRegWrite
                0x0001227c       0x80 ./tray/plc.o
                0x0001227c                plcRegWrite
 .text.plcWarnDel
                0x000122fc        0x8 ./tray/plc.o
                0x000122fc                plcWarnDel
 .text.plcRxSmplAck
                0x00012304       0xac ./tray/plc.o
                0x00012304                plcRxSmplAck
 .text.plcRxMsg
                0x000123b0       0xc8 ./tray/plc.o
                0x000123b0                plcRxMsg
 .text.plcSmplBegin
                0x00012478       0x70 ./tray/plc.o
                0x00012478                plcSmplBegin
 .text.plcExprSmplAck
                0x000124e8       0x24 ./tray/plc.o
                0x000124e8                plcExprSmplAck
 .text.plcExprCtrlAck
                0x0001250c        0xc ./tray/plc.o
                0x0001250c                plcExprCtrlAck
 .text.plcInitAddr
                0x00012518      0x4ac ./tray/plc.o
                0x00012518                plcInitAddr
 .text.plcInit  0x000129c4      0x12c ./tray/plc.o
                0x000129c4                plcInit
 .text.exprIgnore
                0x00012af0        0x4 ./tray/timer.o
                0x00012af0                exprIgnore
 .text.devSw2Boot
                0x00012af4        0x4 ./tray/timer.o
                0x00012af4                devSw2Boot
 .text.timerStart
                0x00012af8       0x84 ./tray/timer.o
                0x00012af8                timerStart
 .text.timerInit
                0x00012b7c       0x94 ./tray/timer.o
                0x00012b7c                timerInit
 .text.tray_init
                0x00012c10        0x4 ./tray/tray.o
                0x00012c10                tray_init
 .text.upStepChkErr
                0x00012c14        0x4 ./tray/tray_upper.o
                0x00012c14                upStepChkErr
 .text.upStepChkQuiet
                0x00012c18       0x18 ./tray/tray_upper.o
                0x00012c18                upStepChkQuiet
 .text.upStepChkCCC
                0x00012c30       0x4c ./tray/tray_upper.o
                0x00012c30                upStepChkCCC
 .text.upStepChkCCD
                0x00012c7c        0x4 ./tray/tray_upper.o
                0x00012c7c                upStepChkCCD
 .text.upStepChkCCCVC
                0x00012c80       0x54 ./tray/tray_upper.o
                0x00012c80                upStepChkCCCVC
 .text.upStepChkCCCVD
                0x00012cd4        0x4 ./tray/tray_upper.o
                0x00012cd4                upStepChkCCCVD
 .text.upStepChkCVC
                0x00012cd8       0x5c ./tray/tray_upper.o
                0x00012cd8                upStepChkCVC
 .text.upStepChkCVD
                0x00012d34        0x4 ./tray/tray_upper.o
                0x00012d34                upStepChkCVD
 .text.upStepChkLoop
                0x00012d38        0x4 ./tray/tray_upper.o
                0x00012d38                upStepChkLoop
 .text.upMsgIgnore
                0x00012d3c        0x4 ./tray/tray_upper.o
                0x00012d3c                upMsgIgnore
 .text.upMsgConnAck
                0x00012d40        0x4 ./tray/tray_upper.o
                0x00012d40                upMsgConnAck
 .text.upMsgDispManu
                0x00012d44       0x28 ./tray/tray_upper.o
                0x00012d44                upMsgDispManu
 .text.upMsgDispUpdate
                0x00012d6c       0x28 ./tray/tray_upper.o
                0x00012d6c                upMsgDispUpdate
 .text.upMsgDispFixt
                0x00012d94       0x34 ./tray/tray_upper.o
                0x00012d94                upMsgDispFixt
 .text.upMsgDispCali
                0x00012dc8       0x2c ./tray/tray_upper.o
                0x00012dc8                upMsgDispCali
 .text.upMsgDispNdbd
                0x00012df4       0x2c ./tray/tray_upper.o
                0x00012df4                upMsgDispNdbd
 .text.upMsgDispDbg
                0x00012e20        0x4 ./tray/tray_upper.o
                0x00012e20                upMsgDispDbg
 .text.upMsgWarnDel
                0x00012e24        0x8 ./tray/tray_upper.o
                0x00012e24                upMsgWarnDel
 .text.upMsgFixtPrecDisp
                0x00012e2c       0x24 ./tray/tray_upper.o
                0x00012e2c                upMsgFixtPrecDisp
 .text.upMsgFixtTmprDisp
                0x00012e50       0x24 ./tray/tray_upper.o
                0x00012e50                upMsgFixtTmprDisp
 .text.upMsgFixtCleanDisp
                0x00012e74       0x18 ./tray/tray_upper.o
                0x00012e74                upMsgFixtCleanDisp
 .text.upMsgFixtGasDisp
                0x00012e8c       0x18 ./tray/tray_upper.o
                0x00012e8c                upMsgFixtGasDisp
 .text.upMsgFixtFlowDisp
                0x00012ea4       0x18 ./tray/tray_upper.o
                0x00012ea4                upMsgFixtFlowDisp
 .text.upMsgFixtSuctInDisp
                0x00012ebc       0x18 ./tray/tray_upper.o
                0x00012ebc                upMsgFixtSuctInDisp
 .text.upMsgFixtSuctOutDisp
                0x00012ed4       0x24 ./tray/tray_upper.o
                0x00012ed4                upMsgFixtSuctOutDisp
 .text.upMsgFixtLocatDisp
                0x00012ef8       0x24 ./tray/tray_upper.o
                0x00012ef8                upMsgFixtLocatDisp
 .text.caliChnIdx2Chn.part.0
                0x00012f1c       0x38 ./tray/tray_upper.o
 .text.upMsgUpdUpld
                0x00012f54        0x4 ./tray/tray_upper.o
                0x00012f54                upMsgUpdUpld
 .text.upStepChkDcir
                0x00012f58        0x4 ./tray/tray_upper.o
                0x00012f58                upStepChkDcir
 .text.upMsgFixtLocatAct
                0x00012f5c        0x4 ./tray/tray_upper.o
                0x00012f5c                upMsgFixtLocatAct
 .text.upMsgFixtSuctOutSmpl
                0x00012f60        0x4 ./tray/tray_upper.o
                0x00012f60                upMsgFixtSuctOutSmpl
 .text.upMsgFixtLocatSmpl
                0x00012f64        0x4 ./tray/tray_upper.o
                0x00012f64                upMsgFixtLocatSmpl
 .text.upMsgFixtCleanAct
                0x00012f68        0x4 ./tray/tray_upper.o
                0x00012f68                upMsgFixtCleanAct
 .text.upMsgFixtSuctInSmpl
                0x00012f6c        0x4 ./tray/tray_upper.o
                0x00012f6c                upMsgFixtSuctInSmpl
 .text.upMsgFixtSuctOutAct
                0x00012f70        0x4 ./tray/tray_upper.o
                0x00012f70                upMsgFixtSuctOutAct
 .text.upMsgKeepAlive
                0x00012f74        0x4 ./tray/tray_upper.o
                0x00012f74                upMsgKeepAlive
 .text.upFlowChk
                0x00012f78      0x190 ./tray/tray_upper.o
                0x00012f78                upFlowChk
 .text.upProtGenChk
                0x00013108       0xd8 ./tray/tray_upper.o
                0x00013108                upProtGenChk
 .text.upProtStepChk
                0x000131e0      0x11c ./tray/tray_upper.o
                0x000131e0                upProtStepChk
 .text.sendUpMsg
                0x000132fc       0x44 ./tray/tray_upper.o
                0x000132fc                sendUpMsg
 .text.upMsgFlow
                0x00013340       0x44 ./tray/tray_upper.o
                0x00013340                upMsgFlow
 .text.upMsgProtGen
                0x00013384       0x44 ./tray/tray_upper.o
                0x00013384                upMsgProtGen
 .text.upMsgProtStep
                0x000133c8       0x44 ./tray/tray_upper.o
                0x000133c8                upMsgProtStep
 .text.upMsgSmplChnl
                0x0001340c      0x108 ./tray/tray_upper.o
                0x0001340c                upMsgSmplChnl
 .text.upMsgSmplNdbd
                0x00013514       0x60 ./tray/tray_upper.o
                0x00013514                upMsgSmplNdbd
 .text.upMsgSmplRun
                0x00013574       0x70 ./tray/tray_upper.o
                0x00013574                upMsgSmplRun
 .text.upMsgFlowStart
                0x000135e4       0xdc ./tray/tray_upper.o
                0x000135e4                upMsgFlowStart
 .text.upMsgFlowPause
                0x000136c0       0xb4 ./tray/tray_upper.o
                0x000136c0                upMsgFlowPause
 .text.upMsgFlowStop
                0x00013774       0xbc ./tray/tray_upper.o
                0x00013774                upMsgFlowStop
 .text.upMsgFlowJump
                0x00013830       0xb4 ./tray/tray_upper.o
                0x00013830                upMsgFlowJump
 .text.upMsgFlowCtnu
                0x000138e4       0xf0 ./tray/tray_upper.o
                0x000138e4                upMsgFlowCtnu
 .text.upMsgUpdDld
                0x000139d4      0x130 ./tray/tray_upper.o
                0x000139d4                upMsgUpdDld
 .text.upMsgUpdCnfm
                0x00013b04       0xe4 ./tray/tray_upper.o
                0x00013b04                upMsgUpdCnfm
 .text.upMsgFixtNtfy
                0x00013be8       0xe0 ./tray/tray_upper.o
                0x00013be8                upMsgFixtNtfy
 .text.upMsgFixtPrecChnlSw
                0x00013cc8       0xe8 ./tray/tray_upper.o
                0x00013cc8                upMsgFixtPrecChnlSw
 .text.upMsgFixtPrecSmpl
                0x00013db0       0xd4 ./tray/tray_upper.o
                0x00013db0                upMsgFixtPrecSmpl
 .text.upMsgFixtPrecOut
                0x00013e84       0xd4 ./tray/tray_upper.o
                0x00013e84                upMsgFixtPrecOut
 .text.upMsgFixtTmprHeat
                0x00013f58       0xcc ./tray/tray_upper.o
                0x00013f58                upMsgFixtTmprHeat
 .text.upMsgFixtTmprSmpl
                0x00014024       0xb8 ./tray/tray_upper.o
                0x00014024                upMsgFixtTmprSmpl
 .text.upMsgFixtGasSmpl
                0x000140dc       0xb4 ./tray/tray_upper.o
                0x000140dc                upMsgFixtGasSmpl
 .text.upMsgFixtFlowSmpl
                0x00014190       0xb4 ./tray/tray_upper.o
                0x00014190                upMsgFixtFlowSmpl
 .text.upMsgCaliNtfy
                0x00014244       0xd4 ./tray/tray_upper.o
                0x00014244                upMsgCaliNtfy
 .text.upMsgCaliStart
                0x00014318       0xcc ./tray/tray_upper.o
                0x00014318                upMsgCaliStart
 .text.upMsgCaliSmpl
                0x000143e4       0xc8 ./tray/tray_upper.o
                0x000143e4                upMsgCaliSmpl
 .text.upMsgCaliKb
                0x000144ac       0xd8 ./tray/tray_upper.o
                0x000144ac                upMsgCaliKb
 .text.upMsgNdbdAct
                0x00014584       0x6c ./tray/tray_upper.o
                0x00014584                upMsgNdbdAct
 .text.rspUpCmmn
                0x000145f0       0x20 ./tray/tray_upper.o
                0x000145f0                rspUpCmmn
 .text.connUpperEnable
                0x00014610        0xc ./tray/tray_upper.o
                0x00014610                connUpperEnable
 .text.rspUpUpdSetup
                0x0001461c       0x24 ./tray/tray_upper.o
                0x0001461c                rspUpUpdSetup
 .text.upMsgUpdSetup
                0x00014640      0x104 ./tray/tray_upper.o
                0x00014640                upMsgUpdSetup
 .text.rspUpCaliNtfyAck
                0x00014744       0x24 ./tray/tray_upper.o
                0x00014744                rspUpCaliNtfyAck
 .text.upNdbdNpChk
                0x00014768       0x34 ./tray/tray_upper.o
                0x00014768                upNdbdNpChk
 .text.upMsgNdbdNp
                0x0001479c       0xf4 ./tray/tray_upper.o
                0x0001479c                upMsgNdbdNp
 .text.upInit   0x00014890      0x2d8 ./tray/tray_upper.o
                0x00014890                upInit
 .text.uartMsgIgnore
                0x00014b68        0x4 ./tray/uart.o
                0x00014b68                uartMsgIgnore
 .text.uartMsgCfgReadAck
                0x00014b6c        0x4 ./tray/uart.o
                0x00014b6c                uartMsgCfgReadAck
 .text.uartMsgFixtPrecDisp
                0x00014b70       0x24 ./tray/uart.o
                0x00014b70                uartMsgFixtPrecDisp
 .text.uartMsgFixtTmprDisp
                0x00014b94       0x28 ./tray/uart.o
                0x00014b94                uartMsgFixtTmprDisp
 .text.uartSmplTmprTx
                0x00014bbc       0xa8 ./tray/uart.o
                0x00014bbc                uartSmplTmprTx
 .text.uartMsgFixtPrecChnSwAck
                0x00014c64       0x24 ./tray/uart.o
                0x00014c64                uartMsgFixtPrecChnSwAck
 .text.uartMsgFixtPrecOutAck
                0x00014c88       0x24 ./tray/uart.o
                0x00014c88                uartMsgFixtPrecOutAck
 .text.uartMsgFixtTmprHeatAck
                0x00014cac       0x24 ./tray/uart.o
                0x00014cac                uartMsgFixtTmprHeatAck
 .text.uartMsgFixtPrecSmplAck
                0x00014cd0       0x38 ./tray/uart.o
                0x00014cd0                uartMsgFixtPrecSmplAck
 .text.uartMsgFixtTmprSmplAck
                0x00014d08       0x54 ./tray/uart.o
                0x00014d08                uartMsgFixtTmprSmplAck
 .text.uartMsgFixtGasSmplAck
                0x00014d5c       0x54 ./tray/uart.o
                0x00014d5c                uartMsgFixtGasSmplAck
 .text.uartMsgFixtFlowSmplAck
                0x00014db0       0x54 ./tray/uart.o
                0x00014db0                uartMsgFixtFlowSmplAck
 .text.uartMsgSmplAck
                0x00014e04       0x90 ./tray/uart.o
                0x00014e04                uartMsgSmplAck
 .text.uartMsgFixtGasDisp
                0x00014e94       0x24 ./tray/uart.o
                0x00014e94                uartMsgFixtGasDisp
 .text.uartMsgFixtFlowDisp
                0x00014eb8       0x24 ./tray/uart.o
                0x00014eb8                uartMsgFixtFlowDisp
 .text.uartMsgConnAck
                0x00014edc       0x90 ./tray/uart.o
                0x00014edc                uartMsgConnAck
 .text.uartMsgUpdUpldAck
                0x00014f6c        0x4 ./tray/uart.o
                0x00014f6c                uartMsgUpdUpldAck
 .text.uartMsgUpdCnfmAck
                0x00014f70        0x4 ./tray/uart.o
                0x00014f70                uartMsgUpdCnfmAck
 .text.uartMsgCfgSetAck
                0x00014f74        0x4 ./tray/uart.o
                0x00014f74                uartMsgCfgSetAck
 .text.uartMsgUpdSetupAck
                0x00014f78        0x4 ./tray/uart.o
                0x00014f78                uartMsgUpdSetupAck
 .text.uartMsgUpdDldAck
                0x00014f7c        0x4 ./tray/uart.o
                0x00014f7c                uartMsgUpdDldAck
 .text.allocUartBlockBuf
                0x00014f80       0x20 ./tray/uart.o
                0x00014f80                allocUartBlockBuf
 .text.uartTransTxTry
                0x00014fa0       0x6c ./tray/uart.o
                0x00014fa0                uartTransTxTry
 .text.uartSmplBegin
                0x0001500c       0x74 ./tray/uart.o
                0x0001500c                uartSmplBegin
 .text.uartIdleNtfy
                0x00015080       0x74 ./tray/uart.o
                0x00015080                uartIdleNtfy
 .text.uartRxMsg
                0x000150f4       0xa0 ./tray/uart.o
                0x000150f4                uartRxMsg
 .text.uartExprBlkAck
                0x00015194       0x7c ./tray/uart.o
                0x00015194                uartExprBlkAck
 .text.uartExprCtrlAck
                0x00015210       0x14 ./tray/uart.o
                0x00015210                uartExprCtrlAck
 .text.uartExprSmplAck
                0x00015224       0x58 ./tray/uart.o
                0x00015224                uartExprSmplAck
 .text.uartInit
                0x0001527c      0x1b4 ./tray/uart.o
                0x0001527c                uartInit
 .text.hal_entry
                0x00015430       0x14 ./src/hal_entry.o
                0x00015430                hal_entry
 .text.R_BSP_WarmStart
                0x00015444       0x18 ./src/hal_entry.o
                0x00015444                R_BSP_WarmStart
 .text.startup.main
                0x0001545c        0xc ./ra_gen/main.o
                0x0001545c                main
 .text.r_spi_call_callback
                0x00015468       0x40 ./ra/fsp/src/r_spi/r_spi.o
 .text.R_SPI_Open
                0x000154a8      0x254 ./ra/fsp/src/r_spi/r_spi.o
                0x000154a8                R_SPI_Open
 .text.r_spi_bit_width_config
                0x000156fc       0x58 ./ra/fsp/src/r_spi/r_spi.o
                0x000156fc                r_spi_bit_width_config
 .text.spi_rxi_isr
                0x00015754       0x94 ./ra/fsp/src/r_spi/r_spi.o
                0x00015754                spi_rxi_isr
 .text.spi_txi_isr
                0x000157e8       0xcc ./ra/fsp/src/r_spi/r_spi.o
                0x000157e8                spi_txi_isr
 .text.spi_tei_isr
                0x000158b4       0x74 ./ra/fsp/src/r_spi/r_spi.o
                0x000158b4                spi_tei_isr
 .text.spi_eri_isr
                0x00015928       0x74 ./ra/fsp/src/r_spi/r_spi.o
                0x00015928                spi_eri_isr
 .text.R_SCI_UART_Write
                0x0001599c       0x44 ./ra/fsp/src/r_sci_uart/r_sci_uart.o
                0x0001599c                R_SCI_UART_Write
 .text.r_sci_uart_call_callback
                0x000159e0       0x44 ./ra/fsp/src/r_sci_uart/r_sci_uart.o
 .text.R_SCI_UART_Open
                0x00015a24      0x328 ./ra/fsp/src/r_sci_uart/r_sci_uart.o
                0x00015a24                R_SCI_UART_Open
 .text.sci_uart_txi_isr
                0x00015d4c       0x84 ./ra/fsp/src/r_sci_uart/r_sci_uart.o
                0x00015d4c                sci_uart_txi_isr
 .text.sci_uart_rxi_isr
                0x00015dd0       0x8c ./ra/fsp/src/r_sci_uart/r_sci_uart.o
                0x00015dd0                sci_uart_rxi_isr
 .text.sci_uart_tei_isr
                0x00015e5c       0x3c ./ra/fsp/src/r_sci_uart/r_sci_uart.o
                0x00015e5c                sci_uart_tei_isr
 .text.sci_uart_eri_isr
                0x00015e98       0x64 ./ra/fsp/src/r_sci_uart/r_sci_uart.o
                0x00015e98                sci_uart_eri_isr
 .text.R_IOPORT_PinWrite
                0x00015efc       0x20 ./ra/fsp/src/r_ioport/r_ioport.o
                0x00015efc                R_IOPORT_PinWrite
 .text.bsp_vbatt_init.isra.0
                0x00015f1c       0xac ./ra/fsp/src/r_ioport/r_ioport.o
 .text.r_ioport_pins_config
                0x00015fc8       0xd4 ./ra/fsp/src/r_ioport/r_ioport.o
 .text.R_IOPORT_Open
                0x0001609c       0x18 ./ra/fsp/src/r_ioport/r_ioport.o
                0x0001609c                R_IOPORT_Open
 .text.R_GPT_Stop
                0x000160b4        0xc ./ra/fsp/src/r_gpt/r_gpt.o
                0x000160b4                R_GPT_Stop
 .text.R_GPT_Start
                0x000160c0        0xc ./ra/fsp/src/r_gpt/r_gpt.o
                0x000160c0                R_GPT_Start
 .text.R_GPT_Reset
                0x000160cc        0xc ./ra/fsp/src/r_gpt/r_gpt.o
                0x000160cc                R_GPT_Reset
 .text.r_gpt_enable_irq
                0x000160d8       0x58 ./ra/fsp/src/r_gpt/r_gpt.o
 .text.R_GPT_Open
                0x00016130      0x100 ./ra/fsp/src/r_gpt/r_gpt.o
                0x00016130                R_GPT_Open
 .text.r_gpt_call_callback
                0x00016230       0x3c ./ra/fsp/src/r_gpt/r_gpt.o
 .text.gpt_counter_overflow_isr
                0x0001626c       0x78 ./ra/fsp/src/r_gpt/r_gpt.o
                0x0001626c                gpt_counter_overflow_isr
 .text.flash_hp_init
                0x000162e4      0x114 ./ra/fsp/src/r_flash_hp/r_flash_hp.o
 .text.R_FLASH_HP_Open
                0x000163f8       0xe0 ./ra/fsp/src/r_flash_hp/r_flash_hp.o
                0x000163f8                R_FLASH_HP_Open
 .text.flash_hp_enter_pe_df_mode.isra.0
                0x000164d8       0xb4 ./ra/fsp/src/r_flash_hp/r_flash_hp.o
 .text.R_FLASH_HP_Write
                0x0001658c       0x80 ./ra/fsp/src/r_flash_hp/r_flash_hp.o
                0x0001658c                R_FLASH_HP_Write
 .text.R_FLASH_HP_Erase
                0x0001660c       0xe4 ./ra/fsp/src/r_flash_hp/r_flash_hp.o
                0x0001660c                R_FLASH_HP_Erase
 .text.R_FLASH_HP_StartUpAreaSelect
                0x000166f0        0x4 ./ra/fsp/src/r_flash_hp/r_flash_hp.o
                0x000166f0                R_FLASH_HP_StartUpAreaSelect
 .text.R_DTC_Reset
                0x000166f4       0x9c ./ra/fsp/src/r_dtc/r_dtc.o
                0x000166f4                R_DTC_Reset
 .text.R_DTC_SoftwareStart
                0x00016790        0x4 ./ra/fsp/src/r_dtc/r_dtc.o
                0x00016790                R_DTC_SoftwareStart
 .text.R_DTC_SoftwareStop
                0x00016794        0x4 ./ra/fsp/src/r_dtc/r_dtc.o
                0x00016794                R_DTC_SoftwareStop
 .text.R_DTC_Enable
                0x00016798       0x1c ./ra/fsp/src/r_dtc/r_dtc.o
                0x00016798                R_DTC_Enable
 .text.R_DTC_Disable
                0x000167b4       0x1c ./ra/fsp/src/r_dtc/r_dtc.o
                0x000167b4                R_DTC_Disable
 .text.R_DTC_InfoGet
                0x000167d0       0x60 ./ra/fsp/src/r_dtc/r_dtc.o
                0x000167d0                R_DTC_InfoGet
 .text.R_DTC_Close
                0x00016830       0x30 ./ra/fsp/src/r_dtc/r_dtc.o
                0x00016830                R_DTC_Close
 .text.r_dtc_set_info.isra.0
                0x00016860       0x44 ./ra/fsp/src/r_dtc/r_dtc.o
 .text.R_DTC_Reconfigure
                0x000168a4       0x54 ./ra/fsp/src/r_dtc/r_dtc.o
                0x000168a4                R_DTC_Reconfigure
 .text.R_DTC_Open
                0x000168f8       0x88 ./ra/fsp/src/r_dtc/r_dtc.o
                0x000168f8                R_DTC_Open
 .text.r_can_call_callback.isra.0
                0x00016980       0x64 ./ra/fsp/src/r_can/r_can.o
 .text.r_can_mode_transition
                0x000169e4       0xbc ./ra/fsp/src/r_can/r_can.o
 .text.R_CAN_Open
                0x00016aa0      0x2d4 ./ra/fsp/src/r_can/r_can.o
                0x00016aa0                R_CAN_Open
 .text.can_error_isr
                0x00016d74       0xd8 ./ra/fsp/src/r_can/r_can.o
                0x00016d74                can_error_isr
 .text.can_mailbox_rx_isr
                0x00016e4c      0x118 ./ra/fsp/src/r_can/r_can.o
                0x00016e4c                can_mailbox_rx_isr
 .text.can_mailbox_tx_isr
                0x00016f64       0xa8 ./ra/fsp/src/r_can/r_can.o
                0x00016f64                can_mailbox_tx_isr
 .text.SystemCoreClockUpdate
                0x0001700c       0x28 ./ra/fsp/src/bsp/mcu/all/bsp_clocks.o
                0x0001700c                SystemCoreClockUpdate
 .text.bsp_clock_init
                0x00017034      0x100 ./ra/fsp/src/bsp/mcu/all/bsp_clocks.o
                0x00017034                bsp_clock_init
 .text.bsp_init_internal
                0x00017134        0x4 ./ra/fsp/src/bsp/mcu/all/bsp_common.o
                0x00017134                bsp_init_internal
                0x00017134                bsp_init
 .text.NMI_Handler
                0x00017138       0x38 ./ra/fsp/src/bsp/mcu/all/bsp_group_irq.o
                0x00017138                NMI_Handler
 .text.bsp_irq_cfg
                0x00017170       0xa8 ./ra/fsp/src/bsp/mcu/all/bsp_irq.o
                0x00017170                bsp_irq_cfg
 .text.R_BSP_RegisterProtectEnable
                0x00017218       0x60 ./ra/fsp/src/bsp/mcu/all/bsp_register_protection.o
                0x00017218                R_BSP_RegisterProtectEnable
 .text.R_BSP_RegisterProtectDisable
                0x00017278       0x50 ./ra/fsp/src/bsp/mcu/all/bsp_register_protection.o
                0x00017278                R_BSP_RegisterProtectDisable
 .text._sbrk    0x000172c8       0x44 ./ra/fsp/src/bsp/mcu/all/bsp_sbrk.o
                0x000172c8                _sbrk
 .text.Default_Handler
                0x0001730c        0x4 ./ra/fsp/src/bsp/cmsis/Device/RENESAS/Source/startup.o
                0x0001730c                DebugMon_Handler
                0x0001730c                HardFault_Handler
                0x0001730c                SysTick_Handler
                0x0001730c                PendSV_Handler
                0x0001730c                UsageFault_Handler
                0x0001730c                SecureFault_Handler
                0x0001730c                Default_Handler
                0x0001730c                MemManage_Handler
                0x0001730c                SVC_Handler
                0x0001730c                BusFault_Handler
 .text.Reset_Handler
                0x00017310        0xc ./ra/fsp/src/bsp/cmsis/Device/RENESAS/Source/startup.o
                0x00017310                Reset_Handler
 .text.SystemInit
                0x0001731c       0xc0 ./ra/fsp/src/bsp/cmsis/Device/RENESAS/Source/system.o
                0x0001731c                SystemInit
 .text.crc16    0x000173dc       0x40 ./public/u_function.o
                0x000173dc                crc16
 .text.led_run  0x0001741c      0x144 ./public/u_led.o
                0x0001741c                led_run
 .text.led_init
                0x00017560       0x4c ./public/u_led.o
                0x00017560                led_init
 .text.setting_page_update
                0x000175ac       0x28 ./public/u_setting.o
                0x000175ac                setting_page_update
 .text.setting_init
                0x000175d4      0x108 ./public/u_setting.o
                0x000175d4                setting_init
 .text.setting_write
                0x000176dc       0x7c ./public/u_setting_tool_ntp.o
                0x000176dc                setting_write
 .text.setting_read
                0x00017758       0xc8 ./public/u_setting_tool_ntp.o
                0x00017758                setting_read
 .text.setting_tool_ntp_init
                0x00017820       0x20 ./public/u_setting_tool_ntp.o
                0x00017820                setting_tool_ntp_init
 .text.log_task
                0x00017840       0x64 ./mlos/services/mlos_log.o
                0x00017840                log_task
 .text.log_shell_cmd_handle
                0x000178a4      0x158 ./mlos/services/mlos_log.o
                0x000178a4                log_shell_cmd_handle
 .text.log_print
                0x000179fc       0x4c ./mlos/services/mlos_log.o
                0x000179fc                log_print
 .text.log_set_output
                0x00017a48       0x10 ./mlos/services/mlos_log.o
                0x00017a48                log_set_output
 .text.log_init
                0x00017a58       0x54 ./mlos/services/mlos_log.o
                0x00017a58                log_init
 .text.shell_cmd_reboot
                0x00017aac       0x44 ./mlos/services/mlos_shell.o
                0x00017aac                shell_cmd_reboot
 .text.shell_cmd_seek
                0x00017af0       0x28 ./mlos/services/mlos_shell.o
                0x00017af0                shell_cmd_seek
 .text.shell_cmd_help
                0x00017b18       0xf4 ./mlos/services/mlos_shell.o
                0x00017b18                shell_cmd_help
 .text.shell_reply
                0x00017c0c       0x3c ./mlos/services/mlos_shell.o
                0x00017c0c                shell_reply
 .text.shell_print
                0x00017c48       0x34 ./mlos/services/mlos_shell.o
                0x00017c48                shell_print
 .text.shell_cmd_mem
                0x00017c7c       0x38 ./mlos/services/mlos_shell.o
                0x00017c7c                shell_cmd_mem
 .text.shell_cmd_register
                0x00017cb4       0x44 ./mlos/services/mlos_shell.o
                0x00017cb4                shell_cmd_register
 .text.shell_rcv_cmd
                0x00017cf8       0x48 ./mlos/services/mlos_shell.o
                0x00017cf8                shell_rcv_cmd
 .text.shell_set_output
                0x00017d40        0xc ./mlos/services/mlos_shell.o
                0x00017d40                shell_set_output
 .text.shell_cmd_buf_read
                0x00017d4c       0xf4 ./mlos/services/mlos_shell.o
                0x00017d4c                shell_cmd_buf_read
 .text.shell_task
                0x00017e40      0x124 ./mlos/services/mlos_shell.o
                0x00017e40                shell_task
 .text.shell_init
                0x00017f64       0x84 ./mlos/services/mlos_shell.o
                0x00017f64                shell_init
 .text.port_clock_init
                0x00017fe8       0x30 ./mlos/port/RA6M4/mlos_port.o
                0x00017fe8                port_clock_init
 .text.mlos_clock_timer_isr
                0x00018018       0x3c ./mlos/port/RA6M4/mlos_port.o
                0x00018018                mlos_clock_timer_isr
 .text.task_clock_start
                0x00018054       0x20 ./mlos/port/RA6M4/mlos_port.o
                0x00018054                task_clock_start
 .text.task_clock_stop
                0x00018074       0x20 ./mlos/port/RA6M4/mlos_port.o
                0x00018074                task_clock_stop
 .text.port_mem_init
                0x00018094       0x58 ./mlos/port/RA6M4/mlos_port.o
                0x00018094                port_mem_init
 .text.mlos_init
                0x000180ec       0x38 ./mlos/os/mlos.o
                0x000180ec                mlos_init
 .text.mlos_us_delay
                0x00018124        0x4 ./mlos/os/mlos_clock.o
                0x00018124                mlos_us_delay
 .text.mlos_clock_init
                0x00018128        0x4 ./mlos/os/mlos_clock.o
                0x00018128                mlos_clock_init
 .text.list_dl_remove
                0x0001812c       0x64 ./mlos/os/mlos_list.o
                0x0001812c                list_dl_remove
 .text.list_append
                0x00018190       0xa8 ./mlos/os/mlos_list.o
                0x00018190                list_append
 .text.list_init
                0x00018238       0x10 ./mlos/os/mlos_list.o
                0x00018238                list_init
 .text.list_create
                0x00018248       0x1c ./mlos/os/mlos_list.o
                0x00018248                list_create
 .text.ltimer_create
                0x00018264       0x20 ./mlos/os/mlos_ltimer.o
                0x00018264                ltimer_create
 .text.mlos_mem_list
                0x00018284        0x8 ./mlos/os/mlos_malloc.o
                0x00018284                mlos_mem_list
 .text.mlos_malloc
                0x0001828c       0x60 ./mlos/os/mlos_malloc.o
                0x0001828c                mlos_malloc
 .text.mlos_mem_mount
                0x000182ec       0x28 ./mlos/os/mlos_malloc.o
                0x000182ec                mlos_mem_mount
 .text.mlos_mem_init
                0x00018314       0x18 ./mlos/os/mlos_malloc.o
                0x00018314                mlos_mem_init
 .text.mpump_create
                0x0001832c       0x68 ./mlos/os/mlos_mpump.o
                0x0001832c                mpump_create
 .text.list_message_register
                0x00018394       0x54 ./mlos/os/mlos_mpump.o
                0x00018394                list_message_register
 .text.consumer_register
                0x000183e8       0x3c ./mlos/os/mlos_mpump.o
                0x000183e8                consumer_register
 .text.mpump_consumer_register
                0x00018424       0x38 ./mlos/os/mlos_mpump.o
                0x00018424                mpump_consumer_register
 .text.mpump_consumers_find
                0x0001845c       0x30 ./mlos/os/mlos_mpump.o
                0x0001845c                mpump_consumers_find
 .text.mpump_dispatch
                0x0001848c       0x2c ./mlos/os/mlos_mpump.o
                0x0001848c                mpump_dispatch
 .text.que_take
                0x000184b8       0x14 ./mlos/os/mlos_que.o
                0x000184b8                que_take
 .text.que_de   0x000184cc       0x14 ./mlos/os/mlos_que.o
                0x000184cc                que_de
 .text.que_en   0x000184e0       0x28 ./mlos/os/mlos_que.o
                0x000184e0                que_en
 .text.que_create
                0x00018508       0x7c ./mlos/os/mlos_que.o
                0x00018508                que_create
 .text.rtimer_clock_overflow
                0x00018584       0x44 ./mlos/os/mlos_rtimer.o
                0x00018584                rtimer_clock_overflow
 .text.rtimer_start
                0x000185c8       0x44 ./mlos/os/mlos_rtimer.o
                0x000185c8                rtimer_start
 .text.rtimer_task
                0x0001860c       0xec ./mlos/os/mlos_rtimer.o
                0x0001860c                rtimer_task
 .text.rtimer_task_create
                0x000186f8       0x50 ./mlos/os/mlos_rtimer.o
                0x000186f8                rtimer_task_create
 .text.task_create
                0x00018748       0x7c ./mlos/os/mlos_task.o
                0x00018748                task_create
 .text.subtask_create
                0x000187c4       0x20 ./mlos/os/mlos_task.o
                0x000187c4                subtask_create
 .text.mlos_alltask_names
                0x000187e4       0x44 ./mlos/os/mlos_task.o
                0x000187e4                mlos_alltask_names
 .text.mlos_task_debug_info
                0x00018828       0x60 ./mlos/os/mlos_task.o
                0x00018828                mlos_task_debug_info
 .text.task_debug_reset
                0x00018888       0x28 ./mlos/os/mlos_task.o
                0x00018888                task_debug_reset
 .text.mlos_task_schedule
                0x000188b0       0x84 ./mlos/os/mlos_task.o
                0x000188b0                mlos_task_schedule
 .text.mlos_task_init
                0x00018934       0x54 ./mlos/os/mlos_task.o
                0x00018934                mlos_task_init
 .text.uart0_tx
                0x00018988       0x40 ./mllib/utp/ra6m4/utp_uart_driver.o
                0x00018988                uart0_tx
 .text.uart1_tx
                0x000189c8       0x40 ./mllib/utp/ra6m4/utp_uart_driver.o
                0x000189c8                uart1_tx
 .text.uart_callback
                0x00018a08       0xc0 ./mllib/utp/ra6m4/utp_uart_driver.o
                0x00018a08                uart_callback
 .text.uart_init
                0x00018ac8       0x44 ./mllib/utp/ra6m4/utp_uart_driver.o
                0x00018ac8                uart_init
 .text.Pb_task  0x00018b0c       0x78 ./mllib/utp/pb.o
                0x00018b0c                Pb_task
 .text.Pb_txbuf_malloc
                0x00018b84       0x30 ./mllib/utp/pb.o
                0x00018b84                Pb_txbuf_malloc
 .text.Pb_init  0x00018bb4       0x68 ./mllib/utp/pb.o
                0x00018bb4                Pb_init
 .text.crc16_check
                0x00018c1c       0x38 ./mllib/utp/public.o
                0x00018c1c                crc16_check
 .text.delay_rough_ms
                0x00018c54        0x4 ./mllib/utp/public.o
                0x00018c54                delay_rough_ms
 .text.GetOSRunTime
                0x00018c58        0xc ./mllib/utp/public.o
                0x00018c58                GetOSRunTime
 .text.GetOSRunTimeDiff
                0x00018c64       0x14 ./mllib/utp/public.o
                0x00018c64                GetOSRunTimeDiff
 .text.utp_tx.part.0
                0x00018c78       0x38 ./mllib/utp/utp.o
 .text.Utp_TxMessage
                0x00018cb0       0x20 ./mllib/utp/utp.o
                0x00018cb0                Utp_TxMessage
 .text.utp_init
                0x00018cd0       0xbc ./mllib/utp/utp.o
                0x00018cd0                utp_init
 .text.utp_RxComplete
                0x00018d8c       0x38 ./mllib/utp/utp.o
                0x00018d8c                utp_RxComplete
 .text.Utp_RxMessage
                0x00018dc4       0x34 ./mllib/utp/utp.o
                0x00018dc4                Utp_RxMessage
 .text.Utp_SubMasterStationtask
                0x00018df8       0x74 ./mllib/utp/utp.o
                0x00018df8                Utp_SubMasterStationtask
 .text.utp_task
                0x00018e6c       0x80 ./mllib/utp/utp.o
                0x00018e6c                utp_task
 .text.upper_consumer_register
                0x00018eec       0x10 ./mllib/upper/upper_ntp.o
                0x00018eec                upper_consumer_register
 .text.upper_data_send
                0x00018efc       0x3c ./mllib/upper/upper_ntp.o
                0x00018efc                upper_data_send
 .text.upper_datagram_process
                0x00018f38       0xb4 ./mllib/upper/upper_ntp.o
                0x00018f38                upper_datagram_process
 .text.upper_ntp_task
                0x00018fec       0x68 ./mllib/upper/upper_ntp.o
                0x00018fec                upper_ntp_task
 .text.upper_ntp_init
                0x00019054       0x88 ./mllib/upper/upper_ntp.o
                0x00019054                upper_ntp_init
 .text.tool_txbuf_malloc
                0x000190dc       0x38 ./mllib/tool/tool.o
                0x000190dc                tool_txbuf_malloc
 .text.tool_txbuf_free
                0x00019114       0x18 ./mllib/tool/tool.o
                0x00019114                tool_txbuf_free
 .text.tool_consumer_register
                0x0001912c       0x10 ./mllib/tool/tool.o
                0x0001912c                tool_consumer_register
 .text.tool_tx_data
                0x0001913c       0xd0 ./mllib/tool/tool.o
                0x0001913c                tool_tx_data
 .text.tool_packet_extract
                0x0001920c       0x9c ./mllib/tool/tool.o
                0x0001920c                tool_packet_extract
 .text.tool_task
                0x000192a8       0x78 ./mllib/tool/tool.o
                0x000192a8                tool_task
 .text.tool_init
                0x00019320       0x60 ./mllib/tool/tool.o
                0x00019320                tool_init
 .text.w5500_hdw_reset_enable
                0x00019380       0x10 ./mllib/ntp/w5500/ra6m4/ntp_w5500_spi_driver.o
                0x00019380                w5500_hdw_reset_enable
 .text.w5500_hdw_reset_disable
                0x00019390       0x10 ./mllib/ntp/w5500/ra6m4/ntp_w5500_spi_driver.o
                0x00019390                w5500_hdw_reset_disable
 .text.w5500_spi_callback
                0x000193a0       0x14 ./mllib/ntp/w5500/ra6m4/ntp_w5500_spi_driver.o
                0x000193a0                w5500_spi_callback
 .text.w5500_r_byte
                0x000193b4       0x8c ./mllib/ntp/w5500/ra6m4/ntp_w5500_spi_driver.o
                0x000193b4                w5500_r_byte
 .text.w5500_w_byte
                0x00019440       0x90 ./mllib/ntp/w5500/ra6m4/ntp_w5500_spi_driver.o
                0x00019440                w5500_w_byte
 .text.w5500_rw_buf
                0x000194d0       0xd8 ./mllib/ntp/w5500/ra6m4/ntp_w5500_spi_driver.o
                0x000194d0                w5500_rw_buf
 .text.w5500_spi_init
                0x000195a8       0x9c ./mllib/ntp/w5500/ra6m4/ntp_w5500_spi_driver.o
                0x000195a8                w5500_spi_init
 .text.w5500_ussn_generate
                0x00019644       0x10 ./mllib/ntp/w5500/ntp_w5500.o
                0x00019644                w5500_ussn_generate
 .text.w5500_network_card
                0x00019654        0x8 ./mllib/ntp/w5500/ntp_w5500.o
                0x00019654                w5500_network_card
 .text.w5500_interrupt_handler
                0x0001965c       0x5c ./mllib/ntp/w5500/ntp_w5500.o
                0x0001965c                w5500_interrupt_handler
 .text.w5500_rx_rsr
                0x000196b8       0x54 ./mllib/ntp/w5500/ntp_w5500.o
                0x000196b8                w5500_rx_rsr
 .text.w5500_tx_fsr
                0x0001970c       0x54 ./mllib/ntp/w5500/ntp_w5500.o
                0x0001970c                w5500_tx_fsr
 .text.w5500_socket_rx
                0x00019760       0xec ./mllib/ntp/w5500/ntp_w5500.o
                0x00019760                w5500_socket_rx
 .text.w5500_socket_tx
                0x0001984c      0x134 ./mllib/ntp/w5500/ntp_w5500.o
                0x0001984c                w5500_socket_tx
 .text.w5500_usocket_open
                0x00019980      0x198 ./mllib/ntp/w5500/ntp_w5500.o
                0x00019980                w5500_usocket_open
 .text.w5500_usocket_connect
                0x00019b18       0xe0 ./mllib/ntp/w5500/ntp_w5500.o
                0x00019b18                w5500_usocket_connect
 .text.w5500_usocket_close
                0x00019bf8      0x100 ./mllib/ntp/w5500/ntp_w5500.o
                0x00019bf8                w5500_usocket_close
 .text.w5500_usocket_work
                0x00019cf8       0x90 ./mllib/ntp/w5500/ntp_w5500.o
                0x00019cf8                w5500_usocket_work
 .text.w5500_reset
                0x00019d88       0xc4 ./mllib/ntp/w5500/ntp_w5500.o
                0x00019d88                w5500_reset
 .text.w5500_setting
                0x00019e4c      0x11c ./mllib/ntp/w5500/ntp_w5500.o
                0x00019e4c                w5500_setting
 .text.w5500_working
                0x00019f68       0x64 ./mllib/ntp/w5500/ntp_w5500.o
                0x00019f68                w5500_working
 .text.w5500_unlinked
                0x00019fcc       0x64 ./mllib/ntp/w5500/ntp_w5500.o
                0x00019fcc                w5500_unlinked
 .text.w5500_fsm_run
                0x0001a030       0x20 ./mllib/ntp/w5500/ntp_w5500.o
                0x0001a030                w5500_fsm_run
 .text.w5500_usocket_drive
                0x0001a050       0x50 ./mllib/ntp/w5500/ntp_w5500.o
                0x0001a050                w5500_usocket_drive
 .text.w5500_init
                0x0001a0a0       0x74 ./mllib/ntp/w5500/ntp_w5500.o
                0x0001a0a0                w5500_init
 .text.ntp_init
                0x0001a114       0x50 ./mllib/ntp/ntp.o
                0x0001a114                ntp_init
 .text.usocket_create
                0x0001a164       0x78 ./mllib/ntp/ntp_usocket.o
                0x0001a164                usocket_create
 .text.mcu_flash_erase
                0x0001a1dc       0x30 ./mllib/mlflash/mcuflash/RA6M4/mcu_flash.o
                0x0001a1dc                mcu_flash_erase
 .text.mcu_flash_write
                0x0001a20c       0x5c ./mllib/mlflash/mcuflash/RA6M4/mcu_flash.o
                0x0001a20c                mcu_flash_write
 .text.mcu_flash_callback
                0x0001a268       0x34 ./mllib/mlflash/mcuflash/RA6M4/mcu_flash.o
                0x0001a268                mcu_flash_callback
 .text.mcu_flash_init
                0x0001a29c       0x2c ./mllib/mlflash/mcuflash/RA6M4/mcu_flash.o
                0x0001a29c                mcu_flash_init
 .text.iap_power_rerun_reply
                0x0001a2c8       0x44 ./mllib/iap/mc_ra6m4_iap_protocol/iap_tool_ntp.o
                0x0001a2c8                iap_power_rerun_reply
 .text.iap_power_start_reply
                0x0001a30c       0x48 ./mllib/iap/mc_ra6m4_iap_protocol/iap_tool_ntp.o
                0x0001a30c                iap_power_start_reply
 .text.iap_power_data_reply
                0x0001a354       0x48 ./mllib/iap/mc_ra6m4_iap_protocol/iap_tool_ntp.o
                0x0001a354                iap_power_data_reply
 .text.iap_power_backup_reply
                0x0001a39c       0x2c ./mllib/iap/mc_ra6m4_iap_protocol/iap_tool_ntp.o
                0x0001a39c                iap_power_backup_reply
 .text.iap_power_conn_reply
                0x0001a3c8       0x48 ./mllib/iap/mc_ra6m4_iap_protocol/iap_tool_ntp.o
                0x0001a3c8                iap_power_conn_reply
 .text.iap_mc_rerun_reply.part.0
                0x0001a410       0x20 ./mllib/iap/mc_ra6m4_iap_protocol/iap_tool_ntp.o
 .text.iap_mc_conn_reply
                0x0001a430       0x20 ./mllib/iap/mc_ra6m4_iap_protocol/iap_tool_ntp.o
                0x0001a430                iap_mc_conn_reply
 .text.iap_connect_power
                0x0001a450       0x28 ./mllib/iap/mc_ra6m4_iap_protocol/iap_tool_ntp.o
                0x0001a450                iap_connect_power
 .text.iap_tool_connect
                0x0001a478       0x38 ./mllib/iap/mc_ra6m4_iap_protocol/iap_tool_ntp.o
                0x0001a478                iap_tool_connect
 .text.iap_power_rerun
                0x0001a4b0       0x34 ./mllib/iap/mc_ra6m4_iap_protocol/iap_tool_ntp.o
                0x0001a4b0                iap_power_rerun
 .text.iap_tool_rerun
                0x0001a4e4       0x4c ./mllib/iap/mc_ra6m4_iap_protocol/iap_tool_ntp.o
                0x0001a4e4                iap_tool_rerun
 .text.iap_power_start
                0x0001a530       0x54 ./mllib/iap/mc_ra6m4_iap_protocol/iap_tool_ntp.o
                0x0001a530                iap_power_start
 .text.iap_tool_start
                0x0001a584       0x48 ./mllib/iap/mc_ra6m4_iap_protocol/iap_tool_ntp.o
                0x0001a584                iap_tool_start
 .text.iap_power_data
                0x0001a5cc       0x2c ./mllib/iap/mc_ra6m4_iap_protocol/iap_tool_ntp.o
                0x0001a5cc                iap_power_data
 .text.iap_tool_data
                0x0001a5f8       0x28 ./mllib/iap/mc_ra6m4_iap_protocol/iap_tool_ntp.o
                0x0001a5f8                iap_tool_data
 .text.iap_power_backup
                0x0001a620       0x20 ./mllib/iap/mc_ra6m4_iap_protocol/iap_tool_ntp.o
                0x0001a620                iap_power_backup
 .text.iap_tool_backup
                0x0001a640       0x24 ./mllib/iap/mc_ra6m4_iap_protocol/iap_tool_ntp.o
                0x0001a640                iap_tool_backup
 .text.iap_tool_ntp_init
                0x0001a664       0x88 ./mllib/iap/mc_ra6m4_iap_protocol/iap_tool_ntp.o
                0x0001a664                iap_tool_ntp_init
 .text.iap_upper_ntp_init
                0x0001a6ec        0x4 ./mllib/iap/mc_ra6m4_iap_protocol/iap_upper_ntp.o
                0x0001a6ec                iap_upper_ntp_init
 .text.iap_disable_irq
                0x0001a6f0      0x174 ./mllib/iap/RA6M4/iap_mcu_port.o
                0x0001a6f0                iap_disable_irq
 .text.iap_set_msp
                0x0001a864       0x30 ./mllib/iap/RA6M4/iap_mcu_port.o
                0x0001a864                iap_set_msp
 .text.iap_run_boot
                0x0001a894       0x18 ./mllib/iap/iap.o
                0x0001a894                iap_run_boot
 .text.iap_init
                0x0001a8ac       0x10 ./mllib/iap/iap.o
                0x0001a8ac                iap_init
 .text.can_tx   0x0001a8bc       0x78 ./mllib/ctp/ra6m4/ctp_can_driver.o
                0x0001a8bc                can_tx
 .text.can_callback
                0x0001a934       0x6c ./mllib/ctp/ra6m4/ctp_can_driver.o
                0x0001a934                can_callback
 .text.can_init
                0x0001a9a0       0x3c ./mllib/ctp/ra6m4/ctp_can_driver.o
                0x0001a9a0                can_init
 .text.ctp_txbuf_malloc
                0x0001a9dc        0x8 ./mllib/ctp/ctp.o
                0x0001a9dc                ctp_txbuf_malloc
 .text.ctp_txframe_malloc
                0x0001a9e4       0x10 ./mllib/ctp/ctp.o
                0x0001a9e4                ctp_txframe_malloc
 .text.ctp_slaver_connection_monitor
                0x0001a9f4       0x64 ./mllib/ctp/ctp.o
                0x0001a9f4                ctp_slaver_connection_monitor
 .text.ctp_consumer_register
                0x0001aa58       0x10 ./mllib/ctp/ctp.o
                0x0001aa58                ctp_consumer_register
 .text.ctp_send
                0x0001aa68       0xa4 ./mllib/ctp/ctp.o
                0x0001aa68                ctp_send
 .text.ctp_mfmsg_repack
                0x0001ab0c       0xd0 ./mllib/ctp/ctp.o
                0x0001ab0c                ctp_mfmsg_repack
 .text.ctp_rx   0x0001abdc       0x90 ./mllib/ctp/ctp.o
                0x0001abdc                ctp_rx
 .text.ctp_tx   0x0001ac6c       0x30 ./mllib/ctp/ctp.o
                0x0001ac6c                ctp_tx
 .text.ctp_task
                0x0001ac9c       0x80 ./mllib/ctp/ctp.o
                0x0001ac9c                ctp_task
 .text.ctp_cancard1_init
                0x0001ad1c       0xb8 ./mllib/ctp/ctp.o
                0x0001ad1c                ctp_cancard1_init
 .text.ctp_cancard2_init
                0x0001add4       0xb4 ./mllib/ctp/ctp.o
                0x0001add4                ctp_cancard2_init
 .text.ctp_init
                0x0001ae88       0x50 ./mllib/ctp/ctp.o
                0x0001ae88                ctp_init
 .text.app_init
                0x0001aed8       0x60 ./app/u_app.o
                0x0001aed8                app_init
 .text.app_shell_send
                0x0001af38       0x14 ./app/u_app_tool_debug.o
                0x0001af38                app_shell_send
 .text.app_osinfo_print
                0x0001af4c       0x8c ./app/u_app_tool_debug.o
                0x0001af4c                app_osinfo_print
 .text.app_log_send
                0x0001afd8       0x20 ./app/u_app_tool_debug.o
                0x0001afd8                app_log_send
 .text.app_debug_connect
                0x0001aff8       0x38 ./app/u_app_tool_debug.o
                0x0001aff8                app_debug_connect
 .text.app_taskinfo_print
                0x0001b030       0x8c ./app/u_app_tool_debug.o
                0x0001b030                app_taskinfo_print
 .text.app_shell_cmd_tskinfo
                0x0001b0bc       0x84 ./app/u_app_tool_debug.o
                0x0001b0bc                app_shell_cmd_tskinfo
 .text.app_debug_task
                0x0001b140       0x38 ./app/u_app_tool_debug.o
                0x0001b140                app_debug_task
 .text.app_debug_int
                0x0001b178       0xa0 ./app/u_app_tool_debug.o
                0x0001b178                app_debug_int
 .text.__errno  0x0001b218        0xc c:/renesas/ra/e2studio_v2021-04_fsp_v3.0.0/toolchains/gcc_arm/9_2020q2/bin/../lib/gcc/arm-none-eabi/9.3.1/../../../../arm-none-eabi/lib/thumb/v8-m.main+fp/hard\libg_nano.a(lib_a-errno.o)
                0x0001b218                __errno
 .text.memcmp   0x0001b224       0x1c c:/renesas/ra/e2studio_v2021-04_fsp_v3.0.0/toolchains/gcc_arm/9_2020q2/bin/../lib/gcc/arm-none-eabi/9.3.1/../../../../arm-none-eabi/lib/thumb/v8-m.main+fp/hard\libg_nano.a(lib_a-memcmp.o)
                0x0001b224                memcmp
 .text.memcpy   0x0001b240       0x1a c:/renesas/ra/e2studio_v2021-04_fsp_v3.0.0/toolchains/gcc_arm/9_2020q2/bin/../lib/gcc/arm-none-eabi/9.3.1/../../../../arm-none-eabi/lib/thumb/v8-m.main+fp/hard\libg_nano.a(lib_a-memcpy-stub.o)
                0x0001b240                memcpy
 .text.memset   0x0001b25a       0x10 c:/renesas/ra/e2studio_v2021-04_fsp_v3.0.0/toolchains/gcc_arm/9_2020q2/bin/../lib/gcc/arm-none-eabi/9.3.1/../../../../arm-none-eabi/lib/thumb/v8-m.main+fp/hard\libg_nano.a(lib_a-memset.o)
                0x0001b25a                memset
 *fill*         0x0001b26a        0x2 ff
 .text.sprintf  0x0001b26c       0x40 c:/renesas/ra/e2studio_v2021-04_fsp_v3.0.0/toolchains/gcc_arm/9_2020q2/bin/../lib/gcc/arm-none-eabi/9.3.1/../../../../arm-none-eabi/lib/thumb/v8-m.main+fp/hard\libg_nano.a(lib_a-sprintf.o)
                0x0001b26c                siprintf
                0x0001b26c                sprintf
 .text          0x0001b2ac       0x14 c:/renesas/ra/e2studio_v2021-04_fsp_v3.0.0/toolchains/gcc_arm/9_2020q2/bin/../lib/gcc/arm-none-eabi/9.3.1/../../../../arm-none-eabi/lib/thumb/v8-m.main+fp/hard\libg_nano.a(lib_a-strcmp.o)
                0x0001b2ac                strcmp
 .text.strcpy   0x0001b2c0       0x10 c:/renesas/ra/e2studio_v2021-04_fsp_v3.0.0/toolchains/gcc_arm/9_2020q2/bin/../lib/gcc/arm-none-eabi/9.3.1/../../../../arm-none-eabi/lib/thumb/v8-m.main+fp/hard\libg_nano.a(lib_a-strcpy.o)
                0x0001b2c0                strcpy
 .text          0x0001b2d0       0x10 c:/renesas/ra/e2studio_v2021-04_fsp_v3.0.0/toolchains/gcc_arm/9_2020q2/bin/../lib/gcc/arm-none-eabi/9.3.1/../../../../arm-none-eabi/lib/thumb/v8-m.main+fp/hard\libg_nano.a(lib_a-strlen.o)
                0x0001b2d0                strlen
 .text._vsnprintf_r
                0x0001b2e0       0x58 c:/renesas/ra/e2studio_v2021-04_fsp_v3.0.0/toolchains/gcc_arm/9_2020q2/bin/../lib/gcc/arm-none-eabi/9.3.1/../../../../arm-none-eabi/lib/thumb/v8-m.main+fp/hard\libg_nano.a(lib_a-vsnprintf.o)
                0x0001b2e0                _vsniprintf_r
                0x0001b2e0                _vsnprintf_r
 .text.vsnprintf
                0x0001b338       0x1c c:/renesas/ra/e2studio_v2021-04_fsp_v3.0.0/toolchains/gcc_arm/9_2020q2/bin/../lib/gcc/arm-none-eabi/9.3.1/../../../../arm-none-eabi/lib/thumb/v8-m.main+fp/hard\libg_nano.a(lib_a-vsnprintf.o)
                0x0001b338                vsniprintf
                0x0001b338                vsnprintf
 .text._vsprintf_r
                0x0001b354       0x2c c:/renesas/ra/e2studio_v2021-04_fsp_v3.0.0/toolchains/gcc_arm/9_2020q2/bin/../lib/gcc/arm-none-eabi/9.3.1/../../../../arm-none-eabi/lib/thumb/v8-m.main+fp/hard\libg_nano.a(lib_a-vsprintf.o)
                0x0001b354                _vsprintf_r
                0x0001b354                _vsiprintf_r
 .text.vsprintf
                0x0001b380       0x14 c:/renesas/ra/e2studio_v2021-04_fsp_v3.0.0/toolchains/gcc_arm/9_2020q2/bin/../lib/gcc/arm-none-eabi/9.3.1/../../../../arm-none-eabi/lib/thumb/v8-m.main+fp/hard\libg_nano.a(lib_a-vsprintf.o)
                0x0001b380                vsiprintf
                0x0001b380                vsprintf
 .text.__ssputs_r
                0x0001b394       0xb6 c:/renesas/ra/e2studio_v2021-04_fsp_v3.0.0/toolchains/gcc_arm/9_2020q2/bin/../lib/gcc/arm-none-eabi/9.3.1/../../../../arm-none-eabi/lib/thumb/v8-m.main+fp/hard\libg_nano.a(lib_a-nano-svfprintf.o)
                0x0001b394                __ssputs_r
 *fill*         0x0001b44a        0x2 ff
 .text._svfprintf_r
                0x0001b44c      0x200 c:/renesas/ra/e2studio_v2021-04_fsp_v3.0.0/toolchains/gcc_arm/9_2020q2/bin/../lib/gcc/arm-none-eabi/9.3.1/../../../../arm-none-eabi/lib/thumb/v8-m.main+fp/hard\libg_nano.a(lib_a-nano-svfprintf.o)
                0x0001b44c                _svfiprintf_r
                0x0001b44c                _svfprintf_r
 .text._printf_common
                0x0001b64c       0xe0 c:/renesas/ra/e2studio_v2021-04_fsp_v3.0.0/toolchains/gcc_arm/9_2020q2/bin/../lib/gcc/arm-none-eabi/9.3.1/../../../../arm-none-eabi/lib/thumb/v8-m.main+fp/hard\libg_nano.a(lib_a-nano-vfprintf_i.o)
                0x0001b64c                _printf_common
 .text._printf_i
                0x0001b72c      0x24c c:/renesas/ra/e2studio_v2021-04_fsp_v3.0.0/toolchains/gcc_arm/9_2020q2/bin/../lib/gcc/arm-none-eabi/9.3.1/../../../../arm-none-eabi/lib/thumb/v8-m.main+fp/hard\libg_nano.a(lib_a-nano-vfprintf_i.o)
                0x0001b72c                _printf_i
 .text.memchr   0x0001b978       0x1c c:/renesas/ra/e2studio_v2021-04_fsp_v3.0.0/toolchains/gcc_arm/9_2020q2/bin/../lib/gcc/arm-none-eabi/9.3.1/../../../../arm-none-eabi/lib/thumb/v8-m.main+fp/hard\libg_nano.a(lib_a-memchr-stub.o)
                0x0001b978                memchr
 .text.memmove  0x0001b994       0x34 c:/renesas/ra/e2studio_v2021-04_fsp_v3.0.0/toolchains/gcc_arm/9_2020q2/bin/../lib/gcc/arm-none-eabi/9.3.1/../../../../arm-none-eabi/lib/thumb/v8-m.main+fp/hard\libg_nano.a(lib_a-memmove.o)
                0x0001b994                memmove
 .text._free_r  0x0001b9c8       0xa0 c:/renesas/ra/e2studio_v2021-04_fsp_v3.0.0/toolchains/gcc_arm/9_2020q2/bin/../lib/gcc/arm-none-eabi/9.3.1/../../../../arm-none-eabi/lib/thumb/v8-m.main+fp/hard\libg_nano.a(lib_a-nano-freer.o)
                0x0001b9c8                _free_r
 .text._malloc_r
                0x0001ba68       0xb4 c:/renesas/ra/e2studio_v2021-04_fsp_v3.0.0/toolchains/gcc_arm/9_2020q2/bin/../lib/gcc/arm-none-eabi/9.3.1/../../../../arm-none-eabi/lib/thumb/v8-m.main+fp/hard\libg_nano.a(lib_a-nano-mallocr.o)
                0x0001ba68                _malloc_r
 .text._realloc_r
                0x0001bb1c       0x4c c:/renesas/ra/e2studio_v2021-04_fsp_v3.0.0/toolchains/gcc_arm/9_2020q2/bin/../lib/gcc/arm-none-eabi/9.3.1/../../../../arm-none-eabi/lib/thumb/v8-m.main+fp/hard\libg_nano.a(lib_a-nano-reallocr.o)
                0x0001bb1c                _realloc_r
 .text._sbrk_r  0x0001bb68       0x20 c:/renesas/ra/e2studio_v2021-04_fsp_v3.0.0/toolchains/gcc_arm/9_2020q2/bin/../lib/gcc/arm-none-eabi/9.3.1/../../../../arm-none-eabi/lib/thumb/v8-m.main+fp/hard\libg_nano.a(lib_a-sbrkr.o)
                0x0001bb68                _sbrk_r
 .text.__malloc_lock
                0x0001bb88        0xc c:/renesas/ra/e2studio_v2021-04_fsp_v3.0.0/toolchains/gcc_arm/9_2020q2/bin/../lib/gcc/arm-none-eabi/9.3.1/../../../../arm-none-eabi/lib/thumb/v8-m.main+fp/hard\libg_nano.a(lib_a-mlock.o)
                0x0001bb88                __malloc_lock
 .text.__malloc_unlock
                0x0001bb94        0xc c:/renesas/ra/e2studio_v2021-04_fsp_v3.0.0/toolchains/gcc_arm/9_2020q2/bin/../lib/gcc/arm-none-eabi/9.3.1/../../../../arm-none-eabi/lib/thumb/v8-m.main+fp/hard\libg_nano.a(lib_a-mlock.o)
                0x0001bb94                __malloc_unlock
 .text._malloc_usable_size_r
                0x0001bba0       0x10 c:/renesas/ra/e2studio_v2021-04_fsp_v3.0.0/toolchains/gcc_arm/9_2020q2/bin/../lib/gcc/arm-none-eabi/9.3.1/../../../../arm-none-eabi/lib/thumb/v8-m.main+fp/hard\libg_nano.a(lib_a-nano-msizer.o)
                0x0001bba0                _malloc_usable_size_r
 .text.__retarget_lock_acquire_recursive
                0x0001bbb0        0x2 c:/renesas/ra/e2studio_v2021-04_fsp_v3.0.0/toolchains/gcc_arm/9_2020q2/bin/../lib/gcc/arm-none-eabi/9.3.1/../../../../arm-none-eabi/lib/thumb/v8-m.main+fp/hard\libg_nano.a(lib_a-lock.o)
                0x0001bbb0                __retarget_lock_acquire_recursive
 .text.__retarget_lock_release_recursive
                0x0001bbb2        0x2 c:/renesas/ra/e2studio_v2021-04_fsp_v3.0.0/toolchains/gcc_arm/9_2020q2/bin/../lib/gcc/arm-none-eabi/9.3.1/../../../../arm-none-eabi/lib/thumb/v8-m.main+fp/hard\libg_nano.a(lib_a-lock.o)
                0x0001bbb2                __retarget_lock_release_recursive
 *(.version)
 .version       0x0001bbb4       0x50 ./ra/fsp/src/bsp/mcu/all/bsp_common.o
 *(.init)
 .init          0x0001bc04        0x4 c:/renesas/ra/e2studio_v2021-04_fsp_v3.0.0/toolchains/gcc_arm/9_2020q2/bin/../lib/gcc/arm-none-eabi/9.3.1/thumb/v8-m.main+fp/hard/crti.o
                0x0001bc04                _init
 .init          0x0001bc08        0x8 c:/renesas/ra/e2studio_v2021-04_fsp_v3.0.0/toolchains/gcc_arm/9_2020q2/bin/../lib/gcc/arm-none-eabi/9.3.1/thumb/v8-m.main+fp/hard/crtn.o
 *(.fini)
 .fini          0x0001bc10        0x4 c:/renesas/ra/e2studio_v2021-04_fsp_v3.0.0/toolchains/gcc_arm/9_2020q2/bin/../lib/gcc/arm-none-eabi/9.3.1/thumb/v8-m.main+fp/hard/crti.o
                0x0001bc10                _fini
 .fini          0x0001bc14        0x8 c:/renesas/ra/e2studio_v2021-04_fsp_v3.0.0/toolchains/gcc_arm/9_2020q2/bin/../lib/gcc/arm-none-eabi/9.3.1/thumb/v8-m.main+fp/hard/crtn.o
 *fill*         0x0001bc1c        0x4 ff
 .fini.__stub   0x0001bc20       0x60 linker stubs
 *crtbegin.o(.ctors)
 *crtbegin?.o(.ctors)
 *(EXCLUDE_FILE(*crtend.o *crtend?.o) .ctors)
 *(SORT_BY_NAME(.ctors.*))
 *(.ctors)
 *crtbegin.o(.dtors)
 *crtbegin?.o(.dtors)
 *(EXCLUDE_FILE(*crtend.o *crtend?.o) .dtors)
 *(SORT_BY_NAME(.dtors.*))
 *(.dtors)
 *(.rodata*)
 .rodata.boxRxConnAck.str1.4
                0x0001bc80       0x18 ./tray/box.o
 .rodata        0x0001bc98        0x8 ./tray/entry.o
 .rodata.recvCtrlSetup.str1.4
                0x0001bca0       0x29 ./tray/flow.o
 *fill*         0x0001bcc9        0x3 ff
 .rodata.upFlowSave.str1.4
                0x0001bccc       0x1a ./tray/flow.o
 *fill*         0x0001bce6        0x2 ff
 .rodata.upProtGenSave.str1.4
                0x0001bce8       0x12 ./tray/flow.o
 *fill*         0x0001bcfa        0x2 ff
 .rodata.upProtStepSave.str1.4
                0x0001bcfc       0x12 ./tray/flow.o
 *fill*         0x0001bd0e        0x2 ff
 .rodata.__FUNCTION__.29251
                0x0001bd10        0xe ./tray/flow.o
 *fill*         0x0001bd1e        0x2 ff
 .rodata.__FUNCTION__.29260
                0x0001bd20        0xb ./tray/flow.o
 *fill*         0x0001bd2b        0x1 ff
 .rodata.__FUNCTION__.29266
                0x0001bd2c        0xe ./tray/flow.o
 *fill*         0x0001bd3a        0x2 ff
 .rodata.__FUNCTION__.29272
                0x0001bd3c        0xf ./tray/flow.o
 *fill*         0x0001bd4b        0x1 ff
 .rodata.logTrc.str1.4
                0x0001bd4c       0x28 ./tray/log.o
 .rodata.plcInitAddr.str1.4
                0x0001bd74      0x156 ./tray/plc.o
 *fill*         0x0001beca        0x2 ff
 .rodata.upFlowChk.str1.4
                0x0001becc       0x61 ./tray/tray_upper.o
 *fill*         0x0001bf2d        0x3 ff
 .rodata.upProtGenChk.str1.4
                0x0001bf30       0x10 ./tray/tray_upper.o
 .rodata.upProtStepChk.str1.4
                0x0001bf40       0x12 ./tray/tray_upper.o
 .rodata.upMsgFlowStart.str1.4
                0x0001bf40       0x3e ./tray/tray_upper.o
                                 0x46 (size before relaxing)
 *fill*         0x0001bf7e        0x2 ff
 .rodata.upMsgFlowCtnu.str1.4
                0x0001bf80       0x31 ./tray/tray_upper.o
 *fill*         0x0001bfb1        0x3 ff
 .rodata.__FUNCTION__.29625
                0x0001bfb4        0xa ./tray/tray_upper.o
 *fill*         0x0001bfbe        0x2 ff
 .rodata.__FUNCTION__.29645
                0x0001bfc0        0xd ./tray/tray_upper.o
 *fill*         0x0001bfcd        0x3 ff
 .rodata.__FUNCTION__.29655
                0x0001bfd0        0xe ./tray/tray_upper.o
 *fill*         0x0001bfde        0x2 ff
 .rodata.__FUNCTION__.29799
                0x0001bfe0        0xf ./tray/tray_upper.o
 *fill*         0x0001bfef        0x1 ff
 .rodata.__FUNCTION__.29814
                0x0001bff0        0xf ./tray/tray_upper.o
 *fill*         0x0001bfff        0x1 ff
 .rodata.__FUNCTION__.29829
                0x0001c000        0xe ./tray/tray_upper.o
 *fill*         0x0001c00e        0x2 ff
 .rodata.__FUNCTION__.29844
                0x0001c010        0xe ./tray/tray_upper.o
 *fill*         0x0001c01e        0x2 ff
 .rodata.__FUNCTION__.29860
                0x0001c020        0xe ./tray/tray_upper.o
 *fill*         0x0001c02e        0x2 ff
 .rodata.g_can0_cfg
                0x0001c030       0x18 ./ra_gen/hal_data.o
                0x0001c030                g_can0_cfg
 .rodata.g_can0_extended_cfg
                0x0001c048       0x18 ./ra_gen/hal_data.o
                0x0001c048                g_can0_extended_cfg
 .rodata.g_can1_cfg
                0x0001c060       0x18 ./ra_gen/hal_data.o
                0x0001c060                g_can1_cfg
 .rodata.g_can1_extended_cfg
                0x0001c078       0x18 ./ra_gen/hal_data.o
                0x0001c078                g_can1_extended_cfg
 .rodata.g_mcuflash_cfg
                0x0001c090       0x14 ./ra_gen/hal_data.o
                0x0001c090                g_mcuflash_cfg
 .rodata.g_mlosClockTimer_cfg
                0x0001c0a4       0x20 ./ra_gen/hal_data.o
                0x0001c0a4                g_mlosClockTimer_cfg
 .rodata.g_mlosClockTimer_extend
                0x0001c0c4       0x2c ./ra_gen/hal_data.o
                0x0001c0c4                g_mlosClockTimer_extend
 .rodata.g_mlosTaskElapsedTimer_cfg
                0x0001c0f0       0x20 ./ra_gen/hal_data.o
                0x0001c0f0                g_mlosTaskElapsedTimer_cfg
 .rodata.g_mlosTaskElapsedTimer_extend
                0x0001c110       0x2c ./ra_gen/hal_data.o
                0x0001c110                g_mlosTaskElapsedTimer_extend
 .rodata.g_transfer0
                0x0001c13c        0xc ./ra_gen/hal_data.o
                0x0001c13c                g_transfer0
 .rodata.g_transfer0_cfg
                0x0001c148        0x8 ./ra_gen/hal_data.o
                0x0001c148                g_transfer0_cfg
 .rodata.g_transfer0_cfg_extend
                0x0001c150        0x1 ./ra_gen/hal_data.o
                0x0001c150                g_transfer0_cfg_extend
 *fill*         0x0001c151        0x3 ff
 .rodata.g_transfer1
                0x0001c154        0xc ./ra_gen/hal_data.o
                0x0001c154                g_transfer1
 .rodata.g_transfer1_cfg
                0x0001c160        0x8 ./ra_gen/hal_data.o
                0x0001c160                g_transfer1_cfg
 .rodata.g_transfer1_cfg_extend
                0x0001c168        0x1 ./ra_gen/hal_data.o
                0x0001c168                g_transfer1_cfg_extend
 *fill*         0x0001c169        0x3 ff
 .rodata.g_uart0_cfg
                0x0001c16c       0x20 ./ra_gen/hal_data.o
                0x0001c16c                g_uart0_cfg
 .rodata.g_uart0_cfg_extend
                0x0001c18c       0x10 ./ra_gen/hal_data.o
                0x0001c18c                g_uart0_cfg_extend
 .rodata.g_uart1_cfg
                0x0001c19c       0x20 ./ra_gen/hal_data.o
                0x0001c19c                g_uart1_cfg
 .rodata.g_uart1_cfg_extend
                0x0001c1bc       0x10 ./ra_gen/hal_data.o
                0x0001c1bc                g_uart1_cfg_extend
 .rodata.g_w5500spi_cfg
                0x0001c1cc       0x24 ./ra_gen/hal_data.o
                0x0001c1cc                g_w5500spi_cfg
 .rodata.g_w5500spi_ext_cfg
                0x0001c1f0        0xc ./ra_gen/hal_data.o
                0x0001c1f0                g_w5500spi_ext_cfg
 .rodata.g_bsp_pin_cfg
                0x0001c1fc        0x8 ./ra_gen/pin_data.o
                0x0001c1fc                g_bsp_pin_cfg
 .rodata.g_bsp_pin_cfg_data
                0x0001c204      0x208 ./ra_gen/pin_data.o
                0x0001c204                g_bsp_pin_cfg_data
 .rodata.g_interrupt_event_link_select
                0x0001c40c       0xc0 ./ra_gen/vector_data.o
                0x0001c40c                g_interrupt_event_link_select
 .rodata.g_transfer_on_dtc
                0x0001c4cc       0x24 ./ra/fsp/src/r_dtc/r_dtc.o
                0x0001c4cc                g_transfer_on_dtc
 .rodata.g_prcr_masks
                0x0001c4f0        0x8 ./ra/fsp/src/bsp/mcu/all/bsp_register_protection.o
 .rodata.led_init.str1.4
                0x0001c4f8        0x4 ./public/u_led.o
 .rodata.setting_init.str1.4
                0x0001c4fc        0x7 ./public/u_setting.o
 *fill*         0x0001c503        0x1 ff
 .rodata.setFileMagicNumber
                0x0001c504        0x8 ./public/u_setting.o
                0x0001c504                setFileMagicNumber
 .rodata.log_shell_cmd_handle.str1.4
                0x0001c50c       0x14 ./mlos/services/mlos_log.o
                                 0x19 (size before relaxing)
 .rodata.log_init.str1.4
                0x0001c520       0x3e ./mlos/services/mlos_log.o
 *fill*         0x0001c55e        0x2 ff
 .rodata.shell_cmd_reboot.str1.4
                0x0001c560       0x16 ./mlos/services/mlos_shell.o
 *fill*         0x0001c576        0x2 ff
 .rodata.shell_cmd_help.str1.4
                0x0001c578       0x48 ./mlos/services/mlos_shell.o
 .rodata.shell_cmd_mem.str1.4
                0x0001c5c0       0x38 ./mlos/services/mlos_shell.o
 .rodata.shell_cmd_buf_read.str1.4
                0x0001c5f8       0x56 ./mlos/services/mlos_shell.o
 *fill*         0x0001c64e        0x2 ff
 .rodata.shell_task.str1.4
                0x0001c650       0x18 ./mlos/services/mlos_shell.o
 .rodata.shell_init.str1.4
                0x0001c668       0x78 ./mlos/services/mlos_shell.o
 .rodata.rtimer_task_create.str1.4
                0x0001c6e0        0x7 ./mlos/os/mlos_rtimer.o
 *fill*         0x0001c6e7        0x1 ff
 .rodata.Pb_init.str1.4
                0x0001c6e8        0x6 ./mllib/utp/pb.o
 *fill*         0x0001c6ee        0x2 ff
 .rodata.crc_hight_tab
                0x0001c6f0      0x100 ./mllib/utp/public.o
                0x0001c6f0                crc_hight_tab
 .rodata.crc_low_tab
                0x0001c7f0      0x100 ./mllib/utp/public.o
                0x0001c7f0                crc_low_tab
 .rodata.utp_init.str1.4
                0x0001c8f0        0x9 ./mllib/utp/utp.o
 *fill*         0x0001c8f9        0x3 ff
 .rodata.upper_datagram_process.str1.4
                0x0001c8fc       0x35 ./mllib/upper/upper_ntp.o
 .rodata.upper_ntp_init.str1.4
                0x0001c931        0x6 ./mllib/upper/upper_ntp.o
 *fill*         0x0001c931        0x3 ff
 .rodata.tool_init.str1.4
                0x0001c934        0x5 ./mllib/tool/tool.o
 .rodata.ntp_init.str1.4
                0x0001c939        0x7 ./mllib/ntp/ntp.o
 *fill*         0x0001c939        0x3 ff
 .rodata.ctp_init.str1.4
                0x0001c93c        0x4 ./mllib/ctp/ctp.o
 .rodata.app_shell_cmd_tskinfo.str1.4
                0x0001c940       0x1c ./app/u_app_tool_debug.o
                                 0x24 (size before relaxing)
 .rodata.app_debug_int.str1.4
                0x0001c95c       0x58 ./app/u_app_tool_debug.o
                                 0x5c (size before relaxing)
 .rodata._svfprintf_r.str1.1
                0x0001c9b4       0x11 c:/renesas/ra/e2studio_v2021-04_fsp_v3.0.0/toolchains/gcc_arm/9_2020q2/bin/../lib/gcc/arm-none-eabi/9.3.1/../../../../arm-none-eabi/lib/thumb/v8-m.main+fp/hard\libg_nano.a(lib_a-nano-svfprintf.o)
 .rodata._printf_i.str1.1
                0x0001c9c5       0x22 c:/renesas/ra/e2studio_v2021-04_fsp_v3.0.0/toolchains/gcc_arm/9_2020q2/bin/../lib/gcc/arm-none-eabi/9.3.1/../../../../arm-none-eabi/lib/thumb/v8-m.main+fp/hard\libg_nano.a(lib_a-nano-vfprintf_i.o)
 *fill*         0x0001c9e7        0x1 ff
 .rodata.__sf_fake_stderr
                0x0001c9e8       0x20 c:/renesas/ra/e2studio_v2021-04_fsp_v3.0.0/toolchains/gcc_arm/9_2020q2/bin/../lib/gcc/arm-none-eabi/9.3.1/../../../../arm-none-eabi/lib/thumb/v8-m.main+fp/hard\libc_nano.a(lib_a-findfp.o)
                0x0001c9e8                __sf_fake_stderr
 .rodata.__sf_fake_stdin
                0x0001ca08       0x20 c:/renesas/ra/e2studio_v2021-04_fsp_v3.0.0/toolchains/gcc_arm/9_2020q2/bin/../lib/gcc/arm-none-eabi/9.3.1/../../../../arm-none-eabi/lib/thumb/v8-m.main+fp/hard\libc_nano.a(lib_a-findfp.o)
                0x0001ca08                __sf_fake_stdin
 .rodata.__sf_fake_stdout
                0x0001ca28       0x20 c:/renesas/ra/e2studio_v2021-04_fsp_v3.0.0/toolchains/gcc_arm/9_2020q2/bin/../lib/gcc/arm-none-eabi/9.3.1/../../../../arm-none-eabi/lib/thumb/v8-m.main+fp/hard\libc_nano.a(lib_a-findfp.o)
                0x0001ca28                __sf_fake_stdout
                0x0001ca48                __usb_dev_descriptor_start_fs = .
 *(.usb_device_desc_fs*)
                0x0001ca48                __usb_cfg_descriptor_start_fs = .
 *(.usb_config_desc_fs*)
                0x0001ca48                __usb_interface_descriptor_start_fs = .
 *(.usb_interface_desc_fs*)
                0x0001ca48                __usb_descriptor_end_fs = .
                0x0001ca48                __usb_dev_descriptor_start_hs = .
 *(.usb_device_desc_hs*)
                0x0001ca48                __usb_cfg_descriptor_start_hs = .
 *(.usb_config_desc_hs*)
                0x0001ca48                __usb_interface_descriptor_start_hs = .
 *(.usb_interface_desc_hs*)
                0x0001ca48                __usb_descriptor_end_hs = .
 *(.eh_frame*)
 .eh_frame      0x0001ca48        0x0 c:/renesas/ra/e2studio_v2021-04_fsp_v3.0.0/toolchains/gcc_arm/9_2020q2/bin/../lib/gcc/arm-none-eabi/9.3.1/thumb/v8-m.main+fp/hard/crtbegin.o
 .eh_frame      0x0001ca48        0x4 c:/renesas/ra/e2studio_v2021-04_fsp_v3.0.0/toolchains/gcc_arm/9_2020q2/bin/../lib/gcc/arm-none-eabi/9.3.1/thumb/v8-m.main+fp/hard/crtend.o
                0x0001ca4c                __ROM_End = .
                0x000001c0                __Vectors_Size = (__Vectors_End - __Vectors)

.glue_7         0x0001ca4c        0x0
 .glue_7        0x0001ca4c        0x0 linker stubs

.glue_7t        0x0001ca4c        0x0
 .glue_7t       0x0001ca4c        0x0 linker stubs

.vfp11_veneer   0x0001ca4c        0x0
 .vfp11_veneer  0x0001ca4c        0x0 linker stubs

.v4_bx          0x0001ca4c        0x0
 .v4_bx         0x0001ca4c        0x0 linker stubs

.iplt           0x0001ca4c        0x0
 .iplt          0x0001ca4c        0x0 c:/renesas/ra/e2studio_v2021-04_fsp_v3.0.0/toolchains/gcc_arm/9_2020q2/bin/../lib/gcc/arm-none-eabi/9.3.1/thumb/v8-m.main+fp/hard/crtbegin.o

.ARM.extab
 *(.ARM.extab* .gnu.linkonce.armextab.*)
                0x0001ca4c                __exidx_start = .

.ARM.exidx
 *(.ARM.exidx* .gnu.linkonce.armexidx.*)
                0x0001ca4c                __exidx_end = .
                0x0001ca4c                __etext = .
                0x20000000                __tz_RAM_S = ORIGIN (RAM)

.fsp_dtc_vector_table
                0x20000000      0x180
                0x20000000                . = ORIGIN (RAM)
 *(.fsp_dtc_vector_table)
 .fsp_dtc_vector_table
                0x20000000      0x180 ./ra/fsp/src/r_dtc/r_dtc.o

.data           0x20000180      0xa8c load address 0x0001ca4c
                0x20000180                __data_start__ = .
                0x20000180                . = ALIGN (0x4)
                0x20000180                __Code_In_RAM_Start = .
 *(.code_in_ram*)
 .code_in_ram   0x20000180      0x774 ./ra/fsp/src/r_flash_hp/r_flash_hp.o
 *fill*         0x200008f4        0x4 
 .code_in_ram.__stub
                0x200008f8       0x10 linker stubs
                0x20000908                __Code_In_RAM_End = .
 *(vtable)
 *(.data.*)
 .data.gBoxAddr
                0x20000908        0x4 ./tray/entry.o
                0x20000908                gBoxAddr
 .data.gChnModuAmt
                0x2000090c        0x1 ./tray/entry.o
                0x2000090c                gChnModuAmt
 *fill*         0x2000090d        0x3 
 .data.gCurrentMax
                0x20000910        0x4 ./tray/entry.o
                0x20000910                gCurrentMax
 .data.gMediumSoftVer
                0x20000914        0x2 ./tray/entry.o
                0x20000914                gMediumSoftVer
 .data.gTmpBoxChnAmt
                0x20000916        0x1 ./tray/entry.o
                0x20000916                gTmpBoxChnAmt
 .data.gTmpChnCellAmt
                0x20000917        0x1 ./tray/entry.o
                0x20000917                gTmpChnCellAmt
 .data.gTmpTmprAmtPerCell
                0x20000918        0x1 ./tray/entry.o
                0x20000918                gTmpTmprAmtPerCell
 .data.gTmpTmprAmtPerLoc
                0x20000919        0x1 ./tray/entry.o
                0x20000919                gTmpTmprAmtPerLoc
 .data.gTmpTmprSmplAmt
                0x2000091a        0x1 ./tray/entry.o
                0x2000091a                gTmpTmprSmplAmt
 *fill*         0x2000091b        0x1 
 .data.gTmpTmprSmplCellAmt
                0x2000091c        0x2 ./tray/entry.o
                0x2000091c                gTmpTmprSmplCellAmt
 .data.gTmpTmprSmplChnAmt
                0x2000091e        0x2 ./tray/entry.o