Archive member included to satisfy reference by file (symbol)

c:/renesas/ra/e2studio_v2021-04_fsp_v3.0.0/toolchains/gcc_arm/9_2020q2/bin/../lib/gcc/arm-none-eabi/9.3.1/thumb/v8-m.main+fp/hard\libgcc.a(_aeabi_ldivmod.o)
                              ./ra/fsp/src/r_sci_uart/r_sci_uart.o (__aeabi_ldivmod)
c:/renesas/ra/e2studio_v2021-04_fsp_v3.0.0/toolchains/gcc_arm/9_2020q2/bin/../lib/gcc/arm-none-eabi/9.3.1/thumb/v8-m.main+fp/hard\libgcc.a(_udivmoddi4.o)
                              c:/renesas/ra/e2studio_v2021-04_fsp_v3.0.0/toolchains/gcc_arm/9_2020q2/bin/../lib/gcc/arm-none-eabi/9.3.1/thumb/v8-m.main+fp/hard\libgcc.a(_aeabi_ldivmod.o) (__udivmoddi4)
c:/renesas/ra/e2studio_v2021-04_fsp_v3.0.0/toolchains/gcc_arm/9_2020q2/bin/../lib/gcc/arm-none-eabi/9.3.1/thumb/v8-m.main+fp/hard\libgcc.a(_dvmd_tls.o)
                              c:/renesas/ra/e2studio_v2021-04_fsp_v3.0.0/toolchains/gcc_arm/9_2020q2/bin/../lib/gcc/arm-none-eabi/9.3.1/thumb/v8-m.main+fp/hard\libgcc.a(_aeabi_ldivmod.o) (__aeabi_ldiv0)
c:/renesas/ra/e2studio_v2021-04_fsp_v3.0.0/toolchains/gcc_arm/9_2020q2/bin/../lib/gcc/arm-none-eabi/9.3.1/../../../../arm-none-eabi/lib/thumb/v8-m.main+fp/hard\libg_nano.a(lib_a-errno.o)
                              ./ra/fsp/src/bsp/mcu/all/bsp_sbrk.o (__errno)
c:/renesas/ra/e2studio_v2021-04_fsp_v3.0.0/toolchains/gcc_arm/9_2020q2/bin/../lib/gcc/arm-none-eabi/9.3.1/../../../../arm-none-eabi/lib/thumb/v8-m.main+fp/hard\libg_nano.a(lib_a-exit.o)
                              c:/renesas/ra/e2studio_v2021-04_fsp_v3.0.0/toolchains/gcc_arm/9_2020q2/bin/../lib/gcc/arm-none-eabi/9.3.1/../../../../arm-none-eabi/lib/thumb/v8-m.main+fp/hard/rdimon-crt0.o (exit)
c:/renesas/ra/e2studio_v2021-04_fsp_v3.0.0/toolchains/gcc_arm/9_2020q2/bin/../lib/gcc/arm-none-eabi/9.3.1/../../../../arm-none-eabi/lib/thumb/v8-m.main+fp/hard\libg_nano.a(lib_a-impure.o)
                              c:/renesas/ra/e2studio_v2021-04_fsp_v3.0.0/toolchains/gcc_arm/9_2020q2/bin/../lib/gcc/arm-none-eabi/9.3.1/../../../../arm-none-eabi/lib/thumb/v8-m.main+fp/hard\libg_nano.a(lib_a-exit.o) (_global_impure_ptr)
c:/renesas/ra/e2studio_v2021-04_fsp_v3.0.0/toolchains/gcc_arm/9_2020q2/bin/../lib/gcc/arm-none-eabi/9.3.1/../../../../arm-none-eabi/lib/thumb/v8-m.main+fp/hard\libg_nano.a(lib_a-init.o)
                              c:/renesas/ra/e2studio_v2021-04_fsp_v3.0.0/toolchains/gcc_arm/9_2020q2/bin/../lib/gcc/arm-none-eabi/9.3.1/../../../../arm-none-eabi/lib/thumb/v8-m.main+fp/hard/rdimon-crt0.o (__libc_init_array)
c:/renesas/ra/e2studio_v2021-04_fsp_v3.0.0/toolchains/gcc_arm/9_2020q2/bin/../lib/gcc/arm-none-eabi/9.3.1/../../../../arm-none-eabi/lib/thumb/v8-m.main+fp/hard\libg_nano.a(lib_a-memcmp.o)
                              ./tray/host.o (memcmp)
c:/renesas/ra/e2studio_v2021-04_fsp_v3.0.0/toolchains/gcc_arm/9_2020q2/bin/../lib/gcc/arm-none-eabi/9.3.1/../../../../arm-none-eabi/lib/thumb/v8-m.main+fp/hard\libg_nano.a(lib_a-memcpy-stub.o)
                              ./tray/flow.o (memcpy)
c:/renesas/ra/e2studio_v2021-04_fsp_v3.0.0/toolchains/gcc_arm/9_2020q2/bin/../lib/gcc/arm-none-eabi/9.3.1/../../../../arm-none-eabi/lib/thumb/v8-m.main+fp/hard\libg_nano.a(lib_a-memset.o)
                              c:/renesas/ra/e2studio_v2021-04_fsp_v3.0.0/toolchains/gcc_arm/9_2020q2/bin/../lib/gcc/arm-none-eabi/9.3.1/../../../../arm-none-eabi/lib/thumb/v8-m.main+fp/hard/rdimon-crt0.o (memset)
c:/renesas/ra/e2studio_v2021-04_fsp_v3.0.0/toolchains/gcc_arm/9_2020q2/bin/../lib/gcc/arm-none-eabi/9.3.1/../../../../arm-none-eabi/lib/thumb/v8-m.main+fp/hard\libg_nano.a(lib_a-sprintf.o)
                              ./tray/func.o (sprintf)
c:/renesas/ra/e2studio_v2021-04_fsp_v3.0.0/toolchains/gcc_arm/9_2020q2/bin/../lib/gcc/arm-none-eabi/9.3.1/../../../../arm-none-eabi/lib/thumb/v8-m.main+fp/hard\libg_nano.a(lib_a-strcmp.o)
                              ./mlos/services/mlos_log.o (strcmp)
c:/renesas/ra/e2studio_v2021-04_fsp_v3.0.0/toolchains/gcc_arm/9_2020q2/bin/../lib/gcc/arm-none-eabi/9.3.1/../../../../arm-none-eabi/lib/thumb/v8-m.main+fp/hard\libg_nano.a(lib_a-strcpy.o)
                              ./mlos/os/mlos_task.o (strcpy)
c:/renesas/ra/e2studio_v2021-04_fsp_v3.0.0/toolchains/gcc_arm/9_2020q2/bin/../lib/gcc/arm-none-eabi/9.3.1/../../../../arm-none-eabi/lib/thumb/v8-m.main+fp/hard\libg_nano.a(lib_a-strlen.o)
                              ./tray/func.o (strlen)
c:/renesas/ra/e2studio_v2021-04_fsp_v3.0.0/toolchains/gcc_arm/9_2020q2/bin/../lib/gcc/arm-none-eabi/9.3.1/../../../../arm-none-eabi/lib/thumb/v8-m.main+fp/hard\libg_nano.a(lib_a-vsnprintf.o)
                              ./tray/log.o (vsnprintf)
c:/renesas/ra/e2studio_v2021-04_fsp_v3.0.0/toolchains/gcc_arm/9_2020q2/bin/../lib/gcc/arm-none-eabi/9.3.1/../../../../arm-none-eabi/lib/thumb/v8-m.main+fp/hard\libg_nano.a(lib_a-vsprintf.o)
                              ./mlos/services/mlos_log.o (vsprintf)
[...]
Memory Configuration

Name             Origin             Length             Attributes
FLASH            0x00010400         0x00050000         xr
RAM              0x20000000         0x00040000         xrw
DATA_FLASH       0x08000000         0x00002000         xr
QSPI_FLASH       0x60000000         0x04000000         xr
OSPI_DEVICE_0    0x68000000         0x08000000         xr
OSPI_DEVICE_1    0x70000000         0x10000000         xr
SDRAM            0x90000000         0x00000000         xrw
OPTION_SETTING   0x0100a100         0x00000100         r
OPTION_SETTING_S 0x0100a200         0x00000100         r
ID_CODE          0x00000000         0x00000000         xr
*default*        0x00000000         0xffffffff

Linker script and memory map

LOAD c:/renesas/ra/e2studio_v2021-04_fsp_v3.0.0/toolchains/gcc_arm/9_2020q2/bin/../lib/gcc/arm-none-eabi/9.3.1/thumb/v8-m.main+fp/hard/crti.o
LOAD c:/renesas/ra/e2studio_v2021-04_fsp_v3.0.0/toolchains/gcc_arm/9_2020q2/bin/../lib/gcc/arm-none-eabi/9.3.1/thumb/v8-m.main+fp/hard/crtbegin.o
LOAD c:/renesas/ra/e2studio_v2021-04_fsp_v3.0.0/toolchains/gcc_arm/9_2020q2/bin/../lib/gcc/arm-none-eabi/9.3.1/../../../../arm-none-eabi/lib/thumb/v8-m.main+fp/hard/rdimon-crt0.o
START GROUP
LOAD ./tray/alarm_drive.o
LOAD ./tray/alarm_led.o
LOAD ./tray/boot.o
LOAD ./tray/box.o
LOAD ./tray/channel.o
LOAD ./tray/entry.o
LOAD ./tray/flow.o
LOAD ./tray/func.o
LOAD ./tray/host.o
LOAD ./tray/log.o
LOAD ./tray/pb.o
LOAD ./tray/plc.o
LOAD ./tray/protect.o
LOAD ./tray/timer.o
LOAD ./tray/tray.o
LOAD ./tray/tray_bl.o
LOAD ./tray/uart.o
LOAD ./src/hal_entry.o
LOAD ./ra_gen/common_data.o
LOAD ./ra_gen/hal_data.o
LOAD ./ra_gen/main.o
LOAD ./ra_gen/pin_data.o
LOAD ./ra_gen/vector_data.o
LOAD ./ra/fsp/src/r_spi/r_spi.o
LOAD ./ra/fsp/src/r_sci_uart/r_sci_uart.o
LOAD ./ra/fsp/src/r_qspi/r_qspi.o
LOAD ./ra/fsp/src/r_ioport/r_ioport.o
LOAD ./ra/fsp/src/r_gpt/r_gpt.o
LOAD ./ra/fsp/src/r_flash_hp/r_flash_hp.o
LOAD ./ra/fsp/src/r_dtc/r_dtc.o
LOAD ./ra/fsp/src/r_can/r_can.o
LOAD ./ra/fsp/src/bsp/mcu/all/bsp_clocks.o
LOAD ./ra/fsp/src/bsp/mcu/all/bsp_common.o
LOAD ./ra/fsp/src/bsp/mcu/all/bsp_delay.o
LOAD ./ra/fsp/src/bsp/mcu/all/bsp_group_irq.o
LOAD ./ra/fsp/src/bsp/mcu/all/bsp_guard.o
LOAD ./ra/fsp/src/bsp/mcu/all/bsp_io.o
LOAD ./ra/fsp/src/bsp/mcu/all/bsp_irq.o
LOAD ./ra/fsp/src/bsp/mcu/all/bsp_register_protection.o
LOAD ./ra/fsp/src/bsp/mcu/all/bsp_rom_registers.o
LOAD ./ra/fsp/src/bsp/mcu/all/bsp_sbrk.o
LOAD ./ra/fsp/src/bsp/mcu/all/bsp_security.o
LOAD ./ra/fsp/src/bsp/cmsis/Device/RENESAS/Source/startup.o
LOAD ./ra/fsp/src/bsp/cmsis/Device/RENESAS/Source/system.o
LOAD ./public/u_function.o
LOAD ./public/u_led.o
LOAD ./public/u_setting.o
LOAD ./mlos/services/mlos_log.o
LOAD ./mlos/services/mlos_shell.o
LOAD ./mlos/port/RA6M4/mlos_port.o
LOAD ./mlos/os/mlos.o
LOAD ./mlos/os/mlos_clock.o
LOAD ./mlos/os/mlos_list.o
LOAD ./mlos/os/mlos_ltimer.o
LOAD ./mlos/os/mlos_malloc.o
LOAD ./mlos/os/mlos_mpump.o
LOAD ./mlos/os/mlos_que.o
LOAD ./mlos/os/mlos_rtimer.o
LOAD ./mlos/os/mlos_task.o
LOAD ./mllib/utp/ra6m4/utp_uart_driver.o
LOAD ./mllib/utp/public.o
LOAD ./mllib/utp/utp.o
LOAD ./mllib/upper/upper_ntp.o
LOAD ./mllib/tool/tool.o
LOAD ./mllib/tool/tool_debug.o
LOAD ./mllib/tool/tool_ds.o
LOAD ./mllib/tool/tool_iap.o
LOAD ./mllib/tool/tool_setting.o
LOAD ./mllib/ntp/w5500/ra6m4/ntp_w5500_spi_driver.o
LOAD ./mllib/ntp/w5500/ntp_w5500.o
LOAD ./mllib/ntp/ntp.o
LOAD ./mllib/ntp/ntp_usocket.o
LOAD ./mllib/mlflash/mx35xx/RA6M4/mx35_spi_driver.o
LOAD ./mllib/mlflash/mx35xx/mx35.o
LOAD ./mllib/mlflash/mcuflash/RA6M4/mcu_flash.o
LOAD ./mllib/mlflash/cssdcard/RA6M4/cs_sd_spi_driver.o
LOAD ./mllib/mlflash/cssdcard/cs_sdcard.o
LOAD ./mllib/iap/RA6M4/iap_mcu_port.o
LOAD ./mllib/iap/iap.o
LOAD ./mllib/dataStorage/ds.o
LOAD ./mllib/dataStorage/ds_file.o
LOAD ./mllib/dataStorage/ds_log.o
LOAD ./mllib/dataStorage/ds_tray.o
LOAD ./mllib/ctp/ra6m4/ctp_can_driver.o
LOAD ./mllib/ctp/ctp.o
LOAD ./combine/cmb_bl.o
LOAD ./combine/cmb_box.o
LOAD ./combine/cmb_chnl.o
LOAD ./combine/cmb_ctp.o
LOAD ./combine/cmb_mdl.o
LOAD ./combine/cmb_ntp_v1.o
LOAD ./baseStruct/base_box.o
LOAD ./app/u_app.o
END GROUP
START GROUP
LOAD c:/renesas/ra/e2studio_v2021-04_fsp_v3.0.0/toolchains/gcc_arm/9_2020q2/bin/../lib/gcc/arm-none-eabi/9.3.1/thumb/v8-m.main+fp/hard\libgcc.a
LOAD c:/renesas/ra/e2studio_v2021-04_fsp_v3.0.0/toolchains/gcc_arm/9_2020q2/bin/../lib/gcc/arm-none-eabi/9.3.1/../../../../arm-none-eabi/lib/thumb/v8-m.main+fp/hard\libg_nano.a
LOAD c:/renesas/ra/e2studio_v2021-04_fsp_v3.0.0/toolchains/gcc_arm/9_2020q2/bin/../lib/gcc/arm-none-eabi/9.3.1/../../../../arm-none-eabi/lib/thumb/v8-m.main+fp/hard\libc_nano.a
END GROUP
START GROUP
LOAD c:/renesas/ra/e2studio_v2021-04_fsp_v3.0.0/toolchains/gcc_arm/9_2020q2/bin/../lib/gcc/arm-none-eabi/9.3.1/thumb/v8-m.main+fp/hard\libgcc.a
LOAD c:/renesas/ra/e2studio_v2021-04_fsp_v3.0.0/toolchains/gcc_arm/9_2020q2/bin/../lib/gcc/arm-none-eabi/9.3.1/../../../../arm-none-eabi/lib/thumb/v8-m.main+fp/hard\libc_nano.a
LOAD c:/renesas/ra/e2studio_v2021-04_fsp_v3.0.0/toolchains/gcc_arm/9_2020q2/bin/../lib/gcc/arm-none-eabi/9.3.1/../../../../arm-none-eabi/lib/thumb/v8-m.main+fp/hard\librdimon_nano.a
END GROUP
START GROUP
LOAD c:/renesas/ra/e2studio_v2021-04_fsp_v3.0.0/toolchains/gcc_arm/9_2020q2/bin/../lib/gcc/arm-none-eabi/9.3.1/thumb/v8-m.main+fp/hard\libgcc.a
LOAD c:/renesas/ra/e2studio_v2021-04_fsp_v3.0.0/toolchains/gcc_arm/9_2020q2/bin/../lib/gcc/arm-none-eabi/9.3.1/../../../../arm-none-eabi/lib/thumb/v8-m.main+fp/hard\libc_nano.a
LOAD c:/renesas/ra/e2studio_v2021-04_fsp_v3.0.0/toolchains/gcc_arm/9_2020q2/bin/../lib/gcc/arm-none-eabi/9.3.1/../../../../arm-none-eabi/lib/thumb/v8-m.main+fp/hard\librdimon_nano.a
END GROUP
LOAD c:/renesas/ra/e2studio_v2021-04_fsp_v3.0.0/toolchains/gcc_arm/9_2020q2/bin/../lib/gcc/arm-none-eabi/9.3.1/thumb/v8-m.main+fp/hard/crtend.o
LOAD c:/renesas/ra/e2studio_v2021-04_fsp_v3.0.0/toolchains/gcc_arm/9_2020q2/bin/../lib/gcc/arm-none-eabi/9.3.1/thumb/v8-m.main+fp/hard/crtn.o
                0x20000000                RAM_START = 0x20000000
                0x00040000                RAM_LENGTH = 0x40000
                0x00010400                FLASH_START = 0x10400
                0x00050000                FLASH_LENGTH = 0x50000
                0x08000000                DATA_FLASH_START = 0x8000000
                0x00002000                DATA_FLASH_LENGTH = 0x2000
                0x0100a100                OPTION_SETTING_START = 0x100a100
                0x00000100                OPTION_SETTING_LENGTH = 0x100
                0x0100a200                OPTION_SETTING_S_START = 0x100a200
                0x00000100                OPTION_SETTING_S_LENGTH = 0x100
                0x00000000                ID_CODE_START = 0x0
                0x00000000                ID_CODE_LENGTH = 0x0
                0x90000000                SDRAM_START = 0x90000000
                0x00000000                SDRAM_LENGTH = 0x0
                0x60000000                QSPI_FLASH_START = 0x60000000
                0x04000000                QSPI_FLASH_LENGTH = 0x4000000
                0x68000000                OSPI_DEVICE_0_START = 0x68000000
                0x08000000                OSPI_DEVICE_0_LENGTH = 0x8000000
                0x70000000                OSPI_DEVICE_1_START = 0x70000000
                0x10000000                OSPI_DEVICE_1_LENGTH = 0x10000000
                0x04000000                QSPI_FLASH_PRV_LENGTH = DEFINED (QSPI_FLASH_SIZE)?ABSOLUTE (QSPI_FLASH_SIZE):ABSOLUTE (QSPI_FLASH_LENGTH)
                0x08000000                OSPI_DEVICE_0_PRV_LENGTH = DEFINED (OSPI_DEVICE_0_SIZE)?ABSOLUTE (OSPI_DEVICE_0_SIZE):ABSOLUTE (OSPI_DEVICE_0_LENGTH)
                0x10000000                OSPI_DEVICE_1_PRV_LENGTH = DEFINED (OSPI_DEVICE_1_SIZE)?ABSOLUTE (OSPI_DEVICE_1_SIZE):ABSOLUTE (OSPI_DEVICE_1_LENGTH)
                0x00000000                __RESERVE_NS_RAM = ((! (DEFINED (PROJECT_NONSECURE)) && DEFINED (RAM_NS_BUFFER_LENGTH)) && (OPTION_SETTING_S_LENGTH != 0x0))
                0x00000000                RAM_NS_BUFFER_BLOCK_LENGTH = DEFINED (RAM_NS_BUFFER_LENGTH)?ALIGN (RAM_NS_BUFFER_LENGTH, 0x2000):0x0
                0x00000000                RAM_NS_BUFFER_LENGTH = DEFINED (RAM_NS_BUFFER_LENGTH)?RAM_NS_BUFFER_LENGTH:0x0
                0x20040000                RAM_NS_BUFFER_START = ((RAM_START + RAM_LENGTH) - RAM_NS_BUFFER_LENGTH)
                0x20040000                RAM_NS_BUFFER_BLOCK_START = ((RAM_START + RAM_LENGTH) - RAM_NS_BUFFER_BLOCK_LENGTH)
                0x0100a180                OPTION_SETTING_START_NS = 0x100a180
                0x00000001                __bl_FSP_BOOTABLE_IMAGE = 0x1
                0x00000001                __bln_FSP_BOOTABLE_IMAGE = 0x1
                0x00000001                PROJECT_SECURE_OR_FLAT = ((! (DEFINED (PROJECT_NONSECURE)) && OPTION_SETTING_LENGTH) && ! (DEFINED (FSP_BOOTABLE_IMAGE)))
                0x00000000                USE_OPTION_SETTING_NS = (DEFINED (PROJECT_NONSECURE) && ! (DEFINED (FSP_BOOTABLE_IMAGE)))
                0x00000000                __bl_FLASH_IMAGE_START = ! (DEFINED (FLASH_BOOTLOADER_LENGTH))?0x0:(FLASH_APPLICATION_IMAGE_NUMBER == 0x1)?(FLASH_BOOTLOADER_LENGTH + FLASH_BOOTLOADER_HEADER_LENGTH):(((FLASH_BOOTLOADER_LENGTH + FLASH_BOOTLOADER_SCRATCH_LENGTH) + FLASH_APPLICATION_S_LENGTH) + FLASH_BOOTLOADER_HEADER_LENGTH)
                0x00000000                __bl_FLASH_IMAGE_LENGTH = ! (DEFINED (FLASH_BOOTLOADER_LENGTH))?0x0:(FLASH_APPLICATION_S_LENGTH - FLASH_BOOTLOADER_HEADER_LENGTH)
                0x00000000                __bl_FLASH_IMAGE_END = (__bl_FLASH_IMAGE_START + __bl_FLASH_IMAGE_LENGTH)
                0x00000000                __bl_FLASH_NS_START = ! (DEFINED (FLASH_BOOTLOADER_LENGTH))?0x0:(FLASH_APPLICATION_NS_LENGTH == 0x0)?__bl_FLASH_IMAGE_END:((__bl_FLASH_IMAGE_START - FLASH_BOOTLOADER_HEADER_LENGTH) + FLASH_APPLICATION_S_LENGTH)
                0x00000000                __bl_FLASH_NSC_START = ! (DEFINED (FLASH_BOOTLOADER_LENGTH))?0x0:(FLASH_APPLICATION_NS_LENGTH == 0x0)?__bl_FLASH_IMAGE_END:(__bl_FLASH_NS_START - FLASH_APPLICATION_NSC_LENGTH)
                0x00000000                __bl_RAM_NS_START = ! (DEFINED (FLASH_BOOTLOADER_LENGTH))?0x0:(FLASH_APPLICATION_NS_LENGTH == 0x0)?(RAM_START + RAM_LENGTH):((RAM_START + RAM_LENGTH) - RAM_APPLICATION_NS_LENGTH)
                0x00000000                __bl_RAM_NSC_START = ! (DEFINED (FLASH_BOOTLOADER_LENGTH))?0x0:(FLASH_APPLICATION_NS_LENGTH == 0x0)?(RAM_START + RAM_LENGTH):(__bl_RAM_NS_START - RAM_APPLICATION_NSC_LENGTH)
                0x00000000                __bl_FLASH_NS_IMAGE_START = ! (DEFINED (FLASH_BOOTLOADER_LENGTH))?0x0:(FLASH_APPLICATION_NS_LENGTH == 0x0)?__bl_FLASH_IMAGE_END:(__bl_FLASH_NS_START + FLASH_BOOTLOADER_HEADER_LENGTH_2)
                0x00000000                __bln_FLASH_IMAGE_START = __bl_FLASH_NS_IMAGE_START
                0x00000000                __bln_FLASH_IMAGE_LENGTH = ! (DEFINED (FLASH_BOOTLOADER_LENGTH))?0x0:(FLASH_APPLICATION_NS_LENGTH == 0x0)?__bl_FLASH_IMAGE_END:(FLASH_APPLICATION_NS_LENGTH - FLASH_BOOTLOADER_HEADER_LENGTH_2)
                0x00010400                FLASH_ORIGIN = DEFINED (FLASH_IMAGE_START)?FLASH_IMAGE_START:FLASH_START
                0x00050000                LIMITED_FLASH_LENGTH = DEFINED (FLASH_IMAGE_LENGTH)?FLASH_IMAGE_LENGTH:DEFINED (FLASH_BOOTLOADER_LENGTH)?FLASH_BOOTLOADER_LENGTH:FLASH_LENGTH
START GROUP
LOAD c:/renesas/ra/e2studio_v2021-04_fsp_v3.0.0/toolchains/gcc_arm/9_2020q2/bin/../lib/gcc/arm-none-eabi/9.3.1/thumb/v8-m.main+fp/hard\libgcc.a
LOAD c:/renesas/ra/e2studio_v2021-04_fsp_v3.0.0/toolchains/gcc_arm/9_2020q2/bin/../lib/gcc/arm-none-eabi/9.3.1/../../../../arm-none-eabi/lib/thumb/v8-m.main+fp/hard\libc.a
LOAD c:/renesas/ra/e2studio_v2021-04_fsp_v3.0.0/toolchains/gcc_arm/9_2020q2/bin/../lib/gcc/arm-none-eabi/9.3.1/../../../../arm-none-eabi/lib/thumb/v8-m.main+fp/hard\libm.a
LOAD c:/renesas/ra/e2studio_v2021-04_fsp_v3.0.0/toolchains/gcc_arm/9_2020q2/bin/../lib/gcc/arm-none-eabi/9.3.1/../../../../arm-none-eabi/lib/thumb/v8-m.main+fp/hard\libnosys.a
END GROUP

.text           0x00010400    0x1857c
                0x00010400                __tz_FLASH_S = ABSOLUTE (FLASH_START)
                0x00010400                __ROM_Start = .
 *(.fixed_vectors*)
 .fixed_vectors
                0x00010400       0x40 ./ra/fsp/src/bsp/cmsis/Device/RENESAS/Source/startup.o
                0x00010400                __Vectors
 *(.application_vectors*)
 .application_vectors
                0x00010440      0x180 ./ra_gen/vector_data.o
                0x00010440                g_vector_table
                0x000105c0                __Vectors_End = .
                0x000105c0                . = (OPTION_SETTING_LENGTH > 0x0)?.:(__ROM_Start + 0x400)
 *(.rom_registers*)
                0x000105c0                . = (OPTION_SETTING_LENGTH > 0x0)?.:(__ROM_Start + 0x500)
 *(.text*)
 .text          0x000105c0       0x40 c:/renesas/ra/e2studio_v2021-04_fsp_v3.0.0/toolchains/gcc_arm/9_2020q2/bin/../lib/gcc/arm-none-eabi/9.3.1/thumb/v8-m.main+fp/hard/crtbegin.o
 .text.group0_alarmled_ctrl
                0x00010600       0x34 ./tray/alarm_drive.o
                0x00010600                group0_alarmled_ctrl
 .text.group1_alarmled_ctrl
                0x00010634       0x2c ./tray/alarm_drive.o
                0x00010634                group1_alarmled_ctrl
 .text.group2_alarmled_ctrl
                0x00010660       0x30 ./tray/alarm_drive.o
                0x00010660                group2_alarmled_ctrl
 .text.group0_Buzzer_ctrl
                0x00010690       0x14 ./tray/alarm_drive.o
                0x00010690                group0_Buzzer_ctrl
 .text.group1_Buzzer_ctrl
                0x000106a4       0x14 ./tray/alarm_drive.o
                0x000106a4                group1_Buzzer_ctrl
 .text.group2_Buzzer_ctrl
                0x000106b8       0x14 ./tray/alarm_drive.o
                0x000106b8                group2_Buzzer_ctrl
 .text.AlarmLight_Switch
                0x000106cc       0x1c ./tray/alarm_led.o
                0x000106cc                AlarmLight_Switch
 .text.Buzzer_Switch
                0x000106e8       0x18 ./tray/alarm_led.o
                0x000106e8                Buzzer_Switch
 .text.boxMsgIgnore
                0x00010700        0x2 ./tray/box.o
                0x00010700                boxMsgIgnore
 .text.boxExprUpdUpldAck
                0x00010702        0x2 ./tray/box.o
                0x00010702                boxExprUpdUpldAck
 .text.boxRxSmplChn
                0x00010704        0x2 ./tray/box.o
                0x00010704                boxRxSmplChn
 .text.boxRxCtrlAck
                0x00010706        0x6 ./tray/box.o
                0x00010706                boxRxCtrlAck
 .text.boxRxUpdUpldAck
                0x0001070c        0x2 ./tray/box.o
                0x0001070c                boxRxUpdUpldAck
 *fill*         0x0001070e        0x2 ff
 .text.boxExprUpdCnfmAck
                0x00010710       0x2c ./tray/box.o
                0x00010710                boxExprUpdCnfmAck
 .text.boxExprUpdSetupAck
                0x0001073c       0x2c ./tray/box.o
                0x0001073c                boxExprUpdSetupAck
 .text.boxExprCaliSmplAck
                0x00010768       0x58 ./tray/box.o
                0x00010768                boxExprCaliSmplAck
 .text.boxExprCaliNtfyAck
                0x000107c0       0x14 ./tray/box.o
                0x000107c0                boxExprCaliNtfyAck
 .text.boxExprCmmnAuxAck
                0x000107d4       0x14 ./tray/box.o
                0x000107d4                boxExprCmmnAuxAck
 .text.traySmplDefChnSmpl
                0x000107e8       0x72 ./tray/box.o
                0x000107e8                traySmplDefChnSmpl
 .text.trayUpdSmplSeq
                0x0001085a       0x24 ./tray/box.o
                0x0001085a                trayUpdSmplSeq
 .text.trayUpdSmplBuf
                0x0001087e       0x12 ./tray/box.o
                0x0001087e                trayUpdSmplBuf
 .text.traySmplMgrRst
                0x00010890       0x48 ./tray/box.o
                0x00010890                traySmplMgrRst
 .text.trayRcdChnLastData
                0x000108d8       0xd0 ./tray/box.o
                0x000108d8                trayRcdChnLastData
 .text.trayProtMgrEnd
                0x000109a8       0x4c ./tray/box.o
                0x000109a8                trayProtMgrEnd
 .text.allocAuxCanBuf
                0x000109f4       0x24 ./tray/box.o
                0x000109f4                allocAuxCanBuf
 .text.freeAuxCanBuf
                0x00010a18       0x20 ./tray/box.o
                0x00010a18                freeAuxCanBuf
 .text.boxRxCfgReadAck
                0x00010a38       0xd0 ./tray/box.o
                0x00010a38                boxRxCfgReadAck
 .text.boxRxUpdCnfmAck
                0x00010b08       0x40 ./tray/box.o
                0x00010b08                boxRxUpdCnfmAck
 .text.boxRxUpdSetupAck
                0x00010b48       0x54 ./tray/box.o
                0x00010b48                boxRxUpdSetupAck
 .text.boxRxCaliNtfyAck
                0x00010b9c       0x58 ./tray/box.o
                0x00010b9c                boxRxCaliNtfyAck
 .text.boxRxCmmnAuxAck
                0x00010bf4       0x28 ./tray/box.o
                0x00010bf4                boxRxCmmnAuxAck
 .text.boxRxCaliSmplAck
                0x00010c1c      0x118 ./tray/box.o
                0x00010c1c                boxRxCaliSmplAck
 .text.setCaliAuxCanBuf
                0x00010d34       0x18 ./tray/box.o
                0x00010d34                setCaliAuxCanBuf
 .text.boxAuxTx
                0x00010d4c       0x2e ./tray/box.o
                0x00010d4c                boxAuxTx
 *fill*         0x00010d7a        0x2 ff
 .text.boxAuxTxTry
                0x00010d7c       0x44 ./tray/box.o
                0x00010d7c                boxAuxTxTry
 .text.canSmplBoxUpdate
                0x00010dc0       0x48 ./tray/box.o
                0x00010dc0                canSmplBoxUpdate
 .text.boxRxConnAck
                0x00010e08      0x1ac ./tray/box.o
                0x00010e08                boxRxConnAck
 .text.boxRxSmplAck
                0x00010fb4       0x54 ./tray/box.o
                0x00010fb4                boxRxSmplAck
 .text.canSmplBoxGet
                0x00011008       0x24 ./tray/box.o
                0x00011008                canSmplBoxGet
 .text.boxSmplTx
                0x0001102c      0x100 ./tray/box.o
                0x0001102c                boxSmplTx
 .text.boxSmplTxTry
                0x0001112c       0x40 ./tray/box.o
                0x0001112c                boxSmplTxTry
 .text.boxCtrlMix
                0x0001116c       0x50 ./tray/box.o
                0x0001116c                boxCtrlMix
 .text.boxCtrlAddChn
                0x000111bc       0x22 ./tray/box.o
                0x000111bc                boxCtrlAddChn
 .text.boxCtrlAddSeriesCell
                0x000111de       0x22 ./tray/box.o
                0x000111de                boxCtrlAddSeriesCell
 .text.stepCvFollowCcChk
                0x00011200       0x5e ./tray/box.o
                0x00011200                stepCvFollowCcChk
 *fill*         0x0001125e        0x2 ff
 .text.boxCtrlTx
                0x00011260      0x21c ./tray/box.o
                0x00011260                boxCtrlTx
 .text.boxCtrlTxTry
                0x0001147c       0x44 ./tray/box.o
                0x0001147c                boxCtrlTxTry
 .text.trayGenTraySmpl
                0x000114c0      0x124 ./tray/box.o
                0x000114c0                trayGenTraySmpl
 .text.boxCtrlCellTx
                0x000115e4       0xf0 ./tray/box.o
                0x000115e4                boxCtrlCellTx
 .text.boxCtrlCellTxTry
                0x000116d4       0x44 ./tray/box.o
                0x000116d4                boxCtrlCellTxTry
 .text.canIdleNtfy
                0x00011718      0x100 ./tray/box.o
                0x00011718                canIdleNtfy
 .text.boxExprCtrlAck
                0x00011818       0x40 ./tray/box.o
                0x00011818                boxExprCtrlAck
 .text.boxExprCellSwAck
                0x00011858       0x14 ./tray/box.o
                0x00011858                boxExprCellSwAck
 .text.boxExprSmplAck
                0x0001186c      0x140 ./tray/box.o
                0x0001186c                boxExprSmplAck
 .text.boxExprAuxAck
                0x000119ac       0x60 ./tray/box.o
                0x000119ac                boxExprAuxAck
 .text.getLowSmplSize
                0x00011a0c       0x22 ./tray/box.o
                0x00011a0c                getLowSmplSize
 .text.boxRxSmplTray
                0x00011a2e       0x9c ./tray/box.o
                0x00011a2e                boxRxSmplTray
 *fill*         0x00011aca        0x2 ff
 .text.canRxMsg
                0x00011acc       0x7c ./tray/box.o
                0x00011acc                canRxMsg
 .text.boxInit  0x00011b48      0x180 ./tray/box.o
                0x00011b48                boxInit
 .text.chnProcIgnore
                0x00011cc8        0x2 ./tray/channel.o
                0x00011cc8                chnProcIgnore
 .text.chnStaMapNpWait
                0x00011cca        0x2 ./tray/channel.o
                0x00011cca                chnStaMapNpWait
 .text.chnStaMapMedEnd
                0x00011ccc       0x10 ./tray/channel.o
                0x00011ccc                chnStaMapMedEnd
 .text.chnStaMapIdle
                0x00011cdc       0x30 ./tray/channel.o
                0x00011cdc                chnStaMapIdle
 .text.chnProtBufInit
                0x00011d0c       0x22 ./tray/channel.o
                0x00011d0c                chnProtBufInit
 .text.chnBeInIdle
                0x00011d2e       0x2e ./tray/channel.o
                0x00011d2e                chnBeInIdle
 .text.chnBeInRun
                0x00011d5c       0x22 ./tray/channel.o
                0x00011d5c                chnBeInRun
 .text.chnRunTimeUpd
                0x00011d7e        0x8 ./tray/channel.o
                0x00011d7e                chnRunTimeUpd
 .text.cellEnterIdle
                0x00011d86       0x18 ./tray/channel.o
                0x00011d86                cellEnterIdle
 .text.chnEnterIdle
                0x00011d9e       0x50 ./tray/channel.o
                0x00011d9e                chnEnterIdle
 .text.chnStaMapUpStopEnd
                0x00011dee       0x34 ./tray/channel.o
                0x00011dee                chnStaMapUpStopEnd
 .text.chnStaMapUpPauseEnd
                0x00011e22       0x34 ./tray/channel.o
                0x00011e22                chnStaMapUpPauseEnd
 .text.chnStaMapLowProtEnd
                0x00011e56       0x4e ./tray/channel.o
                0x00011e56                chnStaMapLowProtEnd
 .text.chnStaMapIdleWait
                0x00011ea4       0x4c ./tray/channel.o
                0x00011ea4                chnStaMapIdleWait
 .text.chnStaMapPauseWait
                0x00011ef0       0x50 ./tray/channel.o
                0x00011ef0                chnStaMapPauseWait
 .text.chnStepSwPre
                0x00011f40       0x86 ./tray/channel.o
                0x00011f40                chnStepSwPre
 .text.stepType2ChgType
                0x00011fc6       0x26 ./tray/channel.o
                0x00011fc6                stepType2ChgType
 .text.chnEnterRun
                0x00011fec       0x3a ./tray/channel.o
                0x00011fec                chnEnterRun
 .text.chnEndCapCalc
                0x00012026       0x34 ./tray/channel.o
                0x00012026                chnEndCapCalc
 .text.chnStaMapStart
                0x0001205a       0x64 ./tray/channel.o
                0x0001205a                chnStaMapStart
 .text.chnStaMapRun
                0x000120be       0xe8 ./tray/channel.o
                0x000120be                chnStaMapRun
 .text.chnStaMapUpStopReq
                0x000121a6       0x86 ./tray/channel.o
                0x000121a6                chnStaMapUpStopReq
 .text.chnStaMapUpPauseReq
                0x0001222c       0x92 ./tray/channel.o
                0x0001222c                chnStaMapUpPauseReq
 .text.chnStepLowNmlEnd
                0x000122be       0xb2 ./tray/channel.o
                0x000122be                chnStepLowNmlEnd
 .text.chnSavePowerSmpl
                0x00012370      0x176 ./tray/channel.o
                0x00012370                chnSavePowerSmpl
 *fill*         0x000124e6        0x2 ff
 .text.chnSaveTraySmpl
                0x000124e8      0x254 ./tray/channel.o
                0x000124e8                chnSaveTraySmpl
 .text.chnSaveTraySmplOld
                0x0001273c       0x50 ./tray/channel.o
                0x0001273c                chnSaveTraySmplOld
 .text.bypsSeriesChnProt
                0x0001278c       0x20 ./tray/channel.o
                0x0001278c                bypsSeriesChnProt
 .text.chnStopByProt
                0x000127ac      0x1d4 ./tray/channel.o
                0x000127ac                chnStopByProt
 .text.chnLowSmplProc
                0x00012980       0x78 ./tray/channel.o
                0x00012980                chnLowSmplProc
 .text.chnInit  0x000129f8       0x90 ./tray/channel.o
                0x000129f8                chnInit
 .text.tray_setting_load
                0x00012a88      0x18c ./tray/entry.o
                0x00012a88                tray_setting_load
 .text.traySpecsMap
                0x00012c14      0x3cc ./tray/entry.o
                0x00012c14                traySpecsMap
 .text.mainInit
                0x00012fe0      0xf50 ./tray/entry.o
                0x00012fe0                mainInit
 .text.ctrlInitApp
                0x00013f30       0x50 ./tray/entry.o
                0x00013f30                ctrlInitApp
 .text.recvCtrlGet
                0x00013f80       0x14 ./tray/flow.o
                0x00013f80                recvCtrlGet
 .text.recvCtrlSetup
                0x00013f94       0x44 ./tray/flow.o
                0x00013f94                recvCtrlSetup
 .text.recvCtrlFree
                0x00013fd8       0x34 ./tray/flow.o
                0x00013fd8                recvCtrlFree
 .text.stepType2ObjAmtId
                0x0001400c       0x2e ./tray/flow.o
                0x0001400c                stepType2ObjAmtId
 .text.stepProtId2ObjAmtId
                0x0001403a       0x9c ./tray/flow.o
                0x0001403a                stepProtId2ObjAmtId
 .text.trayProtId2ObjAmtId
                0x000140d6       0x74 ./tray/flow.o
                0x000140d6                trayProtId2ObjAmtId
 .text.getStepEndTime
                0x0001414a       0x18 ./tray/flow.o
                0x0001414a                getStepEndTime
 .text.findStepNode
                0x00014162       0x20 ./tray/flow.o
                0x00014162                findStepNode
 .text.getNxtStep
                0x00014182       0x6a ./tray/flow.o
                0x00014182                getNxtStep
 .text.flowProtCfgChkSame
                0x000141ec       0x58 ./tray/flow.o
                0x000141ec                flowProtCfgChkSame
 .text.flowProtCfgNew
                0x00014244       0x90 ./tray/flow.o
                0x00014244                flowProtCfgNew
 .text.flowProtCfgRel
                0x000142d4       0x38 ./tray/flow.o
                0x000142d4                flowProtCfgRel
 .text.stepProtCfgChkSame
                0x0001430c       0x4c ./tray/flow.o
                0x0001430c                stepProtCfgChkSame
 .text.stepProtCfgNew
                0x00014358       0x80 ./tray/flow.o
                0x00014358                stepProtCfgNew
 .text.stepProtCfgRel
                0x000143d8       0x38 ./tray/flow.o
                0x000143d8                stepProtCfgRel
 .text.stepNodeNew
                0x00014410       0x2c ./tray/flow.o
                0x00014410                stepNodeNew
 .text.protNodeNew
                0x0001443c       0x24 ./tray/flow.o
                0x0001443c                protNodeNew
 .text.protObjChkSame
                0x00014460       0x60 ./tray/flow.o
                0x00014460                protObjChkSame
 .text.protObjNew
                0x000144c0       0xc0 ./tray/flow.o
                0x000144c0                protObjNew
 .text.protObjRel
                0x00014580       0x4c ./tray/flow.o
                0x00014580                protObjRel
 .text.stepObjChkSame
                0x000145cc       0x54 ./tray/flow.o
                0x000145cc                stepObjChkSame
 .text.stepObjNew
                0x00014620       0xc4 ./tray/flow.o
                0x00014620                stepObjNew
 .text.stepObjRel
                0x000146e4       0x4c ./tray/flow.o
                0x000146e4                stepObjRel
 .text.trayProtEntryNew
                0x00014730       0x54 ./tray/flow.o
                0x00014730                trayProtEntryNew
 .text.trayProtEntryRel
                0x00014784       0x6c ./tray/flow.o
                0x00014784                trayProtEntryRel
 .text.flowProtEntryNew
                0x000147f0       0x54 ./tray/flow.o
                0x000147f0                flowProtEntryNew
 .text.flowProtEntryRel
                0x00014844       0x74 ./tray/flow.o
                0x00014844                flowProtEntryRel
 .text.stepProtEntryNew
                0x000148b8       0x54 ./tray/flow.o
                0x000148b8                stepProtEntryNew
 .text.stepProtEntryRel
                0x0001490c       0x6c ./tray/flow.o
                0x0001490c                stepProtEntryRel
 .text.flowStepEntryNew
                0x00014978       0x48 ./tray/flow.o
                0x00014978                flowStepEntryNew
 .text.flowStepEntryRel
                0x000149c0       0x78 ./tray/flow.o
                0x000149c0                flowStepEntryRel
 .text.chnFlowRel
                0x00014a38       0x1a ./tray/flow.o
                0x00014a38                chnFlowRel
 .text.chnProtRel
                0x00014a52       0x38 ./tray/flow.o
                0x00014a52                chnProtRel
 *fill*         0x00014a8a        0x2 ff
 .text.upFlowStepSave
                0x00014a8c      0x394 ./tray/flow.o
                0x00014a8c                upFlowStepSave
 .text.trayProtRelNml
                0x00014e20       0x2a ./tray/flow.o
                0x00014e20                trayProtRelNml
 .text.trayProtRel
                0x00014e4a       0x18 ./tray/flow.o
                0x00014e4a                trayProtRel
 *fill*         0x00014e62        0x2 ff
 .text.policyParse
                0x00014e64      0x110 ./tray/flow.o
                0x00014e64                policyParse
 .text.protExpParse
                0x00014f74       0xea ./tray/flow.o
                0x00014f74                protExpParse
 *fill*         0x0001505e        0x2 ff
 .text.protExpSave
                0x00015060       0x74 ./tray/flow.o
                0x00015060                protExpSave
 .text.upTrayProtSave
                0x000150d4      0x204 ./tray/flow.o
                0x000150d4                upTrayProtSave
 .text.chnStepProtCopy
                0x000152d8       0x44 ./tray/flow.o
                0x000152d8                chnStepProtCopy
 .text.upStepProtSave
                0x0001531c      0x484 ./tray/flow.o
                0x0001531c                upStepProtSave
 .text.flowInit
                0x000157a0      0x240 ./tray/flow.o
                0x000157a0                flowInit
 .text.stackPush
                0x000159e0       0x1e ./tray/func.o
 .text.stackPop
                0x000159fe       0x18 ./tray/func.o
 .text.crc16Modbus
                0x00015a16       0x46 ./tray/func.o
                0x00015a16                crc16Modbus
 .text.chkSum32
                0x00015a5c       0x44 ./tray/func.o
                0x00015a5c                chkSum32
 .text.mem2Copy
                0x00015aa0       0x1a ./tray/func.o
                0x00015aa0                mem2Copy
 .text.sysMemAlloc
                0x00015aba       0x22 ./tray/func.o
                0x00015aba                sysMemAlloc
 .text.memMgrInit
                0x00015adc       0xaa ./tray/func.o
                0x00015adc                memMgrInit
 *fill*         0x00015b86        0x2 ff
 .text.memAlloc
                0x00015b88       0x48 ./tray/func.o
                0x00015b88                memAlloc
 .text.memFree  0x00015bd0       0x1c ./tray/func.o
                0x00015bd0                memFree
 .text.stackSetup
                0x00015bec       0x2e ./tray/func.o
 .text.strTokRel
                0x00015c1a       0x30 ./tray/func.o
                0x00015c1a                strTokRel
 .text.strTokSetup
                0x00015c4a       0xba ./tray/func.o
                0x00015c4a                strTokSetup
 .text.strTokGet
                0x00015d04       0x18 ./tray/func.o
                0x00015d04                strTokGet
 .text.strToHex
                0x00015d1c       0x90 ./tray/func.o
                0x00015d1c                strToHex
 .text.expInfix2Suffix
                0x00015dac      0x1be ./tray/func.o
                0x00015dac                expInfix2Suffix
 .text.expSuffixCalc
                0x00015f6a      0x176 ./tray/func.o
                0x00015f6a                expSuffixCalc
 .text.funcInit
                0x000160e0       0x24 ./tray/func.o
                0x000160e0                funcInit
 .text.upStepChkErr
                0x00016104        0x4 ./tray/host.o
                0x00016104                upStepChkErr
 .text.upStepChkQuiet
                0x00016108        0xa ./tray/host.o
                0x00016108                upStepChkQuiet
 *fill*         0x00016112        0x2 ff
 .text.upStepChkCCC
                0x00016114       0x38 ./tray/host.o
                0x00016114                upStepChkCCC
 .text.upStepChkCCD
                0x0001614c       0x38 ./tray/host.o
                0x0001614c                upStepChkCCD
 .text.upStepChkCCCVC
                0x00016184       0x54 ./tray/host.o
                0x00016184                upStepChkCCCVC
 .text.upStepChkCCCVD
                0x000161d8       0x54 ./tray/host.o
                0x000161d8                upStepChkCCCVD
 .text.upStepChkCVC
                0x0001622c       0x58 ./tray/host.o
                0x0001622c                upStepChkCVC
 .text.upStepChkCVD
                0x00016284       0x58 ./tray/host.o
                0x00016284                upStepChkCVD
 .text.upStepChkLoop
                0x000162dc       0x22 ./tray/host.o
                0x000162dc                upStepChkLoop
 .text.upStepChkDcir
                0x000162fe        0x4 ./tray/host.o
                0x000162fe                upStepChkDcir
 .text.upMsgIgnore
                0x00016302        0x2 ./tray/host.o
                0x00016302                upMsgIgnore
 .text.upMsgDispManu
                0x00016304       0x20 ./tray/host.o
                0x00016304                upMsgDispManu
 .text.upMsgUpdUpld
                0x00016324        0x2 ./tray/host.o
                0x00016324                upMsgUpdUpld
 *fill*         0x00016326        0x2 ff
 .text.upMsgDispUpdate
                0x00016328       0x20 ./tray/host.o
                0x00016328                upMsgDispUpdate
 .text.upMsgFixtPrecDisp
                0x00016348       0x20 ./tray/host.o
                0x00016348                upMsgFixtPrecDisp
 .text.upMsgFixtTmprDisp
                0x00016368       0x24 ./tray/host.o
                0x00016368                upMsgFixtTmprDisp
 .text.upMsgFixtCleanDisp
                0x0001638c       0x1c ./tray/host.o
                0x0001638c                upMsgFixtCleanDisp
 .text.upMsgFixtGasDisp
                0x000163a8       0x1c ./tray/host.o
                0x000163a8                upMsgFixtGasDisp
 .text.upMsgFixtFlowDisp
                0x000163c4       0x1c ./tray/host.o
                0x000163c4                upMsgFixtFlowDisp
 .text.upMsgFixtSuctInDisp
                0x000163e0       0x20 ./tray/host.o
                0x000163e0                upMsgFixtSuctInDisp
 .text.upMsgFixtSuctOutDisp
                0x00016400       0x20 ./tray/host.o
                0x00016400                upMsgFixtSuctOutDisp
 .text.upMsgFixtLocatDisp
                0x00016420       0x20 ./tray/host.o
                0x00016420                upMsgFixtLocatDisp
 .text.upMsgDispFixt
                0x00016440       0x20 ./tray/host.o
                0x00016440                upMsgDispFixt
 .text.upMsgDispCali
                0x00016460       0x20 ./tray/host.o
                0x00016460                upMsgDispCali
 .text.upMsgDispNdbd
                0x00016480       0x20 ./tray/host.o
                0x00016480                upMsgDispNdbd
 .text.upMsgDispDbg
                0x000164a0        0x2 ./tray/host.o
                0x000164a0                upMsgDispDbg
 *fill*         0x000164a2        0x2 ff
 .text.upMsgConnAck
                0x000164a4       0x1c ./tray/host.o
                0x000164a4                upMsgConnAck
 .text.upDataRecv
                0x000164c0       0xd0 ./tray/host.o
                0x000164c0                upDataRecv
 .text.upStepChk
                0x00016590       0x24 ./tray/host.o
                0x00016590                upStepChk
 .text.upChnMap
                0x000165b4       0x46 ./tray/host.o
                0x000165b4                upChnMap
 *fill*         0x000165fa        0x2 ff
 .text.upFlowStepChk
                0x000165fc      0x1ac ./tray/host.o
                0x000165fc                upFlowStepChk
 .text.upTrayProtChk
                0x000167a8      0x10c ./tray/host.o
                0x000167a8                upTrayProtChk
 .text.upStepProtChk
                0x000168b4      0x158 ./tray/host.o
                0x000168b4                upStepProtChk
 .text.sendUpMsg
                0x00016a0c       0x40 ./tray/host.o
                0x00016a0c                sendUpMsg
 .text.upMsgFlowJump
                0x00016a4c       0xb0 ./tray/host.o
                0x00016a4c                upMsgFlowJump
 .text.rspUpCmmn
                0x00016afc       0x20 ./tray/host.o
                0x00016afc                rspUpCmmn
 .text.upMsgFlowStep
                0x00016b1c       0x2a ./tray/host.o
                0x00016b1c                upMsgFlowStep
 .text.upMsgTrayProt
                0x00016b46       0x2a ./tray/host.o
                0x00016b46                upMsgTrayProt
 .text.upMsgStepProt
                0x00016b70       0x2a ./tray/host.o
                0x00016b70                upMsgStepProt
 *fill*         0x00016b9a        0x2 ff
 .text.upMsgSmplNdbd
                0x00016b9c      0x140 ./tray/host.o
                0x00016b9c                upMsgSmplNdbd
 .text.upMsgWarnDel
                0x00016cdc      0x124 ./tray/host.o
                0x00016cdc                upMsgWarnDel
 .text.upMsgFlowCtnu
                0x00016e00       0x10 ./tray/host.o
                0x00016e00                upMsgFlowCtnu
 .text.trayUpDiscExpr
                0x00016e10       0x48 ./tray/host.o
                0x00016e10                trayUpDiscExpr
 .text.keepAliveChk
                0x00016e58       0x5c ./tray/host.o
                0x00016e58                keepAliveChk
 .text.sendUpConnCmd
                0x00016eb4      0x428 ./tray/host.o
                0x00016eb4                sendUpConnCmd
 .text.sendUpConnNtfy
                0x000172dc       0x10 ./tray/host.o
                0x000172dc                sendUpConnNtfy
 .text.upSmplChnChk
                0x000172ec       0x3c ./tray/host.o
                0x000172ec                upSmplChnChk
 .text.upMsgSmplChnl
                0x00017328       0xd4 ./tray/host.o
                0x00017328                upMsgSmplChnl
 .text.upSmplStackChk
                0x000173fc       0x8c ./tray/host.o
                0x000173fc                upSmplStackChk
 .text.upMsgSmplStack
                0x00017488      0x1b8 ./tray/host.o
                0x00017488                upMsgSmplStack
 .text.findSmplBufSeq
                0x00017640       0x32 ./tray/host.o
                0x00017640                findSmplBufSeq
 *fill*         0x00017672        0x2 ff
 .text.upMsgSmplTray
                0x00017674      0x11c ./tray/host.o
                0x00017674                upMsgSmplTray
 .text.boxStartChk
                0x00017790       0x18 ./tray/host.o
                0x00017790                boxStartChk
 .text.chnStartChk
                0x000177a8       0x2c ./tray/host.o
                0x000177a8                chnStartChk
 .text.trayHasWarn
                0x000177d4       0x1e ./tray/host.o
                0x000177d4                trayHasWarn
 .text.cmmnStartTrayChk
                0x000177f2       0x80 ./tray/host.o
                0x000177f2                cmmnStartTrayChk
 .text.upMsgStartChnChk
                0x00017872       0xf2 ./tray/host.o
                0x00017872                upMsgStartChnChk
 .text.upMsgFlowStartChk
                0x00017964       0x3e ./tray/host.o
                0x00017964                upMsgFlowStartChk
 *fill*         0x000179a2        0x2 ff
 .text.upMsgFlowStart
                0x000179a4      0x394 ./tray/host.o
                0x000179a4                upMsgFlowStart
 .text.upMsgFlowStopChk
                0x00017d38       0x9a ./tray/host.o
                0x00017d38                upMsgFlowStopChk
 *fill*         0x00017dd2        0x2 ff
 .text.upMsgFlowPause
                0x00017dd4      0x18c ./tray/host.o
                0x00017dd4                upMsgFlowPause
 .text.upMsgFlowStop
                0x00017f60      0x1dc ./tray/host.o
                0x00017f60                upMsgFlowStop
 .text.upMsgFlowStackChk
                0x0001813c      0x1cc ./tray/host.o
                0x0001813c                upMsgFlowStackChk
 .text.upMsgFlowStack
                0x00018308      0x398 ./tray/host.o
                0x00018308                upMsgFlowStack
 .text.upMsgSeriesCellSwChk
                0x000186a0       0x90 ./tray/host.o
                0x000186a0                upMsgSeriesCellSwChk
 .text.upMsgSeriesCellSw
                0x00018730      0x134 ./tray/host.o
                0x00018730                upMsgSeriesCellSw
 .text.upMsgRgbCtrlChk
                0x00018864       0x34 ./tray/host.o
                0x00018864                upMsgRgbCtrlChk
 .text.upMsgRgbCtrl
                0x00018898       0x6a ./tray/host.o
                0x00018898                upMsgRgbCtrl
 *fill*         0x00018902        0x2 ff
 .text.trayBoxMntnAble
                0x00018904       0x3c ./tray/host.o
                0x00018904                trayBoxMntnAble
 .text.upCfgReadChk
                0x00018940       0x50 ./tray/host.o
                0x00018940                upCfgReadChk
 .text.upMsgCfgRead
                0x00018990       0x84 ./tray/host.o
                0x00018990                upMsgCfgRead
 .text.upCfgSetChk
                0x00018a14       0xc4 ./tray/host.o
                0x00018a14                upCfgSetChk
 .text.upMsgCfgSet
                0x00018ad8       0xf0 ./tray/host.o
                0x00018ad8                upMsgCfgSet
 .text.upMsgUpdSetupChk
                0x00018bc8       0x58 ./tray/host.o
                0x00018bc8                upMsgUpdSetupChk
 .text.rspUpUpdSetup
                0x00018c20       0x24 ./tray/host.o
                0x00018c20                rspUpUpdSetup
 .text.upMsgUpdSetup
                0x00018c44       0xf8 ./tray/host.o
                0x00018c44                upMsgUpdSetup
 .text.upMsgUpdDldChk
                0x00018d3c       0x48 ./tray/host.o
                0x00018d3c                upMsgUpdDldChk
 .text.upMsgUpdDld
                0x00018d84       0xec ./tray/host.o
                0x00018d84                upMsgUpdDld
 .text.upMsgUpdCnfmChk
                0x00018e70       0x30 ./tray/host.o
                0x00018e70                upMsgUpdCnfmChk
 .text.rspUpUpdCnfm
                0x00018ea0       0x1c ./tray/host.o
                0x00018ea0                rspUpUpdCnfm
 .text.upMsgUpdCnfm
                0x00018ebc       0x98 ./tray/host.o
                0x00018ebc                upMsgUpdCnfm
 .text.upFixtNtfyChk
                0x00018f54       0x3c ./tray/host.o
                0x00018f54                upFixtNtfyChk
 .text.upMsgFixtNtfy
                0x00018f90       0xac ./tray/host.o
                0x00018f90                upMsgFixtNtfy
 .text.upFixtPrecChnlSwChk
                0x0001903c       0x54 ./tray/host.o
                0x0001903c                upFixtPrecChnlSwChk
 .text.upMsgFixtPrecChnlSw
                0x00019090       0x8c ./tray/host.o
                0x00019090                upMsgFixtPrecChnlSw
 .text.upFixtPrecSmplChk
                0x0001911c       0x48 ./tray/host.o
                0x0001911c                upFixtPrecSmplChk
 .text.upMsgFixtPrecSmpl
                0x00019164       0x7c ./tray/host.o
                0x00019164                upMsgFixtPrecSmpl
 .text.upFixtPrecOutChk
                0x000191e0       0x3c ./tray/host.o
                0x000191e0                upFixtPrecOutChk
 .text.upMsgFixtPrecOut
                0x0001921c       0x80 ./tray/host.o
                0x0001921c                upMsgFixtPrecOut
 .text.upFixtTmprHeatChk
                0x0001929c       0x3c ./tray/host.o
                0x0001929c                upFixtTmprHeatChk
 .text.upMsgFixtTmprHeat
                0x000192d8       0x80 ./tray/host.o
                0x000192d8                upMsgFixtTmprHeat
 .text.upFixtTmprSmplChk
                0x00019358       0x48 ./tray/host.o
                0x00019358                upFixtTmprSmplChk
 .text.upMsgFixtTmprSmpl
                0x000193a0       0x6c ./tray/host.o
                0x000193a0                upMsgFixtTmprSmpl
 .text.upFixtCleanActChk
                0x0001940c       0x48 ./tray/host.o
                0x0001940c                upFixtCleanActChk
 .text.upMsgFixtCleanAct
                0x00019454       0x70 ./tray/host.o
                0x00019454                upMsgFixtCleanAct
 .text.upFixtGasSmplChk
                0x000194c4       0x3c ./tray/host.o
                0x000194c4                upFixtGasSmplChk
 .text.upMsgFixtGasSmpl
                0x00019500       0x6c ./tray/host.o
                0x00019500                upMsgFixtGasSmpl
 .text.upFixtFlowSmplChk
                0x0001956c       0x3c ./tray/host.o
                0x0001956c                upFixtFlowSmplChk
 .text.upMsgFixtFlowSmpl
                0x000195a8       0x6c ./tray/host.o
                0x000195a8                upMsgFixtFlowSmpl
 .text.upFixtSuctInSmplChk
                0x00019614       0x3c ./tray/host.o
                0x00019614                upFixtSuctInSmplChk
 .text.upMsgFixtSuctInSmpl
                0x00019650       0x68 ./tray/host.o
                0x00019650                upMsgFixtSuctInSmpl
 .text.upMsgFixtSuctIn2Smpl
                0x000196b8       0x68 ./tray/host.o
                0x000196b8                upMsgFixtSuctIn2Smpl
 .text.upFixtSuctIn2ActChk
                0x00019720       0x3c ./tray/host.o
                0x00019720                upFixtSuctIn2ActChk
 .text.upMsgFixtSuctIn2Act
                0x0001975c       0x68 ./tray/host.o
                0x0001975c                upMsgFixtSuctIn2Act
 .text.upFixtSuctOutActChk
                0x000197c4       0x48 ./tray/host.o
                0x000197c4                upFixtSuctOutActChk
 .text.upMsgFixtSuctOutAct
                0x0001980c       0x6c ./tray/host.o
                0x0001980c                upMsgFixtSuctOutAct
 .text.upFixtSuctOutSmplChk
                0x00019878       0x3c ./tray/host.o
                0x00019878                upFixtSuctOutSmplChk
 .text.upMsgFixtSuctOutSmpl
                0x000198b4       0x64 ./tray/host.o
                0x000198b4                upMsgFixtSuctOutSmpl
 .text.upMsgFixtSuctOut2Smpl
                0x00019918       0x64 ./tray/host.o
                0x00019918                upMsgFixtSuctOut2Smpl
 .text.upFixtSuctOut2ActChk
                0x0001997c       0x48 ./tray/host.o
                0x0001997c                upFixtSuctOut2ActChk
 .text.upMsgFixtSuctOut2Act
                0x000199c4       0x74 ./tray/host.o
                0x000199c4                upMsgFixtSuctOut2Act
 .text.upFixtLocatSmplChk
                0x00019a38       0x3c ./tray/host.o
                0x00019a38                upFixtLocatSmplChk
 .text.upMsgFixtLocatSmpl
                0x00019a74       0x64 ./tray/host.o
                0x00019a74                upMsgFixtLocatSmpl
 .text.upMsgFixtLocat2Smpl
                0x00019ad8       0x64 ./tray/host.o
                0x00019ad8                upMsgFixtLocat2Smpl
 .text.upFixtLocatActChk
                0x00019b3c       0x60 ./tray/host.o
                0x00019b3c                upFixtLocatActChk
 .text.upMsgFixtLocatAct
                0x00019b9c       0x78 ./tray/host.o
                0x00019b9c                upMsgFixtLocatAct
 .text.upFixtLocat2ActChk
                0x00019c14       0x60 ./tray/host.o
                0x00019c14                upFixtLocat2ActChk
 .text.upMsgFixtLocat2Act
                0x00019c74       0x7c ./tray/host.o
                0x00019c74                upMsgFixtLocat2Act
 .text.upCaliNtfyChk
                0x00019cf0       0x60 ./tray/host.o
                0x00019cf0                upCaliNtfyChk
 .text.rspUpCaliNtfyAck
                0x00019d50       0x20 ./tray/host.o
                0x00019d50                rspUpCaliNtfyAck
 .text.upMsgCaliNtfy
                0x00019d70       0x78 ./tray/host.o
                0x00019d70                upMsgCaliNtfy
 .text.upCaliStartChk
                0x00019de8       0x30 ./tray/host.o
                0x00019de8                upCaliStartChk
 .text.upMsgCaliStart
                0x00019e18       0xbc ./tray/host.o
                0x00019e18                upMsgCaliStart
 .text.upCaliSmplChk
                0x00019ed4       0x30 ./tray/host.o
                0x00019ed4                upCaliSmplChk
 .text.upMsgCaliSmpl
                0x00019f04       0xc8 ./tray/host.o
                0x00019f04                upMsgCaliSmpl
 .text.upCaliKbChk
                0x00019fcc       0x30 ./tray/host.o
                0x00019fcc                upCaliKbChk
 .text.upMsgCaliKb
                0x00019ffc       0xc4 ./tray/host.o
                0x00019ffc                upMsgCaliKb
 .text.upNdbdActChk
                0x0001a0c0       0x68 ./tray/host.o
                0x0001a0c0                upNdbdActChk
 .text.upMsgNdbdAct
                0x0001a128       0x52 ./tray/host.o
                0x0001a128                upMsgNdbdAct
 *fill*         0x0001a17a        0x2 ff
 .text.upNdbdNpChk
                0x0001a17c       0x4c ./tray/host.o
                0x0001a17c                upNdbdNpChk
 .text.upMsgNdbdNp
                0x0001a1c8       0x4c ./tray/host.o
                0x0001a1c8                upMsgNdbdNp
 .text.upNdbdFixtPowerChk
                0x0001a214       0x48 ./tray/host.o
                0x0001a214                upNdbdFixtPowerChk
 .text.upMsgFixtPower
                0x0001a25c       0x36 ./tray/host.o
                0x0001a25c                upMsgFixtPower
 *fill*         0x0001a292        0x2 ff
 .text.upInitApp
                0x0001a294      0x374 ./tray/host.o
                0x0001a294                upInitApp
 .text.logTrc   0x0001a608       0x78 ./tray/log.o
                0x0001a608                logTrc
 .text.logInit  0x0001a680       0x20 ./tray/log.o
                0x0001a680                logInit
 .text.Pb_task  0x0001a6a0       0x5c ./tray/pb.o
                0x0001a6a0                Pb_task
 .text.Pb_plc_txbuf_malloc
                0x0001a6fc       0x3c ./tray/pb.o
                0x0001a6fc                Pb_plc_txbuf_malloc
 .text.pb_plc_usocket_reconn
                0x0001a738       0x14 ./tray/pb.o
                0x0001a738                pb_plc_usocket_reconn
 .text.Pb_plc_socket_init
                0x0001a74c       0x4c ./tray/pb.o
                0x0001a74c                Pb_plc_socket_init
 .text.Pb_init  0x0001a798       0x38 ./tray/pb.o
                0x0001a798                Pb_init
 .text.plc_setting_load
                0x0001a7d0       0xd8 ./tray/plc.o
                0x0001a7d0                plc_setting_load
 .text.plcBlkBufAlloc
                0x0001a8a8       0x1e ./tray/plc.o
                0x0001a8a8                plcBlkBufAlloc
 .text.plcBlkBufFree
                0x0001a8c6       0x24 ./tray/plc.o
                0x0001a8c6                plcBlkBufFree
 *fill*         0x0001a8ea        0x2 ff
 .text.plcSmplAddrReset
                0x0001a8ec       0x28 ./tray/plc.o
                0x0001a8ec                plcSmplAddrReset
 .text.plcSmplAddrUpdate
                0x0001a914       0x60 ./tray/plc.o
                0x0001a914                plcSmplAddrUpdate
 .text.devTrayIdx2Plc
                0x0001a974       0x4c ./tray/plc.o
                0x0001a974                devTrayIdx2Plc
 .text.plcRegWrite
                0x0001a9c0       0x7c ./tray/plc.o
                0x0001a9c0                plcRegWrite
 .text.plcRegWriteTry
                0x0001aa3c       0x5c ./tray/plc.o
                0x0001aa3c                plcRegWriteTry
 .text.plcSmplTx
                0x0001aa98       0x62 ./tray/plc.o
                0x0001aa98                plcSmplTx
 .text.plcSmplBegin
                0x0001aafa       0x3e ./tray/plc.o
                0x0001aafa                plcSmplBegin
 .text.plcIdleNtfy
                0x0001ab38       0x40 ./tray/plc.o
                0x0001ab38                plcIdleNtfy
 .text.plcExprAckNtfy
                0x0001ab78       0x70 ./tray/plc.o
                0x0001ab78                plcExprAckNtfy
 .text.plcExprRxSmplAck
                0x0001abe8       0x26 ./tray/plc.o
                0x0001abe8                plcExprRxSmplAck
 .text.plcExprRxCtrlAck
                0x0001ac0e       0x1e ./tray/plc.o
                0x0001ac0e                plcExprRxCtrlAck
 .text.plcRxSmplAck
                0x0001ac2c      0x184 ./tray/plc.o
                0x0001ac2c                plcRxSmplAck
 .text.plcRxMsg
                0x0001adb0      0x150 ./tray/plc.o
                0x0001adb0                plcRxMsg
 .text.plcInitAddr
                0x0001af00      0x5a0 ./tray/plc.o
                0x0001af00                plcInitAddr
 .text.plcBeOnline
                0x0001b4a0       0x28 ./tray/plc.o
                0x0001b4a0                plcBeOnline
 .text.plcInit  0x0001b4c8      0x298 ./tray/plc.o
                0x0001b4c8                plcInit
 .text.trayProtEnable
                0x0001b760       0xd2 ./tray/protect.o
                0x0001b760                trayProtEnable
 *fill*         0x0001b832        0x2 ff
 .text.chnProtReverse
                0x0001b834      0x28c ./tray/protect.o
                0x0001b834                chnProtReverse
 .text.setTrayProtCause
                0x0001bac0       0x14 ./tray/protect.o
                0x0001bac0                setTrayProtCause
 .text.setChnNmlProt
                0x0001bad4       0x4e ./tray/protect.o
                0x0001bad4                setChnNmlProt
 .text.setChnAbnml
                0x0001bb22       0x4c ./tray/protect.o
                0x0001bb22                setChnAbnml
 .text.setChnMixSubProt
                0x0001bb6e       0x4a ./tray/protect.o
                0x0001bb6e                setChnMixSubProt
 .text.resistanceCalc
                0x0001bbb8       0x68 ./tray/protect.o
                0x0001bbb8                resistanceCalc
 .text.trayNpBigRiseRst
                0x0001bc20        0x8 ./tray/protect.o
                0x0001bc20                trayNpBigRiseRst
 .text.trayBusyNpBigRise0100
                0x0001bc28       0xac ./tray/protect.o
                0x0001bc28                trayBusyNpBigRise0100
 .text.trayBusyChnTmprBigRise0101
                0x0001bcd4       0x4c ./tray/protect.o
                0x0001bcd4                trayBusyChnTmprBigRise0101
 .text.trayBusyTmprLowLmt0103
                0x0001bd20       0xba ./tray/protect.o
                0x0001bd20                trayBusyTmprLowLmt0103
 .text.chnIdleVolRise0200
                0x0001bdda       0xc0 ./tray/protect.o
                0x0001bdda                chnIdleVolRise0200
 .text.chnIdleTmprUpFluct0201
                0x0001be9a       0xb2 ./tray/protect.o
                0x0001be9a                chnIdleTmprUpFluct0201
 .text.chnIdleVolDown0204
                0x0001bf4c       0xc0 ./tray/protect.o
                0x0001bf4c                chnIdleVolDown0204
 .text.trayAllNpUpLmt0300
                0x0001c00c       0x32 ./tray/protect.o
                0x0001c00c                trayAllNpUpLmt0300
 .text.trayProt0302CntCalc
                0x0001c03e       0x76 ./tray/protect.o
                0x0001c03e                trayProt0302CntCalc
 .text.trayAllTmprUpLmt0302
                0x0001c0b4       0xe8 ./tray/protect.o
                0x0001c0b4                trayAllTmprUpLmt0302
 .text.trayAllSmoke0303
                0x0001c19c       0xd8 ./tray/protect.o
                0x0001c19c                trayAllSmoke0303
 .text.chnQuietVolFluct0401
                0x0001c274       0x5c ./tray/protect.o
                0x0001c274                chnQuietVolFluct0401
 .text.chnQuietVolDown0402
                0x0001c2d0       0x6a ./tray/protect.o
                0x0001c2d0                chnQuietVolDown0402
 .text.chnQuietCurLeak0403
                0x0001c33a       0x44 ./tray/protect.o
                0x0001c33a                chnQuietCurLeak0403
 .text.chnStepVolLmt0404
                0x0001c37e      0x11a ./tray/protect.o
                0x0001c37e                chnStepVolLmt0404
 .text.stepChnTmprBigRise0405
                0x0001c498       0xac ./tray/protect.o
                0x0001c498                stepChnTmprBigRise0405
 .text.chnCccSetTimeVol0406
                0x0001c544       0x76 ./tray/protect.o
                0x0001c544                chnCccSetTimeVol0406
 .text.chnCcCurOfst0407
                0x0001c5ba       0x9c ./tray/protect.o
                0x0001c5ba                chnCcCurOfst0407
 .text.chnCccVolDownAbnm0408
                0x0001c656       0xfe ./tray/protect.o
                0x0001c656                chnCccVolDownAbnm0408
 .text.chnCccVolRiseRate0409
                0x0001c754       0x8c ./tray/protect.o
                0x0001c754                chnCccVolRiseRate0409
 .text.chnCcVolBigDown040a
                0x0001c7e0       0xe2 ./tray/protect.o
                0x0001c7e0                chnCcVolBigDown040a
 .text.chnStepCapLmt040b
                0x0001c8c2      0x100 ./tray/protect.o
                0x0001c8c2                chnStepCapLmt040b
 .text.chnCcVolIntvlFluct040c
                0x0001c9c2       0xf6 ./tray/protect.o
                0x0001c9c2                chnCcVolIntvlFluct040c
 .text.chnCccVolRiseCtnu040d
                0x0001cab8       0x8c ./tray/protect.o
                0x0001cab8                chnCccVolRiseCtnu040d
 .text.chnCccVolDownCtnu040e
                0x0001cb44       0x8c ./tray/protect.o
                0x0001cb44                chnCccVolDownCtnu040e
 .text.chnCcdVolRiseAbnm040f
                0x0001cbd0       0xfe ./tray/protect.o
                0x0001cbd0                chnCcdVolRiseAbnm040f
 .text.chnCvcVolOfst0410
                0x0001ccce       0x88 ./tray/protect.o
                0x0001ccce                chnCvcVolOfst0410
 .text.chnCvcCurRiseAbnm0411
                0x0001cd56      0x16e ./tray/protect.o
                0x0001cd56                chnCvcCurRiseAbnm0411
 .text.chnCvcCurBigRise0412
                0x0001cec4       0xc8 ./tray/protect.o
                0x0001cec4                chnCvcCurBigRise0412
 .text.chnQuietVolChkBack0413
                0x0001cf8c       0x4a ./tray/protect.o
                0x0001cf8c                chnQuietVolChkBack0413
 .text.flowChnTmprLmt0501
                0x0001cfd6       0x5a ./tray/protect.o
                0x0001cfd6                flowChnTmprLmt0501
 .text.flowChgOvld0502
                0x0001d030       0x8e ./tray/protect.o
                0x0001d030                flowChgOvld0502
 .text.flowDisChgOvld0503
                0x0001d0be       0x94 ./tray/protect.o
                0x0001d0be                flowDisChgOvld0503
 .text.flowContactChk0504
                0x0001d152      0x16e ./tray/protect.o
                0x0001d152                flowContactChk0504
 .text.flowIdleVolIntvlRise0505
                0x0001d2c0       0xc0 ./tray/protect.o
                0x0001d2c0                flowIdleVolIntvlRise0505
 .text.flowCcdcVolIntvlFluct0506
                0x0001d380       0xb0 ./tray/protect.o
                0x0001d380                flowCcdcVolIntvlFluct0506
 .text.flowChnCrashVol0507
                0x0001d430       0x62 ./tray/protect.o
                0x0001d430                flowChnCrashVol0507
 .text.flowChnCapTtl0508
                0x0001d492       0x56 ./tray/protect.o
                0x0001d492                flowChnCapTtl0508
 .text.flowIdleCurLeak0509
                0x0001d4e8       0x7c ./tray/protect.o
                0x0001d4e8                flowIdleCurLeak0509
 .text.FlowIdleVolTtlRise050a
                0x0001d564       0x9c ./tray/protect.o
                0x0001d564                FlowIdleVolTtlRise050a
 .text.tmprBoxProt
                0x0001d600       0x5c ./tray/protect.o
                0x0001d600                tmprBoxProt
 .text.npExprProt
                0x0001d65c       0xba ./tray/protect.o
                0x0001d65c                npExprProt
 .text.ndbdDevProt
                0x0001d716       0x56 ./tray/protect.o
                0x0001d716                ndbdDevProt
 .text.trayProtWork
                0x0001d76c      0x102 ./tray/protect.o
                0x0001d76c                trayProtWork
 *fill*         0x0001d86e        0x2 ff
 .text.flowProtWrok
                0x0001d870       0xd4 ./tray/protect.o
                0x0001d870                flowProtWrok
 .text.stepProtWork
                0x0001d944      0x16c ./tray/protect.o
                0x0001d944                stepProtWork
 .text.mixSubRmvExpr
                0x0001dab0       0x38 ./tray/protect.o
                0x0001dab0                mixSubRmvExpr
 .text.mixProtPolicySet
                0x0001dae8       0x5c ./tray/protect.o
                0x0001dae8                mixProtPolicySet
 .text.mixProtWork
                0x0001db44       0xa8 ./tray/protect.o
                0x0001db44                mixProtWork
 .text.mixProtPolicyAct
                0x0001dbec      0x10c ./tray/protect.o
                0x0001dbec                mixProtPolicyAct
 .text.chnProtWork
                0x0001dcf8       0xf6 ./tray/protect.o
                0x0001dcf8                chnProtWork
 .text.exprIgnore
                0x0001ddee        0x2 ./tray/timer.o
                0x0001ddee                exprIgnore
 .text.devAppSw2Boot
                0x0001ddf0        0x2 ./tray/timer.o
                0x0001ddf0                devAppSw2Boot
 *fill*         0x0001ddf2        0x2 ff
 .text.sysTimeSecGet
                0x0001ddf4        0xc ./tray/timer.o
                0x0001ddf4                sysTimeSecGet
 .text.sysTimeGet
                0x0001de00       0x10 ./tray/timer.o
                0x0001de00                sysTimeGet
 .text.timerStart
                0x0001de10       0x98 ./tray/timer.o
                0x0001de10                timerStart
 .text.timerTask
                0x0001dea8       0x64 ./tray/timer.o
                0x0001dea8                timerTask
 .text.timerInit
                0x0001df0c       0xe0 ./tray/timer.o
                0x0001df0c                timerInit
 .text.tmprGetSingle
                0x0001dfec       0x58 ./tray/tray.o
                0x0001dfec                tmprGetSingle
 .text.traySmplSetProtAux
                0x0001e044       0xb4 ./tray/tray.o
                0x0001e044                traySmplSetProtAux
 .text.traySmplSetAuxSmpl
                0x0001e0f8      0x208 ./tray/tray.o
                0x0001e0f8                traySmplSetAuxSmpl
 .text.traySmplSetAux
                0x0001e300       0x1e ./tray/tray.o
                0x0001e300                traySmplSetAux
 *fill*         0x0001e31e        0x2 ff
 .text.trayNpReset
                0x0001e320       0x3c ./tray/tray.o
                0x0001e320                trayNpReset
 .text.trayNpRatioSet
                0x0001e35c      0x194 ./tray/tray.o
                0x0001e35c                trayNpRatioSet
 .text.trayNpSwRstDelay
                0x0001e4f0       0x14 ./tray/tray.o
                0x0001e4f0                trayNpSwRstDelay
 .text.trayNpSwProtDelay
                0x0001e504        0x8 ./tray/tray.o
                0x0001e504                trayNpSwProtDelay
 .text.trayNpChnAlloc
                0x0001e50c       0xba ./tray/tray.o
                0x0001e50c                trayNpChnAlloc
 .text.trayNpChnFree
                0x0001e5c6       0x50 ./tray/tray.o
                0x0001e5c6                trayNpChnFree
 .text.trayNpChnReAlloc
                0x0001e616       0x3a ./tray/tray.o
                0x0001e616                trayNpChnReAlloc
 .text.trayNpReachNtfy
                0x0001e650       0x68 ./tray/tray.o
                0x0001e650                trayNpReachNtfy
 .text.trayNpReachChk
                0x0001e6b8       0x70 ./tray/tray.o
                0x0001e6b8                trayNpReachChk
 .text.trayStopByProt
                0x0001e728       0x58 ./tray/tray.o
                0x0001e728                trayStopByProt
 .text.trayStopByDisk
                0x0001e780       0x96 ./tray/tray.o
                0x0001e780                trayStopByDisk
 *fill*         0x0001e816        0x2 ff
 .text.trayIgnoreNdbd
                0x0001e818       0x50 ./tray/tray.o
                0x0001e818                trayIgnoreNdbd
 .text.trayNdbdBeOnline
                0x0001e868       0x2c ./tray/tray.o
                0x0001e868                trayNdbdBeOnline
 .text.trayNdbdCtrl
                0x0001e894       0x3c ./tray/tray.o
                0x0001e894                trayNdbdCtrl
 .text.trayNdbdBreakChk
                0x0001e8d0       0x58 ./tray/tray.o
                0x0001e8d0                trayNdbdBreakChk
 .text.trayNdbdBreak
                0x0001e928       0x4c ./tray/tray.o
                0x0001e928                trayNdbdBreak
 .text.trayMntnEnter
                0x0001e974       0x22 ./tray/tray.o
                0x0001e974                trayMntnEnter
 .text.trayMntnKeep
                0x0001e996       0x14 ./tray/tray.o
                0x0001e996                trayMntnKeep
 .text.trayMntnEnd
                0x0001e9aa       0x5c ./tray/tray.o
                0x0001e9aa                trayMntnEnd
 .text.trayMntnExpr
                0x0001ea06       0x4a ./tray/tray.o
                0x0001ea06                trayMntnExpr
 .text.diskHeadChkValid
                0x0001ea50       0x26 ./tray/tray.o
                0x0001ea50                diskHeadChkValid
 .text.diskHeadSelect
                0x0001ea76       0x4e ./tray/tray.o
                0x0001ea76                diskHeadSelect
 .text.diskHeadReset
                0x0001eac4       0xe0 ./tray/tray.o
                0x0001eac4                diskHeadReset
 .text.diskHeadChkMatch
                0x0001eba4       0x6e ./tray/tray.o
                0x0001eba4                diskHeadChkMatch
 .text.diskSmplSeek
                0x0001ec12       0xc6 ./tray/tray.o
                0x0001ec12                diskSmplSeek
 .text.smplDiskRead
                0x0001ecd8       0x38 ./tray/tray.o
                0x0001ecd8                smplDiskRead
 .text.smplDiskWrite
                0x0001ed10       0xec ./tray/tray.o
                0x0001ed10                smplDiskWrite
 .text.smplDiskInit
                0x0001edfc      0x148 ./tray/tray.o
                0x0001edfc                smplDiskInit
 .text.tbl_task
                0x0001ef44       0x20 ./tray/tray_bl.o
                0x0001ef44                tbl_task
 .text.tbl_init
                0x0001ef64       0x38 ./tray/tray_bl.o
                0x0001ef64                tbl_init
 .text.uartMsgIgnore
                0x0001ef9c        0x2 ./tray/uart.o
                0x0001ef9c                uartMsgIgnore
 .text.uartMsgCfgReadAck
                0x0001ef9e        0x2 ./tray/uart.o
                0x0001ef9e                uartMsgCfgReadAck
 .text.uartMsgCfgSetAck
                0x0001efa0        0x2 ./tray/uart.o
                0x0001efa0                uartMsgCfgSetAck
 .text.uartMsgUpdSetupAck
                0x0001efa2        0x2 ./tray/uart.o
                0x0001efa2                uartMsgUpdSetupAck
 .text.uartMsgUpdDldAck
                0x0001efa4        0x2 ./tray/uart.o
                0x0001efa4                uartMsgUpdDldAck
 .text.uartMsgUpdUpldAck
                0x0001efa6        0x2 ./tray/uart.o
                0x0001efa6                uartMsgUpdUpldAck
 .text.uartMsgUpdCnfmAck
                0x0001efa8        0x2 ./tray/uart.o
                0x0001efa8                uartMsgUpdCnfmAck
 .text.uartMsgNdbdMcuCtrlAck
                0x0001efaa        0x2 ./tray/uart.o
                0x0001efaa                uartMsgNdbdMcuCtrlAck
 .text.uartMsgNdbdMcuDisp
                0x0001efac       0x18 ./tray/uart.o
                0x0001efac                uartMsgNdbdMcuDisp
 .text.uartMsgFixtPrecDisp
                0x0001efc4       0x20 ./tray/uart.o
                0x0001efc4                uartMsgFixtPrecDisp
 .text.uartMsgFixtTmprDisp
                0x0001efe4       0x24 ./tray/uart.o
                0x0001efe4                uartMsgFixtTmprDisp
 .text.uartMsgFixtCleanDisp
                0x0001f008       0x18 ./tray/uart.o
                0x0001f008                uartMsgFixtCleanDisp
 .text.uartMsgFixtGasDisp
                0x0001f020       0x18 ./tray/uart.o
                0x0001f020                uartMsgFixtGasDisp
 .text.uartMsgFixtFlowDisp
                0x0001f038       0x18 ./tray/uart.o
                0x0001f038                uartMsgFixtFlowDisp
 .text.uartMsgFixtSuctInDisp
                0x0001f050       0x18 ./tray/uart.o
                0x0001f050                uartMsgFixtSuctInDisp
 .text.uartMsgFixtSuctOutDisp
                0x0001f068       0x24 ./tray/uart.o
                0x0001f068                uartMsgFixtSuctOutDisp
 .text.uartMsgFixtLocatDisp
                0x0001f08c       0x24 ./tray/uart.o
                0x0001f08c                uartMsgFixtLocatDisp
 .text.uartMsgFixtSuctIn2Disp
                0x0001f0b0       0x24 ./tray/uart.o
                0x0001f0b0                uartMsgFixtSuctIn2Disp
 .text.uartMsgFixtSuctOut2Disp
                0x0001f0d4       0x24 ./tray/uart.o
                0x0001f0d4                uartMsgFixtSuctOut2Disp
 .text.uartMsgFixtLocat2Disp
                0x0001f0f8       0x24 ./tray/uart.o
                0x0001f0f8                uartMsgFixtLocat2Disp
 .text.uartMsgFixtCmmnAck
                0x0001f11c       0x20 ./tray/uart.o
                0x0001f11c                uartMsgFixtCmmnAck
 .text.uartMsgFixtPrecSmplAck
                0x0001f13c       0x38 ./tray/uart.o
                0x0001f13c                uartMsgFixtPrecSmplAck
 .text.uartMsgFixtSuckInSmplAck
                0x0001f174       0x34 ./tray/uart.o
                0x0001f174                uartMsgFixtSuckInSmplAck
 .text.uartMsgFixtSuckOutSmplAck
                0x0001f1a8       0x38 ./tray/uart.o
                0x0001f1a8                uartMsgFixtSuckOutSmplAck
 .text.uartMsgFixtLocatSmplAck
                0x0001f1e0       0x38 ./tray/uart.o
                0x0001f1e0                uartMsgFixtLocatSmplAck
 .text.uartMsgFixtSuckIn2SmplAck
                0x0001f218       0x38 ./tray/uart.o
                0x0001f218                uartMsgFixtSuckIn2SmplAck
 .text.uartMsgFixtSuckOut2SmplAck
                0x0001f250       0x3c ./tray/uart.o
                0x0001f250                uartMsgFixtSuckOut2SmplAck
 .text.uartMsgFixtLocat2SmplAck
                0x0001f28c       0x3c ./tray/uart.o
                0x0001f28c                uartMsgFixtLocat2SmplAck
 .text.uartMsgFixtTmprSmplAck
                0x0001f2c8       0x54 ./tray/uart.o
                0x0001f2c8                uartMsgFixtTmprSmplAck
 .text.uartMsgFixtGasSmplAck
                0x0001f31c       0x54 ./tray/uart.o
                0x0001f31c                uartMsgFixtGasSmplAck
 .text.uartMsgFixtFlowSmplAck
                0x0001f370       0x54 ./tray/uart.o
                0x0001f370                uartMsgFixtFlowSmplAck
 .text.tmprSmplBeOnline
                0x0001f3c4       0x48 ./tray/uart.o
                0x0001f3c4                tmprSmplBeOnline
 .text.uartTxMsg
                0x0001f40c       0x12 ./tray/uart.o
                0x0001f40c                uartTxMsg
 *fill*         0x0001f41e        0x2 ff
 .text.uartSmplTmprTx
                0x0001f420       0xa4 ./tray/uart.o
                0x0001f420                uartSmplTmprTx
 .text.uartSmplNdbdMcu
                0x0001f4c4       0x50 ./tray/uart.o
                0x0001f4c4                uartSmplNdbdMcu
 .text.allocUartBlockBuf
                0x0001f514       0x24 ./tray/uart.o
                0x0001f514                allocUartBlockBuf
 .text.freeUartBlockBuf
                0x0001f538       0x14 ./tray/uart.o
                0x0001f538                freeUartBlockBuf
 .text.setUartBlockBuf
                0x0001f54c       0x2c ./tray/uart.o
                0x0001f54c                setUartBlockBuf
 .text.uartNdbdMcuCtrlAdd
                0x0001f578       0x74 ./tray/uart.o
                0x0001f578                uartNdbdMcuCtrlAdd
 .text.uartNdbdMcuCtrlTx
                0x0001f5ec       0x9c ./tray/uart.o
                0x0001f5ec                uartNdbdMcuCtrlTx
 .text.uartNdbdMcuCtrlTxTry
                0x0001f688       0x4c ./tray/uart.o
                0x0001f688                uartNdbdMcuCtrlTxTry
 .text.uartTransTxTry
                0x0001f6d4       0x54 ./tray/uart.o
                0x0001f6d4                uartTransTxTry
 .text.uartSmplDevReset
                0x0001f728       0x26 ./tray/uart.o
                0x0001f728                uartSmplDevReset
 .text.uartSmplDevUpdate
                0x0001f74e       0x30 ./tray/uart.o
                0x0001f74e                uartSmplDevUpdate
 *fill*         0x0001f77e        0x2 ff
 .text.uartMsgConnAck
                0x0001f780       0xd8 ./tray/uart.o
                0x0001f780                uartMsgConnAck
 .text.uartMsgSmplAck
                0x0001f858      0x2e8 ./tray/uart.o
                0x0001f858                uartMsgSmplAck
 .text.uartSmplBegin
                0x0001fb40       0x48 ./tray/uart.o
                0x0001fb40                uartSmplBegin
 .text.uartIdleNtfy
                0x0001fb88       0x7c ./tray/uart.o
                0x0001fb88                uartIdleNtfy
 .text.uartRxMsg
                0x0001fc04       0xb0 ./tray/uart.o
                0x0001fc04                uartRxMsg
 .text.uartExprBlkAck
                0x0001fcb4       0x60 ./tray/uart.o
                0x0001fcb4                uartExprBlkAck
 .text.uartExprCtrlAck
                0x0001fd14       0xb8 ./tray/uart.o
                0x0001fd14                uartExprCtrlAck
 .text.uartExprSmplAck
                0x0001fdcc       0xa4 ./tray/uart.o
                0x0001fdcc                uartExprSmplAck
 .text.ndbdMcuCtrlRst
                0x0001fe70       0x18 ./tray/uart.o
                0x0001fe70                ndbdMcuCtrlRst
 .text.uartInit
                0x0001fe88      0x2bc ./tray/uart.o
                0x0001fe88                uartInit
 .text.hal_entry
                0x00020144       0x10 ./src/hal_entry.o
                0x00020144                hal_entry
 .text.R_BSP_WarmStart
                0x00020154       0x1c ./src/hal_entry.o
                0x00020154                R_BSP_WarmStart
 .text.main     0x00020170        0xa ./ra_gen/main.o
                0x00020170                main
 *fill*         0x0002017a        0x2 ff
 .text.R_SPI_Open
                0x0002017c      0x258 ./ra/fsp/src/r_spi/r_spi.o
                0x0002017c                R_SPI_Open
 .text.r_spi_call_callback
                0x000203d4       0x40 ./ra/fsp/src/r_spi/r_spi.o
 .text.r_spi_bit_width_config
                0x00020414       0x50 ./ra/fsp/src/r_spi/r_spi.o
                0x00020414                r_spi_bit_width_config
 .text.spi_rxi_isr
                0x00020464       0x88 ./ra/fsp/src/r_spi/r_spi.o
                0x00020464                spi_rxi_isr
 .text.spi_txi_isr
                0x000204ec      0x114 ./ra/fsp/src/r_spi/r_spi.o
                0x000204ec                spi_txi_isr
 .text.spi_tei_isr
                0x00020600       0x70 ./ra/fsp/src/r_spi/r_spi.o
                0x00020600                spi_tei_isr
 .text.spi_eri_isr
                0x00020670       0x70 ./ra/fsp/src/r_spi/r_spi.o
                0x00020670                spi_eri_isr
 .text.R_SCI_UART_Write
                0x000206e0       0x48 ./ra/fsp/src/r_sci_uart/r_sci_uart.o
                0x000206e0                R_SCI_UART_Write
 .text.r_sci_irq_cfg
                0x00020728       0x50 ./ra/fsp/src/r_sci_uart/r_sci_uart.o
 .text.R_SCI_UART_Open
                0x00020778      0x274 ./ra/fsp/src/r_sci_uart/r_sci_uart.o
                0x00020778                R_SCI_UART_Open
 .text.r_sci_uart_call_callback
                0x000209ec       0x44 ./ra/fsp/src/r_sci_uart/r_sci_uart.o
 .text.sci_uart_txi_isr
                0x00020a30       0x88 ./ra/fsp/src/r_sci_uart/r_sci_uart.o
                0x00020a30                sci_uart_txi_isr
 .text.sci_uart_rxi_isr
                0x00020ab8       0x84 ./ra/fsp/src/r_sci_uart/r_sci_uart.o
                0x00020ab8                sci_uart_rxi_isr
 .text.sci_uart_tei_isr
                0x00020b3c       0x3c ./ra/fsp/src/r_sci_uart/r_sci_uart.o
                0x00020b3c                sci_uart_tei_isr
 .text.sci_uart_eri_isr
                0x00020b78       0x68 ./ra/fsp/src/r_sci_uart/r_sci_uart.o
                0x00020b78                sci_uart_eri_isr
 .text.R_IOPORT_PinWrite
                0x00020be0       0x28 ./ra/fsp/src/r_ioport/r_ioport.o
                0x00020be0                R_IOPORT_PinWrite
 .text.r_ioport_pfs_write
                0x00020c08       0x40 ./ra/fsp/src/r_ioport/r_ioport.o
 .text.bsp_vbatt_init
                0x00020c48       0xa0 ./ra/fsp/src/r_ioport/r_ioport.o
 .text.r_ioport_pins_config
                0x00020ce8       0x88 ./ra/fsp/src/r_ioport/r_ioport.o
 .text.R_IOPORT_Open
                0x00020d70       0x14 ./ra/fsp/src/r_ioport/r_ioport.o
                0x00020d70                R_IOPORT_Open
 .text.R_GPT_Start
                0x00020d84        0xa ./ra/fsp/src/r_gpt/r_gpt.o
                0x00020d84                R_GPT_Start
 .text.gpt_hardware_events_disable
                0x00020d8e       0x1c ./ra/fsp/src/r_gpt/r_gpt.o
 *fill*         0x00020daa        0x2 ff
 .text.r_gpt_enable_irq
                0x00020dac       0x50 ./ra/fsp/src/r_gpt/r_gpt.o
 .text.R_GPT_Open
                0x00020dfc      0x114 ./ra/fsp/src/r_gpt/r_gpt.o
                0x00020dfc                R_GPT_Open
 .text.r_gpt_call_callback
                0x00020f10       0x3e ./ra/fsp/src/r_gpt/r_gpt.o
 *fill*         0x00020f4e        0x2 ff
 .text.gpt_counter_overflow_isr
                0x00020f50       0x80 ./ra/fsp/src/r_gpt/r_gpt.o
                0x00020f50                gpt_counter_overflow_isr
 .text.flash_hp_init
                0x00020fd0      0x104 ./ra/fsp/src/r_flash_hp/r_flash_hp.o
 .text.R_FLASH_HP_Open
                0x000210d4       0xdc ./ra/fsp/src/r_flash_hp/r_flash_hp.o
                0x000210d4                R_FLASH_HP_Open
 .text.flash_hp_enter_pe_df_mode
                0x000211b0       0xb8 ./ra/fsp/src/r_flash_hp/r_flash_hp.o
 .text.R_FLASH_HP_Write
                0x00021268       0x86 ./ra/fsp/src/r_flash_hp/r_flash_hp.o
                0x00021268                R_FLASH_HP_Write
 *fill*         0x000212ee        0x2 ff
 .text.R_FLASH_HP_Erase
                0x000212f0       0xb0 ./ra/fsp/src/r_flash_hp/r_flash_hp.o
                0x000212f0                R_FLASH_HP_Erase
 .text.R_FLASH_HP_StartUpAreaSelect
                0x000213a0        0x8 ./ra/fsp/src/r_flash_hp/r_flash_hp.o
                0x000213a0                R_FLASH_HP_StartUpAreaSelect
 .text.R_DTC_SoftwareStart
                0x000213a8        0x4 ./ra/fsp/src/r_dtc/r_dtc.o
                0x000213a8                R_DTC_SoftwareStart
 .text.R_DTC_SoftwareStop
                0x000213ac        0x4 ./ra/fsp/src/r_dtc/r_dtc.o
                0x000213ac                R_DTC_SoftwareStop
 .text.R_DTC_Disable
                0x000213b0       0x1c ./ra/fsp/src/r_dtc/r_dtc.o
                0x000213b0                R_DTC_Disable
 .text.R_DTC_InfoGet
                0x000213cc       0x50 ./ra/fsp/src/r_dtc/r_dtc.o
                0x000213cc                R_DTC_InfoGet
 .text.R_DTC_Close
                0x0002141c       0x30 ./ra/fsp/src/r_dtc/r_dtc.o
                0x0002141c                R_DTC_Close
 .text.R_DTC_Reset
                0x0002144c       0xb0 ./ra/fsp/src/r_dtc/r_dtc.o
                0x0002144c                R_DTC_Reset
 .text.r_dtc_set_info
                0x000214fc       0x48 ./ra/fsp/src/r_dtc/r_dtc.o
 .text.R_DTC_Open
                0x00021544       0x80 ./ra/fsp/src/r_dtc/r_dtc.o
                0x00021544                R_DTC_Open
 .text.R_DTC_Reconfigure
                0x000215c4       0x5c ./ra/fsp/src/r_dtc/r_dtc.o
                0x000215c4                R_DTC_Reconfigure
 .text.R_DTC_Enable
                0x00021620       0x1c ./ra/fsp/src/r_dtc/r_dtc.o
                0x00021620                R_DTC_Enable
 .text.r_can_call_callback
                0x0002163c       0x5c ./ra/fsp/src/r_can/r_can.o
 .text.r_can_switch_to_operation_mode
                0x00021698       0x2e ./ra/fsp/src/r_can/r_can.o
 .text.r_can_mode_transition
                0x000216c6       0x5c ./ra/fsp/src/r_can/r_can.o
 *fill*         0x00021722        0x2 ff
 .text.r_can_bsp_irq_cfg_enable
                0x00021724       0x50 ./ra/fsp/src/r_can/r_can.o
 .text.R_CAN_Open
                0x00021774      0x22c ./ra/fsp/src/r_can/r_can.o
                0x00021774                R_CAN_Open
 .text.can_error_isr
                0x000219a0       0xe4 ./ra/fsp/src/r_can/r_can.o
                0x000219a0                can_error_isr
 .text.can_mailbox_rx_isr
                0x00021a84      0x128 ./ra/fsp/src/r_can/r_can.o
                0x00021a84                can_mailbox_rx_isr
 .text.can_mailbox_tx_isr
                0x00021bac       0xb0 ./ra/fsp/src/r_can/r_can.o
                0x00021bac                can_mailbox_tx_isr
 .text.SystemCoreClockUpdate
                0x00021c5c       0x28 ./ra/fsp/src/bsp/mcu/all/bsp_clocks.o
                0x00021c5c                SystemCoreClockUpdate
 .text.bsp_clock_init
                0x00021c84       0xec ./ra/fsp/src/bsp/mcu/all/bsp_clocks.o
                0x00021c84                bsp_clock_init
 .text.bsp_init_internal
                0x00021d70        0x2 ./ra/fsp/src/bsp/mcu/all/bsp_common.o
                0x00021d70                bsp_init_internal
                0x00021d70                bsp_init
 *fill*         0x00021d72        0x2 ff
 .text.NMI_Handler
                0x00021d74       0x40 ./ra/fsp/src/bsp/mcu/all/bsp_group_irq.o
                0x00021d74                NMI_Handler
 .text.bsp_irq_cfg
                0x00021db4       0xb0 ./ra/fsp/src/bsp/mcu/all/bsp_irq.o
                0x00021db4                bsp_irq_cfg
 .text.R_BSP_RegisterProtectEnable
                0x00021e64       0x64 ./ra/fsp/src/bsp/mcu/all/bsp_register_protection.o
                0x00021e64                R_BSP_RegisterProtectEnable
 .text.R_BSP_RegisterProtectDisable
                0x00021ec8       0x54 ./ra/fsp/src/bsp/mcu/all/bsp_register_protection.o
                0x00021ec8                R_BSP_RegisterProtectDisable
 .text._sbrk    0x00021f1c       0x44 ./ra/fsp/src/bsp/mcu/all/bsp_sbrk.o
                0x00021f1c                _sbrk
 .text.Default_Handler
                0x00021f60        0x4 ./ra/fsp/src/bsp/cmsis/Device/RENESAS/Source/startup.o
                0x00021f60                DebugMon_Handler
                0x00021f60                HardFault_Handler
                0x00021f60                SysTick_Handler
                0x00021f60                PendSV_Handler
                0x00021f60                UsageFault_Handler
                0x00021f60                SecureFault_Handler
                0x00021f60                Default_Handler
                0x00021f60                MemManage_Handler
                0x00021f60                SVC_Handler
                0x00021f60                BusFault_Handler
 .text.Reset_Handler
                0x00021f64        0xc ./ra/fsp/src/bsp/cmsis/Device/RENESAS/Source/startup.o
                0x00021f64                Reset_Handler
 .text.SystemInit
                0x00021f70       0xc0 ./ra/fsp/src/bsp/cmsis/Device/RENESAS/Source/system.o
                0x00021f70                SystemInit
 .text.led_run  0x00022030      0x154 ./public/u_led.o
                0x00022030                led_run
 .text.led_init
                0x00022184       0x54 ./public/u_led.o
                0x00022184                led_init
 .text.setting_page_update
                0x000221d8       0x24 ./public/u_setting.o
                0x000221d8                setting_page_update
 .text.setting_in_being
                0x000221fc       0x2c ./public/u_setting.o
                0x000221fc                setting_in_being
 .text.setting_init
                0x00022228       0xd8 ./public/u_setting.o
                0x00022228                setting_init
 .text.log_shell_cmd_handle
                0x00022300       0x58 ./mlos/services/mlos_log.o
                0x00022300                log_shell_cmd_handle
 .text.log_save_disk_port_set
                0x00022358        0xc ./mlos/services/mlos_log.o
                0x00022358                log_save_disk_port_set
 .text.log_print
                0x00022364       0x7c ./mlos/services/mlos_log.o
                0x00022364                log_print
 .text.log_print_redirect
                0x000223e0       0x10 ./mlos/services/mlos_log.o
                0x000223e0                log_print_redirect
 .text.log_init
                0x000223f0       0x2c ./mlos/services/mlos_log.o
                0x000223f0                log_init
 .text.shell_cmd_seek
                0x0002241c       0x28 ./mlos/services/mlos_shell.o
                0x0002241c                shell_cmd_seek
 .text.shell_reply
                0x00022444       0x4c ./mlos/services/mlos_shell.o
                0x00022444                shell_reply
 .text.shell_cmd_help
                0x00022490       0x40 ./mlos/services/mlos_shell.o
                0x00022490                shell_cmd_help
 .text.shell_cmd_reboot
                0x000224d0       0x10 ./mlos/services/mlos_shell.o
                0x000224d0                shell_cmd_reboot
 .text.shell_print
                0x000224e0       0x34 ./mlos/services/mlos_shell.o
                0x000224e0                shell_print
 .text.shell_cmd_mem
                0x00022514       0x38 ./mlos/services/mlos_shell.o
                0x00022514                shell_cmd_mem
 .text.shell_cmd_register
                0x0002254c       0x44 ./mlos/services/mlos_shell.o
                0x0002254c                shell_cmd_register
 .text.shell_rcv_cmd
                0x00022590       0x44 ./mlos/services/mlos_shell.o
                0x00022590                shell_rcv_cmd
 .text.shell_print_redirect
                0x000225d4        0xc ./mlos/services/mlos_shell.o
                0x000225d4                shell_print_redirect
 .text.shell_cmd_buf_read
                0x000225e0       0xfc ./mlos/services/mlos_shell.o
                0x000225e0                shell_cmd_buf_read
 .text.shell_task
                0x000226dc       0x8c ./mlos/services/mlos_shell.o
                0x000226dc                shell_task
 .text.shell_init
                0x00022768       0x80 ./mlos/services/mlos_shell.o
                0x00022768                shell_init
 .text.port_clock_init
                0x000227e8       0x2c ./mlos/port/RA6M4/mlos_port.o
                0x000227e8                port_clock_init
 .text.mlos_clock_timer_isr
                0x00022814       0x38 ./mlos/port/RA6M4/mlos_port.o
                0x00022814                mlos_clock_timer_isr
 .text.exsram_check
                0x0002284c       0x20 ./mlos/port/RA6M4/mlos_port.o
                0x0002284c                exsram_check
 .text.port_mem_init
                0x0002286c       0x44 ./mlos/port/RA6M4/mlos_port.o
                0x0002286c                port_mem_init
 .text.mlos_bkpt
                0x000228b0        0x6 ./mlos/os/mlos.o
                0x000228b0                mlos_bkpt
 *fill*         0x000228b6        0x2 ff
 .text.mlos_init
                0x000228b8       0x34 ./mlos/os/mlos.o
                0x000228b8                mlos_init
 .text.mlos_us_delay
                0x000228ec        0x2 ./mlos/os/mlos_clock.o
                0x000228ec                mlos_us_delay
 .text.mlos_clock_init
                0x000228ee        0x8 ./mlos/os/mlos_clock.o
                0x000228ee                mlos_clock_init
 .text.list_dl_remove
                0x000228f6       0x6a ./mlos/os/mlos_list.o
                0x000228f6                list_dl_remove
 .text.list_append
                0x00022960       0xac ./mlos/os/mlos_list.o
                0x00022960                list_append
 .text.list_init
                0x00022a0c        0xe ./mlos/os/mlos_list.o
                0x00022a0c                list_init
 .text.list_create
                0x00022a1a       0x20 ./mlos/os/mlos_list.o
                0x00022a1a                list_create
 *fill*         0x00022a3a        0x2 ff
 .text.ltimer_create
                0x00022a3c       0x20 ./mlos/os/mlos_ltimer.o
                0x00022a3c                ltimer_create
 .text.mlos_mem_list
                0x00022a5c        0x8 ./mlos/os/mlos_malloc.o
                0x00022a5c                mlos_mem_list
 .text.mlos_mem_statistics
                0x00022a64       0x30 ./mlos/os/mlos_malloc.o
                0x00022a64                mlos_mem_statistics
 .text.mlos_malloc
                0x00022a94       0x4c ./mlos/os/mlos_malloc.o
                0x00022a94                mlos_malloc
 .text.mlos_mem_mount
                0x00022ae0       0x30 ./mlos/os/mlos_malloc.o
                0x00022ae0                mlos_mem_mount
 .text.mlos_mem_init
                0x00022b10       0x18 ./mlos/os/mlos_malloc.o
                0x00022b10                mlos_mem_init
 .text.mpump_create
                0x00022b28       0x6c ./mlos/os/mlos_mpump.o
                0x00022b28                mpump_create
 .text.list_message_find
                0x00022b94       0x14 ./mlos/os/mlos_mpump.o
                0x00022b94                list_message_find
 .text.list_message_register
                0x00022ba8       0x44 ./mlos/os/mlos_mpump.o
                0x00022ba8                list_message_register
 .text.consumer_find
                0x00022bec       0x12 ./mlos/os/mlos_mpump.o
                0x00022bec                consumer_find
 *fill*         0x00022bfe        0x2 ff
 .text.consumer_register
                0x00022c00       0x34 ./mlos/os/mlos_mpump.o
                0x00022c00                consumer_register
 .text.mpump_consumer_register
                0x00022c34       0x2a ./mlos/os/mlos_mpump.o
                0x00022c34                mpump_consumer_register
 .text.mpump_consumers_find
                0x00022c5e       0x30 ./mlos/os/mlos_mpump.o
                0x00022c5e                mpump_consumers_find
 .text.mpump_dispatch
                0x00022c8e       0x36 ./mlos/os/mlos_mpump.o
                0x00022c8e                mpump_dispatch
 .text.que_take
                0x00022cc4       0x12 ./mlos/os/mlos_que.o
                0x00022cc4                que_take
 .text.que_de   0x00022cd6       0x1c ./mlos/os/mlos_que.o
                0x00022cd6                que_de
 .text.que_en   0x00022cf2       0x1e ./mlos/os/mlos_que.o
                0x00022cf2                que_en
 .text.que_create
                0x00022d10       0x78 ./mlos/os/mlos_que.o
                0x00022d10                que_create
 .text.rtimer_clock_overflow
                0x00022d88       0x3c ./mlos/os/mlos_rtimer.o
                0x00022d88                rtimer_clock_overflow
 .text.rtimer_start
                0x00022dc4       0x40 ./mlos/os/mlos_rtimer.o
                0x00022dc4                rtimer_start
 .text.rtimer_task
                0x00022e04       0x90 ./mlos/os/mlos_rtimer.o
                0x00022e04                rtimer_task
 .text.rtimer_task_create
                0x00022e94       0x50 ./mlos/os/mlos_rtimer.o
                0x00022e94                rtimer_task_create
 .text.task_create
                0x00022ee4       0x6c ./mlos/os/mlos_task.o
                0x00022ee4                task_create
 .text.subtask_create
                0x00022f50       0x20 ./mlos/os/mlos_task.o
                0x00022f50                subtask_create
 .text.mlos_all_task_name
                0x00022f70       0x4c ./mlos/os/mlos_task.o
                0x00022f70                mlos_all_task_name
 .text.mlos_task_statistics_info
                0x00022fbc       0x64 ./mlos/os/mlos_task.o
                0x00022fbc                mlos_task_statistics_info
 .text.task_statistics_reset
                0x00023020       0x30 ./mlos/os/mlos_task.o
                0x00023020                task_statistics_reset
 .text.task_schedule_prepare
                0x00023050       0x50 ./mlos/os/mlos_task.o
                0x00023050                task_schedule_prepare
 .text.mlos_task_schedule
                0x000230a0       0xcc ./mlos/os/mlos_task.o
                0x000230a0                mlos_task_schedule
 .text.mlos_task_init
                0x0002316c       0x5c ./mlos/os/mlos_task.o
                0x0002316c                mlos_task_init
 .text.uart0_tx
                0x000231c8       0x48 ./mllib/utp/ra6m4/utp_uart_driver.o