Archive member included to satisfy reference by file (symbol)

c:/renesas/ra/e2studio_v2021-04_fsp_v3.0.0/toolchains/gcc_arm/9_2020q2/bin/../lib/gcc/arm-none-eabi/9.3.1/thumb/v8-m.main+fp/hard\libgcc.a(_aeabi_ldivmod.o)
                              ./ra/fsp/src/r_sci_uart/r_sci_uart.o (__aeabi_ldivmod)
c:/renesas/ra/e2studio_v2021-04_fsp_v3.0.0/toolchains/gcc_arm/9_2020q2/bin/../lib/gcc/arm-none-eabi/9.3.1/thumb/v8-m.main+fp/hard\libgcc.a(_udivmoddi4.o)
                              c:/renesas/ra/e2studio_v2021-04_fsp_v3.0.0/toolchains/gcc_arm/9_2020q2/bin/../lib/gcc/arm-none-eabi/9.3.1/thumb/v8-m.main+fp/hard\libgcc.a(_aeabi_ldivmod.o) (__udivmoddi4)
c:/renesas/ra/e2studio_v2021-04_fsp_v3.0.0/toolchains/gcc_arm/9_2020q2/bin/../lib/gcc/arm-none-eabi/9.3.1/thumb/v8-m.main+fp/hard\libgcc.a(_dvmd_tls.o)
                              c:/renesas/ra/e2studio_v2021-04_fsp_v3.0.0/toolchains/gcc_arm/9_2020q2/bin/../lib/gcc/arm-none-eabi/9.3.1/thumb/v8-m.main+fp/hard\libgcc.a(_aeabi_ldivmod.o) (__aeabi_ldiv0)
c:/renesas/ra/e2studio_v2021-04_fsp_v3.0.0/toolchains/gcc_arm/9_2020q2/bin/../lib/gcc/arm-none-eabi/9.3.1/../../../../arm-none-eabi/lib/thumb/v8-m.main+fp/hard\libg_nano.a(lib_a-errno.o)
                              ./ra/fsp/src/bsp/mcu/all/bsp_sbrk.o (__errno)
c:/renesas/ra/e2studio_v2021-04_fsp_v3.0.0/toolchains/gcc_arm/9_2020q2/bin/../lib/gcc/arm-none-eabi/9.3.1/../../../../arm-none-eabi/lib/thumb/v8-m.main+fp/hard\libg_nano.a(lib_a-exit.o)
                              c:/renesas/ra/e2studio_v2021-04_fsp_v3.0.0/toolchains/gcc_arm/9_2020q2/bin/../lib/gcc/arm-none-eabi/9.3.1/../../../../arm-none-eabi/lib/thumb/v8-m.main+fp/hard/rdimon-crt0.o (exit)
c:/renesas/ra/e2studio_v2021-04_fsp_v3.0.0/toolchains/gcc_arm/9_2020q2/bin/../lib/gcc/arm-none-eabi/9.3.1/../../../../arm-none-eabi/lib/thumb/v8-m.main+fp/hard\libg_nano.a(lib_a-impure.o)
                              c:/renesas/ra/e2studio_v2021-04_fsp_v3.0.0/toolchains/gcc_arm/9_2020q2/bin/../lib/gcc/arm-none-eabi/9.3.1/../../../../arm-none-eabi/lib/thumb/v8-m.main+fp/hard\libg_nano.a(lib_a-exit.o) (_global_impure_ptr)
c:/renesas/ra/e2studio_v2021-04_fsp_v3.0.0/toolchains/gcc_arm/9_2020q2/bin/../lib/gcc/arm-none-eabi/9.3.1/../../../../arm-none-eabi/lib/thumb/v8-m.main+fp/hard\libg_nano.a(lib_a-init.o)
                              c:/renesas/ra/e2studio_v2021-04_fsp_v3.0.0/toolchains/gcc_arm/9_2020q2/bin/../lib/gcc/arm-none-eabi/9.3.1/../../../../arm-none-eabi/lib/thumb/v8-m.main+fp/hard/rdimon-crt0.o (__libc_init_array)
c:/renesas/ra/e2studio_v2021-04_fsp_v3.0.0/toolchains/gcc_arm/9_2020q2/bin/../lib/gcc/arm-none-eabi/9.3.1/../../../../arm-none-eabi/lib/thumb/v8-m.main+fp/hard\libg_nano.a(lib_a-memcmp.o)
                              ./tray/host.o (memcmp)
c:/renesas/ra/e2studio_v2021-04_fsp_v3.0.0/toolchains/gcc_arm/9_2020q2/bin/../lib/gcc/arm-none-eabi/9.3.1/../../../../arm-none-eabi/lib/thumb/v8-m.main+fp/hard\libg_nano.a(lib_a-memcpy-stub.o)
                              ./tray/flow.o (memcpy)
c:/renesas/ra/e2studio_v2021-04_fsp_v3.0.0/toolchains/gcc_arm/9_2020q2/bin/../lib/gcc/arm-none-eabi/9.3.1/../../../../arm-none-eabi/lib/thumb/v8-m.main+fp/hard\libg_nano.a(lib_a-memset.o)
                              c:/renesas/ra/e2studio_v2021-04_fsp_v3.0.0/toolchains/gcc_arm/9_2020q2/bin/../lib/gcc/arm-none-eabi/9.3.1/../../../../arm-none-eabi/lib/thumb/v8-m.main+fp/hard/rdimon-crt0.o (memset)
c:/renesas/ra/e2studio_v2021-04_fsp_v3.0.0/toolchains/gcc_arm/9_2020q2/bin/../lib/gcc/arm-none-eabi/9.3.1/../../../../arm-none-eabi/lib/thumb/v8-m.main+fp/hard\libg_nano.a(lib_a-sprintf.o)
                              ./tray/func.o (sprintf)
c:/renesas/ra/e2studio_v2021-04_fsp_v3.0.0/toolchains/gcc_arm/9_2020q2/bin/../lib/gcc/arm-none-eabi/9.3.1/../../../../arm-none-eabi/lib/thumb/v8-m.main+fp/hard\libg_nano.a(lib_a-strcmp.o)
                              ./mlos/services/mlos_log.o (strcmp)
c:/renesas/ra/e2studio_v2021-04_fsp_v3.0.0/toolchains/gcc_arm/9_2020q2/bin/../lib/gcc/arm-none-eabi/9.3.1/../../../../arm-none-eabi/lib/thumb/v8-m.main+fp/hard\libg_nano.a(lib_a-strcpy.o)
                              ./mlos/os/mlos_task.o (strcpy)
c:/renesas/ra/e2studio_v2021-04_fsp_v3.0.0/toolchains/gcc_arm/9_2020q2/bin/../lib/gcc/arm-none-eabi/9.3.1/../../../../arm-none-eabi/lib/thumb/v8-m.main+fp/hard\libg_nano.a(lib_a-strlen.o)
                              ./tray/func.o (strlen)
c:/renesas/ra/e2studio_v2021-04_fsp_v3.0.0/toolchains/gcc_arm/9_2020q2/bin/../lib/gcc/arm-none-eabi/9.3.1/../../../../arm-none-eabi/lib/thumb/v8-m.main+fp/hard\libg_nano.a(lib_a-vsnprintf.o)
                              ./tray/log.o (vsnprintf)
c:/renesas/ra/e2studio_v2021-04_fsp_v3.0.0/toolchains/gcc_arm/9_2020q2/bin/../lib/gcc/arm-none-eabi/9.3.1/../../../../arm-none-eabi/lib/thumb/v8-m.main+fp/hard\libg_nano.a(lib_a-vsprintf.o)
                              ./mlos/services/mlos_log.o (vsprintf)
[...]
Memory Configuration

Name             Origin             Length             Attributes
FLASH            0x00010400         0x00050000         xr
RAM              0x20000000         0x00040000         xrw
DATA_FLASH       0x08000000         0x00002000         xr
QSPI_FLASH       0x60000000         0x04000000         xr
OSPI_DEVICE_0    0x68000000         0x08000000         xr
OSPI_DEVICE_1    0x70000000         0x10000000         xr
SDRAM            0x90000000         0x00000000         xrw
OPTION_SETTING   0x0100a100         0x00000100         r
OPTION_SETTING_S 0x0100a200         0x00000100         r
ID_CODE          0x00000000         0x00000000         xr
*default*        0x00000000         0xffffffff

Linker script and memory map

LOAD c:/renesas/ra/e2studio_v2021-04_fsp_v3.0.0/toolchains/gcc_arm/9_2020q2/bin/../lib/gcc/arm-none-eabi/9.3.1/thumb/v8-m.main+fp/hard/crti.o
LOAD c:/renesas/ra/e2studio_v2021-04_fsp_v3.0.0/toolchains/gcc_arm/9_2020q2/bin/../lib/gcc/arm-none-eabi/9.3.1/thumb/v8-m.main+fp/hard/crtbegin.o
LOAD c:/renesas/ra/e2studio_v2021-04_fsp_v3.0.0/toolchains/gcc_arm/9_2020q2/bin/../lib/gcc/arm-none-eabi/9.3.1/../../../../arm-none-eabi/lib/thumb/v8-m.main+fp/hard/rdimon-crt0.o
START GROUP
LOAD ./tray/boot.o
LOAD ./tray/box.o
LOAD ./tray/channel.o
LOAD ./tray/entry.o
LOAD ./tray/flow.o
LOAD ./tray/func.o
LOAD ./tray/host.o
LOAD ./tray/log.o
LOAD ./tray/pb.o
LOAD ./tray/plc.o
LOAD ./tray/protect.o
LOAD ./tray/timer.o
LOAD ./tray/tray.o
LOAD ./tray/tray_bl.o
LOAD ./tray/uart.o
LOAD ./src/hal_entry.o
LOAD ./ra_gen/common_data.o
LOAD ./ra_gen/hal_data.o
LOAD ./ra_gen/main.o
LOAD ./ra_gen/pin_data.o
LOAD ./ra_gen/vector_data.o
LOAD ./ra/fsp/src/r_spi/r_spi.o
LOAD ./ra/fsp/src/r_sci_uart/r_sci_uart.o
LOAD ./ra/fsp/src/r_qspi/r_qspi.o
LOAD ./ra/fsp/src/r_ioport/r_ioport.o
LOAD ./ra/fsp/src/r_gpt/r_gpt.o
LOAD ./ra/fsp/src/r_flash_hp/r_flash_hp.o
LOAD ./ra/fsp/src/r_dtc/r_dtc.o
LOAD ./ra/fsp/src/r_can/r_can.o
LOAD ./ra/fsp/src/bsp/mcu/all/bsp_clocks.o
LOAD ./ra/fsp/src/bsp/mcu/all/bsp_common.o
LOAD ./ra/fsp/src/bsp/mcu/all/bsp_delay.o
LOAD ./ra/fsp/src/bsp/mcu/all/bsp_group_irq.o
LOAD ./ra/fsp/src/bsp/mcu/all/bsp_guard.o
LOAD ./ra/fsp/src/bsp/mcu/all/bsp_io.o
LOAD ./ra/fsp/src/bsp/mcu/all/bsp_irq.o
LOAD ./ra/fsp/src/bsp/mcu/all/bsp_register_protection.o
LOAD ./ra/fsp/src/bsp/mcu/all/bsp_rom_registers.o
LOAD ./ra/fsp/src/bsp/mcu/all/bsp_sbrk.o
LOAD ./ra/fsp/src/bsp/mcu/all/bsp_security.o
LOAD ./ra/fsp/src/bsp/cmsis/Device/RENESAS/Source/startup.o
LOAD ./ra/fsp/src/bsp/cmsis/Device/RENESAS/Source/system.o
LOAD ./public/u_function.o
LOAD ./public/u_led.o
LOAD ./public/u_setting.o
LOAD ./mlos/services/mlos_log.o
LOAD ./mlos/services/mlos_shell.o
LOAD ./mlos/port/RA6M4/mlos_port.o
LOAD ./mlos/os/mlos.o
LOAD ./mlos/os/mlos_clock.o
LOAD ./mlos/os/mlos_list.o
LOAD ./mlos/os/mlos_ltimer.o
LOAD ./mlos/os/mlos_malloc.o
LOAD ./mlos/os/mlos_mpump.o
LOAD ./mlos/os/mlos_que.o
LOAD ./mlos/os/mlos_rtimer.o
LOAD ./mlos/os/mlos_task.o
LOAD ./mllib/utp/ra6m4/utp_uart_driver.o
LOAD ./mllib/utp/public.o
LOAD ./mllib/utp/utp.o
LOAD ./mllib/upper/upper_ntp.o
LOAD ./mllib/tool/tool.o
LOAD ./mllib/tool/tool_debug.o
LOAD ./mllib/tool/tool_ds.o
LOAD ./mllib/tool/tool_iap.o
LOAD ./mllib/tool/tool_setting.o
LOAD ./mllib/ntp/w5500/ra6m4/ntp_w5500_spi_driver.o
LOAD ./mllib/ntp/w5500/ntp_w5500.o
LOAD ./mllib/ntp/ntp.o
LOAD ./mllib/ntp/ntp_usocket.o
LOAD ./mllib/mlflash/mx35xx/RA6M4/mx35_spi_driver.o
LOAD ./mllib/mlflash/mx35xx/mx35.o
LOAD ./mllib/mlflash/mcuflash/RA6M4/mcu_flash.o
LOAD ./mllib/mlflash/cssdcard/RA6M4/cs_sd_spi_driver.o
LOAD ./mllib/mlflash/cssdcard/cs_sdcard.o
LOAD ./mllib/iap/RA6M4/iap_mcu_port.o
LOAD ./mllib/iap/iap.o
LOAD ./mllib/dataStorage/ds.o
LOAD ./mllib/dataStorage/ds_file.o
LOAD ./mllib/dataStorage/ds_log.o
LOAD ./mllib/dataStorage/ds_tray.o
LOAD ./mllib/ctp/ra6m4/ctp_can_driver.o
LOAD ./mllib/ctp/ctp.o
LOAD ./combine/cmb_bl.o
LOAD ./combine/cmb_box.o
LOAD ./combine/cmb_chnl.o
LOAD ./combine/cmb_ctp.o
LOAD ./combine/cmb_mdl.o
LOAD ./combine/cmb_ntp_v1.o
LOAD ./baseStruct/base_box.o
LOAD ./app/u_app.o
END GROUP
START GROUP
LOAD c:/renesas/ra/e2studio_v2021-04_fsp_v3.0.0/toolchains/gcc_arm/9_2020q2/bin/../lib/gcc/arm-none-eabi/9.3.1/thumb/v8-m.main+fp/hard\libgcc.a
LOAD c:/renesas/ra/e2studio_v2021-04_fsp_v3.0.0/toolchains/gcc_arm/9_2020q2/bin/../lib/gcc/arm-none-eabi/9.3.1/../../../../arm-none-eabi/lib/thumb/v8-m.main+fp/hard\libg_nano.a
LOAD c:/renesas/ra/e2studio_v2021-04_fsp_v3.0.0/toolchains/gcc_arm/9_2020q2/bin/../lib/gcc/arm-none-eabi/9.3.1/../../../../arm-none-eabi/lib/thumb/v8-m.main+fp/hard\libc_nano.a
END GROUP
START GROUP
LOAD c:/renesas/ra/e2studio_v2021-04_fsp_v3.0.0/toolchains/gcc_arm/9_2020q2/bin/../lib/gcc/arm-none-eabi/9.3.1/thumb/v8-m.main+fp/hard\libgcc.a
LOAD c:/renesas/ra/e2studio_v2021-04_fsp_v3.0.0/toolchains/gcc_arm/9_2020q2/bin/../lib/gcc/arm-none-eabi/9.3.1/../../../../arm-none-eabi/lib/thumb/v8-m.main+fp/hard\libc_nano.a
LOAD c:/renesas/ra/e2studio_v2021-04_fsp_v3.0.0/toolchains/gcc_arm/9_2020q2/bin/../lib/gcc/arm-none-eabi/9.3.1/../../../../arm-none-eabi/lib/thumb/v8-m.main+fp/hard\librdimon_nano.a
END GROUP
START GROUP
LOAD c:/renesas/ra/e2studio_v2021-04_fsp_v3.0.0/toolchains/gcc_arm/9_2020q2/bin/../lib/gcc/arm-none-eabi/9.3.1/thumb/v8-m.main+fp/hard\libgcc.a
LOAD c:/renesas/ra/e2studio_v2021-04_fsp_v3.0.0/toolchains/gcc_arm/9_2020q2/bin/../lib/gcc/arm-none-eabi/9.3.1/../../../../arm-none-eabi/lib/thumb/v8-m.main+fp/hard\libc_nano.a
LOAD c:/renesas/ra/e2studio_v2021-04_fsp_v3.0.0/toolchains/gcc_arm/9_2020q2/bin/../lib/gcc/arm-none-eabi/9.3.1/../../../../arm-none-eabi/lib/thumb/v8-m.main+fp/hard\librdimon_nano.a
END GROUP
LOAD c:/renesas/ra/e2studio_v2021-04_fsp_v3.0.0/toolchains/gcc_arm/9_2020q2/bin/../lib/gcc/arm-none-eabi/9.3.1/thumb/v8-m.main+fp/hard/crtend.o
LOAD c:/renesas/ra/e2studio_v2021-04_fsp_v3.0.0/toolchains/gcc_arm/9_2020q2/bin/../lib/gcc/arm-none-eabi/9.3.1/thumb/v8-m.main+fp/hard/crtn.o
                0x20000000                RAM_START = 0x20000000
                0x00040000                RAM_LENGTH = 0x40000
                0x00010400                FLASH_START = 0x10400
                0x00050000                FLASH_LENGTH = 0x50000
                0x08000000                DATA_FLASH_START = 0x8000000
                0x00002000                DATA_FLASH_LENGTH = 0x2000
                0x0100a100                OPTION_SETTING_START = 0x100a100
                0x00000100                OPTION_SETTING_LENGTH = 0x100
                0x0100a200                OPTION_SETTING_S_START = 0x100a200
                0x00000100                OPTION_SETTING_S_LENGTH = 0x100
                0x00000000                ID_CODE_START = 0x0
                0x00000000                ID_CODE_LENGTH = 0x0
                0x90000000                SDRAM_START = 0x90000000
                0x00000000                SDRAM_LENGTH = 0x0
                0x60000000                QSPI_FLASH_START = 0x60000000
                0x04000000                QSPI_FLASH_LENGTH = 0x4000000
                0x68000000                OSPI_DEVICE_0_START = 0x68000000
                0x08000000                OSPI_DEVICE_0_LENGTH = 0x8000000
                0x70000000                OSPI_DEVICE_1_START = 0x70000000
                0x10000000                OSPI_DEVICE_1_LENGTH = 0x10000000
                0x04000000                QSPI_FLASH_PRV_LENGTH = DEFINED (QSPI_FLASH_SIZE)?ABSOLUTE (QSPI_FLASH_SIZE):ABSOLUTE (QSPI_FLASH_LENGTH)
                0x08000000                OSPI_DEVICE_0_PRV_LENGTH = DEFINED (OSPI_DEVICE_0_SIZE)?ABSOLUTE (OSPI_DEVICE_0_SIZE):ABSOLUTE (OSPI_DEVICE_0_LENGTH)
                0x10000000                OSPI_DEVICE_1_PRV_LENGTH = DEFINED (OSPI_DEVICE_1_SIZE)?ABSOLUTE (OSPI_DEVICE_1_SIZE):ABSOLUTE (OSPI_DEVICE_1_LENGTH)
                0x00000000                __RESERVE_NS_RAM = ((! (DEFINED (PROJECT_NONSECURE)) && DEFINED (RAM_NS_BUFFER_LENGTH)) && (OPTION_SETTING_S_LENGTH != 0x0))
                0x00000000                RAM_NS_BUFFER_BLOCK_LENGTH = DEFINED (RAM_NS_BUFFER_LENGTH)?ALIGN (RAM_NS_BUFFER_LENGTH, 0x2000):0x0
                0x00000000                RAM_NS_BUFFER_LENGTH = DEFINED (RAM_NS_BUFFER_LENGTH)?RAM_NS_BUFFER_LENGTH:0x0
                0x20040000                RAM_NS_BUFFER_START = ((RAM_START + RAM_LENGTH) - RAM_NS_BUFFER_LENGTH)
                0x20040000                RAM_NS_BUFFER_BLOCK_START = ((RAM_START + RAM_LENGTH) - RAM_NS_BUFFER_BLOCK_LENGTH)
                0x0100a180                OPTION_SETTING_START_NS = 0x100a180
                0x00000001                __bl_FSP_BOOTABLE_IMAGE = 0x1
                0x00000001                __bln_FSP_BOOTABLE_IMAGE = 0x1
                0x00000001                PROJECT_SECURE_OR_FLAT = ((! (DEFINED (PROJECT_NONSECURE)) && OPTION_SETTING_LENGTH) && ! (DEFINED (FSP_BOOTABLE_IMAGE)))
                0x00000000                USE_OPTION_SETTING_NS = (DEFINED (PROJECT_NONSECURE) && ! (DEFINED (FSP_BOOTABLE_IMAGE)))
                0x00000000                __bl_FLASH_IMAGE_START = ! (DEFINED (FLASH_BOOTLOADER_LENGTH))?0x0:(FLASH_APPLICATION_IMAGE_NUMBER == 0x1)?(FLASH_BOOTLOADER_LENGTH + FLASH_BOOTLOADER_HEADER_LENGTH):(((FLASH_BOOTLOADER_LENGTH + FLASH_BOOTLOADER_SCRATCH_LENGTH) + FLASH_APPLICATION_S_LENGTH) + FLASH_BOOTLOADER_HEADER_LENGTH)
                0x00000000                __bl_FLASH_IMAGE_LENGTH = ! (DEFINED (FLASH_BOOTLOADER_LENGTH))?0x0:(FLASH_APPLICATION_S_LENGTH - FLASH_BOOTLOADER_HEADER_LENGTH)
                0x00000000                __bl_FLASH_IMAGE_END = (__bl_FLASH_IMAGE_START + __bl_FLASH_IMAGE_LENGTH)
                0x00000000                __bl_FLASH_NS_START = ! (DEFINED (FLASH_BOOTLOADER_LENGTH))?0x0:(FLASH_APPLICATION_NS_LENGTH == 0x0)?__bl_FLASH_IMAGE_END:((__bl_FLASH_IMAGE_START - FLASH_BOOTLOADER_HEADER_LENGTH) + FLASH_APPLICATION_S_LENGTH)
                0x00000000                __bl_FLASH_NSC_START = ! (DEFINED (FLASH_BOOTLOADER_LENGTH))?0x0:(FLASH_APPLICATION_NS_LENGTH == 0x0)?__bl_FLASH_IMAGE_END:(__bl_FLASH_NS_START - FLASH_APPLICATION_NSC_LENGTH)
                0x00000000                __bl_RAM_NS_START = ! (DEFINED (FLASH_BOOTLOADER_LENGTH))?0x0:(FLASH_APPLICATION_NS_LENGTH == 0x0)?(RAM_START + RAM_LENGTH):((RAM_START + RAM_LENGTH) - RAM_APPLICATION_NS_LENGTH)
                0x00000000                __bl_RAM_NSC_START = ! (DEFINED (FLASH_BOOTLOADER_LENGTH))?0x0:(FLASH_APPLICATION_NS_LENGTH == 0x0)?(RAM_START + RAM_LENGTH):(__bl_RAM_NS_START - RAM_APPLICATION_NSC_LENGTH)
                0x00000000                __bl_FLASH_NS_IMAGE_START = ! (DEFINED (FLASH_BOOTLOADER_LENGTH))?0x0:(FLASH_APPLICATION_NS_LENGTH == 0x0)?__bl_FLASH_IMAGE_END:(__bl_FLASH_NS_START + FLASH_BOOTLOADER_HEADER_LENGTH_2)
                0x00000000                __bln_FLASH_IMAGE_START = __bl_FLASH_NS_IMAGE_START
                0x00000000                __bln_FLASH_IMAGE_LENGTH = ! (DEFINED (FLASH_BOOTLOADER_LENGTH))?0x0:(FLASH_APPLICATION_NS_LENGTH == 0x0)?__bl_FLASH_IMAGE_END:(FLASH_APPLICATION_NS_LENGTH - FLASH_BOOTLOADER_HEADER_LENGTH_2)
                0x00010400                FLASH_ORIGIN = DEFINED (FLASH_IMAGE_START)?FLASH_IMAGE_START:FLASH_START
                0x00050000                LIMITED_FLASH_LENGTH = DEFINED (FLASH_IMAGE_LENGTH)?FLASH_IMAGE_LENGTH:DEFINED (FLASH_BOOTLOADER_LENGTH)?FLASH_BOOTLOADER_LENGTH:FLASH_LENGTH
START GROUP
LOAD c:/renesas/ra/e2studio_v2021-04_fsp_v3.0.0/toolchains/gcc_arm/9_2020q2/bin/../lib/gcc/arm-none-eabi/9.3.1/thumb/v8-m.main+fp/hard\libgcc.a
LOAD c:/renesas/ra/e2studio_v2021-04_fsp_v3.0.0/toolchains/gcc_arm/9_2020q2/bin/../lib/gcc/arm-none-eabi/9.3.1/../../../../arm-none-eabi/lib/thumb/v8-m.main+fp/hard\libc.a
LOAD c:/renesas/ra/e2studio_v2021-04_fsp_v3.0.0/toolchains/gcc_arm/9_2020q2/bin/../lib/gcc/arm-none-eabi/9.3.1/../../../../arm-none-eabi/lib/thumb/v8-m.main+fp/hard\libm.a
LOAD c:/renesas/ra/e2studio_v2021-04_fsp_v3.0.0/toolchains/gcc_arm/9_2020q2/bin/../lib/gcc/arm-none-eabi/9.3.1/../../../../arm-none-eabi/lib/thumb/v8-m.main+fp/hard\libnosys.a
END GROUP

.text           0x00010400    0x14690
                0x00010400                __tz_FLASH_S = ABSOLUTE (FLASH_START)
                0x00010400                __ROM_Start = .
 *(.fixed_vectors*)
 .fixed_vectors
                0x00010400       0x40 ./ra/fsp/src/bsp/cmsis/Device/RENESAS/Source/startup.o
                0x00010400                __Vectors
 *(.application_vectors*)
 .application_vectors
                0x00010440      0x180 ./ra_gen/vector_data.o
                0x00010440                g_vector_table
                0x000105c0                __Vectors_End = .
                0x000105c0                . = (OPTION_SETTING_LENGTH > 0x0)?.:(__ROM_Start + 0x400)
 *(.rom_registers*)
                0x000105c0                . = (OPTION_SETTING_LENGTH > 0x0)?.:(__ROM_Start + 0x500)
 *(.text*)
 .text          0x000105c0       0x40 c:/renesas/ra/e2studio_v2021-04_fsp_v3.0.0/toolchains/gcc_arm/9_2020q2/bin/../lib/gcc/arm-none-eabi/9.3.1/thumb/v8-m.main+fp/hard/crtbegin.o
 .text.boxMsgIgnore
                0x00010600        0x2 ./tray/box.o
                0x00010600                boxMsgIgnore
 .text.boxExprUpdUpldAck
                0x00010602        0x2 ./tray/box.o
                0x00010602                boxExprUpdUpldAck
 .text.boxExprCfgReadAck
                0x00010604        0x2 ./tray/box.o
                0x00010604                boxExprCfgReadAck
 .text.boxExprCfgSetAck
                0x00010606        0x2 ./tray/box.o
                0x00010606                boxExprCfgSetAck
 .text.boxRxSmplChn
                0x00010608        0x2 ./tray/box.o
                0x00010608                boxRxSmplChn
 .text.boxRxCtrlAck
                0x0001060a        0x6 ./tray/box.o
                0x0001060a                boxRxCtrlAck
 .text.boxRxUpdUpldAck
                0x00010610        0x2 ./tray/box.o
                0x00010610                boxRxUpdUpldAck
 .text.boxRxCfgReadAck
                0x00010612        0x2 ./tray/box.o
                0x00010612                boxRxCfgReadAck
 .text.boxRxCfgSetAck
                0x00010614        0x2 ./tray/box.o
                0x00010614                boxRxCfgSetAck
 *fill*         0x00010616        0x2 ff
 .text.boxExprUpdCnfmAck
                0x00010618       0x2c ./tray/box.o
                0x00010618                boxExprUpdCnfmAck
 .text.boxExprUpdSetupAck
                0x00010644       0x2c ./tray/box.o
                0x00010644                boxExprUpdSetupAck
 .text.boxExprCaliSmplAck
                0x00010670       0x58 ./tray/box.o
                0x00010670                boxExprCaliSmplAck
 .text.boxExprCaliNtfyAck
                0x000106c8       0x14 ./tray/box.o
                0x000106c8                boxExprCaliNtfyAck
 .text.boxExprCmmnAuxAck
                0x000106dc       0x14 ./tray/box.o
                0x000106dc                boxExprCmmnAuxAck
 .text.traySmplDefChnSmpl
                0x000106f0       0x82 ./tray/box.o
                0x000106f0                traySmplDefChnSmpl
 .text.trayUpdSmplSeq
                0x00010772       0x24 ./tray/box.o
                0x00010772                trayUpdSmplSeq
 .text.trayUpdSmplBuf
                0x00010796       0x12 ./tray/box.o
                0x00010796                trayUpdSmplBuf
 .text.traySmplMgrRst
                0x000107a8       0x48 ./tray/box.o
                0x000107a8                traySmplMgrRst
 .text.trayRcdChnLastData
                0x000107f0       0xe0 ./tray/box.o
                0x000107f0                trayRcdChnLastData
 .text.trayProtMgrProc
                0x000108d0       0x4a ./tray/box.o
                0x000108d0                trayProtMgrProc
 *fill*         0x0001091a        0x2 ff
 .text.allocAuxCanBuf
                0x0001091c       0x24 ./tray/box.o
                0x0001091c                allocAuxCanBuf
 .text.freeAuxCanBuf
                0x00010940       0x14 ./tray/box.o
                0x00010940                freeAuxCanBuf
 .text.boxRxUpdCnfmAck
                0x00010954       0x50 ./tray/box.o
                0x00010954                boxRxUpdCnfmAck
 .text.boxRxUpdSetupAck
                0x000109a4       0x60 ./tray/box.o
                0x000109a4                boxRxUpdSetupAck
 .text.boxRxUpdDldAck
                0x00010a04       0x38 ./tray/box.o
                0x00010a04                boxRxUpdDldAck
 .text.boxRxCaliNtfyAck
                0x00010a3c       0x48 ./tray/box.o
                0x00010a3c                boxRxCaliNtfyAck
 .text.boxRxCaliCmmnAck
                0x00010a84       0x38 ./tray/box.o
                0x00010a84                boxRxCaliCmmnAck
 .text.boxRxCaliSmplAck
                0x00010abc      0x130 ./tray/box.o
                0x00010abc                boxRxCaliSmplAck
 .text.boxAuxTx
                0x00010bec       0x2c ./tray/box.o
                0x00010bec                boxAuxTx
 .text.boxAuxTxTry
                0x00010c18       0x40 ./tray/box.o
                0x00010c18                boxAuxTxTry
 .text.canSmplBoxUpdate
                0x00010c58       0x54 ./tray/box.o
                0x00010c58                canSmplBoxUpdate
 .text.boxRxConnAck
                0x00010cac      0x1ac ./tray/box.o
                0x00010cac                boxRxConnAck
 .text.boxRxSmplAck
                0x00010e58       0x54 ./tray/box.o
                0x00010e58                boxRxSmplAck
 .text.canSmplBoxGet
                0x00010eac       0x24 ./tray/box.o
                0x00010eac                canSmplBoxGet
 .text.boxSmplTx
                0x00010ed0       0xf0 ./tray/box.o
                0x00010ed0                boxSmplTx
 .text.boxSmplTxTry
                0x00010fc0       0x40 ./tray/box.o
                0x00010fc0                boxSmplTxTry
 .text.boxCtrlMix
                0x00011000       0x46 ./tray/box.o
                0x00011000                boxCtrlMix
 .text.boxCtrlAddChn
                0x00011046       0x22 ./tray/box.o
                0x00011046                boxCtrlAddChn
 .text.stepCvFollowCcChk
                0x00011068       0x6c ./tray/box.o
                0x00011068                stepCvFollowCcChk
 .text.boxCtrlTx
                0x000110d4      0x170 ./tray/box.o
                0x000110d4                boxCtrlTx
 .text.boxCtrlTxTry
                0x00011244       0x44 ./tray/box.o
                0x00011244                boxCtrlTxTry
 .text.trayGenTraySmpl
                0x00011288      0x130 ./tray/box.o
                0x00011288                trayGenTraySmpl
 .text.canIdleNtfy
                0x000113b8       0xdc ./tray/box.o
                0x000113b8                canIdleNtfy
 .text.boxExprCtrlAck
                0x00011494       0x40 ./tray/box.o
                0x00011494                boxExprCtrlAck
 .text.boxExprTraySmpl
                0x000114d4       0x52 ./tray/box.o
                0x000114d4                boxExprTraySmpl
 *fill*         0x00011526        0x2 ff
 .text.boxExprSmplAck
                0x00011528       0x80 ./tray/box.o
                0x00011528                boxExprSmplAck
 .text.boxExprAuxAck
                0x000115a8       0x70 ./tray/box.o
                0x000115a8                boxExprAuxAck
 .text.getLowSmplSize
                0x00011618       0x1a ./tray/box.o
                0x00011618                getLowSmplSize
 .text.boxRxSmplTray
                0x00011632       0x9e ./tray/box.o
                0x00011632                boxRxSmplTray
 .text.canRxMsg
                0x000116d0       0x7c ./tray/box.o
                0x000116d0                canRxMsg
 .text.boxInit  0x0001174c      0x198 ./tray/box.o
                0x0001174c                boxInit
 .text.chnProcIgnore
                0x000118e4        0x2 ./tray/channel.o
                0x000118e4                chnProcIgnore
 .text.chnStaMapIdle
                0x000118e6        0x2 ./tray/channel.o
                0x000118e6                chnStaMapIdle
 .text.chnStaMapStop
                0x000118e8        0x2 ./tray/channel.o
                0x000118e8                chnStaMapStop
 .text.chnStaMapPause
                0x000118ea        0x2 ./tray/channel.o
                0x000118ea                chnStaMapPause
 .text.chnStaMapNpWait
                0x000118ec        0x2 ./tray/channel.o
                0x000118ec                chnStaMapNpWait
 .text.chnProtBufInit
                0x000118ee       0x22 ./tray/channel.o
                0x000118ee                chnProtBufInit
 .text.chnBeInRun
                0x00011910       0x14 ./tray/channel.o
                0x00011910                chnBeInRun
 .text.chnRunTimeUpd
                0x00011924        0x8 ./tray/channel.o
                0x00011924                chnRunTimeUpd
 .text.chnEnterIdle
                0x0001192c       0x58 ./tray/channel.o
                0x0001192c                chnEnterIdle
 .text.chnStaMapUpStopEnd
                0x00011984       0x34 ./tray/channel.o
                0x00011984                chnStaMapUpStopEnd
 .text.chnStaMapUpPauseEnd
                0x000119b8       0x34 ./tray/channel.o
                0x000119b8                chnStaMapUpPauseEnd
 .text.chnStaMapLowProtEnd
                0x000119ec       0x54 ./tray/channel.o
                0x000119ec                chnStaMapLowProtEnd
 .text.chnStaMapStopWait
                0x00011a40       0x44 ./tray/channel.o
                0x00011a40                chnStaMapStopWait
 .text.chnStaMapPauseWait
                0x00011a84       0x44 ./tray/channel.o
                0x00011a84                chnStaMapPauseWait
 .text.chnStaMapIdleWait
                0x00011ac8       0x40 ./tray/channel.o
                0x00011ac8                chnStaMapIdleWait
 .text.chnStepSwPre
                0x00011b08       0x86 ./tray/channel.o
                0x00011b08                chnStepSwPre
 .text.getChgType
                0x00011b8e       0x3a ./tray/channel.o
                0x00011b8e                getChgType
 .text.chnStaMapStart
                0x00011bc8       0xb0 ./tray/channel.o
                0x00011bc8                chnStaMapStart
 .text.chnStaMapRun
                0x00011c78       0x7a ./tray/channel.o
                0x00011c78                chnStaMapRun
 .text.chnStaMapUpStopReq
                0x00011cf2       0xd2 ./tray/channel.o
                0x00011cf2                chnStaMapUpStopReq
 .text.chnStaMapUpPauseReq
                0x00011dc4       0xdc ./tray/channel.o
                0x00011dc4                chnStaMapUpPauseReq
 .text.chnStepLowNmlEnd
                0x00011ea0       0xa0 ./tray/channel.o
                0x00011ea0                chnStepLowNmlEnd
 .text.chnSavePowerSmpl
                0x00011f40       0xa8 ./tray/channel.o
                0x00011f40                chnSavePowerSmpl
 .text.chnSaveTraySmpl
                0x00011fe8       0xf0 ./tray/channel.o
                0x00011fe8                chnSaveTraySmpl
 .text.chnStopByProt
                0x000120d8      0x194 ./tray/channel.o
                0x000120d8                chnStopByProt
 .text.chnLowSmplProc
                0x0001226c       0x4c ./tray/channel.o
                0x0001226c                chnLowSmplProc
 .text.ChnInit  0x000122b8       0xa0 ./tray/channel.o
                0x000122b8                ChnInit
 .text.tray_setting_load
                0x00012358      0x164 ./tray/entry.o
                0x00012358                tray_setting_load
 .text.traySpecsMap
                0x000124bc      0x3d0 ./tray/entry.o
                0x000124bc                traySpecsMap
 .text.mainInit
                0x0001288c      0xcc4 ./tray/entry.o
                0x0001288c                mainInit
 .text.ctrlInitApp
                0x00013550       0x50 ./tray/entry.o
                0x00013550                ctrlInitApp
 .text.recvCtrlGet
                0x000135a0       0x14 ./tray/flow.o
                0x000135a0                recvCtrlGet
 .text.recvCtrlSetup
                0x000135b4       0x80 ./tray/flow.o
                0x000135b4                recvCtrlSetup
 .text.recvCtrlFree
                0x00013634       0x34 ./tray/flow.o
                0x00013634                recvCtrlFree
 .text.upFlowSave
                0x00013668      0x194 ./tray/flow.o
                0x00013668                upFlowSave
 .text.upProtGenSave
                0x000137fc      0x160 ./tray/flow.o
                0x000137fc                upProtGenSave
 .text.upProtStepSave
                0x0001395c      0x1f8 ./tray/flow.o
                0x0001395c                upProtStepSave
 .text.getChnStepInfo
                0x00013b54       0x24 ./tray/flow.o
                0x00013b54                getChnStepInfo
 .text.getStepCap
                0x00013b78       0x46 ./tray/flow.o
                0x00013b78                getStepCap
 .text.getStepTime
                0x00013bbe       0x26 ./tray/flow.o
                0x00013bbe                getStepTime
 .text.flowInit
                0x00013be4      0x104 ./tray/flow.o
                0x00013be4                flowInit
 .text.stackPush
                0x00013ce8       0x1e ./tray/func.o
 .text.stackPop
                0x00013d06       0x18 ./tray/func.o
 .text.crc16Modbus
                0x00013d1e       0x46 ./tray/func.o
                0x00013d1e                crc16Modbus
 .text.mem2Copy
                0x00013d64       0x1a ./tray/func.o
                0x00013d64                mem2Copy
 .text.sysMemAlloc
                0x00013d7e       0x22 ./tray/func.o
                0x00013d7e                sysMemAlloc
 .text.memMgrInit
                0x00013da0       0xaa ./tray/func.o
                0x00013da0                memMgrInit
 *fill*         0x00013e4a        0x2 ff
 .text.memAlloc
                0x00013e4c       0x48 ./tray/func.o
                0x00013e4c                memAlloc
 .text.memFree  0x00013e94       0x1c ./tray/func.o
                0x00013e94                memFree
 .text.stackSetup
                0x00013eb0       0x2e ./tray/func.o
 .text.strTokRel
                0x00013ede       0x30 ./tray/func.o
                0x00013ede                strTokRel
 .text.strTokSetup
                0x00013f0e       0xba ./tray/func.o
                0x00013f0e                strTokSetup
 .text.strTokGet
                0x00013fc8       0x18 ./tray/func.o
                0x00013fc8                strTokGet
 .text.strToHex
                0x00013fe0       0x90 ./tray/func.o
                0x00013fe0                strToHex
 .text.expInfix2Suffix
                0x00014070      0x1be ./tray/func.o
                0x00014070                expInfix2Suffix
 .text.expSuffixCalc
                0x0001422e       0xea ./tray/func.o
                0x0001422e                expSuffixCalc
 .text.funcInit
                0x00014318       0x24 ./tray/func.o
                0x00014318                funcInit
 .text.upStepChkErr
                0x0001433c        0x4 ./tray/host.o
                0x0001433c                upStepChkErr
 .text.upStepChkQuiet
                0x00014340       0x18 ./tray/host.o
                0x00014340                upStepChkQuiet
 .text.upStepChkCCC
                0x00014358       0x48 ./tray/host.o
                0x00014358                upStepChkCCC
 .text.upStepChkCCD
                0x000143a0       0x48 ./tray/host.o
                0x000143a0                upStepChkCCD
 .text.upStepChkCCCVC
                0x000143e8       0x60 ./tray/host.o
                0x000143e8                upStepChkCCCVC
 .text.upStepChkCCCVD
                0x00014448       0x60 ./tray/host.o
                0x00014448                upStepChkCCCVD
 .text.upStepChkCVC
                0x000144a8       0x60 ./tray/host.o
                0x000144a8                upStepChkCVC
 .text.upStepChkCVD
                0x00014508       0x60 ./tray/host.o
                0x00014508                upStepChkCVD
 .text.upStepChkLoop
                0x00014568        0x4 ./tray/host.o
                0x00014568                upStepChkLoop
 .text.upStepChkDcir
                0x0001456c        0x4 ./tray/host.o
                0x0001456c                upStepChkDcir
 .text.upMsgIgnore
                0x00014570        0x2 ./tray/host.o
                0x00014570                upMsgIgnore
 *fill*         0x00014572        0x2 ff
 .text.upMsgDispManu
                0x00014574       0x20 ./tray/host.o
                0x00014574                upMsgDispManu
 .text.upMsgUpdUpld
                0x00014594        0x2 ./tray/host.o
                0x00014594                upMsgUpdUpld
 *fill*         0x00014596        0x2 ff
 .text.upMsgDispUpdate
                0x00014598       0x20 ./tray/host.o
                0x00014598                upMsgDispUpdate
 .text.upMsgFixtPrecDisp
                0x000145b8       0x20 ./tray/host.o
                0x000145b8                upMsgFixtPrecDisp
 .text.upMsgFixtTmprDisp
                0x000145d8       0x24 ./tray/host.o
                0x000145d8                upMsgFixtTmprDisp
 .text.upMsgFixtCleanDisp
                0x000145fc       0x1c ./tray/host.o
                0x000145fc                upMsgFixtCleanDisp
 .text.upMsgFixtGasDisp
                0x00014618       0x1c ./tray/host.o
                0x00014618                upMsgFixtGasDisp
 .text.upMsgFixtFlowDisp
                0x00014634       0x1c ./tray/host.o
                0x00014634                upMsgFixtFlowDisp
 .text.upMsgFixtSuctInDisp
                0x00014650       0x1c ./tray/host.o
                0x00014650                upMsgFixtSuctInDisp
 .text.upMsgFixtSuctOutDisp
                0x0001466c       0x24 ./tray/host.o
                0x0001466c                upMsgFixtSuctOutDisp
 .text.upMsgFixtLocatDisp
                0x00014690       0x24 ./tray/host.o
                0x00014690                upMsgFixtLocatDisp
 .text.upMsgDispFixt
                0x000146b4       0x20 ./tray/host.o
                0x000146b4                upMsgDispFixt
 .text.upMsgDispCali
                0x000146d4       0x20 ./tray/host.o
                0x000146d4                upMsgDispCali
 .text.upMsgDispNdbd
                0x000146f4       0x20 ./tray/host.o
                0x000146f4                upMsgDispNdbd
 .text.upMsgDispDbg
                0x00014714        0x2 ./tray/host.o
                0x00014714                upMsgDispDbg
 *fill*         0x00014716        0x2 ff
 .text.upMsgConnAck
                0x00014718       0x28 ./tray/host.o
                0x00014718                upMsgConnAck
 .text.upDataRecv
                0x00014740       0xd0 ./tray/host.o
                0x00014740                upDataRecv
 .text.upStepChk
                0x00014810       0x24 ./tray/host.o
                0x00014810                upStepChk
 .text.upFlowChk
                0x00014834      0x16c ./tray/host.o
                0x00014834                upFlowChk
 .text.upProtGenChk
                0x000149a0       0xdc ./tray/host.o
                0x000149a0                upProtGenChk
 .text.upProtStepChk
                0x00014a7c      0x128 ./tray/host.o
                0x00014a7c                upProtStepChk
 .text.sendUpMsg
                0x00014ba4       0x40 ./tray/host.o
                0x00014ba4                sendUpMsg
 .text.upMsgSmplStack
                0x00014be4       0x5c ./tray/host.o
                0x00014be4                upMsgSmplStack
 .text.upMsgFlowJump
                0x00014c40       0xb0 ./tray/host.o
                0x00014c40                upMsgFlowJump
 .text.rspUpCmmn
                0x00014cf0       0x20 ./tray/host.o
                0x00014cf0                rspUpCmmn
 .text.upMsgFlowStep
                0x00014d10       0x20 ./tray/host.o
                0x00014d10                upMsgFlowStep
 .text.upMsgProtGen
                0x00014d30       0x2c ./tray/host.o
                0x00014d30                upMsgProtGen
 .text.upMsgProtStep
                0x00014d5c       0x20 ./tray/host.o
                0x00014d5c                upMsgProtStep
 .text.upMsgSmplNdbd
                0x00014d7c      0x144 ./tray/host.o
                0x00014d7c                upMsgSmplNdbd
 .text.upMsgWarnDel
                0x00014ec0      0x110 ./tray/host.o
                0x00014ec0                upMsgWarnDel
 .text.upMsgFlowCtnu
                0x00014fd0       0x10 ./tray/host.o
                0x00014fd0                upMsgFlowCtnu
 .text.upChnMap
                0x00014fe0       0x46 ./tray/host.o
                0x00014fe0                upChnMap
 *fill*         0x00015026        0x2 ff
 .text.upMsgCaliSmpl
                0x00015028       0xc8 ./tray/host.o
                0x00015028                upMsgCaliSmpl
 .text.upMsgCaliKb
                0x000150f0       0xc4 ./tray/host.o
                0x000150f0                upMsgCaliKb
 .text.trayUpDiscExpr
                0x000151b4       0x48 ./tray/host.o
                0x000151b4                trayUpDiscExpr
 .text.keepAliveChk
                0x000151fc       0x5c ./tray/host.o
                0x000151fc                keepAliveChk
 .text.sendUpConnCmd
                0x00015258      0x3ac ./tray/host.o
                0x00015258                sendUpConnCmd
 .text.sendUpConnNtfy
                0x00015604       0x10 ./tray/host.o
                0x00015604                sendUpConnNtfy
 .text.upSmplChnChk
                0x00015614       0x3c ./tray/host.o
                0x00015614                upSmplChnChk
 .text.upMsgSmplChnl
                0x00015650       0xd4 ./tray/host.o
                0x00015650                upMsgSmplChnl
 .text.findSmplBufSeq
                0x00015724       0x32 ./tray/host.o
                0x00015724                findSmplBufSeq
 *fill*         0x00015756        0x2 ff
 .text.upMsgSmplTray
                0x00015758       0xf4 ./tray/host.o
                0x00015758                upMsgSmplTray
 .text.boxStartChk
                0x0001584c       0x18 ./tray/host.o
                0x0001584c                boxStartChk
 .text.trayHasWarn
                0x00015864       0x1e ./tray/host.o
                0x00015864                trayHasWarn
 *fill*         0x00015882        0x2 ff
 .text.upMsgStartChnChk
                0x00015884      0x100 ./tray/host.o
                0x00015884                upMsgStartChnChk
 .text.upMsgFlowStartChk
                0x00015984       0xf8 ./tray/host.o
                0x00015984                upMsgFlowStartChk
 .text.upMsgFlowStart
                0x00015a7c      0x17c ./tray/host.o
                0x00015a7c                upMsgFlowStart
 .text.upMsgFlowStopChk
                0x00015bf8       0x82 ./tray/host.o
                0x00015bf8                upMsgFlowStopChk
 *fill*         0x00015c7a        0x2 ff
 .text.upMsgFlowPause
                0x00015c7c      0x124 ./tray/host.o
                0x00015c7c                upMsgFlowPause
 .text.upMsgFlowStop
                0x00015da0      0x154 ./tray/host.o
                0x00015da0                upMsgFlowStop
 .text.upMsgFlowStackChk
                0x00015ef4      0x184 ./tray/host.o
                0x00015ef4                upMsgFlowStackChk
 .text.upMsgFlowStack
                0x00016078      0x180 ./tray/host.o
                0x00016078                upMsgFlowStack
 .text.upMsgUpdSetupChk
                0x000161f8       0x30 ./tray/host.o
                0x000161f8                upMsgUpdSetupChk
 .text.rspUpUpdSetup
                0x00016228       0x24 ./tray/host.o
                0x00016228                rspUpUpdSetup
 .text.upMsgUpdSetup
                0x0001624c       0xf8 ./tray/host.o
                0x0001624c                upMsgUpdSetup
 .text.upMsgUpdDldChk
                0x00016344       0x48 ./tray/host.o
                0x00016344                upMsgUpdDldChk
 .text.upMsgUpdDld
                0x0001638c       0xf4 ./tray/host.o
                0x0001638c                upMsgUpdDld
 .text.upMsgUpdCnfmChk
                0x00016480       0x30 ./tray/host.o
                0x00016480                upMsgUpdCnfmChk
 .text.rspUpUpdCnfm
                0x000164b0       0x1c ./tray/host.o
                0x000164b0                rspUpUpdCnfm
 .text.upMsgUpdCnfm
                0x000164cc       0x9c ./tray/host.o
                0x000164cc                upMsgUpdCnfm
 .text.upFixtNtfyChk
                0x00016568       0x3c ./tray/host.o
                0x00016568                upFixtNtfyChk
 .text.upMsgFixtNtfy
                0x000165a4       0xa4 ./tray/host.o
                0x000165a4                upMsgFixtNtfy
 .text.upFixtPrecChnlSwChk
                0x00016648       0x3c ./tray/host.o
                0x00016648                upFixtPrecChnlSwChk
 .text.upMsgFixtPrecChnlSw
                0x00016684       0x94 ./tray/host.o
                0x00016684                upMsgFixtPrecChnlSw
 .text.upFixtPrecSmplChk
                0x00016718       0x30 ./tray/host.o
                0x00016718                upFixtPrecSmplChk
 .text.upMsgFixtPrecSmpl
                0x00016748       0x84 ./tray/host.o
                0x00016748                upMsgFixtPrecSmpl
 .text.upFixtPrecOutChk
                0x000167cc       0x24 ./tray/host.o
                0x000167cc                upFixtPrecOutChk
 .text.upMsgFixtPrecOut
                0x000167f0       0x88 ./tray/host.o
                0x000167f0                upMsgFixtPrecOut
 .text.upFixtTmprHeatChk
                0x00016878       0x24 ./tray/host.o
                0x00016878                upFixtTmprHeatChk
 .text.upMsgFixtTmprHeat
                0x0001689c       0x90 ./tray/host.o
                0x0001689c                upMsgFixtTmprHeat
 .text.upFixtTmprSmplChk
                0x0001692c       0x30 ./tray/host.o
                0x0001692c                upFixtTmprSmplChk
 .text.upMsgFixtTmprSmpl
                0x0001695c       0x78 ./tray/host.o
                0x0001695c                upMsgFixtTmprSmpl
 .text.upFixtCleanActChk
                0x000169d4       0x30 ./tray/host.o
                0x000169d4                upFixtCleanActChk
 .text.upMsgFixtCleanAct
                0x00016a04       0x74 ./tray/host.o
                0x00016a04                upMsgFixtCleanAct
 .text.upFixtGasSmplChk
                0x00016a78       0x24 ./tray/host.o
                0x00016a78                upFixtGasSmplChk
 .text.upMsgFixtGasSmpl
                0x00016a9c       0x78 ./tray/host.o
                0x00016a9c                upMsgFixtGasSmpl
 .text.upFixtFlowSmplChk
                0x00016b14       0x24 ./tray/host.o
                0x00016b14                upFixtFlowSmplChk
 .text.upMsgFixtFlowSmpl
                0x00016b38       0x78 ./tray/host.o
                0x00016b38                upMsgFixtFlowSmpl
 .text.upFixtSuctInSmplChk
                0x00016bb0       0x24 ./tray/host.o
                0x00016bb0                upFixtSuctInSmplChk
 .text.upMsgFixtSuctInSmpl
                0x00016bd4       0x74 ./tray/host.o
                0x00016bd4                upMsgFixtSuctInSmpl
 .text.upFixtSuctOutActChk
                0x00016c48       0x30 ./tray/host.o
                0x00016c48                upFixtSuctOutActChk
 .text.upMsgFixtSuctOutAct
                0x00016c78       0x78 ./tray/host.o
                0x00016c78                upMsgFixtSuctOutAct
 .text.upFixtSuctOutSmplChk
                0x00016cf0       0x24 ./tray/host.o
                0x00016cf0                upFixtSuctOutSmplChk
 .text.upMsgFixtSuctOutSmpl
                0x00016d14       0x70 ./tray/host.o
                0x00016d14                upMsgFixtSuctOutSmpl
 .text.upFixtLocatSmplChk
                0x00016d84       0x24 ./tray/host.o
                0x00016d84                upFixtLocatSmplChk
 .text.upMsgFixtLocatSmpl
                0x00016da8       0x70 ./tray/host.o
                0x00016da8                upMsgFixtLocatSmpl
 .text.upFixtLocatActChk
                0x00016e18       0x48 ./tray/host.o
                0x00016e18                upFixtLocatActChk
 .text.upMsgFixtLocatAct
                0x00016e60       0x74 ./tray/host.o
                0x00016e60                upMsgFixtLocatAct
 .text.upCaliNtfyChk
                0x00016ed4       0x50 ./tray/host.o
                0x00016ed4                upCaliNtfyChk
 .text.rspUpCaliNtfyAck
                0x00016f24       0x20 ./tray/host.o
                0x00016f24                rspUpCaliNtfyAck
 .text.upMsgCaliNtfy
                0x00016f44       0x80 ./tray/host.o
                0x00016f44                upMsgCaliNtfy
 .text.upCaliStartChk
                0x00016fc4       0x1c ./tray/host.o
                0x00016fc4                upCaliStartChk
 .text.upMsgCaliStart
                0x00016fe0       0xc4 ./tray/host.o
                0x00016fe0                upMsgCaliStart
 .text.upNdbdActChk
                0x000170a4       0x68 ./tray/host.o
                0x000170a4                upNdbdActChk
 .text.upMsgNdbdAct
                0x0001710c       0x52 ./tray/host.o
                0x0001710c                upMsgNdbdAct
 *fill*         0x0001715e        0x2 ff
 .text.upNdbdNpChk
                0x00017160       0x4c ./tray/host.o
                0x00017160                upNdbdNpChk
 .text.upMsgNdbdNp
                0x000171ac       0x4c ./tray/host.o
                0x000171ac                upMsgNdbdNp
 .text.upNdbdFixtPowerChk
                0x000171f8       0x48 ./tray/host.o
                0x000171f8                upNdbdFixtPowerChk
 .text.upMsgFixtPower
                0x00017240       0x36 ./tray/host.o
                0x00017240                upMsgFixtPower
 *fill*         0x00017276        0x2 ff
 .text.upInitApp
                0x00017278      0x310 ./tray/host.o
                0x00017278                upInitApp
 .text.logTrc   0x00017588       0x78 ./tray/log.o
                0x00017588                logTrc
 .text.logInit  0x00017600       0x20 ./tray/log.o
                0x00017600                logInit
 .text.Pb_task  0x00017620       0x5c ./tray/pb.o
                0x00017620                Pb_task
 .text.Pb_plc_txbuf_malloc
                0x0001767c       0x3c ./tray/pb.o
                0x0001767c                Pb_plc_txbuf_malloc
 .text.pb_plc_usocket_reconn
                0x000176b8       0x14 ./tray/pb.o
                0x000176b8                pb_plc_usocket_reconn
 .text.Pb_plc_socket_init
                0x000176cc       0x4c ./tray/pb.o
                0x000176cc                Pb_plc_socket_init
 .text.Pb_init  0x00017718       0x38 ./tray/pb.o
                0x00017718                Pb_init
 .text.plc_setting_load
                0x00017750       0xd8 ./tray/plc.o
                0x00017750                plc_setting_load
 .text.plcBlkBufAlloc
                0x00017828       0x1e ./tray/plc.o
                0x00017828                plcBlkBufAlloc
 .text.plcBlkBufFree
                0x00017846       0x24 ./tray/plc.o
                0x00017846                plcBlkBufFree
 *fill*         0x0001786a        0x2 ff
 .text.plcSmplAddrReset
                0x0001786c       0x28 ./tray/plc.o
                0x0001786c                plcSmplAddrReset
 .text.plcSmplAddrUpdate
                0x00017894       0x60 ./tray/plc.o
                0x00017894                plcSmplAddrUpdate
 .text.devTrayIdx2Plc
                0x000178f4       0x4c ./tray/plc.o
                0x000178f4                devTrayIdx2Plc
 .text.plcRegWrite
                0x00017940       0x7c ./tray/plc.o
                0x00017940                plcRegWrite
 .text.plcRegWriteTry
                0x000179bc       0x5c ./tray/plc.o
                0x000179bc                plcRegWriteTry
 .text.plcSmplTx
                0x00017a18       0x62 ./tray/plc.o
                0x00017a18                plcSmplTx
 .text.plcSmplBegin
                0x00017a7a       0x3e ./tray/plc.o
                0x00017a7a                plcSmplBegin
 .text.plcIdleNtfy
                0x00017ab8       0x40 ./tray/plc.o
                0x00017ab8                plcIdleNtfy
 .text.plcExprAckNtfy
                0x00017af8       0x60 ./tray/plc.o
                0x00017af8                plcExprAckNtfy
 .text.plcExprRxSmplAck
                0x00017b58       0x26 ./tray/plc.o
                0x00017b58                plcExprRxSmplAck
 .text.plcExprRxCtrlAck
                0x00017b7e       0x1e ./tray/plc.o
                0x00017b7e                plcExprRxCtrlAck
 .text.plcRxSmplAck
                0x00017b9c      0x174 ./tray/plc.o
                0x00017b9c                plcRxSmplAck
 .text.plcRxMsg
                0x00017d10      0x150 ./tray/plc.o
                0x00017d10                plcRxMsg
 .text.plcInitAddr
                0x00017e60      0x55c ./tray/plc.o
                0x00017e60                plcInitAddr
 .text.plcBeOnline
                0x000183bc       0x28 ./tray/plc.o
                0x000183bc                plcBeOnline
 .text.plcInit  0x000183e4      0x294 ./tray/plc.o
                0x000183e4                plcInit
 .text.mixProtCfgReset
                0x00018678       0x22 ./tray/protect.o
                0x00018678                mixProtCfgReset
 *fill*         0x0001869a        0x2 ff
 .text.policyParse
                0x0001869c      0x110 ./tray/protect.o
                0x0001869c                policyParse
 .text.protExpParse
                0x000187ac       0xf0 ./tray/protect.o
                0x000187ac                protExpParse
 .text.protExpSave
                0x0001889c       0x6c ./tray/protect.o
                0x0001889c                protExpSave
 .text.saveGenProtCfg
                0x00018908       0xd0 ./tray/protect.o
                0x00018908                saveGenProtCfg
 .text.trayProtEnable
                0x000189d8       0xb6 ./tray/protect.o
                0x000189d8                trayProtEnable
 *fill*         0x00018a8e        0x2 ff
 .text.chnProtReverse
                0x00018a90      0x180 ./tray/protect.o
                0x00018a90                chnProtReverse
 .text.setTrayProtCause
                0x00018c10       0x14 ./tray/protect.o
                0x00018c10                setTrayProtCause
 .text.setChnNmlProt
                0x00018c24       0x4e ./tray/protect.o
                0x00018c24                setChnNmlProt
 .text.setChnAbnml
                0x00018c72       0x4c ./tray/protect.o
                0x00018c72                setChnAbnml
 .text.setChnMixSubProt
                0x00018cbe       0x4a ./tray/protect.o
                0x00018cbe                setChnMixSubProt
 .text.resistanceCalc
                0x00018d08       0x68 ./tray/protect.o
                0x00018d08                resistanceCalc
 .text.trayBusyNpBigRise0100
                0x00018d70       0x58 ./tray/protect.o
                0x00018d70                trayBusyNpBigRise0100
 .text.trayBusyChnTmprBigRise0101
                0x00018dc8       0x4a ./tray/protect.o
                0x00018dc8                trayBusyChnTmprBigRise0101
 .text.trayBusyTmprLowLmt0103
                0x00018e12       0xb8 ./tray/protect.o
                0x00018e12                trayBusyTmprLowLmt0103
 .text.chnIdleVolRise0200
                0x00018eca       0xbc ./tray/protect.o
                0x00018eca                chnIdleVolRise0200
 .text.chnIdleTmprUpFluct0201
                0x00018f86       0xac ./tray/protect.o
                0x00018f86                chnIdleTmprUpFluct0201
 .text.chnIdleVolDown0204
                0x00019032       0xbc ./tray/protect.o
                0x00019032                chnIdleVolDown0204
 .text.trayAllNpUpLmt0300
                0x000190ee       0x32 ./tray/protect.o
                0x000190ee                trayAllNpUpLmt0300
 .text.trayAllTmprUpLmt0302
                0x00019120       0xde ./tray/protect.o
                0x00019120                trayAllTmprUpLmt0302
 .text.trayAllSmoke0303
                0x000191fe       0xd8 ./tray/protect.o
                0x000191fe                trayAllSmoke0303
 .text.chnQuietVolFluct0401
                0x000192d6       0x64 ./tray/protect.o
                0x000192d6                chnQuietVolFluct0401
 .text.chnQuietVolDown0402
                0x0001933a       0x74 ./tray/protect.o
                0x0001933a                chnQuietVolDown0402
 .text.chnQuietCurLeak0403
                0x000193ae       0x4a ./tray/protect.o
                0x000193ae                chnQuietCurLeak0403
 .text.chnStepVolLmt0404
                0x000193f8      0x124 ./tray/protect.o
                0x000193f8                chnStepVolLmt0404
 .text.stepChnTmprBigRise0405
                0x0001951c       0xb2 ./tray/protect.o
                0x0001951c                stepChnTmprBigRise0405
 .text.chnCccSetTimeVol0406
                0x000195ce       0x80 ./tray/protect.o
                0x000195ce                chnCccSetTimeVol0406
 .text.chnCcCurOfst0407
                0x0001964e       0xa8 ./tray/protect.o
                0x0001964e                chnCcCurOfst0407
 .text.chnCccVolDownAbnm0408
                0x000196f6      0x10a ./tray/protect.o
                0x000196f6                chnCccVolDownAbnm0408
 .text.chnCccVolRiseRate0409
                0x00019800       0x94 ./tray/protect.o
                0x00019800                chnCccVolRiseRate0409
 .text.chnCcVolBigDown040a
                0x00019894       0xee ./tray/protect.o
                0x00019894                chnCcVolBigDown040a
 .text.chnStepCapLmt040b
                0x00019982      0x106 ./tray/protect.o
                0x00019982                chnStepCapLmt040b
 .text.chnCcVolIntvlFluct040c
                0x00019a88      0x102 ./tray/protect.o
                0x00019a88                chnCcVolIntvlFluct040c
 .text.chnCccVolRiseCtnu040d
                0x00019b8a       0x94 ./tray/protect.o
                0x00019b8a                chnCccVolRiseCtnu040d
 .text.chnCccVolDownCtnu040e
                0x00019c1e       0x94 ./tray/protect.o
                0x00019c1e                chnCccVolDownCtnu040e
 .text.chnCcdVolRiseAbnm040f
                0x00019cb2      0x10a ./tray/protect.o
                0x00019cb2                chnCcdVolRiseAbnm040f
 .text.chnCvcVolOfst0410
                0x00019dbc       0x76 ./tray/protect.o
                0x00019dbc                chnCvcVolOfst0410
 .text.chnCvcCurRiseAbnm0411
                0x00019e32      0x102 ./tray/protect.o
                0x00019e32                chnCvcCurRiseAbnm0411
 .text.chnCvcCurBigRise0412
                0x00019f34       0xac ./tray/protect.o
                0x00019f34                chnCvcCurBigRise0412
 .text.chnQuietVolChkBack0413
                0x00019fe0       0x52 ./tray/protect.o
                0x00019fe0                chnQuietVolChkBack0413
 .text.flowChnTmprLmt0501
                0x0001a032       0x58 ./tray/protect.o
                0x0001a032                flowChnTmprLmt0501
 .text.flowChgOvld0502
                0x0001a08a       0x8e ./tray/protect.o
                0x0001a08a                flowChgOvld0502
 .text.flowDisChgOvld0503
                0x0001a118       0x94 ./tray/protect.o
                0x0001a118                flowDisChgOvld0503
 .text.flowContactChk0504
                0x0001a1ac      0x176 ./tray/protect.o
                0x0001a1ac                flowContactChk0504
 *fill*         0x0001a322        0x2 ff
 .text.flowIdleVolIntvlRise0505
                0x0001a324       0xc0 ./tray/protect.o
                0x0001a324                flowIdleVolIntvlRise0505
 .text.flowCcdcVolIntvlFluct0506
                0x0001a3e4       0xb4 ./tray/protect.o
                0x0001a3e4                flowCcdcVolIntvlFluct0506
 .text.flowChnCrashVol0507
                0x0001a498       0x64 ./tray/protect.o
                0x0001a498                flowChnCrashVol0507
 .text.flowChnCapTtl0508
                0x0001a4fc       0x54 ./tray/protect.o
                0x0001a4fc                flowChnCapTtl0508
 .text.flowIdleCurLeak0509
                0x0001a550       0x76 ./tray/protect.o
                0x0001a550                flowIdleCurLeak0509
 *fill*         0x0001a5c6        0x2 ff
 .text.FlowIdleVolTtlRise050a
                0x0001a5c8       0x98 ./tray/protect.o
                0x0001a5c8                FlowIdleVolTtlRise050a
 .text.tmprBoxProt
                0x0001a660       0x58 ./tray/protect.o
                0x0001a660                tmprBoxProt
 .text.npExprProt
                0x0001a6b8       0xb0 ./tray/protect.o
                0x0001a6b8                npExprProt
 .text.ndbdDevProt
                0x0001a768       0x56 ./tray/protect.o
                0x0001a768                ndbdDevProt
 *fill*         0x0001a7be        0x2 ff
 .text.chnProtWorkBox
                0x0001a7c0      0x290 ./tray/protect.o
                0x0001a7c0                chnProtWorkBox
 .text.chnProtWorkNdbd
                0x0001aa50      0x164 ./tray/protect.o
                0x0001aa50                chnProtWorkNdbd
 .text.mixSubRmvExpr
                0x0001abb4       0x38 ./tray/protect.o
                0x0001abb4                mixSubRmvExpr
 .text.mixProtPolicySet
                0x0001abec       0x58 ./tray/protect.o
                0x0001abec                mixProtPolicySet
 .text.mixProtWork
                0x0001ac44       0x9e ./tray/protect.o
                0x0001ac44                mixProtWork
 .text.mixProtPolicyAct
                0x0001ace2      0x10c ./tray/protect.o
                0x0001ace2                mixProtPolicyAct
 .text.chnProtWork
                0x0001adee       0xae ./tray/protect.o
                0x0001adee                chnProtWork
 .text.exprIgnore
                0x0001ae9c        0x2 ./tray/timer.o
                0x0001ae9c                exprIgnore
 .text.devAppSw2Boot
                0x0001ae9e        0x2 ./tray/timer.o
                0x0001ae9e                devAppSw2Boot
 .text.sysTimeSecGet
                0x0001aea0        0xc ./tray/timer.o
                0x0001aea0                sysTimeSecGet
 .text.sysTimeGet
                0x0001aeac       0x10 ./tray/timer.o
                0x0001aeac                sysTimeGet
 .text.timerStart
                0x0001aebc       0x98 ./tray/timer.o
                0x0001aebc                timerStart
 .text.ctrlTimerTask
                0x0001af54       0x64 ./tray/timer.o
                0x0001af54                ctrlTimerTask
 .text.timerInit
                0x0001afb8       0xd0 ./tray/timer.o
                0x0001afb8                timerInit
 .text.tmprGetSingle
                0x0001b088       0x5c ./tray/tray.o
                0x0001b088                tmprGetSingle
 .text.traySmplSetProtAux
                0x0001b0e4       0x9c ./tray/tray.o
                0x0001b0e4                traySmplSetProtAux
 .text.traySmplSetAuxSmpl
                0x0001b180      0x1a8 ./tray/tray.o
                0x0001b180                traySmplSetAuxSmpl
 .text.traySmplSetAux
                0x0001b328       0x1e ./tray/tray.o
                0x0001b328                traySmplSetAux
 *fill*         0x0001b346        0x2 ff
 .text.trayNpReset
                0x0001b348       0x3c ./tray/tray.o
                0x0001b348                trayNpReset
 .text.trayNpRatioSet
                0x0001b384      0x110 ./tray/tray.o
                0x0001b384                trayNpRatioSet
 .text.trayNpSwRstDelay
                0x0001b494       0x14 ./tray/tray.o
                0x0001b494                trayNpSwRstDelay
 .text.trayNpSwProtDelay
                0x0001b4a8        0x8 ./tray/tray.o
                0x0001b4a8                trayNpSwProtDelay
 .text.trayChkStepNpSame
                0x0001b4b0       0x40 ./tray/tray.o
                0x0001b4b0                trayChkStepNpSame
 .text.trayNpChnAlloc
                0x0001b4f0       0xc8 ./tray/tray.o
                0x0001b4f0                trayNpChnAlloc
 .text.trayNpChnFree
                0x0001b5b8       0x52 ./tray/tray.o
                0x0001b5b8                trayNpChnFree
 .text.trayNpReachNtfy
                0x0001b60a       0x68 ./tray/tray.o
                0x0001b60a                trayNpReachNtfy
 .text.trayNpReachChk
                0x0001b672       0x64 ./tray/tray.o
                0x0001b672                trayNpReachChk
 .text.trayStopByProt
                0x0001b6d6       0x58 ./tray/tray.o
                0x0001b6d6                trayStopByProt
 .text.trayStopByDisk
                0x0001b72e       0x96 ./tray/tray.o
                0x0001b72e                trayStopByDisk
 .text.trayNdbdBreakChk
                0x0001b7c4       0x58 ./tray/tray.o
                0x0001b7c4                trayNdbdBreakChk
 .text.trayNdbdBreak
                0x0001b81c       0x4c ./tray/tray.o
                0x0001b81c                trayNdbdBreak
 .text.trayIgnoreNdbd
                0x0001b868       0x40 ./tray/tray.o
                0x0001b868                trayIgnoreNdbd
 .text.tbl_task
                0x0001b8a8       0x20 ./tray/tray_bl.o
                0x0001b8a8                tbl_task
 .text.tbl_init
                0x0001b8c8       0x38 ./tray/tray_bl.o
                0x0001b8c8                tbl_init
 .text.uartMsgIgnore
                0x0001b900        0x2 ./tray/uart.o
                0x0001b900                uartMsgIgnore
 .text.uartMsgCfgReadAck
                0x0001b902        0x2 ./tray/uart.o
                0x0001b902                uartMsgCfgReadAck
 .text.uartMsgCfgSetAck
                0x0001b904        0x2 ./tray/uart.o
                0x0001b904                uartMsgCfgSetAck
 .text.uartMsgUpdSetupAck
                0x0001b906        0x2 ./tray/uart.o
                0x0001b906                uartMsgUpdSetupAck
 .text.uartMsgUpdDldAck
                0x0001b908        0x2 ./tray/uart.o
                0x0001b908                uartMsgUpdDldAck
 .text.uartMsgUpdUpldAck
                0x0001b90a        0x2 ./tray/uart.o
                0x0001b90a                uartMsgUpdUpldAck
 .text.uartMsgUpdCnfmAck
                0x0001b90c        0x2 ./tray/uart.o
                0x0001b90c                uartMsgUpdCnfmAck
 *fill*         0x0001b90e        0x2 ff
 .text.uartMsgFixtPrecDisp
                0x0001b910       0x20 ./tray/uart.o
                0x0001b910                uartMsgFixtPrecDisp
 .text.uartMsgFixtTmprDisp
                0x0001b930       0x24 ./tray/uart.o
                0x0001b930                uartMsgFixtTmprDisp
 .text.uartMsgFixtCleanDisp
                0x0001b954       0x18 ./tray/uart.o
                0x0001b954                uartMsgFixtCleanDisp
 .text.uartMsgFixtGasDisp
                0x0001b96c       0x18 ./tray/uart.o
                0x0001b96c                uartMsgFixtGasDisp
 .text.uartMsgFixtFlowDisp
                0x0001b984       0x18 ./tray/uart.o
                0x0001b984                uartMsgFixtFlowDisp
 .text.uartMsgFixtSuctInDisp
                0x0001b99c       0x18 ./tray/uart.o
                0x0001b99c                uartMsgFixtSuctInDisp
 .text.uartMsgFixtSuctOutDisp
                0x0001b9b4       0x24 ./tray/uart.o
                0x0001b9b4                uartMsgFixtSuctOutDisp
 .text.uartMsgFixtLocatDisp
                0x0001b9d8       0x24 ./tray/uart.o
                0x0001b9d8                uartMsgFixtLocatDisp
 .text.uartMsgFixtCmmnAck
                0x0001b9fc       0x20 ./tray/uart.o
                0x0001b9fc                uartMsgFixtCmmnAck
 .text.uartMsgFixtPrecSmplAck
                0x0001ba1c       0x38 ./tray/uart.o
                0x0001ba1c                uartMsgFixtPrecSmplAck
 .text.uartMsgFixtSuckInSmplAck
                0x0001ba54       0x34 ./tray/uart.o
                0x0001ba54                uartMsgFixtSuckInSmplAck
 .text.uartMsgFixtSuckOutSmplAck
                0x0001ba88       0x38 ./tray/uart.o
                0x0001ba88                uartMsgFixtSuckOutSmplAck
 .text.uartMsgFixtLocatSmplAck
                0x0001bac0       0x38 ./tray/uart.o
                0x0001bac0                uartMsgFixtLocatSmplAck
 .text.uartMsgFixtTmprSmplAck
                0x0001baf8       0x54 ./tray/uart.o
                0x0001baf8                uartMsgFixtTmprSmplAck
 .text.uartMsgFixtGasSmplAck
                0x0001bb4c       0x54 ./tray/uart.o
                0x0001bb4c                uartMsgFixtGasSmplAck
 .text.uartMsgFixtFlowSmplAck
                0x0001bba0       0x54 ./tray/uart.o
                0x0001bba0                uartMsgFixtFlowSmplAck
 .text.tmprSmplBeOnline
                0x0001bbf4       0x48 ./tray/uart.o
                0x0001bbf4                tmprSmplBeOnline
 .text.uartTxMsg
                0x0001bc3c       0x12 ./tray/uart.o
                0x0001bc3c                uartTxMsg
 *fill*         0x0001bc4e        0x2 ff
 .text.uartSmplTmprTx
                0x0001bc50       0x98 ./tray/uart.o
                0x0001bc50                uartSmplTmprTx
 .text.allocUartBlockBuf
                0x0001bce8       0x24 ./tray/uart.o
                0x0001bce8                allocUartBlockBuf
 .text.freeUartBlockBuf
                0x0001bd0c       0x14 ./tray/uart.o
                0x0001bd0c                freeUartBlockBuf
 .text.uartTransTxTry
                0x0001bd20       0x50 ./tray/uart.o
                0x0001bd20                uartTransTxTry
 .text.uartSmplDevReset
                0x0001bd70       0x26 ./tray/uart.o
                0x0001bd70                uartSmplDevReset
 .text.uartSmplDevUpdate
                0x0001bd96       0x30 ./tray/uart.o
                0x0001bd96                uartSmplDevUpdate
 *fill*         0x0001bdc6        0x2 ff
 .text.uartMsgConnAck
                0x0001bdc8       0x78 ./tray/uart.o
                0x0001bdc8                uartMsgConnAck
 .text.uartMsgSmplAck
                0x0001be40       0x98 ./tray/uart.o
                0x0001be40                uartMsgSmplAck
 .text.uartSmplBegin
                0x0001bed8       0x48 ./tray/uart.o
                0x0001bed8                uartSmplBegin
 .text.uartIdleNtfy
                0x0001bf20       0x5c ./tray/uart.o
                0x0001bf20                uartIdleNtfy
 .text.uartRxMsg
                0x0001bf7c       0xb0 ./tray/uart.o
                0x0001bf7c                uartRxMsg
 .text.uartExprBlkAck
                0x0001c02c       0x60 ./tray/uart.o
                0x0001c02c                uartExprBlkAck
 .text.uartExprCtrlAck
                0x0001c08c       0x14 ./tray/uart.o
                0x0001c08c                uartExprCtrlAck
 .text.uartExprSmplAck
                0x0001c0a0       0xcc ./tray/uart.o
                0x0001c0a0                uartExprSmplAck
 .text.uartInit
                0x0001c16c      0x234 ./tray/uart.o
                0x0001c16c                uartInit
 .text.hal_entry
                0x0001c3a0       0x10 ./src/hal_entry.o
                0x0001c3a0                hal_entry
 .text.R_BSP_WarmStart
                0x0001c3b0       0x1c ./src/hal_entry.o
                0x0001c3b0                R_BSP_WarmStart
 .text.main     0x0001c3cc        0xa ./ra_gen/main.o
                0x0001c3cc                main
 *fill*         0x0001c3d6        0x2 ff
 .text.R_SPI_Open
                0x0001c3d8      0x258 ./ra/fsp/src/r_spi/r_spi.o
                0x0001c3d8                R_SPI_Open
 .text.r_spi_call_callback
                0x0001c630       0x40 ./ra/fsp/src/r_spi/r_spi.o
 .text.r_spi_bit_width_config
                0x0001c670       0x50 ./ra/fsp/src/r_spi/r_spi.o
                0x0001c670                r_spi_bit_width_config
 .text.spi_rxi_isr
                0x0001c6c0       0x88 ./ra/fsp/src/r_spi/r_spi.o
                0x0001c6c0                spi_rxi_isr
 .text.spi_txi_isr
                0x0001c748      0x114 ./ra/fsp/src/r_spi/r_spi.o
                0x0001c748                spi_txi_isr
 .text.spi_tei_isr
                0x0001c85c       0x70 ./ra/fsp/src/r_spi/r_spi.o
                0x0001c85c                spi_tei_isr
 .text.spi_eri_isr
                0x0001c8cc       0x70 ./ra/fsp/src/r_spi/r_spi.o
                0x0001c8cc                spi_eri_isr
 .text.R_SCI_UART_Write
                0x0001c93c       0x48 ./ra/fsp/src/r_sci_uart/r_sci_uart.o
                0x0001c93c                R_SCI_UART_Write
 .text.r_sci_irq_cfg
                0x0001c984       0x50 ./ra/fsp/src/r_sci_uart/r_sci_uart.o
 .text.R_SCI_UART_Open
                0x0001c9d4      0x274 ./ra/fsp/src/r_sci_uart/r_sci_uart.o
                0x0001c9d4                R_SCI_UART_Open
 .text.r_sci_uart_call_callback
                0x0001cc48       0x44 ./ra/fsp/src/r_sci_uart/r_sci_uart.o
 .text.sci_uart_txi_isr
                0x0001cc8c       0x88 ./ra/fsp/src/r_sci_uart/r_sci_uart.o
                0x0001cc8c                sci_uart_txi_isr
 .text.sci_uart_rxi_isr
                0x0001cd14       0x84 ./ra/fsp/src/r_sci_uart/r_sci_uart.o
                0x0001cd14                sci_uart_rxi_isr
 .text.sci_uart_tei_isr
                0x0001cd98       0x3c ./ra/fsp/src/r_sci_uart/r_sci_uart.o
                0x0001cd98                sci_uart_tei_isr
 .text.sci_uart_eri_isr
                0x0001cdd4       0x68 ./ra/fsp/src/r_sci_uart/r_sci_uart.o
                0x0001cdd4                sci_uart_eri_isr
 .text.R_IOPORT_PinWrite
                0x0001ce3c       0x28 ./ra/fsp/src/r_ioport/r_ioport.o
                0x0001ce3c                R_IOPORT_PinWrite
 .text.r_ioport_pfs_write
                0x0001ce64       0x40 ./ra/fsp/src/r_ioport/r_ioport.o
 .text.bsp_vbatt_init
                0x0001cea4       0xa0 ./ra/fsp/src/r_ioport/r_ioport.o
 .text.r_ioport_pins_config
                0x0001cf44       0x88 ./ra/fsp/src/r_ioport/r_ioport.o
 .text.R_IOPORT_Open
                0x0001cfcc       0x14 ./ra/fsp/src/r_ioport/r_ioport.o
                0x0001cfcc                R_IOPORT_Open
 .text.R_GPT_Start
                0x0001cfe0        0xa ./ra/fsp/src/r_gpt/r_gpt.o
                0x0001cfe0                R_GPT_Start
 .text.gpt_hardware_events_disable
                0x0001cfea       0x1c ./ra/fsp/src/r_gpt/r_gpt.o
 *fill*         0x0001d006        0x2 ff
 .text.r_gpt_enable_irq
                0x0001d008       0x50 ./ra/fsp/src/r_gpt/r_gpt.o
 .text.R_GPT_Open
                0x0001d058      0x114 ./ra/fsp/src/r_gpt/r_gpt.o
                0x0001d058                R_GPT_Open
 .text.r_gpt_call_callback
                0x0001d16c       0x3e ./ra/fsp/src/r_gpt/r_gpt.o
 *fill*         0x0001d1aa        0x2 ff
 .text.gpt_counter_overflow_isr
                0x0001d1ac       0x80 ./ra/fsp/src/r_gpt/r_gpt.o
                0x0001d1ac                gpt_counter_overflow_isr
 .text.flash_hp_init
                0x0001d22c      0x104 ./ra/fsp/src/r_flash_hp/r_flash_hp.o
 .text.R_FLASH_HP_Open
                0x0001d330       0xdc ./ra/fsp/src/r_flash_hp/r_flash_hp.o
                0x0001d330                R_FLASH_HP_Open
 .text.flash_hp_enter_pe_df_mode
                0x0001d40c       0xb8 ./ra/fsp/src/r_flash_hp/r_flash_hp.o
 .text.R_FLASH_HP_Write
                0x0001d4c4       0x86 ./ra/fsp/src/r_flash_hp/r_flash_hp.o
                0x0001d4c4                R_FLASH_HP_Write
 *fill*         0x0001d54a        0x2 ff
 .text.R_FLASH_HP_Erase
                0x0001d54c       0xb0 ./ra/fsp/src/r_flash_hp/r_flash_hp.o
                0x0001d54c                R_FLASH_HP_Erase
 .text.R_FLASH_HP_StartUpAreaSelect
                0x0001d5fc        0x8 ./ra/fsp/src/r_flash_hp/r_flash_hp.o
                0x0001d5fc                R_FLASH_HP_StartUpAreaSelect
 .text.R_DTC_SoftwareStart
                0x0001d604        0x4 ./ra/fsp/src/r_dtc/r_dtc.o
                0x0001d604                R_DTC_SoftwareStart
 .text.R_DTC_SoftwareStop
                0x0001d608        0x4 ./ra/fsp/src/r_dtc/r_dtc.o
                0x0001d608                R_DTC_SoftwareStop
 .text.R_DTC_Disable
                0x0001d60c       0x1c ./ra/fsp/src/r_dtc/r_dtc.o
                0x0001d60c                R_DTC_Disable
 .text.R_DTC_InfoGet
                0x0001d628       0x50 ./ra/fsp/src/r_dtc/r_dtc.o
                0x0001d628                R_DTC_InfoGet
 .text.R_DTC_Close
                0x0001d678       0x30 ./ra/fsp/src/r_dtc/r_dtc.o
                0x0001d678                R_DTC_Close
 .text.R_DTC_Reset
                0x0001d6a8       0xb0 ./ra/fsp/src/r_dtc/r_dtc.o
                0x0001d6a8                R_DTC_Reset
 .text.r_dtc_set_info
                0x0001d758       0x48 ./ra/fsp/src/r_dtc/r_dtc.o
 .text.R_DTC_Open
                0x0001d7a0       0x80 ./ra/fsp/src/r_dtc/r_dtc.o
                0x0001d7a0                R_DTC_Open
 .text.R_DTC_Reconfigure
                0x0001d820       0x5c ./ra/fsp/src/r_dtc/r_dtc.o
                0x0001d820                R_DTC_Reconfigure
 .text.R_DTC_Enable
                0x0001d87c       0x1c ./ra/fsp/src/r_dtc/r_dtc.o
                0x0001d87c                R_DTC_Enable
 .text.r_can_call_callback
                0x0001d898       0x5c ./ra/fsp/src/r_can/r_can.o
 .text.r_can_switch_to_operation_mode
                0x0001d8f4       0x2e ./ra/fsp/src/r_can/r_can.o
 .text.r_can_mode_transition
                0x0001d922       0x5c ./ra/fsp/src/r_can/r_can.o
 *fill*         0x0001d97e        0x2 ff
 .text.r_can_bsp_irq_cfg_enable
                0x0001d980       0x50 ./ra/fsp/src/r_can/r_can.o
 .text.R_CAN_Open
                0x0001d9d0      0x22c ./ra/fsp/src/r_can/r_can.o
                0x0001d9d0                R_CAN_Open
 .text.can_error_isr
                0x0001dbfc       0xe4 ./ra/fsp/src/r_can/r_can.o
                0x0001dbfc                can_error_isr
 .text.can_mailbox_rx_isr
                0x0001dce0      0x128 ./ra/fsp/src/r_can/r_can.o
                0x0001dce0                can_mailbox_rx_isr
 .text.can_mailbox_tx_isr
                0x0001de08       0xb0 ./ra/fsp/src/r_can/r_can.o
                0x0001de08                can_mailbox_tx_isr
 .text.SystemCoreClockUpdate
                0x0001deb8       0x28 ./ra/fsp/src/bsp/mcu/all/bsp_clocks.o
                0x0001deb8                SystemCoreClockUpdate
 .text.bsp_clock_init
                0x0001dee0       0xec ./ra/fsp/src/bsp/mcu/all/bsp_clocks.o
                0x0001dee0                bsp_clock_init
 .text.bsp_init_internal
                0x0001dfcc        0x2 ./ra/fsp/src/bsp/mcu/all/bsp_common.o
                0x0001dfcc                bsp_init_internal
                0x0001dfcc                bsp_init
 *fill*         0x0001dfce        0x2 ff
 .text.NMI_Handler
                0x0001dfd0       0x40 ./ra/fsp/src/bsp/mcu/all/bsp_group_irq.o
                0x0001dfd0                NMI_Handler
 .text.bsp_irq_cfg
                0x0001e010       0xb0 ./ra/fsp/src/bsp/mcu/all/bsp_irq.o
                0x0001e010                bsp_irq_cfg
 .text.R_BSP_RegisterProtectEnable
                0x0001e0c0       0x64 ./ra/fsp/src/bsp/mcu/all/bsp_register_protection.o
                0x0001e0c0                R_BSP_RegisterProtectEnable
 .text.R_BSP_RegisterProtectDisable
                0x0001e124       0x54 ./ra/fsp/src/bsp/mcu/all/bsp_register_protection.o
                0x0001e124                R_BSP_RegisterProtectDisable
 .text._sbrk    0x0001e178       0x44 ./ra/fsp/src/bsp/mcu/all/bsp_sbrk.o
                0x0001e178                _sbrk
 .text.Default_Handler
                0x0001e1bc        0x4 ./ra/fsp/src/bsp/cmsis/Device/RENESAS/Source/startup.o
                0x0001e1bc                DebugMon_Handler
                0x0001e1bc                HardFault_Handler
                0x0001e1bc                SysTick_Handler
                0x0001e1bc                PendSV_Handler
                0x0001e1bc                UsageFault_Handler
                0x0001e1bc                SecureFault_Handler
                0x0001e1bc                Default_Handler
                0x0001e1bc                MemManage_Handler
                0x0001e1bc                SVC_Handler
                0x0001e1bc                BusFault_Handler
 .text.Reset_Handler
                0x0001e1c0        0xc ./ra/fsp/src/bsp/cmsis/Device/RENESAS/Source/startup.o
                0x0001e1c0                Reset_Handler
 .text.SystemInit
                0x0001e1cc       0xc0 ./ra/fsp/src/bsp/cmsis/Device/RENESAS/Source/system.o
                0x0001e1cc                SystemInit
 .text.led_run  0x0001e28c      0x154 ./public/u_led.o
                0x0001e28c                led_run
 .text.led_init
                0x0001e3e0       0x54 ./public/u_led.o
                0x0001e3e0                led_init
 .text.setting_page_update
                0x0001e434       0x24 ./public/u_setting.o
                0x0001e434                setting_page_update
 .text.setting_in_being
                0x0001e458       0x2c ./public/u_setting.o
                0x0001e458                setting_in_being
 .text.setting_init
                0x0001e484       0xd8 ./public/u_setting.o
                0x0001e484                setting_init
 .text.log_shell_cmd_handle
                0x0001e55c       0x58 ./mlos/services/mlos_log.o
                0x0001e55c                log_shell_cmd_handle
 .text.log_save_disk_port_set
                0x0001e5b4        0xc ./mlos/services/mlos_log.o
                0x0001e5b4                log_save_disk_port_set
 .text.log_print
                0x0001e5c0       0x7c ./mlos/services/mlos_log.o
                0x0001e5c0                log_print
 .text.log_print_redirect
                0x0001e63c       0x10 ./mlos/services/mlos_log.o
                0x0001e63c                log_print_redirect
 .text.log_init
                0x0001e64c       0x2c ./mlos/services/mlos_log.o
                0x0001e64c                log_init
 .text.shell_cmd_seek
                0x0001e678       0x28 ./mlos/services/mlos_shell.o
                0x0001e678                shell_cmd_seek
 .text.shell_reply
                0x0001e6a0       0x4c ./mlos/services/mlos_shell.o
                0x0001e6a0                shell_reply
 .text.shell_cmd_help
                0x0001e6ec       0x40 ./mlos/services/mlos_shell.o
                0x0001e6ec                shell_cmd_help
 .text.shell_cmd_reboot
                0x0001e72c       0x10 ./mlos/services/mlos_shell.o
                0x0001e72c                shell_cmd_reboot
 .text.shell_print
                0x0001e73c       0x34 ./mlos/services/mlos_shell.o
                0x0001e73c                shell_print
 .text.shell_cmd_mem
                0x0001e770       0x38 ./mlos/services/mlos_shell.o
                0x0001e770                shell_cmd_mem
 .text.shell_cmd_register
                0x0001e7a8       0x44 ./mlos/services/mlos_shell.o
                0x0001e7a8                shell_cmd_register
 .text.shell_rcv_cmd
                0x0001e7ec       0x44 ./mlos/services/mlos_shell.o
                0x0001e7ec                shell_rcv_cmd
 .text.shell_print_redirect
                0x0001e830        0xc ./mlos/services/mlos_shell.o
                0x0001e830                shell_print_redirect
 .text.shell_cmd_buf_read
                0x0001e83c       0xfc ./mlos/services/mlos_shell.o
                0x0001e83c                shell_cmd_buf_read
 .text.shell_task
                0x0001e938       0x8c ./mlos/services/mlos_shell.o
                0x0001e938                shell_task
 .text.shell_init
                0x0001e9c4       0x80 ./mlos/services/mlos_shell.o
                0x0001e9c4                shell_init
 .text.port_clock_init
                0x0001ea44       0x2c ./mlos/port/RA6M4/mlos_port.o
                0x0001ea44                port_clock_init
 .text.mlos_clock_timer_isr
                0x0001ea70       0x38 ./mlos/port/RA6M4/mlos_port.o
                0x0001ea70                mlos_clock_timer_isr
 .text.exsram_check
                0x0001eaa8       0x20 ./mlos/port/RA6M4/mlos_port.o
                0x0001eaa8                exsram_check
 .text.port_mem_init
                0x0001eac8       0x44 ./mlos/port/RA6M4/mlos_port.o
                0x0001eac8                port_mem_init
 .text.mlos_bkpt
                0x0001eb0c        0x6 ./mlos/os/mlos.o
                0x0001eb0c                mlos_bkpt
 *fill*         0x0001eb12        0x2 ff
 .text.mlos_init
                0x0001eb14       0x34 ./mlos/os/mlos.o
                0x0001eb14                mlos_init
 .text.mlos_us_delay
                0x0001eb48        0x2 ./mlos/os/mlos_clock.o
                0x0001eb48                mlos_us_delay
 .text.mlos_clock_init
                0x0001eb4a        0x8 ./mlos/os/mlos_clock.o
                0x0001eb4a                mlos_clock_init
 .text.list_dl_remove
                0x0001eb52       0x6a ./mlos/os/mlos_list.o
                0x0001eb52                list_dl_remove
 .text.list_append
                0x0001ebbc       0xac ./mlos/os/mlos_list.o
                0x0001ebbc                list_append
 .text.list_init
                0x0001ec68        0xe ./mlos/os/mlos_list.o
                0x0001ec68                list_init
 .text.list_create
                0x0001ec76       0x20 ./mlos/os/mlos_list.o
                0x0001ec76                list_create
 *fill*         0x0001ec96        0x2 ff
 .text.ltimer_create
                0x0001ec98       0x20 ./mlos/os/mlos_ltimer.o
                0x0001ec98                ltimer_create
 .text.mlos_mem_list
                0x0001ecb8        0x8 ./mlos/os/mlos_malloc.o
                0x0001ecb8                mlos_mem_list
 .text.mlos_mem_statistics
                0x0001ecc0       0x30 ./mlos/os/mlos_malloc.o
                0x0001ecc0                mlos_mem_statistics
 .text.mlos_malloc
                0x0001ecf0       0x4c ./mlos/os/mlos_malloc.o
                0x0001ecf0                mlos_malloc
 .text.mlos_mem_mount
                0x0001ed3c       0x30 ./mlos/os/mlos_malloc.o
                0x0001ed3c                mlos_mem_mount
 .text.mlos_mem_init
                0x0001ed6c       0x18 ./mlos/os/mlos_malloc.o
                0x0001ed6c                mlos_mem_init
 .text.mpump_create
                0x0001ed84       0x6c ./mlos/os/mlos_mpump.o
                0x0001ed84                mpump_create
 .text.list_message_find
                0x0001edf0       0x14 ./mlos/os/mlos_mpump.o
                0x0001edf0                list_message_find
 .text.list_message_register
                0x0001ee04       0x44 ./mlos/os/mlos_mpump.o
                0x0001ee04                list_message_register
 .text.consumer_find
                0x0001ee48       0x12 ./mlos/os/mlos_mpump.o
                0x0001ee48                consumer_find
 *fill*         0x0001ee5a        0x2 ff
 .text.consumer_register
                0x0001ee5c       0x34 ./mlos/os/mlos_mpump.o
                0x0001ee5c                consumer_register
 .text.mpump_consumer_register
                0x0001ee90       0x2a ./mlos/os/mlos_mpump.o
                0x0001ee90                mpump_consumer_register
 .text.mpump_consumers_find
                0x0001eeba       0x30 ./mlos/os/mlos_mpump.o
                0x0001eeba                mpump_consumers_find
 .text.mpump_dispatch
                0x0001eeea       0x36 ./mlos/os/mlos_mpump.o
                0x0001eeea                mpump_dispatch
 .text.que_take
                0x0001ef20       0x12 ./mlos/os/mlos_que.o
                0x0001ef20                que_take
 .text.que_de   0x0001ef32       0x1c ./mlos/os/mlos_que.o
                0x0001ef32                que_de
 .text.que_en   0x0001ef4e       0x1e ./mlos/os/mlos_que.o
                0x0001ef4e                que_en
 .text.que_create
                0x0001ef6c       0x78 ./mlos/os/mlos_que.o
                0x0001ef6c                que_create
 .text.rtimer_clock_overflow
                0x0001efe4       0x3c ./mlos/os/mlos_rtimer.o
                0x0001efe4                rtimer_clock_overflow
 .text.rtimer_start
                0x0001f020       0x40 ./mlos/os/mlos_rtimer.o
                0x0001f020                rtimer_start
 .text.rtimer_task
                0x0001f060       0x90 ./mlos/os/mlos_rtimer.o
                0x0001f060                rtimer_task
 .text.rtimer_task_create
                0x0001f0f0       0x50 ./mlos/os/mlos_rtimer.o
                0x0001f0f0                rtimer_task_create
 .text.task_create
                0x0001f140       0x6c ./mlos/os/mlos_task.o
                0x0001f140                task_create
 .text.subtask_create
                0x0001f1ac       0x20 ./mlos/os/mlos_task.o
                0x0001f1ac                subtask_create
 .text.mlos_all_task_name
                0x0001f1cc       0x4c ./mlos/os/mlos_task.o
                0x0001f1cc                mlos_all_task_name
 .text.mlos_task_statistics_info
                0x0001f218       0x64 ./mlos/os/mlos_task.o
                0x0001f218                mlos_task_statistics_info
 .text.task_statistics_reset
                0x0001f27c       0x30 ./mlos/os/mlos_task.o
                0x0001f27c                task_statistics_reset
 .text.task_schedule_prepare
                0x0001f2ac       0x50 ./mlos/os/mlos_task.o
                0x0001f2ac                task_schedule_prepare
 .text.mlos_task_schedule
                0x0001f2fc       0xcc ./mlos/os/mlos_task.o
                0x0001f2fc                mlos_task_schedule
 .text.mlos_task_init
                0x0001f3c8       0x5c ./mlos/os/mlos_task.o
                0x0001f3c8                mlos_task_init
 .text.uart0_tx
                0x0001f424       0x48 ./mllib/utp/ra6m4/utp_uart_driver.o
                0x0001f424                uart0_tx
 .text.uart1_tx
                0x0001f46c       0x4c ./mllib/utp/ra6m4/utp_uart_driver.o
                0x0001f46c                uart1_tx
 .text.uart_callback
                0x0001f4b8       0xdc ./mllib/utp/ra6m4/utp_uart_driver.o
                0x0001f4b8                uart_callback
 .text.uart_init
                0x0001f594       0x44 ./mllib/utp/ra6m4/utp_uart_driver.o
                0x0001f594                uart_init
 .text.crc16_check
                0x0001f5d8       0x3c ./mllib/utp/public.o
                0x0001f5d8                crc16_check
 .text.delay_rough_us
                0x0001f614       0x2e ./mllib/utp/public.o
                0x0001f614                delay_rough_us
 *fill*         0x0001f642        0x2 ff
 .text.GetOSRunTime
                0x0001f644        0xc ./mllib/utp/public.o
                0x0001f644                GetOSRunTime
 .text.GetOSRunTimeDiff
                0x0001f650       0x14 ./mllib/utp/public.o
                0x0001f650                GetOSRunTimeDiff
 .text.Utp_TxMessage
                0x0001f664       0x28 ./mllib/utp/utp.o
                0x0001f664                Utp_TxMessage
 .text.utp_init
                0x0001f68c       0xa0 ./mllib/utp/utp.o
                0x0001f68c                utp_init
 .text.utp_RxComplete
                0x0001f72c       0x3a ./mllib/utp/utp.o
                0x0001f72c                utp_RxComplete
 *fill*         0x0001f766        0x2 ff
 .text.Utp_RxMessage
                0x0001f768       0x30 ./mllib/utp/utp.o
                0x0001f768                Utp_RxMessage
 .text.utp_tx   0x0001f798       0x42 ./mllib/utp/utp.o
                0x0001f798                utp_tx
 *fill*         0x0001f7da        0x2 ff
 .text.Utp_SubMasterStationtask
                0x0001f7dc       0x78 ./mllib/utp/utp.o
                0x0001f7dc                Utp_SubMasterStationtask
 .text.utp_task
                0x0001f854       0x44 ./mllib/utp/utp.o
                0x0001f854                utp_task
 .text.upper_txbuf_malloc
                0x0001f898       0x30 ./mllib/upper/upper_ntp.o
                0x0001f898                upper_txbuf_malloc
 .text.upper_keepalive_reconn
                0x0001f8c8       0x10 ./mllib/upper/upper_ntp.o
                0x0001f8c8                upper_keepalive_reconn
 .text.upper_data_send
                0x0001f8d8       0x1e ./mllib/upper/upper_ntp.o
                0x0001f8d8                upper_data_send
 *fill*         0x0001f8f6        0x2 ff
 .text.upper_datagram_process_port_set
                0x0001f8f8        0xc ./mllib/upper/upper_ntp.o
                0x0001f8f8                upper_datagram_process_port_set
 .text.upper_datagram_process
                0x0001f904       0x20 ./mllib/upper/upper_ntp.o
                0x0001f904                upper_datagram_process
 .text.upper_ntp_task
                0x0001f924       0x34 ./mllib/upper/upper_ntp.o
                0x0001f924                upper_ntp_task
 .text.upper_ntp_init
                0x0001f958       0xb0 ./mllib/upper/upper_ntp.o
                0x0001f958                upper_ntp_init
 .text.tool_txbuf_malloc
                0x0001fa08       0x30 ./mllib/tool/tool.o
                0x0001fa08                tool_txbuf_malloc
 .text.tool_txbuf_free
                0x0001fa38       0x18 ./mllib/tool/tool.o
                0x0001fa38                tool_txbuf_free
 .text.tool_data_sum_check
                0x0001fa50       0x36 ./mllib/tool/tool.o
                0x0001fa50                tool_data_sum_check
 *fill*         0x0001fa86        0x2 ff
 .text.tool_consumer_register
                0x0001fa88       0x14 ./mllib/tool/tool.o
                0x0001fa88                tool_consumer_register
 .text.tool_tx_data
                0x0001fa9c       0x9e ./mllib/tool/tool.o
                0x0001fa9c                tool_tx_data
 *fill*         0x0001fb3a        0x2 ff
 .text.tool_packet_extract
                0x0001fb3c       0x78 ./mllib/tool/tool.o
                0x0001fb3c                tool_packet_extract
 .text.tool_task
                0x0001fbb4       0x4c ./mllib/tool/tool.o
                0x0001fbb4                tool_task
 .text.tool_init
                0x0001fc00       0x80 ./mllib/tool/tool.o
                0x0001fc00                tool_init
 .text.tool_log_print
                0x0001fc80       0x20 ./mllib/tool/tool_debug.o
                0x0001fc80                tool_log_print
 .text.tool_shell_print
                0x0001fca0       0x12 ./mllib/tool/tool_debug.o
                0x0001fca0                tool_shell_print
 *fill*         0x0001fcb2        0x2 ff
 .text.tool_debug_connect
                0x0001fcb4       0x48 ./mllib/tool/tool_debug.o
                0x0001fcb4                tool_debug_connect
 .text.tool_osinfo_print
                0x0001fcfc       0x8c ./mllib/tool/tool_debug.o
                0x0001fcfc                tool_osinfo_print
 .text.tool_taskinfo_print
                0x0001fd88       0x8c ./mllib/tool/tool_debug.o
                0x0001fd88                tool_taskinfo_print
 .text.tool_shell_cmd_tskinfo
                0x0001fe14       0x6c ./mllib/tool/tool_debug.o
                0x0001fe14                tool_shell_cmd_tskinfo
 .text.tool_debug_task
                0x0001fe80       0x3c ./mllib/tool/tool_debug.o
                0x0001fe80                tool_debug_task
 .text.tool_debug_int
                0x0001febc       0x78 ./mllib/tool/tool_debug.o
                0x0001febc                tool_debug_int
 .text.tool_ds_tray_header_upload
                0x0001ff34       0xa8 ./mllib/tool/tool_ds.o
                0x0001ff34                tool_ds_tray_header_upload
 .text.tool_ds_tray_line_upload
                0x0001ffdc       0xb4 ./mllib/tool/tool_ds.o
                0x0001ffdc                tool_ds_tray_line_upload
 .text.tool_ds_tray_clear
                0x00020090       0x40 ./mllib/tool/tool_ds.o
                0x00020090                tool_ds_tray_clear
 .text.tool_ds_tray_dat_operate
                0x000200d0       0x48 ./mllib/tool/tool_ds.o
                0x000200d0                tool_ds_tray_dat_operate
 .text.tool_ds_log_header_upload
                0x00020118       0xa0 ./mllib/tool/tool_ds.o
                0x00020118                tool_ds_log_header_upload
 .text.tool_ds_log_page_upload
                0x000201b8       0x88 ./mllib/tool/tool_ds.o
                0x000201b8                tool_ds_log_page_upload
 .text.tool_ds_log_clear
                0x00020240       0x40 ./mllib/tool/tool_ds.o
                0x00020240                tool_ds_log_clear
 .text.tool_ds_log_operate
                0x00020280       0x40 ./mllib/tool/tool_ds.o
                0x00020280                tool_ds_log_operate
 .text.tool_ds_init
                0x000202c0       0x1c ./mllib/tool/tool_ds.o
                0x000202c0                tool_ds_init
 .text.tool_iap_power_conn_reply
                0x000202dc       0x74 ./mllib/tool/tool_iap.o
                0x000202dc                tool_iap_power_conn_reply
 .text.tool_iap_power_rerun_reply
                0x00020350       0x6c ./mllib/tool/tool_iap.o
                0x00020350                tool_iap_power_rerun_reply
 .text.tool_iap_power_start_reply
                0x000203bc       0x4a ./mllib/tool/tool_iap.o
                0x000203bc                tool_iap_power_start_reply
 .text.tool_iap_power_data_reply
                0x00020406       0x4a ./mllib/tool/tool_iap.o
                0x00020406                tool_iap_power_data_reply
 .text.tool_iap_power_backup_reply
                0x00020450       0x2a ./mllib/tool/tool_iap.o
                0x00020450                tool_iap_power_backup_reply
 .text.tool_iap_mc_conn_reply
                0x0002047a       0x30 ./mllib/tool/tool_iap.o
                0x0002047a                tool_iap_mc_conn_reply
 .text.tool_iap_mc_rerun_reply
                0x000204aa       0x52 ./mllib/tool/tool_iap.o
                0x000204aa                tool_iap_mc_rerun_reply
 .text.tool_iap_connect_power
                0x000204fc       0x4e ./mllib/tool/tool_iap.o
                0x000204fc                tool_iap_connect_power
 .text.tool_iap_connect
                0x0002054a       0x3e ./mllib/tool/tool_iap.o
                0x0002054a                tool_iap_connect
 .text.tool_iap_power_rerun
                0x00020588       0x52 ./mllib/tool/tool_iap.o
                0x00020588                tool_iap_power_rerun
 .text.tool_iap_rerun
                0x000205da       0x38 ./mllib/tool/tool_iap.o
                0x000205da                tool_iap_rerun
 .text.tool_iap_power_start
                0x00020612       0x4a ./mllib/tool/tool_iap.o
                0x00020612                tool_iap_power_start
 .text.tool_iap_tool_start
                0x0002065c       0x3c ./mllib/tool/tool_iap.o
                0x0002065c                tool_iap_tool_start
 .text.tool_iap_power_data
                0x00020698       0x2a ./mllib/tool/tool_iap.o
                0x00020698                tool_iap_power_data
 .text.tool_iap_data
                0x000206c2       0x22 ./mllib/tool/tool_iap.o
                0x000206c2                tool_iap_data
 .text.tool_iap_power_backup
                0x000206e4       0x20 ./mllib/tool/tool_iap.o
                0x000206e4                tool_iap_power_backup
 .text.tool_iap_backup
                0x00020704       0x22 ./mllib/tool/tool_iap.o
                0x00020704                tool_iap_backup
 *fill*         0x00020726        0x2 ff
 .text.tool_iap_init
                0x00020728       0x88 ./mllib/tool/tool_iap.o
                0x00020728                tool_iap_init
 .text.tool_setting_write
                0x000207b0       0x7a ./mllib/tool/tool_setting.o
                0x000207b0                tool_setting_write
 .text.tool_setting_read
                0x0002082a       0xba ./mllib/tool/tool_setting.o
                0x0002082a                tool_setting_read
 .text.tool_setting_init
                0x000208e4       0x28 ./mllib/tool/tool_setting.o
                0x000208e4                tool_setting_init
 .text.w5500_spi_select
                0x0002090c       0x14 ./mllib/ntp/w5500/ra6m4/ntp_w5500_spi_driver.o
                0x0002090c                w5500_spi_select
 .text.w5500_spi_deselect
                0x00020920       0x14 ./mllib/ntp/w5500/ra6m4/ntp_w5500_spi_driver.o
                0x00020920                w5500_spi_deselect
 .text.w5500_hdw_reset_enable
                0x00020934       0x14 ./mllib/ntp/w5500/ra6m4/ntp_w5500_spi_driver.o
                0x00020934                w5500_hdw_reset_enable
 .text.w5500_hdw_reset_disable
                0x00020948       0x14 ./mllib/ntp/w5500/ra6m4/ntp_w5500_spi_driver.o
                0x00020948                w5500_hdw_reset_disable
 .text.w5500_spi_callback
                0x0002095c       0x14 ./mllib/ntp/w5500/ra6m4/ntp_w5500_spi_driver.o
                0x0002095c                w5500_spi_callback
 .text.w5500_r_byte
                0x00020970       0x90 ./mllib/ntp/w5500/ra6m4/ntp_w5500_spi_driver.o
                0x00020970                w5500_r_byte
 .text.w5500_w_byte
                0x00020a00       0x94 ./mllib/ntp/w5500/ra6m4/ntp_w5500_spi_driver.o
                0x00020a00                w5500_w_byte
 .text.w5500_rw_buf
                0x00020a94       0xcc ./mllib/ntp/w5500/ra6m4/ntp_w5500_spi_driver.o
                0x00020a94                w5500_rw_buf
 .text.w5500_spi_init
                0x00020b60       0xa4 ./mllib/ntp/w5500/ra6m4/ntp_w5500_spi_driver.o
                0x00020b60                w5500_spi_init
 .text.w5500_ussn_generate
                0x00020c04       0x1c ./mllib/ntp/w5500/ntp_w5500.o
                0x00020c04                w5500_ussn_generate
 .text.w5500_network_card
                0x00020c20        0x8 ./mllib/ntp/w5500/ntp_w5500.o
                0x00020c20                w5500_network_card
 .text.w5500_interrupt_handler
                0x00020c28       0x5a ./mllib/ntp/w5500/ntp_w5500.o
                0x00020c28                w5500_interrupt_handler
 .text.w5500_rx_rsr
                0x00020c82       0x48 ./mllib/ntp/w5500/ntp_w5500.o
                0x00020c82                w5500_rx_rsr
 .text.w5500_tx_fsr
                0x00020cca       0x48 ./mllib/ntp/w5500/ntp_w5500.o
                0x00020cca                w5500_tx_fsr
 .text.w5500_socket_rx
                0x00020d12       0xcc ./mllib/ntp/w5500/ntp_w5500.o
                0x00020d12                w5500_socket_rx
 .text.w5500_socket_tx
                0x00020dde      0x102 ./mllib/ntp/w5500/ntp_w5500.o
                0x00020dde                w5500_socket_tx
 .text.w5500_usocket_open
                0x00020ee0      0x160 ./mllib/ntp/w5500/ntp_w5500.o
                0x00020ee0                w5500_usocket_open
 .text.w5500_usocket_connect
                0x00021040       0xfc ./mllib/ntp/w5500/ntp_w5500.o