Archive member included to satisfy reference by file (symbol)

c:/renesas/ra/e2studio_v2021-04_fsp_v3.0.0/toolchains/gcc_arm/9_2020q2/bin/../lib/gcc/arm-none-eabi/9.3.1/thumb/v8-m.main+fp/hard\libgcc.a(_aeabi_ldivmod.o)
                              ./ra/fsp/src/r_sci_uart/r_sci_uart.o (__aeabi_ldivmod)
c:/renesas/ra/e2studio_v2021-04_fsp_v3.0.0/toolchains/gcc_arm/9_2020q2/bin/../lib/gcc/arm-none-eabi/9.3.1/thumb/v8-m.main+fp/hard\libgcc.a(_udivmoddi4.o)
                              c:/renesas/ra/e2studio_v2021-04_fsp_v3.0.0/toolchains/gcc_arm/9_2020q2/bin/../lib/gcc/arm-none-eabi/9.3.1/thumb/v8-m.main+fp/hard\libgcc.a(_aeabi_ldivmod.o) (__udivmoddi4)
c:/renesas/ra/e2studio_v2021-04_fsp_v3.0.0/toolchains/gcc_arm/9_2020q2/bin/../lib/gcc/arm-none-eabi/9.3.1/thumb/v8-m.main+fp/hard\libgcc.a(_dvmd_tls.o)
                              c:/renesas/ra/e2studio_v2021-04_fsp_v3.0.0/toolchains/gcc_arm/9_2020q2/bin/../lib/gcc/arm-none-eabi/9.3.1/thumb/v8-m.main+fp/hard\libgcc.a(_aeabi_ldivmod.o) (__aeabi_ldiv0)
c:/renesas/ra/e2studio_v2021-04_fsp_v3.0.0/toolchains/gcc_arm/9_2020q2/bin/../lib/gcc/arm-none-eabi/9.3.1/../../../../arm-none-eabi/lib/thumb/v8-m.main+fp/hard\libg_nano.a(lib_a-errno.o)
                              ./ra/fsp/src/bsp/mcu/all/bsp_sbrk.o (__errno)
c:/renesas/ra/e2studio_v2021-04_fsp_v3.0.0/toolchains/gcc_arm/9_2020q2/bin/../lib/gcc/arm-none-eabi/9.3.1/../../../../arm-none-eabi/lib/thumb/v8-m.main+fp/hard\libg_nano.a(lib_a-exit.o)
                              c:/renesas/ra/e2studio_v2021-04_fsp_v3.0.0/toolchains/gcc_arm/9_2020q2/bin/../lib/gcc/arm-none-eabi/9.3.1/../../../../arm-none-eabi/lib/thumb/v8-m.main+fp/hard/rdimon-crt0.o (exit)
c:/renesas/ra/e2studio_v2021-04_fsp_v3.0.0/toolchains/gcc_arm/9_2020q2/bin/../lib/gcc/arm-none-eabi/9.3.1/../../../../arm-none-eabi/lib/thumb/v8-m.main+fp/hard\libg_nano.a(lib_a-impure.o)
                              c:/renesas/ra/e2studio_v2021-04_fsp_v3.0.0/toolchains/gcc_arm/9_2020q2/bin/../lib/gcc/arm-none-eabi/9.3.1/../../../../arm-none-eabi/lib/thumb/v8-m.main+fp/hard\libg_nano.a(lib_a-exit.o) (_global_impure_ptr)
c:/renesas/ra/e2studio_v2021-04_fsp_v3.0.0/toolchains/gcc_arm/9_2020q2/bin/../lib/gcc/arm-none-eabi/9.3.1/../../../../arm-none-eabi/lib/thumb/v8-m.main+fp/hard\libg_nano.a(lib_a-init.o)
                              c:/renesas/ra/e2studio_v2021-04_fsp_v3.0.0/toolchains/gcc_arm/9_2020q2/bin/../lib/gcc/arm-none-eabi/9.3.1/../../../../arm-none-eabi/lib/thumb/v8-m.main+fp/hard/rdimon-crt0.o (__libc_init_array)
c:/renesas/ra/e2studio_v2021-04_fsp_v3.0.0/toolchains/gcc_arm/9_2020q2/bin/../lib/gcc/arm-none-eabi/9.3.1/../../../../arm-none-eabi/lib/thumb/v8-m.main+fp/hard\libg_nano.a(lib_a-memcpy-stub.o)
                              ./ra/fsp/src/r_sci_uart/r_sci_uart.o (memcpy)
c:/renesas/ra/e2studio_v2021-04_fsp_v3.0.0/toolchains/gcc_arm/9_2020q2/bin/../lib/gcc/arm-none-eabi/9.3.1/../../../../arm-none-eabi/lib/thumb/v8-m.main+fp/hard\libg_nano.a(lib_a-memset.o)
                              c:/renesas/ra/e2studio_v2021-04_fsp_v3.0.0/toolchains/gcc_arm/9_2020q2/bin/../lib/gcc/arm-none-eabi/9.3.1/../../../../arm-none-eabi/lib/thumb/v8-m.main+fp/hard/rdimon-crt0.o (memset)
c:/renesas/ra/e2studio_v2021-04_fsp_v3.0.0/toolchains/gcc_arm/9_2020q2/bin/../lib/gcc/arm-none-eabi/9.3.1/../../../../arm-none-eabi/lib/thumb/v8-m.main+fp/hard\libg_nano.a(lib_a-strcmp.o)
                              ./mlos/services/mlos_log.o (strcmp)
c:/renesas/ra/e2studio_v2021-04_fsp_v3.0.0/toolchains/gcc_arm/9_2020q2/bin/../lib/gcc/arm-none-eabi/9.3.1/../../../../arm-none-eabi/lib/thumb/v8-m.main+fp/hard\libg_nano.a(lib_a-strcpy.o)
                              ./mlos/os/mlos_task.o (strcpy)
c:/renesas/ra/e2studio_v2021-04_fsp_v3.0.0/toolchains/gcc_arm/9_2020q2/bin/../lib/gcc/arm-none-eabi/9.3.1/../../../../arm-none-eabi/lib/thumb/v8-m.main+fp/hard\libg_nano.a(lib_a-strlen.o)
                              ./mlos/services/mlos_shell.o (strlen)
c:/renesas/ra/e2studio_v2021-04_fsp_v3.0.0/toolchains/gcc_arm/9_2020q2/bin/../lib/gcc/arm-none-eabi/9.3.1/../../../../arm-none-eabi/lib/thumb/v8-m.main+fp/hard\libg_nano.a(lib_a-vsprintf.o)
                              ./mlos/services/mlos_log.o (vsprintf)
c:/renesas/ra/e2studio_v2021-04_fsp_v3.0.0/toolchains/gcc_arm/9_2020q2/bin/../lib/gcc/arm-none-eabi/9.3.1/../../../../arm-none-eabi/lib/thumb/v8-m.main+fp/hard\libg_nano.a(lib_a-nano-svfprintf.o)
                              c:/renesas/ra/e2studio_v2021-04_fsp_v3.0.0/toolchains/gcc_arm/9_2020q2/bin/../lib/gcc/arm-none-eabi/9.3.1/../../../../arm-none-eabi/lib/thumb/v8-m.main+fp/hard\libg_nano.a(lib_a-vsprintf.o) (_svfprintf_r)
c:/renesas/ra/e2studio_v2021-04_fsp_v3.0.0/toolchains/gcc_arm/9_2020q2/bin/../lib/gcc/arm-none-eabi/9.3.1/../../../../arm-none-eabi/lib/thumb/v8-m.main+fp/hard\libg_nano.a(lib_a-nano-vfprintf_i.o)
[...]
Memory Configuration

Name             Origin             Length             Attributes
FLASH            0x00000000         0x00010000         xr
RAM              0x20000000         0x00040000         xrw
DATA_FLASH       0x08000000         0x00002000         xr
QSPI_FLASH       0x60000000         0x04000000         xr
OSPI_DEVICE_0    0x68000000         0x08000000         xr
OSPI_DEVICE_1    0x70000000         0x10000000         xr
SDRAM            0x90000000         0x00000000         xrw
OPTION_SETTING   0x0100a100         0x00000100         r
OPTION_SETTING_S 0x0100a200         0x00000100         r
ID_CODE          0x00000000         0x00000000         xr
*default*        0x00000000         0xffffffff

Linker script and memory map

LOAD c:/renesas/ra/e2studio_v2021-04_fsp_v3.0.0/toolchains/gcc_arm/9_2020q2/bin/../lib/gcc/arm-none-eabi/9.3.1/thumb/v8-m.main+fp/hard/crti.o
LOAD c:/renesas/ra/e2studio_v2021-04_fsp_v3.0.0/toolchains/gcc_arm/9_2020q2/bin/../lib/gcc/arm-none-eabi/9.3.1/thumb/v8-m.main+fp/hard/crtbegin.o
LOAD c:/renesas/ra/e2studio_v2021-04_fsp_v3.0.0/toolchains/gcc_arm/9_2020q2/bin/../lib/gcc/arm-none-eabi/9.3.1/../../../../arm-none-eabi/lib/thumb/v8-m.main+fp/hard/rdimon-crt0.o
START GROUP
LOAD ./src/hal_entry.o
LOAD ./ra_gen/common_data.o
LOAD ./ra_gen/hal_data.o
LOAD ./ra_gen/main.o
LOAD ./ra_gen/pin_data.o
LOAD ./ra_gen/vector_data.o
LOAD ./ra/fsp/src/r_spi/r_spi.o
LOAD ./ra/fsp/src/r_sci_uart/r_sci_uart.o
LOAD ./ra/fsp/src/r_qspi/r_qspi.o
LOAD ./ra/fsp/src/r_ioport/r_ioport.o
LOAD ./ra/fsp/src/r_gpt/r_gpt.o
LOAD ./ra/fsp/src/r_flash_hp/r_flash_hp.o
LOAD ./ra/fsp/src/r_dtc/r_dtc.o
LOAD ./ra/fsp/src/r_can/r_can.o
LOAD ./ra/fsp/src/bsp/mcu/all/bsp_clocks.o
LOAD ./ra/fsp/src/bsp/mcu/all/bsp_common.o
LOAD ./ra/fsp/src/bsp/mcu/all/bsp_delay.o
LOAD ./ra/fsp/src/bsp/mcu/all/bsp_group_irq.o
LOAD ./ra/fsp/src/bsp/mcu/all/bsp_guard.o
LOAD ./ra/fsp/src/bsp/mcu/all/bsp_io.o
LOAD ./ra/fsp/src/bsp/mcu/all/bsp_irq.o
LOAD ./ra/fsp/src/bsp/mcu/all/bsp_register_protection.o
LOAD ./ra/fsp/src/bsp/mcu/all/bsp_rom_registers.o
LOAD ./ra/fsp/src/bsp/mcu/all/bsp_sbrk.o
LOAD ./ra/fsp/src/bsp/mcu/all/bsp_security.o
LOAD ./ra/fsp/src/bsp/cmsis/Device/RENESAS/Source/startup.o
LOAD ./ra/fsp/src/bsp/cmsis/Device/RENESAS/Source/system.o
LOAD ./public/u_function.o
LOAD ./public/u_led.o
LOAD ./public/u_setting.o
LOAD ./public/u_setting_tool_ntp.o
LOAD ./mlos/services/mlos_log.o
LOAD ./mlos/services/mlos_shell.o
LOAD ./mlos/port/RA6M4/mlos_port.o
LOAD ./mlos/os/mlos.o
LOAD ./mlos/os/mlos_clock.o
LOAD ./mlos/os/mlos_list.o
LOAD ./mlos/os/mlos_ltimer.o
LOAD ./mlos/os/mlos_malloc.o
LOAD ./mlos/os/mlos_mpump.o
LOAD ./mlos/os/mlos_que.o
LOAD ./mlos/os/mlos_rtimer.o
LOAD ./mlos/os/mlos_task.o
LOAD ./mllib/upper/upper_ntp.o
LOAD ./mllib/tool/tool.o
LOAD ./mllib/ntp/w5500/ra6m4/ntp_w5500_spi_driver.o
LOAD ./mllib/ntp/w5500/ntp_w5500.o
LOAD ./mllib/ntp/ntp.o
LOAD ./mllib/ntp/ntp_usocket.o
LOAD ./mllib/mlflash/mcuflash/RA6M4/mcu_flash.o
LOAD ./mllib/iap/mc_ra6m4_iap_protocol/iap_tool_ntp.o
LOAD ./mllib/iap/mc_ra6m4_iap_protocol/iap_upper_ntp.o
LOAD ./mllib/iap/RA6M4/iap_mcu_port.o
LOAD ./mllib/iap/iap.o
LOAD ./mllib/dataStorage/ds.o
LOAD ./mllib/dataStorage/ds_tray_file.o
LOAD ./boot/u_boot.o
END GROUP
START GROUP
LOAD c:/renesas/ra/e2studio_v2021-04_fsp_v3.0.0/toolchains/gcc_arm/9_2020q2/bin/../lib/gcc/arm-none-eabi/9.3.1/thumb/v8-m.main+fp/hard\libgcc.a
LOAD c:/renesas/ra/e2studio_v2021-04_fsp_v3.0.0/toolchains/gcc_arm/9_2020q2/bin/../lib/gcc/arm-none-eabi/9.3.1/../../../../arm-none-eabi/lib/thumb/v8-m.main+fp/hard\libg_nano.a
LOAD c:/renesas/ra/e2studio_v2021-04_fsp_v3.0.0/toolchains/gcc_arm/9_2020q2/bin/../lib/gcc/arm-none-eabi/9.3.1/../../../../arm-none-eabi/lib/thumb/v8-m.main+fp/hard\libc_nano.a
END GROUP
START GROUP
LOAD c:/renesas/ra/e2studio_v2021-04_fsp_v3.0.0/toolchains/gcc_arm/9_2020q2/bin/../lib/gcc/arm-none-eabi/9.3.1/thumb/v8-m.main+fp/hard\libgcc.a
LOAD c:/renesas/ra/e2studio_v2021-04_fsp_v3.0.0/toolchains/gcc_arm/9_2020q2/bin/../lib/gcc/arm-none-eabi/9.3.1/../../../../arm-none-eabi/lib/thumb/v8-m.main+fp/hard\libc_nano.a
LOAD c:/renesas/ra/e2studio_v2021-04_fsp_v3.0.0/toolchains/gcc_arm/9_2020q2/bin/../lib/gcc/arm-none-eabi/9.3.1/../../../../arm-none-eabi/lib/thumb/v8-m.main+fp/hard\librdimon_nano.a
END GROUP
START GROUP
LOAD c:/renesas/ra/e2studio_v2021-04_fsp_v3.0.0/toolchains/gcc_arm/9_2020q2/bin/../lib/gcc/arm-none-eabi/9.3.1/thumb/v8-m.main+fp/hard\libgcc.a
LOAD c:/renesas/ra/e2studio_v2021-04_fsp_v3.0.0/toolchains/gcc_arm/9_2020q2/bin/../lib/gcc/arm-none-eabi/9.3.1/../../../../arm-none-eabi/lib/thumb/v8-m.main+fp/hard\libc_nano.a
LOAD c:/renesas/ra/e2studio_v2021-04_fsp_v3.0.0/toolchains/gcc_arm/9_2020q2/bin/../lib/gcc/arm-none-eabi/9.3.1/../../../../arm-none-eabi/lib/thumb/v8-m.main+fp/hard\librdimon_nano.a
END GROUP
LOAD c:/renesas/ra/e2studio_v2021-04_fsp_v3.0.0/toolchains/gcc_arm/9_2020q2/bin/../lib/gcc/arm-none-eabi/9.3.1/thumb/v8-m.main+fp/hard/crtend.o
LOAD c:/renesas/ra/e2studio_v2021-04_fsp_v3.0.0/toolchains/gcc_arm/9_2020q2/bin/../lib/gcc/arm-none-eabi/9.3.1/thumb/v8-m.main+fp/hard/crtn.o
                0x20000000                RAM_START = 0x20000000
                0x00040000                RAM_LENGTH = 0x40000
                0x00000000                FLASH_START = 0x0
                0x00010000                FLASH_LENGTH = 0x10000
                0x08000000                DATA_FLASH_START = 0x8000000
                0x00002000                DATA_FLASH_LENGTH = 0x2000
                0x0100a100                OPTION_SETTING_START = 0x100a100
                0x00000100                OPTION_SETTING_LENGTH = 0x100
                0x0100a200                OPTION_SETTING_S_START = 0x100a200
                0x00000100                OPTION_SETTING_S_LENGTH = 0x100
                0x00000000                ID_CODE_START = 0x0
                0x00000000                ID_CODE_LENGTH = 0x0
                0x90000000                SDRAM_START = 0x90000000
                0x00000000                SDRAM_LENGTH = 0x0
                0x60000000                QSPI_FLASH_START = 0x60000000
                0x04000000                QSPI_FLASH_LENGTH = 0x4000000
                0x68000000                OSPI_DEVICE_0_START = 0x68000000
                0x08000000                OSPI_DEVICE_0_LENGTH = 0x8000000
                0x70000000                OSPI_DEVICE_1_START = 0x70000000
                0x10000000                OSPI_DEVICE_1_LENGTH = 0x10000000
                0x04000000                QSPI_FLASH_PRV_LENGTH = DEFINED (QSPI_FLASH_SIZE)?ABSOLUTE (QSPI_FLASH_SIZE):ABSOLUTE (QSPI_FLASH_LENGTH)
                0x08000000                OSPI_DEVICE_0_PRV_LENGTH = DEFINED (OSPI_DEVICE_0_SIZE)?ABSOLUTE (OSPI_DEVICE_0_SIZE):ABSOLUTE (OSPI_DEVICE_0_LENGTH)
                0x10000000                OSPI_DEVICE_1_PRV_LENGTH = DEFINED (OSPI_DEVICE_1_SIZE)?ABSOLUTE (OSPI_DEVICE_1_SIZE):ABSOLUTE (OSPI_DEVICE_1_LENGTH)
                0x00000000                __RESERVE_NS_RAM = ((! (DEFINED (PROJECT_NONSECURE)) && DEFINED (RAM_NS_BUFFER_LENGTH)) && (OPTION_SETTING_S_LENGTH != 0x0))
                0x00000000                RAM_NS_BUFFER_BLOCK_LENGTH = DEFINED (RAM_NS_BUFFER_LENGTH)?ALIGN (RAM_NS_BUFFER_LENGTH, 0x2000):0x0
                0x00000000                RAM_NS_BUFFER_LENGTH = DEFINED (RAM_NS_BUFFER_LENGTH)?RAM_NS_BUFFER_LENGTH:0x0
                0x20040000                RAM_NS_BUFFER_START = ((RAM_START + RAM_LENGTH) - RAM_NS_BUFFER_LENGTH)
                0x20040000                RAM_NS_BUFFER_BLOCK_START = ((RAM_START + RAM_LENGTH) - RAM_NS_BUFFER_BLOCK_LENGTH)
                0x0100a180                OPTION_SETTING_START_NS = 0x100a180
                0x00000001                __bl_FSP_BOOTABLE_IMAGE = 0x1
                0x00000001                __bln_FSP_BOOTABLE_IMAGE = 0x1
                0x00000001                PROJECT_SECURE_OR_FLAT = ((! (DEFINED (PROJECT_NONSECURE)) && OPTION_SETTING_LENGTH) && ! (DEFINED (FSP_BOOTABLE_IMAGE)))
                0x00000000                USE_OPTION_SETTING_NS = (DEFINED (PROJECT_NONSECURE) && ! (DEFINED (FSP_BOOTABLE_IMAGE)))
                0x00000000                __bl_FLASH_IMAGE_START = ! (DEFINED (FLASH_BOOTLOADER_LENGTH))?0x0:(FLASH_APPLICATION_IMAGE_NUMBER == 0x1)?(FLASH_BOOTLOADER_LENGTH + FLASH_BOOTLOADER_HEADER_LENGTH):(((FLASH_BOOTLOADER_LENGTH + FLASH_BOOTLOADER_SCRATCH_LENGTH) + FLASH_APPLICATION_S_LENGTH) + FLASH_BOOTLOADER_HEADER_LENGTH)
                0x00000000                __bl_FLASH_IMAGE_LENGTH = ! (DEFINED (FLASH_BOOTLOADER_LENGTH))?0x0:(FLASH_APPLICATION_S_LENGTH - FLASH_BOOTLOADER_HEADER_LENGTH)
                0x00000000                __bl_FLASH_IMAGE_END = (__bl_FLASH_IMAGE_START + __bl_FLASH_IMAGE_LENGTH)
                0x00000000                __bl_FLASH_NS_START = ! (DEFINED (FLASH_BOOTLOADER_LENGTH))?0x0:(FLASH_APPLICATION_NS_LENGTH == 0x0)?__bl_FLASH_IMAGE_END:((__bl_FLASH_IMAGE_START - FLASH_BOOTLOADER_HEADER_LENGTH) + FLASH_APPLICATION_S_LENGTH)
                0x00000000                __bl_FLASH_NSC_START = ! (DEFINED (FLASH_BOOTLOADER_LENGTH))?0x0:(FLASH_APPLICATION_NS_LENGTH == 0x0)?__bl_FLASH_IMAGE_END:(__bl_FLASH_NS_START - FLASH_APPLICATION_NSC_LENGTH)
                0x00000000                __bl_RAM_NS_START = ! (DEFINED (FLASH_BOOTLOADER_LENGTH))?0x0:(FLASH_APPLICATION_NS_LENGTH == 0x0)?(RAM_START + RAM_LENGTH):((RAM_START + RAM_LENGTH) - RAM_APPLICATION_NS_LENGTH)
                0x00000000                __bl_RAM_NSC_START = ! (DEFINED (FLASH_BOOTLOADER_LENGTH))?0x0:(FLASH_APPLICATION_NS_LENGTH == 0x0)?(RAM_START + RAM_LENGTH):(__bl_RAM_NS_START - RAM_APPLICATION_NSC_LENGTH)
                0x00000000                __bl_FLASH_NS_IMAGE_START = ! (DEFINED (FLASH_BOOTLOADER_LENGTH))?0x0:(FLASH_APPLICATION_NS_LENGTH == 0x0)?__bl_FLASH_IMAGE_END:(__bl_FLASH_NS_START + FLASH_BOOTLOADER_HEADER_LENGTH_2)
                0x00000000                __bln_FLASH_IMAGE_START = __bl_FLASH_NS_IMAGE_START
                0x00000000                __bln_FLASH_IMAGE_LENGTH = ! (DEFINED (FLASH_BOOTLOADER_LENGTH))?0x0:(FLASH_APPLICATION_NS_LENGTH == 0x0)?__bl_FLASH_IMAGE_END:(FLASH_APPLICATION_NS_LENGTH - FLASH_BOOTLOADER_HEADER_LENGTH_2)
                0x00000000                FLASH_ORIGIN = DEFINED (FLASH_IMAGE_START)?FLASH_IMAGE_START:FLASH_START
                0x00010000                LIMITED_FLASH_LENGTH = DEFINED (FLASH_IMAGE_LENGTH)?FLASH_IMAGE_LENGTH:DEFINED (FLASH_BOOTLOADER_LENGTH)?FLASH_BOOTLOADER_LENGTH:FLASH_LENGTH
START GROUP
LOAD c:/renesas/ra/e2studio_v2021-04_fsp_v3.0.0/toolchains/gcc_arm/9_2020q2/bin/../lib/gcc/arm-none-eabi/9.3.1/thumb/v8-m.main+fp/hard\libgcc.a
LOAD c:/renesas/ra/e2studio_v2021-04_fsp_v3.0.0/toolchains/gcc_arm/9_2020q2/bin/../lib/gcc/arm-none-eabi/9.3.1/../../../../arm-none-eabi/lib/thumb/v8-m.main+fp/hard\libc.a
LOAD c:/renesas/ra/e2studio_v2021-04_fsp_v3.0.0/toolchains/gcc_arm/9_2020q2/bin/../lib/gcc/arm-none-eabi/9.3.1/../../../../arm-none-eabi/lib/thumb/v8-m.main+fp/hard\libm.a
LOAD c:/renesas/ra/e2studio_v2021-04_fsp_v3.0.0/toolchains/gcc_arm/9_2020q2/bin/../lib/gcc/arm-none-eabi/9.3.1/../../../../arm-none-eabi/lib/thumb/v8-m.main+fp/hard\libnosys.a
END GROUP

.text           0x00000000     0x57f4
                0x00000000                __tz_FLASH_S = ABSOLUTE (FLASH_START)
                0x00000000                __ROM_Start = .
 *(.fixed_vectors*)
 .fixed_vectors
                0x00000000       0x40 ./ra/fsp/src/bsp/cmsis/Device/RENESAS/Source/startup.o
                0x00000000                __Vectors
 *(.application_vectors*)
 .application_vectors
                0x00000040      0x180 ./ra_gen/vector_data.o
                0x00000040                g_vector_table
                0x000001c0                __Vectors_End = .
                0x000001c0                . = (OPTION_SETTING_LENGTH > 0x0)?.:(__ROM_Start + 0x400)
 *(.rom_registers*)
                0x000001c0                . = (OPTION_SETTING_LENGTH > 0x0)?.:(__ROM_Start + 0x500)
 *(.text*)
 .text          0x000001c0       0x40 c:/renesas/ra/e2studio_v2021-04_fsp_v3.0.0/toolchains/gcc_arm/9_2020q2/bin/../lib/gcc/arm-none-eabi/9.3.1/thumb/v8-m.main+fp/hard/crtbegin.o
 .text.hal_entry
                0x00000200       0x14 ./src/hal_entry.o
                0x00000200                hal_entry
 .text.R_BSP_WarmStart
                0x00000214       0x18 ./src/hal_entry.o
                0x00000214                R_BSP_WarmStart
 .text.startup.main
                0x0000022c        0xc ./ra_gen/main.o
                0x0000022c                main
 .text.r_spi_call_callback
                0x00000238       0x40 ./ra/fsp/src/r_spi/r_spi.o
 .text.R_SPI_Open
                0x00000278      0x254 ./ra/fsp/src/r_spi/r_spi.o
                0x00000278                R_SPI_Open
 .text.r_spi_bit_width_config
                0x000004cc       0x58 ./ra/fsp/src/r_spi/r_spi.o
                0x000004cc                r_spi_bit_width_config
 .text.spi_rxi_isr
                0x00000524       0x94 ./ra/fsp/src/r_spi/r_spi.o
                0x00000524                spi_rxi_isr
 .text.spi_txi_isr
                0x000005b8       0xcc ./ra/fsp/src/r_spi/r_spi.o
                0x000005b8                spi_txi_isr
 .text.spi_tei_isr
                0x00000684       0x74 ./ra/fsp/src/r_spi/r_spi.o
                0x00000684                spi_tei_isr
 .text.spi_eri_isr
                0x000006f8       0x74 ./ra/fsp/src/r_spi/r_spi.o
                0x000006f8                spi_eri_isr
 .text.r_sci_uart_call_callback
                0x0000076c       0x44 ./ra/fsp/src/r_sci_uart/r_sci_uart.o
 .text.sci_uart_txi_isr
                0x000007b0       0x84 ./ra/fsp/src/r_sci_uart/r_sci_uart.o
                0x000007b0                sci_uart_txi_isr
 .text.sci_uart_rxi_isr
                0x00000834       0x8c ./ra/fsp/src/r_sci_uart/r_sci_uart.o
                0x00000834                sci_uart_rxi_isr
 .text.sci_uart_tei_isr
                0x000008c0       0x3c ./ra/fsp/src/r_sci_uart/r_sci_uart.o
                0x000008c0                sci_uart_tei_isr
 .text.sci_uart_eri_isr
                0x000008fc       0x64 ./ra/fsp/src/r_sci_uart/r_sci_uart.o
                0x000008fc                sci_uart_eri_isr
 .text.R_IOPORT_PinWrite
                0x00000960       0x20 ./ra/fsp/src/r_ioport/r_ioport.o
                0x00000960                R_IOPORT_PinWrite
 .text.bsp_vbatt_init.isra.0
                0x00000980       0xac ./ra/fsp/src/r_ioport/r_ioport.o
 .text.r_ioport_pins_config
                0x00000a2c       0xd4 ./ra/fsp/src/r_ioport/r_ioport.o
 .text.R_IOPORT_Open
                0x00000b00       0x18 ./ra/fsp/src/r_ioport/r_ioport.o
                0x00000b00                R_IOPORT_Open
 .text.R_GPT_Stop
                0x00000b18        0xc ./ra/fsp/src/r_gpt/r_gpt.o
                0x00000b18                R_GPT_Stop
 .text.R_GPT_Start
                0x00000b24        0xc ./ra/fsp/src/r_gpt/r_gpt.o
                0x00000b24                R_GPT_Start
 .text.R_GPT_Reset
                0x00000b30        0xc ./ra/fsp/src/r_gpt/r_gpt.o
                0x00000b30                R_GPT_Reset
 .text.r_gpt_enable_irq
                0x00000b3c       0x58 ./ra/fsp/src/r_gpt/r_gpt.o
 .text.R_GPT_Open
                0x00000b94      0x100 ./ra/fsp/src/r_gpt/r_gpt.o
                0x00000b94                R_GPT_Open
 .text.r_gpt_call_callback
                0x00000c94       0x3c ./ra/fsp/src/r_gpt/r_gpt.o
 .text.gpt_counter_overflow_isr
                0x00000cd0       0x78 ./ra/fsp/src/r_gpt/r_gpt.o
                0x00000cd0                gpt_counter_overflow_isr
 .text.flash_hp_init
                0x00000d48      0x114 ./ra/fsp/src/r_flash_hp/r_flash_hp.o
 .text.R_FLASH_HP_Open
                0x00000e5c       0xe0 ./ra/fsp/src/r_flash_hp/r_flash_hp.o
                0x00000e5c                R_FLASH_HP_Open
 .text.flash_hp_enter_pe_df_mode.isra.0
                0x00000f3c       0xb4 ./ra/fsp/src/r_flash_hp/r_flash_hp.o
 .text.R_FLASH_HP_Write
                0x00000ff0       0x80 ./ra/fsp/src/r_flash_hp/r_flash_hp.o
                0x00000ff0                R_FLASH_HP_Write
 .text.R_FLASH_HP_Erase
                0x00001070       0xe4 ./ra/fsp/src/r_flash_hp/r_flash_hp.o
                0x00001070                R_FLASH_HP_Erase
 .text.R_FLASH_HP_StartUpAreaSelect
                0x00001154        0x4 ./ra/fsp/src/r_flash_hp/r_flash_hp.o
                0x00001154                R_FLASH_HP_StartUpAreaSelect
 .text.R_DTC_Reset
                0x00001158       0x9c ./ra/fsp/src/r_dtc/r_dtc.o
                0x00001158                R_DTC_Reset
 .text.R_DTC_SoftwareStart
                0x000011f4        0x4 ./ra/fsp/src/r_dtc/r_dtc.o
                0x000011f4                R_DTC_SoftwareStart
 .text.R_DTC_SoftwareStop
                0x000011f8        0x4 ./ra/fsp/src/r_dtc/r_dtc.o
                0x000011f8                R_DTC_SoftwareStop
 .text.R_DTC_Enable
                0x000011fc       0x1c ./ra/fsp/src/r_dtc/r_dtc.o
                0x000011fc                R_DTC_Enable
 .text.R_DTC_Disable
                0x00001218       0x1c ./ra/fsp/src/r_dtc/r_dtc.o
                0x00001218                R_DTC_Disable
 .text.R_DTC_InfoGet
                0x00001234       0x60 ./ra/fsp/src/r_dtc/r_dtc.o
                0x00001234                R_DTC_InfoGet
 .text.R_DTC_Close
                0x00001294       0x30 ./ra/fsp/src/r_dtc/r_dtc.o
                0x00001294                R_DTC_Close
 .text.r_dtc_set_info.isra.0
                0x000012c4       0x44 ./ra/fsp/src/r_dtc/r_dtc.o
 .text.R_DTC_Reconfigure
                0x00001308       0x54 ./ra/fsp/src/r_dtc/r_dtc.o
                0x00001308                R_DTC_Reconfigure
 .text.R_DTC_Open
                0x0000135c       0x88 ./ra/fsp/src/r_dtc/r_dtc.o
                0x0000135c                R_DTC_Open
 .text.r_can_call_callback.isra.0
                0x000013e4       0x64 ./ra/fsp/src/r_can/r_can.o
 .text.can_error_isr
                0x00001448       0xd8 ./ra/fsp/src/r_can/r_can.o
                0x00001448                can_error_isr
 .text.can_mailbox_rx_isr
                0x00001520      0x118 ./ra/fsp/src/r_can/r_can.o
                0x00001520                can_mailbox_rx_isr
 .text.can_mailbox_tx_isr
                0x00001638       0xa8 ./ra/fsp/src/r_can/r_can.o
                0x00001638                can_mailbox_tx_isr
 .text.SystemCoreClockUpdate
                0x000016e0       0x28 ./ra/fsp/src/bsp/mcu/all/bsp_clocks.o
                0x000016e0                SystemCoreClockUpdate
 .text.bsp_clock_init
                0x00001708      0x100 ./ra/fsp/src/bsp/mcu/all/bsp_clocks.o
                0x00001708                bsp_clock_init
 .text.bsp_init_internal
                0x00001808        0x4 ./ra/fsp/src/bsp/mcu/all/bsp_common.o
                0x00001808                bsp_init_internal
                0x00001808                bsp_init
 .text.NMI_Handler
                0x0000180c       0x38 ./ra/fsp/src/bsp/mcu/all/bsp_group_irq.o
                0x0000180c                NMI_Handler
 .text.bsp_irq_cfg
                0x00001844       0xa8 ./ra/fsp/src/bsp/mcu/all/bsp_irq.o
                0x00001844                bsp_irq_cfg
 .text.R_BSP_RegisterProtectEnable
                0x000018ec       0x60 ./ra/fsp/src/bsp/mcu/all/bsp_register_protection.o
                0x000018ec                R_BSP_RegisterProtectEnable
 .text.R_BSP_RegisterProtectDisable
                0x0000194c       0x50 ./ra/fsp/src/bsp/mcu/all/bsp_register_protection.o
                0x0000194c                R_BSP_RegisterProtectDisable
 .text._sbrk    0x0000199c       0x44 ./ra/fsp/src/bsp/mcu/all/bsp_sbrk.o
                0x0000199c                _sbrk
 .text.Default_Handler
                0x000019e0        0x4 ./ra/fsp/src/bsp/cmsis/Device/RENESAS/Source/startup.o
                0x000019e0                DebugMon_Handler
                0x000019e0                HardFault_Handler
                0x000019e0                SysTick_Handler
                0x000019e0                PendSV_Handler
                0x000019e0                UsageFault_Handler
                0x000019e0                SecureFault_Handler
                0x000019e0                Default_Handler
                0x000019e0                MemManage_Handler
                0x000019e0                SVC_Handler
                0x000019e0                BusFault_Handler
 .text.Reset_Handler
                0x000019e4        0xc ./ra/fsp/src/bsp/cmsis/Device/RENESAS/Source/startup.o
                0x000019e4                Reset_Handler
 .text.SystemInit
                0x000019f0       0xc0 ./ra/fsp/src/bsp/cmsis/Device/RENESAS/Source/system.o
                0x000019f0                SystemInit
 .text.crc16    0x00001ab0       0x40 ./public/u_function.o
                0x00001ab0                crc16
 .text.led_run  0x00001af0      0x144 ./public/u_led.o
                0x00001af0                led_run
 .text.led_init
                0x00001c34       0x4c ./public/u_led.o
                0x00001c34                led_init
 .text.setting_page_update
                0x00001c80       0x28 ./public/u_setting.o
                0x00001c80                setting_page_update
 .text.setting_init
                0x00001ca8      0x108 ./public/u_setting.o
                0x00001ca8                setting_init
 .text.setting_write
                0x00001db0       0x7c ./public/u_setting_tool_ntp.o
                0x00001db0                setting_write
 .text.setting_read
                0x00001e2c       0xc8 ./public/u_setting_tool_ntp.o
                0x00001e2c                setting_read
 .text.setting_tool_ntp_init
                0x00001ef4       0x20 ./public/u_setting_tool_ntp.o
                0x00001ef4                setting_tool_ntp_init
 .text.log_task
                0x00001f14       0x64 ./mlos/services/mlos_log.o
                0x00001f14                log_task
 .text.log_shell_cmd_handle
                0x00001f78      0x158 ./mlos/services/mlos_log.o
                0x00001f78                log_shell_cmd_handle
 .text.log_print
                0x000020d0       0x4c ./mlos/services/mlos_log.o
                0x000020d0                log_print
 .text.log_init
                0x0000211c       0x54 ./mlos/services/mlos_log.o
                0x0000211c                log_init
 .text.shell_cmd_reboot
                0x00002170       0x44 ./mlos/services/mlos_shell.o
                0x00002170                shell_cmd_reboot
 .text.shell_cmd_seek
                0x000021b4       0x28 ./mlos/services/mlos_shell.o
                0x000021b4                shell_cmd_seek
 .text.shell_cmd_help
                0x000021dc       0xf4 ./mlos/services/mlos_shell.o
                0x000021dc                shell_cmd_help
 .text.shell_print
                0x000022d0       0x34 ./mlos/services/mlos_shell.o
                0x000022d0                shell_print
 .text.shell_cmd_mem
                0x00002304       0x38 ./mlos/services/mlos_shell.o
                0x00002304                shell_cmd_mem
 .text.shell_cmd_register
                0x0000233c       0x44 ./mlos/services/mlos_shell.o
                0x0000233c                shell_cmd_register
 .text.shell_cmd_buf_read
                0x00002380       0xf4 ./mlos/services/mlos_shell.o
                0x00002380                shell_cmd_buf_read
 .text.shell_task
                0x00002474      0x124 ./mlos/services/mlos_shell.o
                0x00002474                shell_task
 .text.shell_init
                0x00002598       0x84 ./mlos/services/mlos_shell.o
                0x00002598                shell_init
 .text.port_clock_init
                0x0000261c       0x30 ./mlos/port/RA6M4/mlos_port.o
                0x0000261c                port_clock_init
 .text.mlos_clock_timer_isr
                0x0000264c       0x3c ./mlos/port/RA6M4/mlos_port.o
                0x0000264c                mlos_clock_timer_isr
 .text.task_clock_start
                0x00002688       0x20 ./mlos/port/RA6M4/mlos_port.o
                0x00002688                task_clock_start
 .text.task_clock_stop
                0x000026a8       0x20 ./mlos/port/RA6M4/mlos_port.o
                0x000026a8                task_clock_stop
 .text.port_mem_init
                0x000026c8       0x58 ./mlos/port/RA6M4/mlos_port.o
                0x000026c8                port_mem_init
 .text.mlos_init
                0x00002720       0x38 ./mlos/os/mlos.o
                0x00002720                mlos_init
 .text.mlos_us_delay
                0x00002758        0x4 ./mlos/os/mlos_clock.o
                0x00002758                mlos_us_delay
 .text.mlos_clock_init
                0x0000275c        0x4 ./mlos/os/mlos_clock.o
                0x0000275c                mlos_clock_init
 .text.list_dl_remove
                0x00002760       0x64 ./mlos/os/mlos_list.o
                0x00002760                list_dl_remove
 .text.list_append
                0x000027c4       0xa8 ./mlos/os/mlos_list.o
                0x000027c4                list_append
 .text.list_init
                0x0000286c       0x10 ./mlos/os/mlos_list.o
                0x0000286c                list_init
 .text.list_create
                0x0000287c       0x1c ./mlos/os/mlos_list.o
                0x0000287c                list_create
 .text.ltimer_create
                0x00002898       0x20 ./mlos/os/mlos_ltimer.o
                0x00002898                ltimer_create
 .text.mlos_mem_list
                0x000028b8        0x8 ./mlos/os/mlos_malloc.o
                0x000028b8                mlos_mem_list
 .text.mlos_malloc
                0x000028c0       0x60 ./mlos/os/mlos_malloc.o
                0x000028c0                mlos_malloc
 .text.mlos_mem_mount
                0x00002920       0x28 ./mlos/os/mlos_malloc.o
                0x00002920                mlos_mem_mount
 .text.mlos_mem_init
                0x00002948       0x18 ./mlos/os/mlos_malloc.o
                0x00002948                mlos_mem_init
 .text.mpump_create
                0x00002960       0x68 ./mlos/os/mlos_mpump.o
                0x00002960                mpump_create
 .text.list_message_register
                0x000029c8       0x54 ./mlos/os/mlos_mpump.o
                0x000029c8                list_message_register
 .text.consumer_register
                0x00002a1c       0x3c ./mlos/os/mlos_mpump.o
                0x00002a1c                consumer_register
 .text.mpump_consumer_register
                0x00002a58       0x38 ./mlos/os/mlos_mpump.o
                0x00002a58                mpump_consumer_register
 .text.mpump_consumers_find
                0x00002a90       0x30 ./mlos/os/mlos_mpump.o
                0x00002a90                mpump_consumers_find
 .text.mpump_dispatch
                0x00002ac0       0x2c ./mlos/os/mlos_mpump.o
                0x00002ac0                mpump_dispatch
 .text.rtimer_clock_overflow
                0x00002aec       0x44 ./mlos/os/mlos_rtimer.o
                0x00002aec                rtimer_clock_overflow
 .text.rtimer_start
                0x00002b30       0x44 ./mlos/os/mlos_rtimer.o
                0x00002b30                rtimer_start
 .text.rtimer_task
                0x00002b74       0xec ./mlos/os/mlos_rtimer.o
                0x00002b74                rtimer_task
 .text.rtimer_task_create
                0x00002c60       0x50 ./mlos/os/mlos_rtimer.o
                0x00002c60                rtimer_task_create
 .text.task_create
                0x00002cb0       0x7c ./mlos/os/mlos_task.o
                0x00002cb0                task_create
 .text.subtask_create
                0x00002d2c       0x20 ./mlos/os/mlos_task.o
                0x00002d2c                subtask_create
 .text.mlos_task_schedule
                0x00002d4c       0x84 ./mlos/os/mlos_task.o
                0x00002d4c                mlos_task_schedule
 .text.mlos_task_init
                0x00002dd0       0x54 ./mlos/os/mlos_task.o
                0x00002dd0                mlos_task_init
 .text.upper_datagram_process
                0x00002e24       0xb4 ./mllib/upper/upper_ntp.o
                0x00002e24                upper_datagram_process
 .text.upper_ntp_task
                0x00002ed8       0x68 ./mllib/upper/upper_ntp.o
                0x00002ed8                upper_ntp_task
 .text.upper_ntp_init
                0x00002f40       0x88 ./mllib/upper/upper_ntp.o
                0x00002f40                upper_ntp_init
 .text.tool_txbuf_malloc
                0x00002fc8       0x38 ./mllib/tool/tool.o
                0x00002fc8                tool_txbuf_malloc
 .text.tool_consumer_register
                0x00003000       0x10 ./mllib/tool/tool.o
                0x00003000                tool_consumer_register
 .text.tool_tx_data
                0x00003010       0xd0 ./mllib/tool/tool.o
                0x00003010                tool_tx_data
 .text.tool_packet_extract
                0x000030e0       0x9c ./mllib/tool/tool.o
                0x000030e0                tool_packet_extract
 .text.tool_task
                0x0000317c       0x78 ./mllib/tool/tool.o
                0x0000317c                tool_task
 .text.tool_init
                0x000031f4       0x60 ./mllib/tool/tool.o
                0x000031f4                tool_init
 .text.w5500_hdw_reset_enable
                0x00003254       0x10 ./mllib/ntp/w5500/ra6m4/ntp_w5500_spi_driver.o
                0x00003254                w5500_hdw_reset_enable
 .text.w5500_hdw_reset_disable
                0x00003264       0x10 ./mllib/ntp/w5500/ra6m4/ntp_w5500_spi_driver.o
                0x00003264                w5500_hdw_reset_disable
 .text.w5500_spi_callback
                0x00003274       0x14 ./mllib/ntp/w5500/ra6m4/ntp_w5500_spi_driver.o
                0x00003274                w5500_spi_callback
 .text.w5500_r_byte
                0x00003288       0x8c ./mllib/ntp/w5500/ra6m4/ntp_w5500_spi_driver.o
                0x00003288                w5500_r_byte
 .text.w5500_w_byte
                0x00003314       0x90 ./mllib/ntp/w5500/ra6m4/ntp_w5500_spi_driver.o
                0x00003314                w5500_w_byte
 .text.w5500_rw_buf
                0x000033a4       0xd8 ./mllib/ntp/w5500/ra6m4/ntp_w5500_spi_driver.o
                0x000033a4                w5500_rw_buf
 .text.w5500_spi_init
                0x0000347c       0x9c ./mllib/ntp/w5500/ra6m4/ntp_w5500_spi_driver.o
                0x0000347c                w5500_spi_init
 .text.w5500_ussn_generate
                0x00003518       0x10 ./mllib/ntp/w5500/ntp_w5500.o
                0x00003518                w5500_ussn_generate
 .text.w5500_network_card
                0x00003528        0x8 ./mllib/ntp/w5500/ntp_w5500.o
                0x00003528                w5500_network_card
 .text.w5500_interrupt_handler
                0x00003530       0x5c ./mllib/ntp/w5500/ntp_w5500.o
                0x00003530                w5500_interrupt_handler
 .text.w5500_rx_rsr
                0x0000358c       0x54 ./mllib/ntp/w5500/ntp_w5500.o
                0x0000358c                w5500_rx_rsr
 .text.w5500_tx_fsr
                0x000035e0       0x54 ./mllib/ntp/w5500/ntp_w5500.o
                0x000035e0                w5500_tx_fsr
 .text.w5500_socket_rx
                0x00003634       0xec ./mllib/ntp/w5500/ntp_w5500.o
                0x00003634                w5500_socket_rx
 .text.w5500_socket_tx
                0x00003720      0x134 ./mllib/ntp/w5500/ntp_w5500.o
                0x00003720                w5500_socket_tx
 .text.w5500_usocket_open
                0x00003854      0x198 ./mllib/ntp/w5500/ntp_w5500.o
                0x00003854                w5500_usocket_open
 .text.w5500_usocket_connect
                0x000039ec       0xe0 ./mllib/ntp/w5500/ntp_w5500.o
                0x000039ec                w5500_usocket_connect
 .text.w5500_usocket_close
                0x00003acc      0x100 ./mllib/ntp/w5500/ntp_w5500.o
                0x00003acc                w5500_usocket_close
 .text.w5500_usocket_work
                0x00003bcc       0x90 ./mllib/ntp/w5500/ntp_w5500.o
                0x00003bcc                w5500_usocket_work
 .text.w5500_reset
                0x00003c5c       0xc4 ./mllib/ntp/w5500/ntp_w5500.o
                0x00003c5c                w5500_reset
 .text.w5500_setting
                0x00003d20      0x11c ./mllib/ntp/w5500/ntp_w5500.o
                0x00003d20                w5500_setting
 .text.w5500_working
                0x00003e3c       0x64 ./mllib/ntp/w5500/ntp_w5500.o
                0x00003e3c                w5500_working
 .text.w5500_unlinked
                0x00003ea0       0x64 ./mllib/ntp/w5500/ntp_w5500.o
                0x00003ea0                w5500_unlinked
 .text.w5500_fsm_run
                0x00003f04       0x20 ./mllib/ntp/w5500/ntp_w5500.o
                0x00003f04                w5500_fsm_run
 .text.w5500_usocket_drive
                0x00003f24       0x50 ./mllib/ntp/w5500/ntp_w5500.o
                0x00003f24                w5500_usocket_drive
 .text.w5500_init
                0x00003f74       0x74 ./mllib/ntp/w5500/ntp_w5500.o
                0x00003f74                w5500_init
 .text.ntp_init
                0x00003fe8       0x50 ./mllib/ntp/ntp.o
                0x00003fe8                ntp_init
 .text.usocket_create
                0x00004038       0x78 ./mllib/ntp/ntp_usocket.o
                0x00004038                usocket_create
 .text.mcu_flash_erase
                0x000040b0       0x30 ./mllib/mlflash/mcuflash/RA6M4/mcu_flash.o
                0x000040b0                mcu_flash_erase
 .text.mcu_flash_write
                0x000040e0       0x5c ./mllib/mlflash/mcuflash/RA6M4/mcu_flash.o
                0x000040e0                mcu_flash_write
 .text.mcu_flash_read
                0x0000413c        0xc ./mllib/mlflash/mcuflash/RA6M4/mcu_flash.o
                0x0000413c                mcu_flash_read
 .text.mcu_flash_callback
                0x00004148       0x34 ./mllib/mlflash/mcuflash/RA6M4/mcu_flash.o
                0x00004148                mcu_flash_callback
 .text.mcu_flash_init
                0x0000417c       0x2c ./mllib/mlflash/mcuflash/RA6M4/mcu_flash.o
                0x0000417c                mcu_flash_init
 .text.iap_tool_start
                0x000041a8       0x50 ./mllib/iap/mc_ra6m4_iap_protocol/iap_tool_ntp.o
                0x000041a8                iap_tool_start
 .text.iap_tool_data
                0x000041f8       0x4c ./mllib/iap/mc_ra6m4_iap_protocol/iap_tool_ntp.o
                0x000041f8                iap_tool_data
 .text.iap_tool_backup
                0x00004244       0x64 ./mllib/iap/mc_ra6m4_iap_protocol/iap_tool_ntp.o
                0x00004244                iap_tool_backup
 .text.iap_mc_conn_reply
                0x000042a8       0x20 ./mllib/iap/mc_ra6m4_iap_protocol/iap_tool_ntp.o
                0x000042a8                iap_mc_conn_reply
 .text.iap_tool_connect
                0x000042c8       0x20 ./mllib/iap/mc_ra6m4_iap_protocol/iap_tool_ntp.o
                0x000042c8                iap_tool_connect
 .text.iap_mc_rerun_reply
                0x000042e8       0x28 ./mllib/iap/mc_ra6m4_iap_protocol/iap_tool_ntp.o
                0x000042e8                iap_mc_rerun_reply
 .text.iap_tool_rerun
                0x00004310       0x10 ./mllib/iap/mc_ra6m4_iap_protocol/iap_tool_ntp.o
                0x00004310                iap_tool_rerun
 .text.iap_tool_ntp_init
                0x00004320       0x44 ./mllib/iap/mc_ra6m4_iap_protocol/iap_tool_ntp.o
                0x00004320                iap_tool_ntp_init
 .text.iap_upper_ntp_init
                0x00004364        0x4 ./mllib/iap/mc_ra6m4_iap_protocol/iap_upper_ntp.o
                0x00004364                iap_upper_ntp_init
 .text.iap_app_exist
                0x00004368       0x10 ./mllib/iap/RA6M4/iap_mcu_port.o
                0x00004368                iap_app_exist
 .text.iap_disable_irq
                0x00004378      0x174 ./mllib/iap/RA6M4/iap_mcu_port.o
                0x00004378                iap_disable_irq
 .text.iap_set_msp
                0x000044ec       0x30 ./mllib/iap/RA6M4/iap_mcu_port.o
                0x000044ec                iap_set_msp
 .text.iap_run_app.part.0
                0x0000451c       0x1c ./mllib/iap/iap.o
 .text.iap_task
                0x00004538       0xd0 ./mllib/iap/iap.o
                0x00004538                iap_task
 .text.iap_be_ready
                0x00004608        0xc ./mllib/iap/iap.o
                0x00004608                iap_be_ready
 .text.iap_run_app
                0x00004614       0x14 ./mllib/iap/iap.o
                0x00004614                iap_run_app
 .text.iap_start
                0x00004628       0x54 ./mllib/iap/iap.o
                0x00004628                iap_start
 .text.iap_data
                0x0000467c       0x68 ./mllib/iap/iap.o
                0x0000467c                iap_data
 .text.iap_backup
                0x000046e4       0x14 ./mllib/iap/iap.o
                0x000046e4                iap_backup
 .text.iap_init
                0x000046f8       0x4c ./mllib/iap/iap.o
                0x000046f8                iap_init
 .text.boot_init
                0x00004744       0x48 ./boot/u_boot.o
                0x00004744                boot_init
 .text.__errno  0x0000478c        0xc c:/renesas/ra/e2studio_v2021-04_fsp_v3.0.0/toolchains/gcc_arm/9_2020q2/bin/../lib/gcc/arm-none-eabi/9.3.1/../../../../arm-none-eabi/lib/thumb/v8-m.main+fp/hard\libg_nano.a(lib_a-errno.o)
                0x0000478c                __errno
 .text.memcpy   0x00004798       0x1a c:/renesas/ra/e2studio_v2021-04_fsp_v3.0.0/toolchains/gcc_arm/9_2020q2/bin/../lib/gcc/arm-none-eabi/9.3.1/../../../../arm-none-eabi/lib/thumb/v8-m.main+fp/hard\libg_nano.a(lib_a-memcpy-stub.o)
                0x00004798                memcpy
 .text.memset   0x000047b2       0x10 c:/renesas/ra/e2studio_v2021-04_fsp_v3.0.0/toolchains/gcc_arm/9_2020q2/bin/../lib/gcc/arm-none-eabi/9.3.1/../../../../arm-none-eabi/lib/thumb/v8-m.main+fp/hard\libg_nano.a(lib_a-memset.o)
                0x000047b2                memset
 .text          0x000047c2       0x14 c:/renesas/ra/e2studio_v2021-04_fsp_v3.0.0/toolchains/gcc_arm/9_2020q2/bin/../lib/gcc/arm-none-eabi/9.3.1/../../../../arm-none-eabi/lib/thumb/v8-m.main+fp/hard\libg_nano.a(lib_a-strcmp.o)
                0x000047c2                strcmp
 .text          0x000047d6       0x10 c:/renesas/ra/e2studio_v2021-04_fsp_v3.0.0/toolchains/gcc_arm/9_2020q2/bin/../lib/gcc/arm-none-eabi/9.3.1/../../../../arm-none-eabi/lib/thumb/v8-m.main+fp/hard\libg_nano.a(lib_a-strlen.o)
                0x000047d6                strlen
 *fill*         0x000047e6        0x2 ff
 .text._vsprintf_r
                0x000047e8       0x2c c:/renesas/ra/e2studio_v2021-04_fsp_v3.0.0/toolchains/gcc_arm/9_2020q2/bin/../lib/gcc/arm-none-eabi/9.3.1/../../../../arm-none-eabi/lib/thumb/v8-m.main+fp/hard\libg_nano.a(lib_a-vsprintf.o)
                0x000047e8                _vsprintf_r
                0x000047e8                _vsiprintf_r
 .text.vsprintf
                0x00004814       0x14 c:/renesas/ra/e2studio_v2021-04_fsp_v3.0.0/toolchains/gcc_arm/9_2020q2/bin/../lib/gcc/arm-none-eabi/9.3.1/../../../../arm-none-eabi/lib/thumb/v8-m.main+fp/hard\libg_nano.a(lib_a-vsprintf.o)
                0x00004814                vsiprintf
                0x00004814                vsprintf
 .text.__ssputs_r
                0x00004828       0xb6 c:/renesas/ra/e2studio_v2021-04_fsp_v3.0.0/toolchains/gcc_arm/9_2020q2/bin/../lib/gcc/arm-none-eabi/9.3.1/../../../../arm-none-eabi/lib/thumb/v8-m.main+fp/hard\libg_nano.a(lib_a-nano-svfprintf.o)
                0x00004828                __ssputs_r
 *fill*         0x000048de        0x2 ff
 .text._svfprintf_r
                0x000048e0      0x200 c:/renesas/ra/e2studio_v2021-04_fsp_v3.0.0/toolchains/gcc_arm/9_2020q2/bin/../lib/gcc/arm-none-eabi/9.3.1/../../../../arm-none-eabi/lib/thumb/v8-m.main+fp/hard\libg_nano.a(lib_a-nano-svfprintf.o)
                0x000048e0                _svfiprintf_r
                0x000048e0                _svfprintf_r
 .text._printf_common
                0x00004ae0       0xe0 c:/renesas/ra/e2studio_v2021-04_fsp_v3.0.0/toolchains/gcc_arm/9_2020q2/bin/../lib/gcc/arm-none-eabi/9.3.1/../../../../arm-none-eabi/lib/thumb/v8-m.main+fp/hard\libg_nano.a(lib_a-nano-vfprintf_i.o)
                0x00004ae0                _printf_common
 .text._printf_i
                0x00004bc0      0x24c c:/renesas/ra/e2studio_v2021-04_fsp_v3.0.0/toolchains/gcc_arm/9_2020q2/bin/../lib/gcc/arm-none-eabi/9.3.1/../../../../arm-none-eabi/lib/thumb/v8-m.main+fp/hard\libg_nano.a(lib_a-nano-vfprintf_i.o)
                0x00004bc0                _printf_i
 .text.memchr   0x00004e0c       0x1c c:/renesas/ra/e2studio_v2021-04_fsp_v3.0.0/toolchains/gcc_arm/9_2020q2/bin/../lib/gcc/arm-none-eabi/9.3.1/../../../../arm-none-eabi/lib/thumb/v8-m.main+fp/hard\libg_nano.a(lib_a-memchr-stub.o)
                0x00004e0c                memchr
 .text.memmove  0x00004e28       0x34 c:/renesas/ra/e2studio_v2021-04_fsp_v3.0.0/toolchains/gcc_arm/9_2020q2/bin/../lib/gcc/arm-none-eabi/9.3.1/../../../../arm-none-eabi/lib/thumb/v8-m.main+fp/hard\libg_nano.a(lib_a-memmove.o)
                0x00004e28                memmove
 .text._free_r  0x00004e5c       0xa0 c:/renesas/ra/e2studio_v2021-04_fsp_v3.0.0/toolchains/gcc_arm/9_2020q2/bin/../lib/gcc/arm-none-eabi/9.3.1/../../../../arm-none-eabi/lib/thumb/v8-m.main+fp/hard\libg_nano.a(lib_a-nano-freer.o)
                0x00004e5c                _free_r
 .text._malloc_r
                0x00004efc       0xb4 c:/renesas/ra/e2studio_v2021-04_fsp_v3.0.0/toolchains/gcc_arm/9_2020q2/bin/../lib/gcc/arm-none-eabi/9.3.1/../../../../arm-none-eabi/lib/thumb/v8-m.main+fp/hard\libg_nano.a(lib_a-nano-mallocr.o)
                0x00004efc                _malloc_r
 .text._realloc_r
                0x00004fb0       0x4c c:/renesas/ra/e2studio_v2021-04_fsp_v3.0.0/toolchains/gcc_arm/9_2020q2/bin/../lib/gcc/arm-none-eabi/9.3.1/../../../../arm-none-eabi/lib/thumb/v8-m.main+fp/hard\libg_nano.a(lib_a-nano-reallocr.o)
                0x00004fb0                _realloc_r
 .text._sbrk_r  0x00004ffc       0x20 c:/renesas/ra/e2studio_v2021-04_fsp_v3.0.0/toolchains/gcc_arm/9_2020q2/bin/../lib/gcc/arm-none-eabi/9.3.1/../../../../arm-none-eabi/lib/thumb/v8-m.main+fp/hard\libg_nano.a(lib_a-sbrkr.o)
                0x00004ffc                _sbrk_r
 .text.__malloc_lock
                0x0000501c        0xc c:/renesas/ra/e2studio_v2021-04_fsp_v3.0.0/toolchains/gcc_arm/9_2020q2/bin/../lib/gcc/arm-none-eabi/9.3.1/../../../../arm-none-eabi/lib/thumb/v8-m.main+fp/hard\libg_nano.a(lib_a-mlock.o)
                0x0000501c                __malloc_lock
 .text.__malloc_unlock
                0x00005028        0xc c:/renesas/ra/e2studio_v2021-04_fsp_v3.0.0/toolchains/gcc_arm/9_2020q2/bin/../lib/gcc/arm-none-eabi/9.3.1/../../../../arm-none-eabi/lib/thumb/v8-m.main+fp/hard\libg_nano.a(lib_a-mlock.o)
                0x00005028                __malloc_unlock
 .text._malloc_usable_size_r
                0x00005034       0x10 c:/renesas/ra/e2studio_v2021-04_fsp_v3.0.0/toolchains/gcc_arm/9_2020q2/bin/../lib/gcc/arm-none-eabi/9.3.1/../../../../arm-none-eabi/lib/thumb/v8-m.main+fp/hard\libg_nano.a(lib_a-nano-msizer.o)
                0x00005034                _malloc_usable_size_r
 .text.__retarget_lock_acquire_recursive
                0x00005044        0x2 c:/renesas/ra/e2studio_v2021-04_fsp_v3.0.0/toolchains/gcc_arm/9_2020q2/bin/../lib/gcc/arm-none-eabi/9.3.1/../../../../arm-none-eabi/lib/thumb/v8-m.main+fp/hard\libg_nano.a(lib_a-lock.o)
                0x00005044                __retarget_lock_acquire_recursive
 .text.__retarget_lock_release_recursive
                0x00005046        0x2 c:/renesas/ra/e2studio_v2021-04_fsp_v3.0.0/toolchains/gcc_arm/9_2020q2/bin/../lib/gcc/arm-none-eabi/9.3.1/../../../../arm-none-eabi/lib/thumb/v8-m.main+fp/hard\libg_nano.a(lib_a-lock.o)
                0x00005046                __retarget_lock_release_recursive
 *(.version)
 .version       0x00005048       0x50 ./ra/fsp/src/bsp/mcu/all/bsp_common.o
 *(.init)
 .init          0x00005098        0x4 c:/renesas/ra/e2studio_v2021-04_fsp_v3.0.0/toolchains/gcc_arm/9_2020q2/bin/../lib/gcc/arm-none-eabi/9.3.1/thumb/v8-m.main+fp/hard/crti.o
                0x00005098                _init
 .init          0x0000509c        0x8 c:/renesas/ra/e2studio_v2021-04_fsp_v3.0.0/toolchains/gcc_arm/9_2020q2/bin/../lib/gcc/arm-none-eabi/9.3.1/thumb/v8-m.main+fp/hard/crtn.o
 *(.fini)
 .fini          0x000050a4        0x4 c:/renesas/ra/e2studio_v2021-04_fsp_v3.0.0/toolchains/gcc_arm/9_2020q2/bin/../lib/gcc/arm-none-eabi/9.3.1/thumb/v8-m.main+fp/hard/crti.o
                0x000050a4                _fini
 .fini          0x000050a8        0x8 c:/renesas/ra/e2studio_v2021-04_fsp_v3.0.0/toolchains/gcc_arm/9_2020q2/bin/../lib/gcc/arm-none-eabi/9.3.1/thumb/v8-m.main+fp/hard/crtn.o
 .fini.__stub   0x000050b0       0x60 linker stubs
 *crtbegin.o(.ctors)
 *crtbegin?.o(.ctors)
 *(EXCLUDE_FILE(*crtend.o *crtend?.o) .ctors)
 *(SORT_BY_NAME(.ctors.*))
 *(.ctors)
 *crtbegin.o(.dtors)
 *crtbegin?.o(.dtors)
 *(EXCLUDE_FILE(*crtend.o *crtend?.o) .dtors)
 *(SORT_BY_NAME(.dtors.*))
 *(.dtors)
 *(.rodata*)
 .rodata.g_mcuflash_cfg
                0x00005110       0x14 ./ra_gen/hal_data.o
                0x00005110                g_mcuflash_cfg
 .rodata.g_mlosClockTimer_cfg
                0x00005124       0x20 ./ra_gen/hal_data.o
                0x00005124                g_mlosClockTimer_cfg
 .rodata.g_mlosClockTimer_extend
                0x00005144       0x2c ./ra_gen/hal_data.o
                0x00005144                g_mlosClockTimer_extend
 .rodata.g_mlosTaskElapsedTimer_cfg
                0x00005170       0x20 ./ra_gen/hal_data.o
                0x00005170                g_mlosTaskElapsedTimer_cfg
 .rodata.g_mlosTaskElapsedTimer_extend
                0x00005190       0x2c ./ra_gen/hal_data.o
                0x00005190                g_mlosTaskElapsedTimer_extend
 .rodata.g_transfer0
                0x000051bc        0xc ./ra_gen/hal_data.o
                0x000051bc                g_transfer0
 .rodata.g_transfer0_cfg
                0x000051c8        0x8 ./ra_gen/hal_data.o
                0x000051c8                g_transfer0_cfg
 .rodata.g_transfer0_cfg_extend
                0x000051d0        0x1 ./ra_gen/hal_data.o
                0x000051d0                g_transfer0_cfg_extend
 *fill*         0x000051d1        0x3 ff
 .rodata.g_transfer1
                0x000051d4        0xc ./ra_gen/hal_data.o
                0x000051d4                g_transfer1
 .rodata.g_transfer1_cfg
                0x000051e0        0x8 ./ra_gen/hal_data.o
                0x000051e0                g_transfer1_cfg
 .rodata.g_transfer1_cfg_extend
                0x000051e8        0x1 ./ra_gen/hal_data.o
                0x000051e8                g_transfer1_cfg_extend
 *fill*         0x000051e9        0x3 ff
 .rodata.g_w5500spi_cfg
                0x000051ec       0x24 ./ra_gen/hal_data.o
                0x000051ec                g_w5500spi_cfg
 .rodata.g_w5500spi_ext_cfg
                0x00005210        0xc ./ra_gen/hal_data.o
                0x00005210                g_w5500spi_ext_cfg
 .rodata.g_bsp_pin_cfg
                0x0000521c        0x8 ./ra_gen/pin_data.o
                0x0000521c                g_bsp_pin_cfg
 .rodata.g_bsp_pin_cfg_data
                0x00005224      0x208 ./ra_gen/pin_data.o
                0x00005224                g_bsp_pin_cfg_data
 .rodata.g_interrupt_event_link_select
                0x0000542c       0xc0 ./ra_gen/vector_data.o
                0x0000542c                g_interrupt_event_link_select
 .rodata.g_transfer_on_dtc
                0x000054ec       0x24 ./ra/fsp/src/r_dtc/r_dtc.o
                0x000054ec                g_transfer_on_dtc
 .rodata.g_prcr_masks
                0x00005510        0x8 ./ra/fsp/src/bsp/mcu/all/bsp_register_protection.o
 .rodata.led_init.str1.4
                0x00005518        0x4 ./public/u_led.o
 .rodata.setting_init.str1.4
                0x0000551c        0x7 ./public/u_setting.o
 *fill*         0x00005523        0x1 ff
 .rodata.setFileMagicNumber
                0x00005524        0x8 ./public/u_setting.o
                0x00005524                setFileMagicNumber
 .rodata.log_shell_cmd_handle.str1.4
                0x0000552c       0x19 ./mlos/services/mlos_log.o
 *fill*         0x00005545        0x3 ff
 .rodata.log_init.str1.4
                0x00005548       0x3e ./mlos/services/mlos_log.o
 *fill*         0x00005586        0x2 ff
 .rodata.shell_cmd_reboot.str1.4
                0x00005588       0x16 ./mlos/services/mlos_shell.o
 *fill*         0x0000559e        0x2 ff
 .rodata.shell_cmd_help.str1.4
                0x000055a0       0x48 ./mlos/services/mlos_shell.o
 .rodata.shell_cmd_mem.str1.4
                0x000055e8       0x38 ./mlos/services/mlos_shell.o
 .rodata.shell_cmd_buf_read.str1.4
                0x00005620       0x56 ./mlos/services/mlos_shell.o
 *fill*         0x00005676        0x2 ff
 .rodata.shell_task.str1.4
                0x00005678       0x18 ./mlos/services/mlos_shell.o
 .rodata.shell_init.str1.4
                0x00005690       0x78 ./mlos/services/mlos_shell.o
 .rodata.rtimer_task_create.str1.4
                0x00005708        0x7 ./mlos/os/mlos_rtimer.o
 *fill*         0x0000570f        0x1 ff
 .rodata.upper_datagram_process.str1.4
                0x00005710       0x35 ./mllib/upper/upper_ntp.o
 *fill*         0x00005745        0x3 ff
 .rodata.upper_ntp_init.str1.4
                0x00005748        0x6 ./mllib/upper/upper_ntp.o
 *fill*         0x0000574e        0x2 ff
 .rodata.tool_init.str1.4
                0x00005750        0x5 ./mllib/tool/tool.o
 .rodata.ntp_init.str1.4
                0x00005755        0x7 ./mllib/ntp/ntp.o
 *fill*         0x00005755        0x3 ff
 .rodata.iap_init.str1.4
                0x00005758        0x4 ./mllib/iap/iap.o
 .rodata._svfprintf_r.str1.1
                0x0000575c       0x11 c:/renesas/ra/e2studio_v2021-04_fsp_v3.0.0/toolchains/gcc_arm/9_2020q2/bin/../lib/gcc/arm-none-eabi/9.3.1/../../../../arm-none-eabi/lib/thumb/v8-m.main+fp/hard\libg_nano.a(lib_a-nano-svfprintf.o)
 .rodata._printf_i.str1.1
                0x0000576d       0x22 c:/renesas/ra/e2studio_v2021-04_fsp_v3.0.0/toolchains/gcc_arm/9_2020q2/bin/../lib/gcc/arm-none-eabi/9.3.1/../../../../arm-none-eabi/lib/thumb/v8-m.main+fp/hard\libg_nano.a(lib_a-nano-vfprintf_i.o)
 *fill*         0x0000578f        0x1 ff
 .rodata.__sf_fake_stderr
                0x00005790       0x20 c:/renesas/ra/e2studio_v2021-04_fsp_v3.0.0/toolchains/gcc_arm/9_2020q2/bin/../lib/gcc/arm-none-eabi/9.3.1/../../../../arm-none-eabi/lib/thumb/v8-m.main+fp/hard\libc_nano.a(lib_a-findfp.o)
                0x00005790                __sf_fake_stderr
 .rodata.__sf_fake_stdin
                0x000057b0       0x20 c:/renesas/ra/e2studio_v2021-04_fsp_v3.0.0/toolchains/gcc_arm/9_2020q2/bin/../lib/gcc/arm-none-eabi/9.3.1/../../../../arm-none-eabi/lib/thumb/v8-m.main+fp/hard\libc_nano.a(lib_a-findfp.o)
                0x000057b0                __sf_fake_stdin
 .rodata.__sf_fake_stdout
                0x000057d0       0x20 c:/renesas/ra/e2studio_v2021-04_fsp_v3.0.0/toolchains/gcc_arm/9_2020q2/bin/../lib/gcc/arm-none-eabi/9.3.1/../../../../arm-none-eabi/lib/thumb/v8-m.main+fp/hard\libc_nano.a(lib_a-findfp.o)
                0x000057d0                __sf_fake_stdout
                0x000057f0                __usb_dev_descriptor_start_fs = .
 *(.usb_device_desc_fs*)
                0x000057f0                __usb_cfg_descriptor_start_fs = .
 *(.usb_config_desc_fs*)
                0x000057f0                __usb_interface_descriptor_start_fs = .
 *(.usb_interface_desc_fs*)
                0x000057f0                __usb_descriptor_end_fs = .
                0x000057f0                __usb_dev_descriptor_start_hs = .
 *(.usb_device_desc_hs*)
                0x000057f0                __usb_cfg_descriptor_start_hs = .
 *(.usb_config_desc_hs*)
                0x000057f0                __usb_interface_descriptor_start_hs = .
 *(.usb_interface_desc_hs*)
                0x000057f0                __usb_descriptor_end_hs = .
 *(.eh_frame*)
 .eh_frame      0x000057f0        0x0 c:/renesas/ra/e2studio_v2021-04_fsp_v3.0.0/toolchains/gcc_arm/9_2020q2/bin/../lib/gcc/arm-none-eabi/9.3.1/thumb/v8-m.main+fp/hard/crtbegin.o
 .eh_frame      0x000057f0        0x4 c:/renesas/ra/e2studio_v2021-04_fsp_v3.0.0/toolchains/gcc_arm/9_2020q2/bin/../lib/gcc/arm-none-eabi/9.3.1/thumb/v8-m.main+fp/hard/crtend.o
                0x000057f4                __ROM_End = .
                0x000001c0                __Vectors_Size = (__Vectors_End - __Vectors)

.glue_7         0x000057f4        0x0
 .glue_7        0x000057f4        0x0 linker stubs

.glue_7t        0x000057f4        0x0
 .glue_7t       0x000057f4        0x0 linker stubs

.vfp11_veneer   0x000057f4        0x0
 .vfp11_veneer  0x000057f4        0x0 linker stubs

.v4_bx          0x000057f4        0x0
 .v4_bx         0x000057f4        0x0 linker stubs

.iplt           0x000057f4        0x0
 .iplt          0x000057f4        0x0 c:/renesas/ra/e2studio_v2021-04_fsp_v3.0.0/toolchains/gcc_arm/9_2020q2/bin/../lib/gcc/arm-none-eabi/9.3.1/thumb/v8-m.main+fp/hard/crtbegin.o

.ARM.extab
 *(.ARM.extab* .gnu.linkonce.armextab.*)
                0x000057f4                __exidx_start = .

.ARM.exidx
 *(.ARM.exidx* .gnu.linkonce.armexidx.*)
                0x000057f4                __exidx_end = .
                0x000057f4                __etext = .
                0x20000000                __tz_RAM_S = ORIGIN (RAM)

.fsp_dtc_vector_table
                0x20000000      0x180
                0x20000000                . = ORIGIN (RAM)
 *(.fsp_dtc_vector_table)
 .fsp_dtc_vector_table
                0x20000000      0x180 ./ra/fsp/src/r_dtc/r_dtc.o

.data           0x20000180      0x82c load address 0x000057f4
                0x20000180                __data_start__ = .
                0x20000180                . = ALIGN (0x4)
                0x20000180                __Code_In_RAM_Start = .
 *(.code_in_ram*)
 .code_in_ram   0x20000180      0x774 ./ra/fsp/src/r_flash_hp/r_flash_hp.o
 *fill*         0x200008f4        0x4 
 .code_in_ram.__stub
                0x200008f8       0x10 linker stubs
                0x20000908                __Code_In_RAM_End = .
 *(vtable)
 *(.data.*)
 .data.g_transfer0_info
                0x20000908       0x10 ./ra_gen/hal_data.o
                0x20000908                g_transfer0_info
 .data.g_transfer1_info
                0x20000918       0x10 ./ra_gen/hal_data.o
                0x20000918                g_transfer1_info
 .data.g_configuration_area_data
                0x20000928       0x10 ./ra/fsp/src/r_flash_hp/r_flash_hp.o
 .data.mySetting
                0x20000938        0x4 ./public/u_setting.o
                0x20000938                mySetting
 .data.logPrintLevelMask
                0x2000093c        0x4 ./mlos/services/mlos_log.o
                0x2000093c                logPrintLevelMask
 .data._impure_ptr
                0x20000940        0x4 c:/renesas/ra/e2studio_v2021-04_fsp_v3.0.0/toolchains/gcc_arm/9_2020q2/bin/../lib/gcc/arm-none-eabi/9.3.1/../../../../arm-none-eabi/lib/thumb/v8-m.main+fp/hard\libg_nano.a(lib_a-impure.o)
                0x20000940                _impure_ptr
 .data.impure_data
                0x20000944       0x60 c:/renesas/ra/e2studio_v2021-04_fsp_v3.0.0/toolchains/gcc_arm/9_2020q2/bin/../lib/gcc/arm-none-eabi/9.3.1/../../../../arm-none-eabi/lib/thumb/v8-m.main+fp/hard\libg_nano.a(lib_a-impure.o)
 *(.data)
                0x200009a4                . = ALIGN (0x4)
                0x200009a4                PROVIDE (__preinit_array_start = .)
 *(.preinit_array)
                0x200009a4                PROVIDE (__preinit_array_end = .)
                0x200009a4                . = ALIGN (0x4)
                0x200009a4                PROVIDE (__init_array_start = .)
 *(SORT_BY_NAME(.init_array.*))
 *(.init_array)
 .init_array    0x200009a4        0x4 c:/renesas/ra/e2studio_v2021-04_fsp_v3.0.0/toolchains/gcc_arm/9_2020q2/bin/../lib/gcc/arm-none-eabi/9.3.1/thumb/v8-m.main+fp/hard/crtbegin.o
                0x200009a8                PROVIDE (__init_array_end = .)
                0x200009a8                . = ALIGN (0x4)
                [!provide]                PROVIDE (__fini_array_start = .)
 *(SORT_BY_NAME(.fini_array.*))
 *(.fini_array)
 .fini_array    0x200009a8        0x4 c:/renesas/ra/e2studio_v2021-04_fsp_v3.0.0/toolchains/gcc_arm/9_2020q2/bin/../lib/gcc/arm-none-eabi/9.3.1/thumb/v8-m.main+fp/hard/crtbegin.o
                [!provide]                PROVIDE (__fini_array_end = .)
 *(.jcr*)
                0x200009ac                . = ALIGN (0x4)
                0x200009ac                __data_end__ = .

.igot.plt       0x200009ac        0x0 load address 0x00006020
 .igot.plt      0x200009ac        0x0 c:/renesas/ra/e2studio_v2021-04_fsp_v3.0.0/toolchains/gcc_arm/9_2020q2/bin/../lib/gcc/arm-none-eabi/9.3.1/thumb/v8-m.main+fp/hard/crtbegin.o

.gnu.sgstubs    0x00006400        0x0
                0x00006400                . = (DEFINED (PROJECT_SECURE) && DEFINED (FLASH_NSC_START))?ABSOLUTE (FLASH_NSC_START):ALIGN (0x400)
                0x00006400                __tz_FLASH_C = DEFINED (FLASH_NSC_START)?ABSOLUTE (FLASH_NSC_START):__RESERVE_NS_RAM?ABSOLUTE ((FLASH_START + FLASH_LENGTH)):ALIGN (0x400)
                0x00006400                _start_sg = .
 *(.gnu.sgstubs*)
                0x00006400                . = ALIGN (0x20)
                0x00006400                _end_sg = .
                0x00008000                __tz_FLASH_N = DEFINED (FLASH_NS_START)?ABSOLUTE (FLASH_NS_START):__RESERVE_NS_RAM?ABSOLUTE ((FLASH_START + FLASH_LENGTH)):ALIGN (0x8000)
                0x00008000                FLASH_NS_IMAGE_START = DEFINED (FLASH_NS_IMAGE_START)?FLASH_NS_IMAGE_START:__tz_FLASH_N
                0x60000000                __tz_QSPI_FLASH_S = ORIGIN (QSPI_FLASH)

.qspi_flash     0x60000000        0x0
                0x60000000                __qspi_flash_start__ = .
 *(.qspi_flash*)
 *(.code_in_qspi*)
                0x60000000                __qspi_flash_end__ = .
                0x00000000                __qspi_flash_code_size__ = (__qspi_flash_end__ - __qspi_flash_start__)
                0x00006020                __qspi_flash_code_addr__ = (__etext + (__data_end__ - __data_start__))

.qspi_non_retentive
                0x60000000        0x0 load address 0x00006020
                0x60000000                __qspi_non_retentive_start__ = .
 *(.qspi_non_retentive*)
                0x60000000                __qspi_non_retentive_end__ = .
                0x00000000                __qspi_non_retentive_size__ = (__qspi_non_retentive_end__ - __qspi_non_retentive_start__)
                0x04000000                __qspi_region_max_size__ = 0x4000000
                0x60000000                __qspi_region_start_address__ = __qspi_flash_start__
                0x64000000                __qspi_region_end_address__ = (__qspi_flash_start__ + __qspi_region_max_size__)
                0x60000000                __tz_QSPI_FLASH_N = __qspi_non_retentive_end__
                0x68000000                __tz_OSPI_DEVICE_0_S = ORIGIN (OSPI_DEVICE_0)

.OSPI_DEVICE_0  0x68000000        0x0
                0x68000000                __ospi_device_0_start__ = .
 *(.ospi_device_0*)
 *(.code_in_ospi_device_0*)
                0x68000000                __ospi_device_0_end__ = .
                0x00000000                __ospi_device_0_code_size__ = (__ospi_device_0_end__ - __ospi_device_0_start__)
                0x00006020                __ospi_device_0_code_addr__ = (__etext + (__data_end__ - __data_start__))

.ospi_device_0_non_retentive
                0x68000000        0x0 load address 0x00006020
                0x68000000                __ospi_device_0_non_retentive_start__ = .
 *(.ospi_device_0_non_retentive*)
                0x68000000                __ospi_device_0_non_retentive_end__ = .
                0x00000000                __ospi_device_0_non_retentive_size__ = (__ospi_device_0_non_retentive_end__ - __ospi_device_0_non_retentive_start__)
                0x08000000                __ospi_device_0_region_max_size__ = 0x8000000
                0x68000000                __ospi_device_0_region_start_address__ = __ospi_device_0_start__
                0x70000000                __ospi_device_0_region_end_address__ = (__ospi_device_0_start__ + __ospi_device_0_region_max_size__)
                0x68000000                __tz_OSPI_DEVICE_0_N = __ospi_device_0_non_retentive_end__
                0x70000000                __tz_OSPI_DEVICE_1_S = ORIGIN (OSPI_DEVICE_1)

.OSPI_DEVICE_1  0x70000000        0x0
                0x70000000                __ospi_device_1_start__ = .
 *(.ospi_device_1*)
 *(.code_in_ospi_device_1*)
                0x70000000                __ospi_device_1_end__ = .
                0x00000000                __ospi_device_1_code_size__ = (__ospi_device_1_end__ - __ospi_device_1_start__)
                0x00006020                __ospi_device_1_code_addr__ = (__etext + (__data_end__ - __data_start__))

.ospi_device_1_non_retentive
                0x70000000        0x0 load address 0x00006020
                0x70000000                __ospi_device_1_non_retentive_start__ = .
 *(.ospi_device_1_non_retentive*)
                0x70000000                __ospi_device_1_non_retentive_end__ = .
                0x00000000                __ospi_device_1_non_retentive_size__ = (__ospi_device_1_non_retentive_end__ - __ospi_device_1_non_retentive_start__)
                0x10000000                __ospi_device_1_region_max_size__ = 0x10000000
                0x70000000                __ospi_device_1_region_start_address__ = __ospi_device_1_start__
                0x80000000                __ospi_device_1_region_end_address__ = (__ospi_device_1_start__ + __ospi_device_1_region_max_size__)
                0x70000000                __tz_OSPI_DEVICE_1_N = __ospi_device_1_non_retentive_end__

.noinit         0x200009ac       0x1c
                0x200009ac                . = ALIGN (0x4)
                0x200009ac                __noinit_start = .
 *(.noinit*)
 .noinit        0x200009ac       0x18 ./ra/fsp/src/bsp/mcu/all/bsp_clocks.o
                0x200009c8                . = ALIGN (0x8)
 *fill*         0x200009c4        0x4 
 *(.heap.*)
                0x200009c8                __noinit_end = .

.bss            0x200009c8     0x928c
                0x200009c8                . = ALIGN (0x4)
                0x200009c8                __bss_start__ = .
 *(.bss*)
 .bss           0x200009c8       0x1c c:/renesas/ra/e2studio_v2021-04_fsp_v3.0.0/toolchains/gcc_arm/9_2020q2/bin/../lib/gcc/arm-none-eabi/9.3.1/thumb/v8-m.main+fp/hard/crtbegin.o
 .bss.g_dtc_state_initialized.24782
                0x200009e4        0x1 ./ra/fsp/src/r_dtc/r_dtc.o
 *fill*         0x200009e5        0x3 
 .bss.g_bsp_group_irq_sources
                0x200009e8       0x40 ./ra/fsp/src/bsp/mcu/all/bsp_group_irq.o
 .bss.g_protect_counters
                0x20000a28        0x8 ./ra/fsp/src/bsp/mcu/all/bsp_register_protection.o
 .bss.current_heap_end.24622
                0x20000a30        0x4 ./ra/fsp/src/bsp/mcu/all/bsp_sbrk.o
 .bss.SystemCoreClock
                0x20000a34        0x4 ./ra/fsp/src/bsp/cmsis/Device/RENESAS/Source/system.o
                0x20000a34                SystemCoreClock
 .bss.msClockTime
                0x20000a38        0x4 ./mlos/os/mlos_clock.o
                0x20000a38                msClockTime
 .bss.sysRealTime
                0x20000a3c        0x8 ./mlos/os/mlos_clock.o
                0x20000a3c                sysRealTime
 .bss.memBlockList
                0x20000a44        0xc ./mlos/os/mlos_malloc.o
 .bss.lastTime.27919
                0x20000a50        0x4 ./mlos/os/mlos_rtimer.o
 .bss.overflow.27915
                0x20000a54        0x1 ./mlos/os/mlos_rtimer.o
 *fill*         0x20000a55        0x3 
 .bss.mcuFlashEvent
                0x20000a58        0x4 ./mllib/mlflash/mcuflash/RA6M4/mcu_flash.o
                0x20000a58                mcuFlashEvent
 .bss.__malloc_free_list
                0x20000a5c        0x4 c:/renesas/ra/e2studio_v2021-04_fsp_v3.0.0/toolchains/gcc_arm/9_2020q2/bin/../lib/gcc/arm-none-eabi/9.3.1/../../../../arm-none-eabi/lib/thumb/v8-m.main+fp/hard\libg_nano.a(lib_a-nano-mallocr.o)
                0x20000a5c                __malloc_free_list
 .bss.__malloc_sbrk_start
                0x20000a60        0x4 c:/renesas/ra/e2studio_v2021-04_fsp_v3.0.0/toolchains/gcc_arm/9_2020q2/bin/../lib/gcc/arm-none-eabi/9.3.1/../../../../arm-none-eabi/lib/thumb/v8-m.main+fp/hard\libg_nano.a(lib_a-nano-mallocr.o)
                0x20000a60                __malloc_sbrk_start
 *(COMMON)
 COMMON         0x20000a64        0x8 ./ra_gen/common_data.o
                0x20000a64                g_ioport_ctrl
 COMMON         0x20000a6c      0x1b4 ./ra_gen/hal_data.o
                0x20000a6c                g_qspi0_ctrl
                0x20000a7c                g_can1_ctrl
                0x20000aa4                g_cssdSpi_ctrl
                0x20000ad4                g_mcuflash_ctrl
                0x20000b18                g_can0_ctrl
                0x20000b40                g_w5500spi_ctrl
                0x20000b70                g_transfer0_ctrl
                0x20000b78                g_mlosClockTimer_ctrl
                0x20000b98                g_mlosTaskElapsedTimer_ctrl
                0x20000bb8                g_transfer1_ctrl
                0x20000bc0                g_uart1_ctrl
                0x20000bf0                g_uart0_ctrl
 COMMON         0x20000c20        0x4 ./ra/fsp/src/bsp/mcu/all/bsp_io.o
                0x20000c20                g_protect_pfswe_counter
 COMMON         0x20000c24      0x180 ./ra/fsp/src/bsp/mcu/all/bsp_irq.o
                0x20000c24                gp_renesas_isr_context
 COMMON         0x20000da4       0x14 ./public/u_led.o
                0x20000da4                led
 COMMON         0x20000db8       0x10 ./mlos/services/mlos_log.o
                0x20000db8                log
 COMMON         0x20000dc8      0x4c4 ./mlos/services/mlos_shell.o
                0x20000dc8                shell
 COMMON         0x2000128c     0x8028 ./mlos/port/RA6M4/mlos_port.o
                0x2000128c                memblock1
                0x200012a0                sram1
                0x200092a0                memblock2
 COMMON         0x200092b4       0x18 ./mlos/os/mlos.o
                0x200092b4                mlos
 COMMON         0x200092cc        0xc ./mlos/os/mlos_rtimer.o
                0x200092cc                pRtimerTask
                0x200092d0                pCurTmrList
                0x200092d4                pOvfTmrList
 COMMON         0x200092d8       0x88 ./mlos/os/mlos_task.o
                0x200092d8                pCurTaskgroup
                0x200092dc                taskgroup
                0x20009354                suspendTaskList
 COMMON         0x20009360       0x10 ./mllib/upper/upper_ntp.o
                0x20009360                upperNtp
 COMMON         0x20009370       0x10 ./mllib/tool/tool.o
                0x20009370                toolNtp
 COMMON         0x20009380        0x4 ./mllib/ntp/w5500/ra6m4/ntp_w5500_spi_driver.o
                0x20009380                w5500spievent
 COMMON         0x20009384       0x24 ./mllib/ntp/w5500/ntp_w5500.o
                0x20009384                w5500
 COMMON         0x200093a8      0x800 ./mllib/iap/mc_ra6m4_iap_protocol/iap_tool_ntp.o
                0x200093a8                iapNtpTxbuf
 COMMON         0x20009ba8       0x9c ./mllib/iap/iap.o
                0x20009ba8                iap
                0x20009bc4                appFileinfo
 COMMON         0x20009c44        0x4 c:/renesas/ra/e2studio_v2021-04_fsp_v3.0.0/toolchains/gcc_arm/9_2020q2/bin/../lib/gcc/arm-none-eabi/9.3.1/../../../../arm-none-eabi/lib/thumb/v8-m.main+fp/hard\libg_nano.a(lib_a-reent.o)
                0x20009c44                errno
 COMMON         0x20009c48        0x9 c:/renesas/ra/e2studio_v2021-04_fsp_v3.0.0/toolchains/gcc_arm/9_2020q2/bin/../lib/gcc/arm-none-eabi/9.3.1/../../../../arm-none-eabi/lib/thumb/v8-m.main+fp/hard\libg_nano.a(lib_a-lock.o)
                0x20009c48                __lock___atexit_recursive_mutex
                0x20009c49                __lock___arc4random_mutex
                0x20009c4a                __lock___env_recursive_mutex
                0x20009c4b                __lock___sinit_recursive_mutex
                0x20009c4c                __lock___malloc_recursive_mutex
                0x20009c4d                __lock___at_quick_exit_mutex
                0x20009c4e                __lock___dd_hash_mutex
                0x20009c4f                __lock___tz_mutex
                0x20009c50                __lock___sfp_recursive_mutex
                0x20009c54                . = ALIGN (0x4)
 *fill*         0x20009c51        0x3 
                0x20009c54                __bss_end__ = .

.heap           0x20009c54        0x4
                0x20009c58                . = ALIGN (0x8)
 *fill*         0x20009c54        0x4 
                0x20009c58                __HeapBase = .
 *(.heap)
                0x20009c58                __HeapLimit = .

.stack_dummy    0x20009c58      0x400
                0x20009c58                . = ALIGN (0x8)
                0x20009c58                __StackLimit = .
 *(.stack)
 .stack         0x20009c58      0x400 ./ra/fsp/src/bsp/cmsis/Device/RENESAS/Source/startup.o
                0x2000a058                __StackTop = .
 *(.stack*)
                0x2000a058                __StackTopAll = .
                0x2000a058                PROVIDE (__stack = __StackTopAll)
                0x2000a058                __RAM_segment_used_end__ = ALIGN (__StackTopAll, 0x4)
                0x2000a400                __tz_RAM_C = DEFINED (RAM_NSC_START)?ABSOLUTE (RAM_NSC_START):__RESERVE_NS_RAM?ABSOLUTE (RAM_NS_BUFFER_BLOCK_START):ALIGN (__RAM_segment_used_end__, 0x400)
                0x2000c000                __tz_RAM_N = DEFINED (RAM_NS_START)?ABSOLUTE (RAM_NS_START):__RESERVE_NS_RAM?ABSOLUTE (RAM_NS_BUFFER_BLOCK_START):ALIGN (__tz_RAM_C, 0x2000)

.ns_buffer      0x2000a058        0x0
                0x2000a058                . = __RESERVE_NS_RAM?ABSOLUTE ((RAM_NS_BUFFER_START & 0xffffffe0)):.
 *(.ns_buffer*)

.data_flash     0x08000000        0x0
                0x08000000                . = ORIGIN (DATA_FLASH)
                0x08000000                __tz_DATA_FLASH_S = .
                0x08000000                __Data_Flash_Start = .
 *(.data_flash*)
                0x08000000                __Data_Flash_End = .
                0x08000000                __tz_DATA_FLASH_N = DEFINED (DATA_FLASH_NS_START)?ABSOLUTE (DATA_FLASH_NS_START):__RESERVE_NS_RAM?ABSOLUTE ((DATA_FLASH_START + DATA_FLASH_LENGTH)):ALIGN (0x400)
                0x90000000                __tz_SDRAM_S = ORIGIN (SDRAM)

.sdram          0x90000000        0x0
                0x90000000                __SDRAM_Start = .
 *(.sdram*)
 *(.frame*)
                0x90000000                __SDRAM_End = .
                0x90000000                __tz_SDRAM_N = __SDRAM_End
                0x00000000                __tz_ID_CODE_S = ORIGIN (ID_CODE)

.id_code        0x00000000        0x0
                0x00000000                __ID_Code_Start = .
 *(.id_code*)
                0x00000000                __ID_Code_End = .
                0x00000000                __tz_ID_CODE_N = __ID_Code_End
                0x0100a100                __tz_OPTION_SETTING_S = ORIGIN (OPTION_SETTING)

.option_setting
                0x0100a100       0x38
                0x0100a100                __OPTION_SETTING_Start = .
 *(.option_setting_ofs0)
 .option_setting_ofs0
                0x0100a100        0x4 ./ra/fsp/src/bsp/mcu/all/bsp_rom_registers.o
                0x0100a110                . = PROJECT_SECURE_OR_FLAT?(__OPTION_SETTING_Start + 0x10):__OPTION_SETTING_Start
 *fill*         0x0100a104        0xc ff
 *(.option_setting_dualsel)
 .option_setting_dualsel
                0x0100a110        0x4 ./ra/fsp/src/bsp/mcu/all/bsp_rom_registers.o
                0x0100a134                . = PROJECT_SECURE_OR_FLAT?(__OPTION_SETTING_Start + 0x34):__OPTION_SETTING_Start
 *fill*         0x0100a114       0x20 ff
 *(.option_setting_sas)
 .option_setting_sas
                0x0100a134        0x4 ./ra/fsp/src/bsp/mcu/all/bsp_rom_registers.o
                0x0100a138                __OPTION_SETTING_End = .
                0x0100a180                __tz_OPTION_SETTING_N = OPTION_SETTING_START_NS

.option_setting_ns
                0x0100a138        0x0
                0x0100a138                __OPTION_SETTING_NS_Start = .
 *(.option_setting_ofs1)
                0x0100a138                . = USE_OPTION_SETTING_NS?(__OPTION_SETTING_NS_Start + 0x10):__OPTION_SETTING_NS_Start
 *(.option_setting_banksel)
                0x0100a138                . = USE_OPTION_SETTING_NS?(__OPTION_SETTING_NS_Start + 0x40):__OPTION_SETTING_NS_Start
 *(.option_setting_bps0)
                0x0100a138                . = USE_OPTION_SETTING_NS?(__OPTION_SETTING_NS_Start + 0x44):__OPTION_SETTING_NS_Start
 *(.option_setting_bps1)
                0x0100a138                . = USE_OPTION_SETTING_NS?(__OPTION_SETTING_NS_Start + 0x48):__OPTION_SETTING_NS_Start
 *(.option_setting_bps2)
                0x0100a138                . = USE_OPTION_SETTING_NS?(__OPTION_SETTING_NS_Start + 0x60):__OPTION_SETTING_NS_Start
 *(.option_setting_pbps0)
                0x0100a138                . = USE_OPTION_SETTING_NS?(__OPTION_SETTING_NS_Start + 0x64):__OPTION_SETTING_NS_Start
 *(.option_setting_pbps1)
                0x0100a138                . = USE_OPTION_SETTING_NS?(__OPTION_SETTING_NS_Start + 0x68):__OPTION_SETTING_NS_Start
 *(.option_setting_pbps2)
                0x0100a138                __OPTION_SETTING_NS_End = .
                0x0100a200                __tz_OPTION_SETTING_S_S = ORIGIN (OPTION_SETTING_S)

.option_setting_s
                0x0100a200       0xcc
                0x0100a200                __OPTION_SETTING_S_Start = .
 *(.option_setting_ofs1_sec)
 .option_setting_ofs1_sec
                0x0100a200        0x4 ./ra/fsp/src/bsp/mcu/all/bsp_rom_registers.o
                0x0100a210                . = PROJECT_SECURE_OR_FLAT?(__OPTION_SETTING_S_Start + 0x10):__OPTION_SETTING_S_Start
 *fill*         0x0100a204        0xc ff
 *(.option_setting_banksel_sec)
 .option_setting_banksel_sec
                0x0100a210        0x4 ./ra/fsp/src/bsp/mcu/all/bsp_rom_registers.o
                0x0100a240                . = PROJECT_SECURE_OR_FLAT?(__OPTION_SETTING_S_Start + 0x40):__OPTION_SETTING_S_Start
 *fill*         0x0100a214       0x2c ff
 *(.option_setting_bps_sec0)
 .option_setting_bps_sec0
                0x0100a240        0x4 ./ra/fsp/src/bsp/mcu/all/bsp_rom_registers.o
                0x0100a244                . = PROJECT_SECURE_OR_FLAT?(__OPTION_SETTING_S_Start + 0x44):__OPTION_SETTING_S_Start
 *(.option_setting_bps_sec1)
 .option_setting_bps_sec1
                0x0100a244        0x4 ./ra/fsp/src/bsp/mcu/all/bsp_rom_registers.o
                0x0100a248                . = PROJECT_SECURE_OR_FLAT?(__OPTION_SETTING_S_Start + 0x48):__OPTION_SETTING_S_Start
 *(.option_setting_bps_sec2)
 .option_setting_bps_sec2
                0x0100a248        0x4 ./ra/fsp/src/bsp/mcu/all/bsp_rom_registers.o
                0x0100a260                . = PROJECT_SECURE_OR_FLAT?(__OPTION_SETTING_S_Start + 0x60):__OPTION_SETTING_S_Start
 *fill*         0x0100a24c       0x14 ff
 *(.option_setting_pbps_sec0)
 .option_setting_pbps_sec0
                0x0100a260        0x4 ./ra/fsp/src/bsp/mcu/all/bsp_rom_registers.o
                0x0100a264                . = PROJECT_SECURE_OR_FLAT?(__OPTION_SETTING_S_Start + 0x64):__OPTION_SETTING_S_Start
 *(.option_setting_pbps_sec1)
 .option_setting_pbps_sec1
                0x0100a264        0x4 ./ra/fsp/src/bsp/mcu/all/bsp_rom_registers.o
                0x0100a268                . = PROJECT_SECURE_OR_FLAT?(__OPTION_SETTING_S_Start + 0x68):__OPTION_SETTING_S_Start
 *(.option_setting_pbps_sec2)
 .option_setting_pbps_sec2
                0x0100a268        0x4 ./ra/fsp/src/bsp/mcu/all/bsp_rom_registers.o
                0x0100a280                . = PROJECT_SECURE_OR_FLAT?(__OPTION_SETTING_S_Start + 0x80):__OPTION_SETTING_S_Start
 *fill*         0x0100a26c       0x14 ff
 *(.option_setting_ofs1_sel)
 .option_setting_ofs1_sel
                0x0100a280        0x4 ./ra/fsp/src/bsp/mcu/all/bsp_rom_registers.o
                0x0100a290                . = PROJECT_SECURE_OR_FLAT?(__OPTION_SETTING_S_Start + 0x90):__OPTION_SETTING_S_Start
 *fill*         0x0100a284        0xc ff
 *(.option_setting_banksel_sel)
 .option_setting_banksel_sel
                0x0100a290        0x4 ./ra/fsp/src/bsp/mcu/all/bsp_rom_registers.o
                0x0100a2c0                . = PROJECT_SECURE_OR_FLAT?(__OPTION_SETTING_S_Start + 0xc0):__OPTION_SETTING_S_Start
 *fill*         0x0100a294       0x2c ff
 *(.option_setting_bps_sel0)
 .option_setting_bps_sel0
                0x0100a2c0        0x4 ./ra/fsp/src/bsp/mcu/all/bsp_rom_registers.o
                0x0100a2c4                . = PROJECT_SECURE_OR_FLAT?(__OPTION_SETTING_S_Start + 0xc4):__OPTION_SETTING_S_Start
 *(.option_setting_bps_sel1)
 .option_setting_bps_sel1
                0x0100a2c4        0x4 ./ra/fsp/src/bsp/mcu/all/bsp_rom_registers.o
                0x0100a2c8                . = PROJECT_SECURE_OR_FLAT?(__OPTION_SETTING_S_Start + 0xc8):__OPTION_SETTING_S_Start
 *(.option_setting_bps_sel2)
 .option_setting_bps_sel2
                0x0100a2c8        0x4 ./ra/fsp/src/bsp/mcu/all/bsp_rom_registers.o
                0x0100a2cc                __OPTION_SETTING_S_End = .
                0x0100a2cc                __tz_OPTION_SETTING_S_N = __OPTION_SETTING_S_End
OUTPUT(mc_r7fa6m4.elf elf32-littlearm)
LOAD linker stubs

.rel.dyn        0x0100a2cc        0x0
 .rel.iplt      0x0100a2cc        0x0 c:/renesas/ra/e2studio_v2021-04_fsp_v3.0.0/toolchains/gcc_arm/9_2020q2/bin/../lib/gcc/arm-none-eabi/9.3.1/thumb/v8-m.main+fp/hard/crtbegin.o

.ARM.attributes
                0x00000000       0x36
 .ARM.attributes
                0x00000000       0x22 c:/renesas/ra/e2studio_v2021-04_fsp_v3.0.0/toolchains/gcc_arm/9_2020q2/bin/../lib/gcc/arm-none-eabi/9.3.1/thumb/v8-m.main+fp/hard/crti.o
 .ARM.attributes
                0x00000022       0x38 c:/renesas/ra/e2studio_v2021-04_fsp_v3.0.0/toolchains/gcc_arm/9_2020q2/bin/../lib/gcc/arm-none-eabi/9.3.1/thumb/v8-m.main+fp/hard/crtbegin.o
 .ARM.attributes
                0x0000005a       0x3a ./src/hal_entry.o
 .ARM.attributes
                0x00000094       0x3a ./ra_gen/common_data.o
 .ARM.attributes
                0x000000ce       0x3a ./ra_gen/hal_data.o
 .ARM.attributes
                0x00000108       0x3a ./ra_gen/main.o
 .ARM.attributes
                0x00000142       0x3c ./ra_gen/pin_data.o
 .ARM.attributes
                0x0000017e       0x3c ./ra_gen/vector_data.o
 .ARM.attributes
                0x000001ba       0x3a ./ra/fsp/src/r_spi/r_spi.o
 .ARM.attributes
                0x000001f4       0x3a ./ra/fsp/src/r_sci_uart/r_sci_uart.o
 .ARM.attributes
                0x0000022e       0x3a ./ra/fsp/src/r_ioport/r_ioport.o
 .ARM.attributes
                0x00000268       0x3a ./ra/fsp/src/r_gpt/r_gpt.o
 .ARM.attributes
                0x000002a2       0x3a ./ra/fsp/src/r_flash_hp/r_flash_hp.o
 .ARM.attributes
                0x000002dc       0x3a ./ra/fsp/src/r_dtc/r_dtc.o
 .ARM.attributes
                0x00000316       0x3a ./ra/fsp/src/r_can/r_can.o
 .ARM.attributes
                0x00000350       0x3a ./ra/fsp/src/bsp/mcu/all/bsp_clocks.o
 .ARM.attributes
                0x0000038a       0x3a ./ra/fsp/src/bsp/mcu/all/bsp_common.o
 .ARM.attributes
                0x000003c4       0x3a ./ra/fsp/src/bsp/mcu/all/bsp_group_irq.o
 .ARM.attributes
                0x000003fe       0x3c ./ra/fsp/src/bsp/mcu/all/bsp_io.o
 .ARM.attributes
                0x0000043a       0x3a ./ra/fsp/src/bsp/mcu/all/bsp_irq.o
 .ARM.attributes
                0x00000474       0x3a ./ra/fsp/src/bsp/mcu/all/bsp_register_protection.o
 .ARM.attributes
                0x000004ae       0x3c ./ra/fsp/src/bsp/mcu/all/bsp_rom_registers.o
 .ARM.attributes
                0x000004ea       0x3a ./ra/fsp/src/bsp/mcu/all/bsp_sbrk.o
 .ARM.attributes
                0x00000524       0x3a ./ra/fsp/src/bsp/cmsis/Device/RENESAS/Source/startup.o
 .ARM.attributes
                0x0000055e       0x3a ./ra/fsp/src/bsp/cmsis/Device/RENESAS/Source/system.o
 .ARM.attributes
                0x00000598       0x3a ./public/u_function.o
 .ARM.attributes
                0x000005d2       0x3a ./public/u_led.o
 .ARM.attributes
                0x0000060c       0x3a ./public/u_setting.o
 .ARM.attributes
                0x00000646       0x3a ./public/u_setting_tool_ntp.o
 .ARM.attributes
                0x00000680       0x3a ./mlos/services/mlos_log.o
 .ARM.attributes
                0x000006ba       0x3a ./mlos/services/mlos_shell.o
 .ARM.attributes
                0x000006f4       0x3a ./mlos/port/RA6M4/mlos_port.o
 .ARM.attributes
                0x0000072e       0x3a ./mlos/os/mlos.o
 .ARM.attributes
                0x00000768       0x3a ./mlos/os/mlos_clock.o
 .ARM.attributes
                0x000007a2       0x3a ./mlos/os/mlos_list.o
 .ARM.attributes
                0x000007dc       0x3a ./mlos/os/mlos_ltimer.o
 .ARM.attributes
                0x00000816       0x3a ./mlos/os/mlos_malloc.o
 .ARM.attributes
                0x00000850       0x3a ./mlos/os/mlos_mpump.o
 .ARM.attributes
                0x0000088a       0x3a ./mlos/os/mlos_rtimer.o
 .ARM.attributes
                0x000008c4       0x3a ./mlos/os/mlos_task.o
 .ARM.attributes
                0x000008fe       0x3a ./mllib/upper/upper_ntp.o
 .ARM.attributes
                0x00000938       0x3a ./mllib/tool/tool.o
 .ARM.attributes
                0x00000972       0x3a ./mllib/ntp/w5500/ra6m4/ntp_w5500_spi_driver.o
 .ARM.attributes
                0x000009ac       0x3a ./mllib/ntp/w5500/ntp_w5500.o
 .ARM.attributes
                0x000009e6       0x3a ./mllib/ntp/ntp.o
 .ARM.attributes
                0x00000a20       0x3a ./mllib/ntp/ntp_usocket.o
 .ARM.attributes
                0x00000a5a       0x3a ./mllib/mlflash/mcuflash/RA6M4/mcu_flash.o
 .ARM.attributes
                0x00000a94       0x3a ./mllib/iap/mc_ra6m4_iap_protocol/iap_tool_ntp.o
 .ARM.attributes
                0x00000ace       0x3a ./mllib/iap/mc_ra6m4_iap_protocol/iap_upper_ntp.o
 .ARM.attributes
                0x00000b08       0x3a ./mllib/iap/RA6M4/iap_mcu_port.o
 .ARM.attributes
                0x00000b42       0x3a ./mllib/iap/iap.o
 .ARM.attributes
                0x00000b7c       0x3a ./boot/u_boot.o
 .ARM.attributes
                0x00000bb6       0x38 c:/renesas/ra/e2studio_v2021-04_fsp_v3.0.0/toolchains/gcc_arm/9_2020q2/bin/../lib/gcc/arm-none-eabi/9.3.1/../../../../arm-none-eabi/lib/thumb/v8-m.main+fp/hard\libg_nano.a(lib_a-errno.o)
 .ARM.attributes
                0x00000bee       0x36 c:/renesas/ra/e2studio_v2021-04_fsp_v3.0.0/toolchains/gcc_arm/9_2020q2/bin/../lib/gcc/arm-none-eabi/9.3.1/../../../../arm-none-eabi/lib/thumb/v8-m.main+fp/hard\libg_nano.a(lib_a-impure.o)
 .ARM.attributes
                0x00000c24       0x38 c:/renesas/ra/e2studio_v2021-04_fsp_v3.0.0/toolchains/gcc_arm/9_2020q2/bin/../lib/gcc/arm-none-eabi/9.3.1/../../../../arm-none-eabi/lib/thumb/v8-m.main+fp/hard\libg_nano.a(lib_a-memcpy-stub.o)
 .ARM.attributes
                0x00000c5c       0x38 c:/renesas/ra/e2studio_v2021-04_fsp_v3.0.0/toolchains/gcc_arm/9_2020q2/bin/../lib/gcc/arm-none-eabi/9.3.1/../../../../arm-none-eabi/lib/thumb/v8-m.main+fp/hard\libg_nano.a(lib_a-memset.o)
 .ARM.attributes
                0x00000c94       0x20 c:/renesas/ra/e2studio_v2021-04_fsp_v3.0.0/toolchains/gcc_arm/9_2020q2/bin/../lib/gcc/arm-none-eabi/9.3.1/../../../../arm-none-eabi/lib/thumb/v8-m.main+fp/hard\libg_nano.a(lib_a-strcmp.o)
 .ARM.attributes
                0x00000cb4       0x17 c:/renesas/ra/e2studio_v2021-04_fsp_v3.0.0/toolchains/gcc_arm/9_2020q2/bin/../lib/gcc/arm-none-eabi/9.3.1/../../../../arm-none-eabi/lib/thumb/v8-m.main+fp/hard\libg_nano.a(lib_a-strlen.o)
 .ARM.attributes
                0x00000ccb       0x38 c:/renesas/ra/e2studio_v2021-04_fsp_v3.0.0/toolchains/gcc_arm/9_2020q2/bin/../lib/gcc/arm-none-eabi/9.3.1/../../../../arm-none-eabi/lib/thumb/v8-m.main+fp/hard\libg_nano.a(lib_a-vsprintf.o)
 .ARM.attributes
                0x00000d03       0x38 c:/renesas/ra/e2studio_v2021-04_fsp_v3.0.0/toolchains/gcc_arm/9_2020q2/bin/../lib/gcc/arm-none-eabi/9.3.1/../../../../arm-none-eabi/lib/thumb/v8-m.main+fp/hard\libg_nano.a(lib_a-nano-svfprintf.o)
 .ARM.attributes
                0x00000d3b       0x38 c:/renesas/ra/e2studio_v2021-04_fsp_v3.0.0/toolchains/gcc_arm/9_2020q2/bin/../lib/gcc/arm-none-eabi/9.3.1/../../../../arm-none-eabi/lib/thumb/v8-m.main+fp/hard\libg_nano.a(lib_a-nano-vfprintf_i.o)
 .ARM.attributes
                0x00000d73       0x38 c:/renesas/ra/e2studio_v2021-04_fsp_v3.0.0/toolchains/gcc_arm/9_2020q2/bin/../lib/gcc/arm-none-eabi/9.3.1/../../../../arm-none-eabi/lib/thumb/v8-m.main+fp/hard\libg_nano.a(lib_a-memchr-stub.o)
 .ARM.attributes
                0x00000dab       0x38 c:/renesas/ra/e2studio_v2021-04_fsp_v3.0.0/toolchains/gcc_arm/9_2020q2/bin/../lib/gcc/arm-none-eabi/9.3.1/../../../../arm-none-eabi/lib/thumb/v8-m.main+fp/hard\libg_nano.a(lib_a-memmove.o)
 .ARM.attributes
                0x00000de3       0x38 c:/renesas/ra/e2studio_v2021-04_fsp_v3.0.0/toolchains/gcc_arm/9_2020q2/bin/../lib/gcc/arm-none-eabi/9.3.1/../../../../arm-none-eabi/lib/thumb/v8-m.main+fp/hard\libg_nano.a(lib_a-nano-freer.o)
 .ARM.attributes
                0x00000e1b       0x38 c:/renesas/ra/e2studio_v2021-04_fsp_v3.0.0/toolchains/gcc_arm/9_2020q2/bin/../lib/gcc/arm-none-eabi/9.3.1/../../../../arm-none-eabi/lib/thumb/v8-m.main+fp/hard\libg_nano.a(lib_a-nano-mallocr.o)
 .ARM.attributes
                0x00000e53       0x38 c:/renesas/ra/e2studio_v2021-04_fsp_v3.0.0/toolchains/gcc_arm/9_2020q2/bin/../lib/gcc/arm-none-eabi/9.3.1/../../../../arm-none-eabi/lib/thumb/v8-m.main+fp/hard\libg_nano.a(lib_a-nano-reallocr.o)
 .ARM.attributes
                0x00000e8b       0x38 c:/renesas/ra/e2studio_v2021-04_fsp_v3.0.0/toolchains/gcc_arm/9_2020q2/bin/../lib/gcc/arm-none-eabi/9.3.1/../../../../arm-none-eabi/lib/thumb/v8-m.main+fp/hard\libg_nano.a(lib_a-sbrkr.o)
 .ARM.attributes
                0x00000ec3       0x38 c:/renesas/ra/e2studio_v2021-04_fsp_v3.0.0/toolchains/gcc_arm/9_2020q2/bin/../lib/gcc/arm-none-eabi/9.3.1/../../../../arm-none-eabi/lib/thumb/v8-m.main+fp/hard\libg_nano.a(lib_a-mlock.o)
 .ARM.attributes
                0x00000efb       0x38 c:/renesas/ra/e2studio_v2021-04_fsp_v3.0.0/toolchains/gcc_arm/9_2020q2/bin/../lib/gcc/arm-none-eabi/9.3.1/../../../../arm-none-eabi/lib/thumb/v8-m.main+fp/hard\libg_nano.a(lib_a-nano-msizer.o)
 .ARM.attributes
                0x00000f33       0x38 c:/renesas/ra/e2studio_v2021-04_fsp_v3.0.0/toolchains/gcc_arm/9_2020q2/bin/../lib/gcc/arm-none-eabi/9.3.1/../../../../arm-none-eabi/lib/thumb/v8-m.main+fp/hard\libg_nano.a(lib_a-reent.o)
 .ARM.attributes
                0x00000f6b       0x38 c:/renesas/ra/e2studio_v2021-04_fsp_v3.0.0/toolchains/gcc_arm/9_2020q2/bin/../lib/gcc/arm-none-eabi/9.3.1/../../../../arm-none-eabi/lib/thumb/v8-m.main+fp/hard\libg_nano.a(lib_a-lock.o)
 .ARM.attributes
                0x00000fa3       0x38 c:/renesas/ra/e2studio_v2021-04_fsp_v3.0.0/toolchains/gcc_arm/9_2020q2/bin/../lib/gcc/arm-none-eabi/9.3.1/../../../../arm-none-eabi/lib/thumb/v8-m.main+fp/hard\libc_nano.a(lib_a-findfp.o)
 .ARM.attributes
                0x00000fdb       0x36 c:/renesas/ra/e2studio_v2021-04_fsp_v3.0.0/toolchains/gcc_arm/9_2020q2/bin/../lib/gcc/arm-none-eabi/9.3.1/thumb/v8-m.main+fp/hard/crtend.o
 .ARM.attributes
                0x00001011       0x22 c:/renesas/ra/e2studio_v2021-04_fsp_v3.0.0/toolchains/gcc_arm/9_2020q2/bin/../lib/gcc/arm-none-eabi/9.3.1/thumb/v8-m.main+fp/hard/crtn.o

.comment        0x00000000       0x4c
 .comment       0x00000000       0x4c ./src/hal_entry.o
                                 0x4d (size before relaxing)
 .comment       0x0000004c       0x4d ./ra_gen/common_data.o
 .comment       0x0000004c       0x4d ./ra_gen/hal_data.o
 .comment       0x0000004c       0x4d ./ra_gen/main.o
 .comment       0x0000004c       0x4d ./ra_gen/pin_data.o
 .comment       0x0000004c       0x4d ./ra_gen/vector_data.o
 .comment       0x0000004c       0x4d ./ra/fsp/src/r_spi/r_spi.o
 .comment       0x0000004c       0x4d ./ra/fsp/src/r_sci_uart/r_sci_uart.o
 .comment       0x0000004c       0x4d ./ra/fsp/src/r_ioport/r_ioport.o
 .comment       0x0000004c       0x4d ./ra/fsp/src/r_gpt/r_gpt.o
 .comment       0x0000004c       0x4d ./ra/fsp/src/r_flash_hp/r_flash_hp.o
 .comment       0x0000004c       0x4d ./ra/fsp/src/r_dtc/r_dtc.o
 .comment       0x0000004c       0x4d ./ra/fsp/src/r_can/r_can.o
 .comment       0x0000004c       0x4d ./ra/fsp/src/bsp/mcu/all/bsp_clocks.o
 .comment       0x0000004c       0x4d ./ra/fsp/src/bsp/mcu/all/bsp_common.o
 .comment       0x0000004c       0x4d ./ra/fsp/src/bsp/mcu/all/bsp_group_irq.o
 .comment       0x0000004c       0x4d ./ra/fsp/src/bsp/mcu/all/bsp_io.o
 .comment       0x0000004c       0x4d ./ra/fsp/src/bsp/mcu/all/bsp_irq.o
 .comment       0x0000004c       0x4d ./ra/fsp/src/bsp/mcu/all/bsp_register_protection.o
 .comment       0x0000004c       0x4d ./ra/fsp/src/bsp/mcu/all/bsp_rom_registers.o
 .comment       0x0000004c       0x4d ./ra/fsp/src/bsp/mcu/all/bsp_sbrk.o
 .comment       0x0000004c       0x4d ./ra/fsp/src/bsp/cmsis/Device/RENESAS/Source/startup.o
 .comment       0x0000004c       0x4d ./ra/fsp/src/bsp/cmsis/Device/RENESAS/Source/system.o
 .comment       0x0000004c       0x4d ./public/u_function.o
 .comment       0x0000004c       0x4d ./public/u_led.o
 .comment       0x0000004c       0x4d ./public/u_setting.o
 .comment       0x0000004c       0x4d ./public/u_setting_tool_ntp.o
 .comment       0x0000004c       0x4d ./mlos/services/mlos_log.o
 .comment       0x0000004c       0x4d ./mlos/services/mlos_shell.o
 .comment       0x0000004c       0x4d ./mlos/port/RA6M4/mlos_port.o
 .comment       0x0000004c       0x4d ./mlos/os/mlos.o
 .comment       0x0000004c       0x4d ./mlos/os/mlos_clock.o
 .comment       0x0000004c       0x4d ./mlos/os/mlos_list.o
 .comment       0x0000004c       0x4d ./mlos/os/mlos_ltimer.o
 .comment       0x0000004c       0x4d ./mlos/os/mlos_malloc.o
 .comment       0x0000004c       0x4d ./mlos/os/mlos_mpump.o
 .comment       0x0000004c       0x4d ./mlos/os/mlos_rtimer.o
 .comment       0x0000004c       0x4d ./mlos/os/mlos_task.o
 .comment       0x0000004c       0x4d ./mllib/upper/upper_ntp.o
 .comment       0x0000004c       0x4d ./mllib/tool/tool.o
 .comment       0x0000004c       0x4d ./mllib/ntp/w5500/ra6m4/ntp_w5500_spi_driver.o
 .comment       0x0000004c       0x4d ./mllib/ntp/w5500/ntp_w5500.o
 .comment       0x0000004c       0x4d ./mllib/ntp/ntp.o
 .comment       0x0000004c       0x4d ./mllib/ntp/ntp_usocket.o
 .comment       0x0000004c       0x4d ./mllib/mlflash/mcuflash/RA6M4/mcu_flash.o
 .comment       0x0000004c       0x4d ./mllib/iap/mc_ra6m4_iap_protocol/iap_tool_ntp.o
 .comment       0x0000004c       0x4d ./mllib/iap/mc_ra6m4_iap_protocol/iap_upper_ntp.o
 .comment       0x0000004c       0x4d ./mllib/iap/RA6M4/iap_mcu_port.o
 .comment       0x0000004c       0x4d ./mllib/iap/iap.o
 .comment       0x0000004c       0x4d ./boot/u_boot.o

.debug_info     0x00000000   0x169ad8
 .debug_info    0x00000000     0x9de1 ./src/hal_entry.o
 .debug_info    0x00009de1     0x1984 ./ra_gen/common_data.o
 .debug_info    0x0000b765     0xa888 ./ra_gen/hal_data.o
 .debug_info    0x00015fed     0x9b88 ./ra_gen/main.o
 .debug_info    0x0001fb75     0x1138 ./ra_gen/pin_data.o
 .debug_info    0x00020cad     0x10ea ./ra_gen/vector_data.o
 .debug_info    0x00021d97     0x853c ./ra/fsp/src/r_spi/r_spi.o
 .debug_info    0x0002a2d3     0x98dd ./ra/fsp/src/r_sci_uart/r_sci_uart.o
 .debug_info    0x00033bb0     0x6d8f ./ra/fsp/src/r_ioport/r_ioport.o
 .debug_info    0x0003a93f     0x9396 ./ra/fsp/src/r_gpt/r_gpt.o
 .debug_info    0x00043cd5     0x8b3a ./ra/fsp/src/r_flash_hp/r_flash_hp.o
 .debug_info    0x0004c80f     0x5c4e ./ra/fsp/src/r_dtc/r_dtc.o
 .debug_info    0x0005245d     0x54b0 ./ra/fsp/src/r_can/r_can.o
 .debug_info    0x0005790d     0x4aeb ./ra/fsp/src/bsp/mcu/all/bsp_clocks.o
 .debug_info    0x0005c3f8     0x1154 ./ra/fsp/src/bsp/mcu/all/bsp_common.o
 .debug_info    0x0005d54c     0x1b89 ./ra/fsp/src/bsp/mcu/all/bsp_group_irq.o
 .debug_info    0x0005f0d5      0x990 ./ra/fsp/src/bsp/mcu/all/bsp_io.o
 .debug_info    0x0005fa65     0x24e7 ./ra/fsp/src/bsp/mcu/all/bsp_irq.o
 .debug_info    0x00061f4c     0x402a ./ra/fsp/src/bsp/mcu/all/bsp_register_protection.o
 .debug_info    0x00065f76      0xaa7 ./ra/fsp/src/bsp/mcu/all/bsp_rom_registers.o
 .debug_info    0x00066a1d      0xa61 ./ra/fsp/src/bsp/mcu/all/bsp_sbrk.o
 .debug_info    0x0006747e      0xa51 ./ra/fsp/src/bsp/cmsis/Device/RENESAS/Source/startup.o
 .debug_info    0x00067ecf     0x1173 ./ra/fsp/src/bsp/cmsis/Device/RENESAS/Source/system.o
 .debug_info    0x00069042       0xf9 ./public/u_function.o
 .debug_info    0x0006913b     0xa492 ./public/u_led.o
 .debug_info    0x000735cd     0xa0e9 ./public/u_setting.o
 .debug_info    0x0007d6b6     0xa1d9 ./public/u_setting_tool_ntp.o
 .debug_info    0x0008788f     0xa487 ./mlos/services/mlos_log.o
 .debug_info    0x00091d16     0xabf4 ./mlos/services/mlos_shell.o
 .debug_info    0x0009c90a     0x9f3f ./mlos/port/RA6M4/mlos_port.o
 .debug_info    0x000a6849     0x9e2d ./mlos/os/mlos.o
 .debug_info    0x000b0676     0x9c84 ./mlos/os/mlos_clock.o
 .debug_info    0x000ba2fa      0xe04 ./mlos/os/mlos_list.o
 .debug_info    0x000bb0fe     0x9d70 ./mlos/os/mlos_ltimer.o
 .debug_info    0x000c4e6e     0x9fc0 ./mlos/os/mlos_malloc.o
 .debug_info    0x000cee2e     0xa515 ./mlos/os/mlos_mpump.o
 .debug_info    0x000d9343     0xa4b1 ./mlos/os/mlos_rtimer.o
 .debug_info    0x000e37f4     0xa514 ./mlos/os/mlos_task.o
 .debug_info    0x000edd08     0xa999 ./mllib/upper/upper_ntp.o
 .debug_info    0x000f86a1     0xa940 ./mllib/tool/tool.o
 .debug_info    0x00102fe1     0xa137 ./mllib/ntp/w5500/ra6m4/ntp_w5500_spi_driver.o
 .debug_info    0x0010d118     0xb49d ./mllib/ntp/w5500/ntp_w5500.o