Archive member included to satisfy reference by file (symbol)

c:/renesas/ra/e2studio_v2021-04_fsp_v3.0.0/toolchains/gcc_arm/9_2020q2/bin/../lib/gcc/arm-none-eabi/9.3.1/thumb/v8-m.main+fp/hard\libgcc.a(_aeabi_ldivmod.o)
                              ./ra/fsp/src/r_sci_uart/r_sci_uart.o (__aeabi_ldivmod)
c:/renesas/ra/e2studio_v2021-04_fsp_v3.0.0/toolchains/gcc_arm/9_2020q2/bin/../lib/gcc/arm-none-eabi/9.3.1/thumb/v8-m.main+fp/hard\libgcc.a(_udivmoddi4.o)
                              c:/renesas/ra/e2studio_v2021-04_fsp_v3.0.0/toolchains/gcc_arm/9_2020q2/bin/../lib/gcc/arm-none-eabi/9.3.1/thumb/v8-m.main+fp/hard\libgcc.a(_aeabi_ldivmod.o) (__udivmoddi4)
c:/renesas/ra/e2studio_v2021-04_fsp_v3.0.0/toolchains/gcc_arm/9_2020q2/bin/../lib/gcc/arm-none-eabi/9.3.1/thumb/v8-m.main+fp/hard\libgcc.a(_dvmd_tls.o)
                              c:/renesas/ra/e2studio_v2021-04_fsp_v3.0.0/toolchains/gcc_arm/9_2020q2/bin/../lib/gcc/arm-none-eabi/9.3.1/thumb/v8-m.main+fp/hard\libgcc.a(_aeabi_ldivmod.o) (__aeabi_ldiv0)
c:/renesas/ra/e2studio_v2021-04_fsp_v3.0.0/toolchains/gcc_arm/9_2020q2/bin/../lib/gcc/arm-none-eabi/9.3.1/../../../../arm-none-eabi/lib/thumb/v8-m.main+fp/hard\libg_nano.a(lib_a-errno.o)
                              ./ra/fsp/src/bsp/mcu/all/bsp_sbrk.o (__errno)
c:/renesas/ra/e2studio_v2021-04_fsp_v3.0.0/toolchains/gcc_arm/9_2020q2/bin/../lib/gcc/arm-none-eabi/9.3.1/../../../../arm-none-eabi/lib/thumb/v8-m.main+fp/hard\libg_nano.a(lib_a-exit.o)
                              c:/renesas/ra/e2studio_v2021-04_fsp_v3.0.0/toolchains/gcc_arm/9_2020q2/bin/../lib/gcc/arm-none-eabi/9.3.1/../../../../arm-none-eabi/lib/thumb/v8-m.main+fp/hard/rdimon-crt0.o (exit)
c:/renesas/ra/e2studio_v2021-04_fsp_v3.0.0/toolchains/gcc_arm/9_2020q2/bin/../lib/gcc/arm-none-eabi/9.3.1/../../../../arm-none-eabi/lib/thumb/v8-m.main+fp/hard\libg_nano.a(lib_a-impure.o)
                              c:/renesas/ra/e2studio_v2021-04_fsp_v3.0.0/toolchains/gcc_arm/9_2020q2/bin/../lib/gcc/arm-none-eabi/9.3.1/../../../../arm-none-eabi/lib/thumb/v8-m.main+fp/hard\libg_nano.a(lib_a-exit.o) (_global_impure_ptr)
c:/renesas/ra/e2studio_v2021-04_fsp_v3.0.0/toolchains/gcc_arm/9_2020q2/bin/../lib/gcc/arm-none-eabi/9.3.1/../../../../arm-none-eabi/lib/thumb/v8-m.main+fp/hard\libg_nano.a(lib_a-init.o)
                              c:/renesas/ra/e2studio_v2021-04_fsp_v3.0.0/toolchains/gcc_arm/9_2020q2/bin/../lib/gcc/arm-none-eabi/9.3.1/../../../../arm-none-eabi/lib/thumb/v8-m.main+fp/hard/rdimon-crt0.o (__libc_init_array)
c:/renesas/ra/e2studio_v2021-04_fsp_v3.0.0/toolchains/gcc_arm/9_2020q2/bin/../lib/gcc/arm-none-eabi/9.3.1/../../../../arm-none-eabi/lib/thumb/v8-m.main+fp/hard\libg_nano.a(lib_a-memcmp.o)
                              ./public/u_setting.o (memcmp)
c:/renesas/ra/e2studio_v2021-04_fsp_v3.0.0/toolchains/gcc_arm/9_2020q2/bin/../lib/gcc/arm-none-eabi/9.3.1/../../../../arm-none-eabi/lib/thumb/v8-m.main+fp/hard\libg_nano.a(lib_a-memcpy-stub.o)
                              ./ra/fsp/src/r_sci_uart/r_sci_uart.o (memcpy)
c:/renesas/ra/e2studio_v2021-04_fsp_v3.0.0/toolchains/gcc_arm/9_2020q2/bin/../lib/gcc/arm-none-eabi/9.3.1/../../../../arm-none-eabi/lib/thumb/v8-m.main+fp/hard\libg_nano.a(lib_a-memset.o)
                              c:/renesas/ra/e2studio_v2021-04_fsp_v3.0.0/toolchains/gcc_arm/9_2020q2/bin/../lib/gcc/arm-none-eabi/9.3.1/../../../../arm-none-eabi/lib/thumb/v8-m.main+fp/hard/rdimon-crt0.o (memset)
c:/renesas/ra/e2studio_v2021-04_fsp_v3.0.0/toolchains/gcc_arm/9_2020q2/bin/../lib/gcc/arm-none-eabi/9.3.1/../../../../arm-none-eabi/lib/thumb/v8-m.main+fp/hard\libg_nano.a(lib_a-strcmp.o)
                              ./mlos/services/mlos_log.o (strcmp)
c:/renesas/ra/e2studio_v2021-04_fsp_v3.0.0/toolchains/gcc_arm/9_2020q2/bin/../lib/gcc/arm-none-eabi/9.3.1/../../../../arm-none-eabi/lib/thumb/v8-m.main+fp/hard\libg_nano.a(lib_a-strcpy.o)
                              ./mlos/os/mlos_task.o (strcpy)
c:/renesas/ra/e2studio_v2021-04_fsp_v3.0.0/toolchains/gcc_arm/9_2020q2/bin/../lib/gcc/arm-none-eabi/9.3.1/../../../../arm-none-eabi/lib/thumb/v8-m.main+fp/hard\libg_nano.a(lib_a-strlen.o)
                              ./mlos/services/mlos_shell.o (strlen)
c:/renesas/ra/e2studio_v2021-04_fsp_v3.0.0/toolchains/gcc_arm/9_2020q2/bin/../lib/gcc/arm-none-eabi/9.3.1/../../../../arm-none-eabi/lib/thumb/v8-m.main+fp/hard\libg_nano.a(lib_a-vsprintf.o)
                              ./mlos/services/mlos_log.o (vsprintf)
c:/renesas/ra/e2studio_v2021-04_fsp_v3.0.0/toolchains/gcc_arm/9_2020q2/bin/../lib/gcc/arm-none-eabi/9.3.1/../../../../arm-none-eabi/lib/thumb/v8-m.main+fp/hard\libg_nano.a(lib_a-nano-svfprintf.o)
                              c:/renesas/ra/e2studio_v2021-04_fsp_v3.0.0/toolchains/gcc_arm/9_2020q2/bin/../lib/gcc/arm-none-eabi/9.3.1/../../../../arm-none-eabi/lib/thumb/v8-m.main+fp/hard\libg_nano.a(lib_a-vsprintf.o) (_svfprintf_r)
[...]
Memory Configuration

Name             Origin             Length             Attributes
FLASH            0x00000000         0x00010000         xr
RAM              0x20000000         0x00040000         xrw
DATA_FLASH       0x08000000         0x00002000         xr
QSPI_FLASH       0x60000000         0x04000000         xr
OSPI_DEVICE_0    0x68000000         0x08000000         xr
OSPI_DEVICE_1    0x70000000         0x10000000         xr
SDRAM            0x90000000         0x00000000         xrw
OPTION_SETTING   0x0100a100         0x00000100         r
OPTION_SETTING_S 0x0100a200         0x00000100         r
ID_CODE          0x00000000         0x00000000         xr
*default*        0x00000000         0xffffffff

Linker script and memory map

LOAD c:/renesas/ra/e2studio_v2021-04_fsp_v3.0.0/toolchains/gcc_arm/9_2020q2/bin/../lib/gcc/arm-none-eabi/9.3.1/thumb/v8-m.main+fp/hard/crti.o
LOAD c:/renesas/ra/e2studio_v2021-04_fsp_v3.0.0/toolchains/gcc_arm/9_2020q2/bin/../lib/gcc/arm-none-eabi/9.3.1/thumb/v8-m.main+fp/hard/crtbegin.o
LOAD c:/renesas/ra/e2studio_v2021-04_fsp_v3.0.0/toolchains/gcc_arm/9_2020q2/bin/../lib/gcc/arm-none-eabi/9.3.1/../../../../arm-none-eabi/lib/thumb/v8-m.main+fp/hard/rdimon-crt0.o
START GROUP
LOAD ./src/hal_entry.o
LOAD ./ra_gen/common_data.o
LOAD ./ra_gen/hal_data.o
LOAD ./ra_gen/main.o
LOAD ./ra_gen/pin_data.o
LOAD ./ra_gen/vector_data.o
LOAD ./ra/fsp/src/r_spi/r_spi.o
LOAD ./ra/fsp/src/r_sci_uart/r_sci_uart.o
LOAD ./ra/fsp/src/r_qspi/r_qspi.o
LOAD ./ra/fsp/src/r_ioport/r_ioport.o
LOAD ./ra/fsp/src/r_gpt/r_gpt.o
LOAD ./ra/fsp/src/r_flash_hp/r_flash_hp.o
LOAD ./ra/fsp/src/r_dtc/r_dtc.o
LOAD ./ra/fsp/src/r_can/r_can.o
LOAD ./ra/fsp/src/bsp/mcu/all/bsp_clocks.o
LOAD ./ra/fsp/src/bsp/mcu/all/bsp_common.o
LOAD ./ra/fsp/src/bsp/mcu/all/bsp_delay.o
LOAD ./ra/fsp/src/bsp/mcu/all/bsp_group_irq.o
LOAD ./ra/fsp/src/bsp/mcu/all/bsp_guard.o
LOAD ./ra/fsp/src/bsp/mcu/all/bsp_io.o
LOAD ./ra/fsp/src/bsp/mcu/all/bsp_irq.o
LOAD ./ra/fsp/src/bsp/mcu/all/bsp_register_protection.o
LOAD ./ra/fsp/src/bsp/mcu/all/bsp_rom_registers.o
LOAD ./ra/fsp/src/bsp/mcu/all/bsp_sbrk.o
LOAD ./ra/fsp/src/bsp/mcu/all/bsp_security.o
LOAD ./ra/fsp/src/bsp/cmsis/Device/RENESAS/Source/startup.o
LOAD ./ra/fsp/src/bsp/cmsis/Device/RENESAS/Source/system.o
LOAD ./public/u_function.o
LOAD ./public/u_led.o
LOAD ./public/u_setting.o
LOAD ./mlos/services/mlos_log.o
LOAD ./mlos/services/mlos_shell.o
LOAD ./mlos/port/RA6M4/mlos_port.o
LOAD ./mlos/os/mlos.o
LOAD ./mlos/os/mlos_clock.o
LOAD ./mlos/os/mlos_list.o
LOAD ./mlos/os/mlos_ltimer.o
LOAD ./mlos/os/mlos_malloc.o
LOAD ./mlos/os/mlos_mpump.o
LOAD ./mlos/os/mlos_que.o
LOAD ./mlos/os/mlos_rtimer.o
LOAD ./mlos/os/mlos_task.o
LOAD ./mllib/upper/upper_ntp.o
LOAD ./mllib/tool/tool.o
LOAD ./mllib/tool/tool_debug.o
LOAD ./mllib/tool/tool_ds.o
LOAD ./mllib/tool/tool_iap.o
LOAD ./mllib/tool/tool_setting.o
LOAD ./mllib/ntp/w5500/ra6m4/ntp_w5500_spi_driver.o
LOAD ./mllib/ntp/w5500/ntp_w5500.o
LOAD ./mllib/ntp/ntp.o
LOAD ./mllib/ntp/ntp_usocket.o
LOAD ./mllib/mlflash/mcuflash/RA6M4/mcu_flash.o
LOAD ./mllib/iap/RA6M4/iap_mcu_port.o
LOAD ./mllib/iap/iap.o
LOAD ./boot/u_boot.o
END GROUP
START GROUP
LOAD c:/renesas/ra/e2studio_v2021-04_fsp_v3.0.0/toolchains/gcc_arm/9_2020q2/bin/../lib/gcc/arm-none-eabi/9.3.1/thumb/v8-m.main+fp/hard\libgcc.a
LOAD c:/renesas/ra/e2studio_v2021-04_fsp_v3.0.0/toolchains/gcc_arm/9_2020q2/bin/../lib/gcc/arm-none-eabi/9.3.1/../../../../arm-none-eabi/lib/thumb/v8-m.main+fp/hard\libg_nano.a
LOAD c:/renesas/ra/e2studio_v2021-04_fsp_v3.0.0/toolchains/gcc_arm/9_2020q2/bin/../lib/gcc/arm-none-eabi/9.3.1/../../../../arm-none-eabi/lib/thumb/v8-m.main+fp/hard\libc_nano.a
END GROUP
START GROUP
LOAD c:/renesas/ra/e2studio_v2021-04_fsp_v3.0.0/toolchains/gcc_arm/9_2020q2/bin/../lib/gcc/arm-none-eabi/9.3.1/thumb/v8-m.main+fp/hard\libgcc.a
LOAD c:/renesas/ra/e2studio_v2021-04_fsp_v3.0.0/toolchains/gcc_arm/9_2020q2/bin/../lib/gcc/arm-none-eabi/9.3.1/../../../../arm-none-eabi/lib/thumb/v8-m.main+fp/hard\libc_nano.a
LOAD c:/renesas/ra/e2studio_v2021-04_fsp_v3.0.0/toolchains/gcc_arm/9_2020q2/bin/../lib/gcc/arm-none-eabi/9.3.1/../../../../arm-none-eabi/lib/thumb/v8-m.main+fp/hard\librdimon_nano.a
END GROUP
START GROUP
LOAD c:/renesas/ra/e2studio_v2021-04_fsp_v3.0.0/toolchains/gcc_arm/9_2020q2/bin/../lib/gcc/arm-none-eabi/9.3.1/thumb/v8-m.main+fp/hard\libgcc.a
LOAD c:/renesas/ra/e2studio_v2021-04_fsp_v3.0.0/toolchains/gcc_arm/9_2020q2/bin/../lib/gcc/arm-none-eabi/9.3.1/../../../../arm-none-eabi/lib/thumb/v8-m.main+fp/hard\libc_nano.a
LOAD c:/renesas/ra/e2studio_v2021-04_fsp_v3.0.0/toolchains/gcc_arm/9_2020q2/bin/../lib/gcc/arm-none-eabi/9.3.1/../../../../arm-none-eabi/lib/thumb/v8-m.main+fp/hard\librdimon_nano.a
END GROUP
LOAD c:/renesas/ra/e2studio_v2021-04_fsp_v3.0.0/toolchains/gcc_arm/9_2020q2/bin/../lib/gcc/arm-none-eabi/9.3.1/thumb/v8-m.main+fp/hard/crtend.o
LOAD c:/renesas/ra/e2studio_v2021-04_fsp_v3.0.0/toolchains/gcc_arm/9_2020q2/bin/../lib/gcc/arm-none-eabi/9.3.1/thumb/v8-m.main+fp/hard/crtn.o
                0x20000000                RAM_START = 0x20000000
                0x00040000                RAM_LENGTH = 0x40000
                0x00000000                FLASH_START = 0x0
                0x00010000                FLASH_LENGTH = 0x10000
                0x08000000                DATA_FLASH_START = 0x8000000
                0x00002000                DATA_FLASH_LENGTH = 0x2000
                0x0100a100                OPTION_SETTING_START = 0x100a100
                0x00000100                OPTION_SETTING_LENGTH = 0x100
                0x0100a200                OPTION_SETTING_S_START = 0x100a200
                0x00000100                OPTION_SETTING_S_LENGTH = 0x100
                0x00000000                ID_CODE_START = 0x0
                0x00000000                ID_CODE_LENGTH = 0x0
                0x90000000                SDRAM_START = 0x90000000
                0x00000000                SDRAM_LENGTH = 0x0
                0x60000000                QSPI_FLASH_START = 0x60000000
                0x04000000                QSPI_FLASH_LENGTH = 0x4000000
                0x68000000                OSPI_DEVICE_0_START = 0x68000000
                0x08000000                OSPI_DEVICE_0_LENGTH = 0x8000000
                0x70000000                OSPI_DEVICE_1_START = 0x70000000
                0x10000000                OSPI_DEVICE_1_LENGTH = 0x10000000
                0x04000000                QSPI_FLASH_PRV_LENGTH = DEFINED (QSPI_FLASH_SIZE)?ABSOLUTE (QSPI_FLASH_SIZE):ABSOLUTE (QSPI_FLASH_LENGTH)
                0x08000000                OSPI_DEVICE_0_PRV_LENGTH = DEFINED (OSPI_DEVICE_0_SIZE)?ABSOLUTE (OSPI_DEVICE_0_SIZE):ABSOLUTE (OSPI_DEVICE_0_LENGTH)
                0x10000000                OSPI_DEVICE_1_PRV_LENGTH = DEFINED (OSPI_DEVICE_1_SIZE)?ABSOLUTE (OSPI_DEVICE_1_SIZE):ABSOLUTE (OSPI_DEVICE_1_LENGTH)
                0x00000000                __RESERVE_NS_RAM = ((! (DEFINED (PROJECT_NONSECURE)) && DEFINED (RAM_NS_BUFFER_LENGTH)) && (OPTION_SETTING_S_LENGTH != 0x0))
                0x00000000                RAM_NS_BUFFER_BLOCK_LENGTH = DEFINED (RAM_NS_BUFFER_LENGTH)?ALIGN (RAM_NS_BUFFER_LENGTH, 0x2000):0x0
                0x00000000                RAM_NS_BUFFER_LENGTH = DEFINED (RAM_NS_BUFFER_LENGTH)?RAM_NS_BUFFER_LENGTH:0x0
                0x20040000                RAM_NS_BUFFER_START = ((RAM_START + RAM_LENGTH) - RAM_NS_BUFFER_LENGTH)
                0x20040000                RAM_NS_BUFFER_BLOCK_START = ((RAM_START + RAM_LENGTH) - RAM_NS_BUFFER_BLOCK_LENGTH)
                0x0100a180                OPTION_SETTING_START_NS = 0x100a180
                0x00000001                __bl_FSP_BOOTABLE_IMAGE = 0x1
                0x00000001                __bln_FSP_BOOTABLE_IMAGE = 0x1
                0x00000001                PROJECT_SECURE_OR_FLAT = ((! (DEFINED (PROJECT_NONSECURE)) && OPTION_SETTING_LENGTH) && ! (DEFINED (FSP_BOOTABLE_IMAGE)))
                0x00000000                USE_OPTION_SETTING_NS = (DEFINED (PROJECT_NONSECURE) && ! (DEFINED (FSP_BOOTABLE_IMAGE)))
                0x00000000                __bl_FLASH_IMAGE_START = ! (DEFINED (FLASH_BOOTLOADER_LENGTH))?0x0:(FLASH_APPLICATION_IMAGE_NUMBER == 0x1)?(FLASH_BOOTLOADER_LENGTH + FLASH_BOOTLOADER_HEADER_LENGTH):(((FLASH_BOOTLOADER_LENGTH + FLASH_BOOTLOADER_SCRATCH_LENGTH) + FLASH_APPLICATION_S_LENGTH) + FLASH_BOOTLOADER_HEADER_LENGTH)
                0x00000000                __bl_FLASH_IMAGE_LENGTH = ! (DEFINED (FLASH_BOOTLOADER_LENGTH))?0x0:(FLASH_APPLICATION_S_LENGTH - FLASH_BOOTLOADER_HEADER_LENGTH)
                0x00000000                __bl_FLASH_IMAGE_END = (__bl_FLASH_IMAGE_START + __bl_FLASH_IMAGE_LENGTH)
                0x00000000                __bl_FLASH_NS_START = ! (DEFINED (FLASH_BOOTLOADER_LENGTH))?0x0:(FLASH_APPLICATION_NS_LENGTH == 0x0)?__bl_FLASH_IMAGE_END:((__bl_FLASH_IMAGE_START - FLASH_BOOTLOADER_HEADER_LENGTH) + FLASH_APPLICATION_S_LENGTH)
                0x00000000                __bl_FLASH_NSC_START = ! (DEFINED (FLASH_BOOTLOADER_LENGTH))?0x0:(FLASH_APPLICATION_NS_LENGTH == 0x0)?__bl_FLASH_IMAGE_END:(__bl_FLASH_NS_START - FLASH_APPLICATION_NSC_LENGTH)
                0x00000000                __bl_RAM_NS_START = ! (DEFINED (FLASH_BOOTLOADER_LENGTH))?0x0:(FLASH_APPLICATION_NS_LENGTH == 0x0)?(RAM_START + RAM_LENGTH):((RAM_START + RAM_LENGTH) - RAM_APPLICATION_NS_LENGTH)
                0x00000000                __bl_RAM_NSC_START = ! (DEFINED (FLASH_BOOTLOADER_LENGTH))?0x0:(FLASH_APPLICATION_NS_LENGTH == 0x0)?(RAM_START + RAM_LENGTH):(__bl_RAM_NS_START - RAM_APPLICATION_NSC_LENGTH)
                0x00000000                __bl_FLASH_NS_IMAGE_START = ! (DEFINED (FLASH_BOOTLOADER_LENGTH))?0x0:(FLASH_APPLICATION_NS_LENGTH == 0x0)?__bl_FLASH_IMAGE_END:(__bl_FLASH_NS_START + FLASH_BOOTLOADER_HEADER_LENGTH_2)
                0x00000000                __bln_FLASH_IMAGE_START = __bl_FLASH_NS_IMAGE_START
                0x00000000                __bln_FLASH_IMAGE_LENGTH = ! (DEFINED (FLASH_BOOTLOADER_LENGTH))?0x0:(FLASH_APPLICATION_NS_LENGTH == 0x0)?__bl_FLASH_IMAGE_END:(FLASH_APPLICATION_NS_LENGTH - FLASH_BOOTLOADER_HEADER_LENGTH_2)
                0x00000000                FLASH_ORIGIN = DEFINED (FLASH_IMAGE_START)?FLASH_IMAGE_START:FLASH_START
                0x00010000                LIMITED_FLASH_LENGTH = DEFINED (FLASH_IMAGE_LENGTH)?FLASH_IMAGE_LENGTH:DEFINED (FLASH_BOOTLOADER_LENGTH)?FLASH_BOOTLOADER_LENGTH:FLASH_LENGTH
START GROUP
LOAD c:/renesas/ra/e2studio_v2021-04_fsp_v3.0.0/toolchains/gcc_arm/9_2020q2/bin/../lib/gcc/arm-none-eabi/9.3.1/thumb/v8-m.main+fp/hard\libgcc.a
LOAD c:/renesas/ra/e2studio_v2021-04_fsp_v3.0.0/toolchains/gcc_arm/9_2020q2/bin/../lib/gcc/arm-none-eabi/9.3.1/../../../../arm-none-eabi/lib/thumb/v8-m.main+fp/hard\libc.a
LOAD c:/renesas/ra/e2studio_v2021-04_fsp_v3.0.0/toolchains/gcc_arm/9_2020q2/bin/../lib/gcc/arm-none-eabi/9.3.1/../../../../arm-none-eabi/lib/thumb/v8-m.main+fp/hard\libm.a
LOAD c:/renesas/ra/e2studio_v2021-04_fsp_v3.0.0/toolchains/gcc_arm/9_2020q2/bin/../lib/gcc/arm-none-eabi/9.3.1/../../../../arm-none-eabi/lib/thumb/v8-m.main+fp/hard\libnosys.a
END GROUP

.text           0x00000000     0x53c8
                0x00000000                __tz_FLASH_S = ABSOLUTE (FLASH_START)
                0x00000000                __ROM_Start = .
 *(.fixed_vectors*)
 .fixed_vectors
                0x00000000       0x40 ./ra/fsp/src/bsp/cmsis/Device/RENESAS/Source/startup.o
                0x00000000                __Vectors
 *(.application_vectors*)
 .application_vectors
                0x00000040      0x180 ./ra_gen/vector_data.o
                0x00000040                g_vector_table
                0x000001c0                __Vectors_End = .
                0x000001c0                . = (OPTION_SETTING_LENGTH > 0x0)?.:(__ROM_Start + 0x400)
 *(.rom_registers*)
                0x000001c0                . = (OPTION_SETTING_LENGTH > 0x0)?.:(__ROM_Start + 0x500)
 *(.text*)
 .text          0x000001c0       0x40 c:/renesas/ra/e2studio_v2021-04_fsp_v3.0.0/toolchains/gcc_arm/9_2020q2/bin/../lib/gcc/arm-none-eabi/9.3.1/thumb/v8-m.main+fp/hard/crtbegin.o
 .text.hal_entry
                0x00000200       0x10 ./src/hal_entry.o
                0x00000200                hal_entry
 .text.R_BSP_WarmStart
                0x00000210       0x1c ./src/hal_entry.o
                0x00000210                R_BSP_WarmStart
 .text.main     0x0000022c        0xa ./ra_gen/main.o
                0x0000022c                main
 *fill*         0x00000236        0x2 ff
 .text.R_SPI_Open
                0x00000238      0x258 ./ra/fsp/src/r_spi/r_spi.o
                0x00000238                R_SPI_Open
 .text.r_spi_call_callback
                0x00000490       0x40 ./ra/fsp/src/r_spi/r_spi.o
 .text.r_spi_bit_width_config
                0x000004d0       0x50 ./ra/fsp/src/r_spi/r_spi.o
                0x000004d0                r_spi_bit_width_config
 .text.spi_rxi_isr
                0x00000520       0x88 ./ra/fsp/src/r_spi/r_spi.o
                0x00000520                spi_rxi_isr
 .text.spi_txi_isr
                0x000005a8      0x114 ./ra/fsp/src/r_spi/r_spi.o
                0x000005a8                spi_txi_isr
 .text.spi_tei_isr
                0x000006bc       0x70 ./ra/fsp/src/r_spi/r_spi.o
                0x000006bc                spi_tei_isr
 .text.spi_eri_isr
                0x0000072c       0x70 ./ra/fsp/src/r_spi/r_spi.o
                0x0000072c                spi_eri_isr
 .text.r_sci_uart_call_callback
                0x0000079c       0x44 ./ra/fsp/src/r_sci_uart/r_sci_uart.o
 .text.sci_uart_txi_isr
                0x000007e0       0x88 ./ra/fsp/src/r_sci_uart/r_sci_uart.o
                0x000007e0                sci_uart_txi_isr
 .text.sci_uart_rxi_isr
                0x00000868       0x84 ./ra/fsp/src/r_sci_uart/r_sci_uart.o
                0x00000868                sci_uart_rxi_isr
 .text.sci_uart_tei_isr
                0x000008ec       0x3c ./ra/fsp/src/r_sci_uart/r_sci_uart.o
                0x000008ec                sci_uart_tei_isr
 .text.sci_uart_eri_isr
                0x00000928       0x68 ./ra/fsp/src/r_sci_uart/r_sci_uart.o
                0x00000928                sci_uart_eri_isr
 .text.R_IOPORT_PinWrite
                0x00000990       0x28 ./ra/fsp/src/r_ioport/r_ioport.o
                0x00000990                R_IOPORT_PinWrite
 .text.r_ioport_pfs_write
                0x000009b8       0x40 ./ra/fsp/src/r_ioport/r_ioport.o
 .text.bsp_vbatt_init
                0x000009f8       0xa0 ./ra/fsp/src/r_ioport/r_ioport.o
 .text.r_ioport_pins_config
                0x00000a98       0x88 ./ra/fsp/src/r_ioport/r_ioport.o
 .text.R_IOPORT_Open
                0x00000b20       0x14 ./ra/fsp/src/r_ioport/r_ioport.o
                0x00000b20                R_IOPORT_Open
 .text.R_GPT_Start
                0x00000b34        0xa ./ra/fsp/src/r_gpt/r_gpt.o
                0x00000b34                R_GPT_Start
 .text.gpt_hardware_events_disable
                0x00000b3e       0x1c ./ra/fsp/src/r_gpt/r_gpt.o
 *fill*         0x00000b5a        0x2 ff
 .text.r_gpt_enable_irq
                0x00000b5c       0x50 ./ra/fsp/src/r_gpt/r_gpt.o
 .text.R_GPT_Open
                0x00000bac      0x114 ./ra/fsp/src/r_gpt/r_gpt.o
                0x00000bac                R_GPT_Open
 .text.r_gpt_call_callback
                0x00000cc0       0x3e ./ra/fsp/src/r_gpt/r_gpt.o
 *fill*         0x00000cfe        0x2 ff
 .text.gpt_counter_overflow_isr
                0x00000d00       0x80 ./ra/fsp/src/r_gpt/r_gpt.o
                0x00000d00                gpt_counter_overflow_isr
 .text.flash_hp_init
                0x00000d80      0x104 ./ra/fsp/src/r_flash_hp/r_flash_hp.o
 .text.R_FLASH_HP_Open
                0x00000e84       0xdc ./ra/fsp/src/r_flash_hp/r_flash_hp.o
                0x00000e84                R_FLASH_HP_Open
 .text.flash_hp_enter_pe_df_mode
                0x00000f60       0xb8 ./ra/fsp/src/r_flash_hp/r_flash_hp.o
 .text.R_FLASH_HP_Write
                0x00001018       0x86 ./ra/fsp/src/r_flash_hp/r_flash_hp.o
                0x00001018                R_FLASH_HP_Write
 *fill*         0x0000109e        0x2 ff
 .text.R_FLASH_HP_Erase
                0x000010a0       0xb0 ./ra/fsp/src/r_flash_hp/r_flash_hp.o
                0x000010a0                R_FLASH_HP_Erase
 .text.R_FLASH_HP_StartUpAreaSelect
                0x00001150        0x8 ./ra/fsp/src/r_flash_hp/r_flash_hp.o
                0x00001150                R_FLASH_HP_StartUpAreaSelect
 .text.R_DTC_SoftwareStart
                0x00001158        0x4 ./ra/fsp/src/r_dtc/r_dtc.o
                0x00001158                R_DTC_SoftwareStart
 .text.R_DTC_SoftwareStop
                0x0000115c        0x4 ./ra/fsp/src/r_dtc/r_dtc.o
                0x0000115c                R_DTC_SoftwareStop
 .text.R_DTC_Disable
                0x00001160       0x1c ./ra/fsp/src/r_dtc/r_dtc.o
                0x00001160                R_DTC_Disable
 .text.R_DTC_InfoGet
                0x0000117c       0x50 ./ra/fsp/src/r_dtc/r_dtc.o
                0x0000117c                R_DTC_InfoGet
 .text.R_DTC_Close
                0x000011cc       0x30 ./ra/fsp/src/r_dtc/r_dtc.o
                0x000011cc                R_DTC_Close
 .text.R_DTC_Reset
                0x000011fc       0xb0 ./ra/fsp/src/r_dtc/r_dtc.o
                0x000011fc                R_DTC_Reset
 .text.r_dtc_set_info
                0x000012ac       0x48 ./ra/fsp/src/r_dtc/r_dtc.o
 .text.R_DTC_Open
                0x000012f4       0x80 ./ra/fsp/src/r_dtc/r_dtc.o
                0x000012f4                R_DTC_Open
 .text.R_DTC_Reconfigure
                0x00001374       0x5c ./ra/fsp/src/r_dtc/r_dtc.o
                0x00001374                R_DTC_Reconfigure
 .text.R_DTC_Enable
                0x000013d0       0x1c ./ra/fsp/src/r_dtc/r_dtc.o
                0x000013d0                R_DTC_Enable
 .text.r_can_call_callback
                0x000013ec       0x5c ./ra/fsp/src/r_can/r_can.o
 .text.can_error_isr
                0x00001448       0xe4 ./ra/fsp/src/r_can/r_can.o
                0x00001448                can_error_isr
 .text.can_mailbox_rx_isr
                0x0000152c      0x128 ./ra/fsp/src/r_can/r_can.o
                0x0000152c                can_mailbox_rx_isr
 .text.can_mailbox_tx_isr
                0x00001654       0xb0 ./ra/fsp/src/r_can/r_can.o
                0x00001654                can_mailbox_tx_isr
 .text.SystemCoreClockUpdate
                0x00001704       0x28 ./ra/fsp/src/bsp/mcu/all/bsp_clocks.o
                0x00001704                SystemCoreClockUpdate
 .text.bsp_clock_init
                0x0000172c       0xec ./ra/fsp/src/bsp/mcu/all/bsp_clocks.o
                0x0000172c                bsp_clock_init
 .text.bsp_init_internal
                0x00001818        0x2 ./ra/fsp/src/bsp/mcu/all/bsp_common.o
                0x00001818                bsp_init_internal
                0x00001818                bsp_init
 *fill*         0x0000181a        0x2 ff
 .text.NMI_Handler
                0x0000181c       0x40 ./ra/fsp/src/bsp/mcu/all/bsp_group_irq.o
                0x0000181c                NMI_Handler
 .text.bsp_irq_cfg
                0x0000185c       0xb0 ./ra/fsp/src/bsp/mcu/all/bsp_irq.o
                0x0000185c                bsp_irq_cfg
 .text.R_BSP_RegisterProtectEnable
                0x0000190c       0x64 ./ra/fsp/src/bsp/mcu/all/bsp_register_protection.o
                0x0000190c                R_BSP_RegisterProtectEnable
 .text.R_BSP_RegisterProtectDisable
                0x00001970       0x54 ./ra/fsp/src/bsp/mcu/all/bsp_register_protection.o
                0x00001970                R_BSP_RegisterProtectDisable
 .text._sbrk    0x000019c4       0x44 ./ra/fsp/src/bsp/mcu/all/bsp_sbrk.o
                0x000019c4                _sbrk
 .text.Default_Handler
                0x00001a08        0x4 ./ra/fsp/src/bsp/cmsis/Device/RENESAS/Source/startup.o
                0x00001a08                DebugMon_Handler
                0x00001a08                HardFault_Handler
                0x00001a08                SysTick_Handler
                0x00001a08                PendSV_Handler
                0x00001a08                UsageFault_Handler
                0x00001a08                SecureFault_Handler
                0x00001a08                Default_Handler
                0x00001a08                MemManage_Handler
                0x00001a08                SVC_Handler
                0x00001a08                BusFault_Handler
 .text.Reset_Handler
                0x00001a0c        0xc ./ra/fsp/src/bsp/cmsis/Device/RENESAS/Source/startup.o
                0x00001a0c                Reset_Handler
 .text.SystemInit
                0x00001a18       0xc0 ./ra/fsp/src/bsp/cmsis/Device/RENESAS/Source/system.o
                0x00001a18                SystemInit
 .text.led_run  0x00001ad8      0x154 ./public/u_led.o
                0x00001ad8                led_run
 .text.led_init
                0x00001c2c       0x54 ./public/u_led.o
                0x00001c2c                led_init
 .text.setting_page_update
                0x00001c80       0x24 ./public/u_setting.o
                0x00001c80                setting_page_update
 .text.setting_init
                0x00001ca4       0xd8 ./public/u_setting.o
                0x00001ca4                setting_init
 .text.log_shell_cmd_handle
                0x00001d7c       0x58 ./mlos/services/mlos_log.o
                0x00001d7c                log_shell_cmd_handle
 .text.log_init
                0x00001dd4       0x34 ./mlos/services/mlos_log.o
                0x00001dd4                log_init
 .text.shell_cmd_seek
                0x00001e08       0x28 ./mlos/services/mlos_shell.o
                0x00001e08                shell_cmd_seek
 .text.shell_reply
                0x00001e30       0x4c ./mlos/services/mlos_shell.o
                0x00001e30                shell_reply
 .text.shell_cmd_help
                0x00001e7c       0x40 ./mlos/services/mlos_shell.o
                0x00001e7c                shell_cmd_help
 .text.shell_cmd_reboot
                0x00001ebc       0x10 ./mlos/services/mlos_shell.o
                0x00001ebc                shell_cmd_reboot
 .text.shell_print
                0x00001ecc       0x34 ./mlos/services/mlos_shell.o
                0x00001ecc                shell_print
 .text.shell_cmd_mem
                0x00001f00       0x38 ./mlos/services/mlos_shell.o
                0x00001f00                shell_cmd_mem
 .text.shell_cmd_register
                0x00001f38       0x44 ./mlos/services/mlos_shell.o
                0x00001f38                shell_cmd_register
 .text.shell_cmd_buf_read
                0x00001f7c       0xfc ./mlos/services/mlos_shell.o
                0x00001f7c                shell_cmd_buf_read
 .text.shell_task
                0x00002078       0x8c ./mlos/services/mlos_shell.o
                0x00002078                shell_task
 .text.shell_init
                0x00002104       0x80 ./mlos/services/mlos_shell.o
                0x00002104                shell_init
 .text.port_clock_init
                0x00002184       0x2c ./mlos/port/RA6M4/mlos_port.o
                0x00002184                port_clock_init
 .text.mlos_clock_timer_isr
                0x000021b0       0x38 ./mlos/port/RA6M4/mlos_port.o
                0x000021b0                mlos_clock_timer_isr
 .text.task_clock_start
                0x000021e8       0x10 ./mlos/port/RA6M4/mlos_port.o
                0x000021e8                task_clock_start
 .text.exsram_check
                0x000021f8       0x20 ./mlos/port/RA6M4/mlos_port.o
                0x000021f8                exsram_check
 .text.port_mem_init
                0x00002218       0x44 ./mlos/port/RA6M4/mlos_port.o
                0x00002218                port_mem_init
 .text.mlos_init
                0x0000225c       0x34 ./mlos/os/mlos.o
                0x0000225c                mlos_init
 .text.mlos_us_delay
                0x00002290        0x2 ./mlos/os/mlos_clock.o
                0x00002290                mlos_us_delay
 .text.mlos_clock_init
                0x00002292        0x8 ./mlos/os/mlos_clock.o
                0x00002292                mlos_clock_init
 .text.list_dl_remove
                0x0000229a       0x6a ./mlos/os/mlos_list.o
                0x0000229a                list_dl_remove
 .text.list_append
                0x00002304       0xac ./mlos/os/mlos_list.o
                0x00002304                list_append
 .text.list_init
                0x000023b0        0xe ./mlos/os/mlos_list.o
                0x000023b0                list_init
 .text.list_create
                0x000023be       0x20 ./mlos/os/mlos_list.o
                0x000023be                list_create
 *fill*         0x000023de        0x2 ff
 .text.ltimer_create
                0x000023e0       0x20 ./mlos/os/mlos_ltimer.o
                0x000023e0                ltimer_create
 .text.mlos_mem_list
                0x00002400        0x8 ./mlos/os/mlos_malloc.o
                0x00002400                mlos_mem_list
 .text.mlos_mem_statistics
                0x00002408       0x30 ./mlos/os/mlos_malloc.o
                0x00002408                mlos_mem_statistics
 .text.mlos_malloc
                0x00002438       0x4c ./mlos/os/mlos_malloc.o
                0x00002438                mlos_malloc
 .text.mlos_mem_mount
                0x00002484       0x30 ./mlos/os/mlos_malloc.o
                0x00002484                mlos_mem_mount
 .text.mlos_mem_init
                0x000024b4       0x18 ./mlos/os/mlos_malloc.o
                0x000024b4                mlos_mem_init
 .text.mpump_create
                0x000024cc       0x6c ./mlos/os/mlos_mpump.o
                0x000024cc                mpump_create
 .text.list_message_find
                0x00002538       0x14 ./mlos/os/mlos_mpump.o
                0x00002538                list_message_find
 .text.list_message_register
                0x0000254c       0x44 ./mlos/os/mlos_mpump.o
                0x0000254c                list_message_register
 .text.consumer_find
                0x00002590       0x12 ./mlos/os/mlos_mpump.o
                0x00002590                consumer_find
 *fill*         0x000025a2        0x2 ff
 .text.consumer_register
                0x000025a4       0x34 ./mlos/os/mlos_mpump.o
                0x000025a4                consumer_register
 .text.mpump_consumer_register
                0x000025d8       0x2a ./mlos/os/mlos_mpump.o
                0x000025d8                mpump_consumer_register
 .text.mpump_consumers_find
                0x00002602       0x30 ./mlos/os/mlos_mpump.o
                0x00002602                mpump_consumers_find
 .text.mpump_dispatch
                0x00002632       0x36 ./mlos/os/mlos_mpump.o
                0x00002632                mpump_dispatch
 .text.rtimer_clock_overflow
                0x00002668       0x3c ./mlos/os/mlos_rtimer.o
                0x00002668                rtimer_clock_overflow
 .text.rtimer_start
                0x000026a4       0x40 ./mlos/os/mlos_rtimer.o
                0x000026a4                rtimer_start
 .text.rtimer_task
                0x000026e4       0x90 ./mlos/os/mlos_rtimer.o
                0x000026e4                rtimer_task
 .text.rtimer_task_create
                0x00002774       0x50 ./mlos/os/mlos_rtimer.o
                0x00002774                rtimer_task_create
 .text.task_create
                0x000027c4       0x6c ./mlos/os/mlos_task.o
                0x000027c4                task_create
 .text.subtask_create
                0x00002830       0x20 ./mlos/os/mlos_task.o
                0x00002830                subtask_create
 .text.task_schedule_prepare
                0x00002850       0x50 ./mlos/os/mlos_task.o
                0x00002850                task_schedule_prepare
 .text.mlos_task_schedule
                0x000028a0       0xd4 ./mlos/os/mlos_task.o
                0x000028a0                mlos_task_schedule
 .text.mlos_task_init
                0x00002974       0x5c ./mlos/os/mlos_task.o
                0x00002974                mlos_task_init
 .text.upper_datagram_process
                0x000029d0       0x20 ./mllib/upper/upper_ntp.o
                0x000029d0                upper_datagram_process
 .text.upper_ntp_task
                0x000029f0       0x34 ./mllib/upper/upper_ntp.o
                0x000029f0                upper_ntp_task
 .text.upper_ntp_init
                0x00002a24       0xb0 ./mllib/upper/upper_ntp.o
                0x00002a24                upper_ntp_init
 .text.tool_txbuf_malloc
                0x00002ad4       0x30 ./mllib/tool/tool.o
                0x00002ad4                tool_txbuf_malloc
 .text.tool_data_sum_check
                0x00002b04       0x36 ./mllib/tool/tool.o
                0x00002b04                tool_data_sum_check
 *fill*         0x00002b3a        0x2 ff
 .text.tool_consumer_register
                0x00002b3c       0x14 ./mllib/tool/tool.o
                0x00002b3c                tool_consumer_register
 .text.tool_tx_data
                0x00002b50       0x9e ./mllib/tool/tool.o
                0x00002b50                tool_tx_data
 *fill*         0x00002bee        0x2 ff
 .text.tool_packet_extract
                0x00002bf0       0x78 ./mllib/tool/tool.o
                0x00002bf0                tool_packet_extract
 .text.tool_task
                0x00002c68       0x48 ./mllib/tool/tool.o
                0x00002c68                tool_task
 .text.tool_init
                0x00002cb0       0x78 ./mllib/tool/tool.o
                0x00002cb0                tool_init
 .text.tool_iap_start
                0x00002d28       0x50 ./mllib/tool/tool_iap.o
                0x00002d28                tool_iap_start
 .text.tool_iap_data
                0x00002d78       0x4c ./mllib/tool/tool_iap.o
                0x00002d78                tool_iap_data
 .text.tool_iap_backup
                0x00002dc4       0x68 ./mllib/tool/tool_iap.o
                0x00002dc4                tool_iap_backup
 .text.tool_iap_mc_conn_reply
                0x00002e2c       0x2e ./mllib/tool/tool_iap.o
                0x00002e2c                tool_iap_mc_conn_reply
 .text.tool_iap_connect
                0x00002e5a       0x1e ./mllib/tool/tool_iap.o
                0x00002e5a                tool_iap_connect
 .text.tool_iap_mc_rerun_reply
                0x00002e78       0x54 ./mllib/tool/tool_iap.o
                0x00002e78                tool_iap_mc_rerun_reply
 .text.tool_iap_rerun
                0x00002ecc       0x12 ./mllib/tool/tool_iap.o
                0x00002ecc                tool_iap_rerun
 *fill*         0x00002ede        0x2 ff
 .text.tool_iap_init
                0x00002ee0       0x40 ./mllib/tool/tool_iap.o
                0x00002ee0                tool_iap_init
 .text.tool_setting_write
                0x00002f20       0x7a ./mllib/tool/tool_setting.o
                0x00002f20                tool_setting_write
 .text.tool_setting_read
                0x00002f9a       0xba ./mllib/tool/tool_setting.o
                0x00002f9a                tool_setting_read
 .text.tool_setting_init
                0x00003054       0x28 ./mllib/tool/tool_setting.o
                0x00003054                tool_setting_init
 .text.w5500_spi_select
                0x0000307c       0x14 ./mllib/ntp/w5500/ra6m4/ntp_w5500_spi_driver.o
                0x0000307c                w5500_spi_select
 .text.w5500_spi_deselect
                0x00003090       0x14 ./mllib/ntp/w5500/ra6m4/ntp_w5500_spi_driver.o
                0x00003090                w5500_spi_deselect
 .text.w5500_hdw_reset_enable
                0x000030a4       0x14 ./mllib/ntp/w5500/ra6m4/ntp_w5500_spi_driver.o
                0x000030a4                w5500_hdw_reset_enable
 .text.w5500_hdw_reset_disable
                0x000030b8       0x14 ./mllib/ntp/w5500/ra6m4/ntp_w5500_spi_driver.o
                0x000030b8                w5500_hdw_reset_disable
 .text.w5500_spi_callback
                0x000030cc       0x14 ./mllib/ntp/w5500/ra6m4/ntp_w5500_spi_driver.o
                0x000030cc                w5500_spi_callback
 .text.w5500_r_byte
                0x000030e0       0x90 ./mllib/ntp/w5500/ra6m4/ntp_w5500_spi_driver.o
                0x000030e0                w5500_r_byte
 .text.w5500_w_byte
                0x00003170       0x94 ./mllib/ntp/w5500/ra6m4/ntp_w5500_spi_driver.o
                0x00003170                w5500_w_byte
 .text.w5500_rw_buf
                0x00003204       0xcc ./mllib/ntp/w5500/ra6m4/ntp_w5500_spi_driver.o
                0x00003204                w5500_rw_buf
 .text.w5500_spi_init
                0x000032d0       0xa4 ./mllib/ntp/w5500/ra6m4/ntp_w5500_spi_driver.o
                0x000032d0                w5500_spi_init
 .text.w5500_ussn_generate
                0x00003374       0x1c ./mllib/ntp/w5500/ntp_w5500.o
                0x00003374                w5500_ussn_generate
 .text.w5500_network_card
                0x00003390        0x8 ./mllib/ntp/w5500/ntp_w5500.o
                0x00003390                w5500_network_card
 .text.w5500_interrupt_handler
                0x00003398       0x5a ./mllib/ntp/w5500/ntp_w5500.o
                0x00003398                w5500_interrupt_handler
 .text.w5500_rx_rsr
                0x000033f2       0x48 ./mllib/ntp/w5500/ntp_w5500.o
                0x000033f2                w5500_rx_rsr
 .text.w5500_tx_fsr
                0x0000343a       0x48 ./mllib/ntp/w5500/ntp_w5500.o
                0x0000343a                w5500_tx_fsr
 .text.w5500_socket_rx
                0x00003482       0xcc ./mllib/ntp/w5500/ntp_w5500.o
                0x00003482                w5500_socket_rx
 .text.w5500_socket_tx
                0x0000354e      0x102 ./mllib/ntp/w5500/ntp_w5500.o
                0x0000354e                w5500_socket_tx
 .text.w5500_usocket_open
                0x00003650      0x160 ./mllib/ntp/w5500/ntp_w5500.o
                0x00003650                w5500_usocket_open
 .text.w5500_usocket_connect
                0x000037b0       0xfc ./mllib/ntp/w5500/ntp_w5500.o
                0x000037b0                w5500_usocket_connect
 .text.w5500_usocket_close
                0x000038ac       0xd4 ./mllib/ntp/w5500/ntp_w5500.o
                0x000038ac                w5500_usocket_close
 .text.w5500_usocket_work
                0x00003980       0x8c ./mllib/ntp/w5500/ntp_w5500.o
                0x00003980                w5500_usocket_work
 .text.w5500_reset
                0x00003a0c       0xec ./mllib/ntp/w5500/ntp_w5500.o
                0x00003a0c                w5500_reset
 .text.w5500_setting
                0x00003af8      0x11c ./mllib/ntp/w5500/ntp_w5500.o
                0x00003af8                w5500_setting
 .text.w5500_working
                0x00003c14       0x68 ./mllib/ntp/w5500/ntp_w5500.o
                0x00003c14                w5500_working
 .text.w5500_unlinked
                0x00003c7c       0x68 ./mllib/ntp/w5500/ntp_w5500.o
                0x00003c7c                w5500_unlinked
 .text.w5500_fsm_run
                0x00003ce4       0x28 ./mllib/ntp/w5500/ntp_w5500.o
                0x00003ce4                w5500_fsm_run
 .text.w5500_usocket_drive
                0x00003d0c       0x48 ./mllib/ntp/w5500/ntp_w5500.o
                0x00003d0c                w5500_usocket_drive
 .text.w5500_init
                0x00003d54       0x7c ./mllib/ntp/w5500/ntp_w5500.o
                0x00003d54                w5500_init
 .text.ntp_init
                0x00003dd0       0x50 ./mllib/ntp/ntp.o
                0x00003dd0                ntp_init
 .text.usocket_create
                0x00003e20       0x7e ./mllib/ntp/ntp_usocket.o
                0x00003e20                usocket_create
 *fill*         0x00003e9e        0x2 ff
 .text.mcu_flash_erase
                0x00003ea0       0x30 ./mllib/mlflash/mcuflash/RA6M4/mcu_flash.o
                0x00003ea0                mcu_flash_erase
 .text.mcu_flash_write
                0x00003ed0       0x68 ./mllib/mlflash/mcuflash/RA6M4/mcu_flash.o
                0x00003ed0                mcu_flash_write
 .text.mcu_flash_read
                0x00003f38        0xe ./mllib/mlflash/mcuflash/RA6M4/mcu_flash.o
                0x00003f38                mcu_flash_read
 *fill*         0x00003f46        0x2 ff
 .text.mcu_flash_callback
                0x00003f48       0x34 ./mllib/mlflash/mcuflash/RA6M4/mcu_flash.o
                0x00003f48                mcu_flash_callback
 .text.mcu_flash_init
                0x00003f7c       0x2c ./mllib/mlflash/mcuflash/RA6M4/mcu_flash.o
                0x00003f7c                mcu_flash_init
 .text.iap_app_exist
                0x00003fa8        0xe ./mllib/iap/RA6M4/iap_mcu_port.o
                0x00003fa8                iap_app_exist
 *fill*         0x00003fb6        0x2 ff
 .text.iap_disable_irq
                0x00003fb8      0x174 ./mllib/iap/RA6M4/iap_mcu_port.o
                0x00003fb8                iap_disable_irq
 .text.iap_set_msp
                0x0000412c       0x4c ./mllib/iap/RA6M4/iap_mcu_port.o
                0x0000412c                iap_set_msp
 .text.iap_be_ready
                0x00004178        0xc ./mllib/iap/iap.o
                0x00004178                iap_be_ready
 .text.iap_run_app
                0x00004184       0x24 ./mllib/iap/iap.o
                0x00004184                iap_run_app
 .text.iap_task
                0x000041a8       0x70 ./mllib/iap/iap.o
                0x000041a8                iap_task
 .text.iap_start
                0x00004218       0x60 ./mllib/iap/iap.o
                0x00004218                iap_start
 .text.iap_data
                0x00004278       0x74 ./mllib/iap/iap.o
                0x00004278                iap_data
 .text.iap_backup
                0x000042ec       0x16 ./mllib/iap/iap.o
                0x000042ec                iap_backup
 *fill*         0x00004302        0x2 ff
 .text.iap_init
                0x00004304       0x40 ./mllib/iap/iap.o
                0x00004304                iap_init
 .text.boot_init
                0x00004344       0x44 ./boot/u_boot.o
                0x00004344                boot_init
 .text.__errno  0x00004388        0xc c:/renesas/ra/e2studio_v2021-04_fsp_v3.0.0/toolchains/gcc_arm/9_2020q2/bin/../lib/gcc/arm-none-eabi/9.3.1/../../../../arm-none-eabi/lib/thumb/v8-m.main+fp/hard\libg_nano.a(lib_a-errno.o)
                0x00004388                __errno
 .text.memcmp   0x00004394       0x1c c:/renesas/ra/e2studio_v2021-04_fsp_v3.0.0/toolchains/gcc_arm/9_2020q2/bin/../lib/gcc/arm-none-eabi/9.3.1/../../../../arm-none-eabi/lib/thumb/v8-m.main+fp/hard\libg_nano.a(lib_a-memcmp.o)
                0x00004394                memcmp
 .text.memcpy   0x000043b0       0x1a c:/renesas/ra/e2studio_v2021-04_fsp_v3.0.0/toolchains/gcc_arm/9_2020q2/bin/../lib/gcc/arm-none-eabi/9.3.1/../../../../arm-none-eabi/lib/thumb/v8-m.main+fp/hard\libg_nano.a(lib_a-memcpy-stub.o)
                0x000043b0                memcpy
 .text.memset   0x000043ca       0x10 c:/renesas/ra/e2studio_v2021-04_fsp_v3.0.0/toolchains/gcc_arm/9_2020q2/bin/../lib/gcc/arm-none-eabi/9.3.1/../../../../arm-none-eabi/lib/thumb/v8-m.main+fp/hard\libg_nano.a(lib_a-memset.o)
                0x000043ca                memset
 .text          0x000043da       0x14 c:/renesas/ra/e2studio_v2021-04_fsp_v3.0.0/toolchains/gcc_arm/9_2020q2/bin/../lib/gcc/arm-none-eabi/9.3.1/../../../../arm-none-eabi/lib/thumb/v8-m.main+fp/hard\libg_nano.a(lib_a-strcmp.o)
                0x000043da                strcmp
 .text          0x000043ee       0x10 c:/renesas/ra/e2studio_v2021-04_fsp_v3.0.0/toolchains/gcc_arm/9_2020q2/bin/../lib/gcc/arm-none-eabi/9.3.1/../../../../arm-none-eabi/lib/thumb/v8-m.main+fp/hard\libg_nano.a(lib_a-strlen.o)
                0x000043ee                strlen
 *fill*         0x000043fe        0x2 ff
 .text._vsprintf_r
                0x00004400       0x2c c:/renesas/ra/e2studio_v2021-04_fsp_v3.0.0/toolchains/gcc_arm/9_2020q2/bin/../lib/gcc/arm-none-eabi/9.3.1/../../../../arm-none-eabi/lib/thumb/v8-m.main+fp/hard\libg_nano.a(lib_a-vsprintf.o)
                0x00004400                _vsprintf_r
                0x00004400                _vsiprintf_r
 .text.vsprintf
                0x0000442c       0x14 c:/renesas/ra/e2studio_v2021-04_fsp_v3.0.0/toolchains/gcc_arm/9_2020q2/bin/../lib/gcc/arm-none-eabi/9.3.1/../../../../arm-none-eabi/lib/thumb/v8-m.main+fp/hard\libg_nano.a(lib_a-vsprintf.o)
                0x0000442c                vsiprintf
                0x0000442c                vsprintf
 .text.__ssputs_r
                0x00004440       0xb6 c:/renesas/ra/e2studio_v2021-04_fsp_v3.0.0/toolchains/gcc_arm/9_2020q2/bin/../lib/gcc/arm-none-eabi/9.3.1/../../../../arm-none-eabi/lib/thumb/v8-m.main+fp/hard\libg_nano.a(lib_a-nano-svfprintf.o)
                0x00004440                __ssputs_r
 *fill*         0x000044f6        0x2 ff
 .text._svfprintf_r
                0x000044f8      0x200 c:/renesas/ra/e2studio_v2021-04_fsp_v3.0.0/toolchains/gcc_arm/9_2020q2/bin/../lib/gcc/arm-none-eabi/9.3.1/../../../../arm-none-eabi/lib/thumb/v8-m.main+fp/hard\libg_nano.a(lib_a-nano-svfprintf.o)
                0x000044f8                _svfiprintf_r
                0x000044f8                _svfprintf_r
 .text._printf_common
                0x000046f8       0xe0 c:/renesas/ra/e2studio_v2021-04_fsp_v3.0.0/toolchains/gcc_arm/9_2020q2/bin/../lib/gcc/arm-none-eabi/9.3.1/../../../../arm-none-eabi/lib/thumb/v8-m.main+fp/hard\libg_nano.a(lib_a-nano-vfprintf_i.o)
                0x000046f8                _printf_common
 .text._printf_i
                0x000047d8      0x24c c:/renesas/ra/e2studio_v2021-04_fsp_v3.0.0/toolchains/gcc_arm/9_2020q2/bin/../lib/gcc/arm-none-eabi/9.3.1/../../../../arm-none-eabi/lib/thumb/v8-m.main+fp/hard\libg_nano.a(lib_a-nano-vfprintf_i.o)
                0x000047d8                _printf_i
 .text.memchr   0x00004a24       0x1c c:/renesas/ra/e2studio_v2021-04_fsp_v3.0.0/toolchains/gcc_arm/9_2020q2/bin/../lib/gcc/arm-none-eabi/9.3.1/../../../../arm-none-eabi/lib/thumb/v8-m.main+fp/hard\libg_nano.a(lib_a-memchr-stub.o)
                0x00004a24                memchr
 .text.memmove  0x00004a40       0x34 c:/renesas/ra/e2studio_v2021-04_fsp_v3.0.0/toolchains/gcc_arm/9_2020q2/bin/../lib/gcc/arm-none-eabi/9.3.1/../../../../arm-none-eabi/lib/thumb/v8-m.main+fp/hard\libg_nano.a(lib_a-memmove.o)
                0x00004a40                memmove
 .text._free_r  0x00004a74       0xa0 c:/renesas/ra/e2studio_v2021-04_fsp_v3.0.0/toolchains/gcc_arm/9_2020q2/bin/../lib/gcc/arm-none-eabi/9.3.1/../../../../arm-none-eabi/lib/thumb/v8-m.main+fp/hard\libg_nano.a(lib_a-nano-freer.o)
                0x00004a74                _free_r
 .text._malloc_r
                0x00004b14       0xb4 c:/renesas/ra/e2studio_v2021-04_fsp_v3.0.0/toolchains/gcc_arm/9_2020q2/bin/../lib/gcc/arm-none-eabi/9.3.1/../../../../arm-none-eabi/lib/thumb/v8-m.main+fp/hard\libg_nano.a(lib_a-nano-mallocr.o)
                0x00004b14                _malloc_r
 .text._realloc_r
                0x00004bc8       0x4c c:/renesas/ra/e2studio_v2021-04_fsp_v3.0.0/toolchains/gcc_arm/9_2020q2/bin/../lib/gcc/arm-none-eabi/9.3.1/../../../../arm-none-eabi/lib/thumb/v8-m.main+fp/hard\libg_nano.a(lib_a-nano-reallocr.o)
                0x00004bc8                _realloc_r
 .text._sbrk_r  0x00004c14       0x20 c:/renesas/ra/e2studio_v2021-04_fsp_v3.0.0/toolchains/gcc_arm/9_2020q2/bin/../lib/gcc/arm-none-eabi/9.3.1/../../../../arm-none-eabi/lib/thumb/v8-m.main+fp/hard\libg_nano.a(lib_a-sbrkr.o)
                0x00004c14                _sbrk_r
 .text.__malloc_lock
                0x00004c34        0xc c:/renesas/ra/e2studio_v2021-04_fsp_v3.0.0/toolchains/gcc_arm/9_2020q2/bin/../lib/gcc/arm-none-eabi/9.3.1/../../../../arm-none-eabi/lib/thumb/v8-m.main+fp/hard\libg_nano.a(lib_a-mlock.o)
                0x00004c34                __malloc_lock
 .text.__malloc_unlock
                0x00004c40        0xc c:/renesas/ra/e2studio_v2021-04_fsp_v3.0.0/toolchains/gcc_arm/9_2020q2/bin/../lib/gcc/arm-none-eabi/9.3.1/../../../../arm-none-eabi/lib/thumb/v8-m.main+fp/hard\libg_nano.a(lib_a-mlock.o)
                0x00004c40                __malloc_unlock
 .text._malloc_usable_size_r
                0x00004c4c       0x10 c:/renesas/ra/e2studio_v2021-04_fsp_v3.0.0/toolchains/gcc_arm/9_2020q2/bin/../lib/gcc/arm-none-eabi/9.3.1/../../../../arm-none-eabi/lib/thumb/v8-m.main+fp/hard\libg_nano.a(lib_a-nano-msizer.o)
                0x00004c4c                _malloc_usable_size_r
 .text.__retarget_lock_acquire_recursive
                0x00004c5c        0x2 c:/renesas/ra/e2studio_v2021-04_fsp_v3.0.0/toolchains/gcc_arm/9_2020q2/bin/../lib/gcc/arm-none-eabi/9.3.1/../../../../arm-none-eabi/lib/thumb/v8-m.main+fp/hard\libg_nano.a(lib_a-lock.o)
                0x00004c5c                __retarget_lock_acquire_recursive
 .text.__retarget_lock_release_recursive
                0x00004c5e        0x2 c:/renesas/ra/e2studio_v2021-04_fsp_v3.0.0/toolchains/gcc_arm/9_2020q2/bin/../lib/gcc/arm-none-eabi/9.3.1/../../../../arm-none-eabi/lib/thumb/v8-m.main+fp/hard\libg_nano.a(lib_a-lock.o)
                0x00004c5e                __retarget_lock_release_recursive
 *(.version)
 .version       0x00004c60       0x50 ./ra/fsp/src/bsp/mcu/all/bsp_common.o
 *(.init)
 .init          0x00004cb0        0x4 c:/renesas/ra/e2studio_v2021-04_fsp_v3.0.0/toolchains/gcc_arm/9_2020q2/bin/../lib/gcc/arm-none-eabi/9.3.1/thumb/v8-m.main+fp/hard/crti.o
                0x00004cb0                _init
 .init          0x00004cb4        0x8 c:/renesas/ra/e2studio_v2021-04_fsp_v3.0.0/toolchains/gcc_arm/9_2020q2/bin/../lib/gcc/arm-none-eabi/9.3.1/thumb/v8-m.main+fp/hard/crtn.o
 *(.fini)
 .fini          0x00004cbc        0x4 c:/renesas/ra/e2studio_v2021-04_fsp_v3.0.0/toolchains/gcc_arm/9_2020q2/bin/../lib/gcc/arm-none-eabi/9.3.1/thumb/v8-m.main+fp/hard/crti.o
                0x00004cbc                _fini
 .fini          0x00004cc0        0x8 c:/renesas/ra/e2studio_v2021-04_fsp_v3.0.0/toolchains/gcc_arm/9_2020q2/bin/../lib/gcc/arm-none-eabi/9.3.1/thumb/v8-m.main+fp/hard/crtn.o
 .fini.__stub   0x00004cc8       0x70 linker stubs
 *crtbegin.o(.ctors)
 *crtbegin?.o(.ctors)
 *(EXCLUDE_FILE(*crtend.o *crtend?.o) .ctors)
 *(SORT_BY_NAME(.ctors.*))
 *(.ctors)
 *crtbegin.o(.dtors)
 *crtbegin?.o(.dtors)
 *(EXCLUDE_FILE(*crtend.o *crtend?.o) .dtors)
 *(SORT_BY_NAME(.dtors.*))
 *(.dtors)
 *(.rodata*)
 .rodata.g_mcuflash_cfg
                0x00004d38       0x14 ./ra_gen/hal_data.o
                0x00004d38                g_mcuflash_cfg
 .rodata.g_mlosClockTimer_cfg
                0x00004d4c       0x20 ./ra_gen/hal_data.o
                0x00004d4c                g_mlosClockTimer_cfg
 .rodata.g_mlosClockTimer_extend
                0x00004d6c       0x2c ./ra_gen/hal_data.o
                0x00004d6c                g_mlosClockTimer_extend
 .rodata.g_mlosTaskElapsedTimer_cfg
                0x00004d98       0x20 ./ra_gen/hal_data.o
                0x00004d98                g_mlosTaskElapsedTimer_cfg
 .rodata.g_mlosTaskElapsedTimer_extend
                0x00004db8       0x2c ./ra_gen/hal_data.o
                0x00004db8                g_mlosTaskElapsedTimer_extend
 .rodata.g_transfer0
                0x00004de4        0xc ./ra_gen/hal_data.o
                0x00004de4                g_transfer0
 .rodata.g_transfer0_cfg
                0x00004df0        0x8 ./ra_gen/hal_data.o
                0x00004df0                g_transfer0_cfg
 .rodata.g_transfer0_cfg_extend
                0x00004df8        0x1 ./ra_gen/hal_data.o
                0x00004df8                g_transfer0_cfg_extend
 *fill*         0x00004df9        0x3 ff
 .rodata.g_transfer1
                0x00004dfc        0xc ./ra_gen/hal_data.o
                0x00004dfc                g_transfer1
 .rodata.g_transfer1_cfg
                0x00004e08        0x8 ./ra_gen/hal_data.o
                0x00004e08                g_transfer1_cfg
 .rodata.g_transfer1_cfg_extend
                0x00004e10        0x1 ./ra_gen/hal_data.o
                0x00004e10                g_transfer1_cfg_extend
 *fill*         0x00004e11        0x3 ff
 .rodata.g_w5500spi_cfg
                0x00004e14       0x24 ./ra_gen/hal_data.o
                0x00004e14                g_w5500spi_cfg
 .rodata.g_w5500spi_ext_cfg
                0x00004e38        0xc ./ra_gen/hal_data.o
                0x00004e38                g_w5500spi_ext_cfg
 .rodata.g_bsp_pin_cfg
                0x00004e44        0x8 ./ra_gen/pin_data.o
                0x00004e44                g_bsp_pin_cfg
 .rodata.g_bsp_pin_cfg_data
                0x00004e4c      0x208 ./ra_gen/pin_data.o
                0x00004e4c                g_bsp_pin_cfg_data
 .rodata.g_interrupt_event_link_select
                0x00005054       0xc0 ./ra_gen/vector_data.o
                0x00005054                g_interrupt_event_link_select
 .rodata.g_transfer_on_dtc
                0x00005114       0x24 ./ra/fsp/src/r_dtc/r_dtc.o
                0x00005114                g_transfer_on_dtc
 .rodata.g_prcr_masks
                0x00005138        0x8 ./ra/fsp/src/bsp/mcu/all/bsp_register_protection.o
 .rodata.led_init.str1.4
                0x00005140        0x4 ./public/u_led.o
 .rodata.setting_init.str1.4
                0x00005144        0x7 ./public/u_setting.o
 *fill*         0x0000514b        0x1 ff
 .rodata.log_shell_cmd_handle.str1.4
                0x0000514c        0x8 ./mlos/services/mlos_log.o
 .rodata.log_init.str1.4
                0x00005154       0x40 ./mlos/services/mlos_log.o
 .rodata.shell_cmd_help.str1.4
                0x00005194       0x48 ./mlos/services/mlos_shell.o
 .rodata.shell_cmd_reboot.str1.4
                0x000051dc       0x16 ./mlos/services/mlos_shell.o
 *fill*         0x000051f2        0x2 ff
 .rodata.shell_cmd_mem.str1.4
                0x000051f4       0x38 ./mlos/services/mlos_shell.o
 .rodata.shell_cmd_buf_read.str1.4
                0x0000522c       0x56 ./mlos/services/mlos_shell.o
 *fill*         0x00005282        0x2 ff
 .rodata.shell_task.str1.4
                0x00005284       0x18 ./mlos/services/mlos_shell.o
 .rodata.shell_init.str1.4
                0x0000529c       0x78 ./mlos/services/mlos_shell.o
 .rodata.rtimer_task_create.str1.4
                0x00005314        0x7 ./mlos/os/mlos_rtimer.o
 *fill*         0x0000531b        0x1 ff
 .rodata.upper_ntp_init.str1.4
                0x0000531c        0x6 ./mllib/upper/upper_ntp.o
 *fill*         0x00005322        0x2 ff
 .rodata.tool_init.str1.4
                0x00005324        0x5 ./mllib/tool/tool.o
 .rodata.ntp_init.str1.4
                0x00005329        0x7 ./mllib/ntp/ntp.o
 *fill*         0x00005329        0x3 ff
 .rodata.iap_init.str1.4
                0x0000532c        0x4 ./mllib/iap/iap.o
 .rodata._svfprintf_r.str1.1
                0x00005330       0x11 c:/renesas/ra/e2studio_v2021-04_fsp_v3.0.0/toolchains/gcc_arm/9_2020q2/bin/../lib/gcc/arm-none-eabi/9.3.1/../../../../arm-none-eabi/lib/thumb/v8-m.main+fp/hard\libg_nano.a(lib_a-nano-svfprintf.o)
 .rodata._printf_i.str1.1
                0x00005341       0x22 c:/renesas/ra/e2studio_v2021-04_fsp_v3.0.0/toolchains/gcc_arm/9_2020q2/bin/../lib/gcc/arm-none-eabi/9.3.1/../../../../arm-none-eabi/lib/thumb/v8-m.main+fp/hard\libg_nano.a(lib_a-nano-vfprintf_i.o)
 *fill*         0x00005363        0x1 ff
 .rodata.__sf_fake_stderr
                0x00005364       0x20 c:/renesas/ra/e2studio_v2021-04_fsp_v3.0.0/toolchains/gcc_arm/9_2020q2/bin/../lib/gcc/arm-none-eabi/9.3.1/../../../../arm-none-eabi/lib/thumb/v8-m.main+fp/hard\libc_nano.a(lib_a-findfp.o)
                0x00005364                __sf_fake_stderr
 .rodata.__sf_fake_stdin
                0x00005384       0x20 c:/renesas/ra/e2studio_v2021-04_fsp_v3.0.0/toolchains/gcc_arm/9_2020q2/bin/../lib/gcc/arm-none-eabi/9.3.1/../../../../arm-none-eabi/lib/thumb/v8-m.main+fp/hard\libc_nano.a(lib_a-findfp.o)
                0x00005384                __sf_fake_stdin
 .rodata.__sf_fake_stdout
                0x000053a4       0x20 c:/renesas/ra/e2studio_v2021-04_fsp_v3.0.0/toolchains/gcc_arm/9_2020q2/bin/../lib/gcc/arm-none-eabi/9.3.1/../../../../arm-none-eabi/lib/thumb/v8-m.main+fp/hard\libc_nano.a(lib_a-findfp.o)
                0x000053a4                __sf_fake_stdout
                0x000053c4                __usb_dev_descriptor_start_fs = .
 *(.usb_device_desc_fs*)
                0x000053c4                __usb_cfg_descriptor_start_fs = .
 *(.usb_config_desc_fs*)
                0x000053c4                __usb_interface_descriptor_start_fs = .
 *(.usb_interface_desc_fs*)
                0x000053c4                __usb_descriptor_end_fs = .
                0x000053c4                __usb_dev_descriptor_start_hs = .
 *(.usb_device_desc_hs*)
                0x000053c4                __usb_cfg_descriptor_start_hs = .
 *(.usb_config_desc_hs*)
                0x000053c4                __usb_interface_descriptor_start_hs = .
 *(.usb_interface_desc_hs*)
                0x000053c4                __usb_descriptor_end_hs = .
 *(.eh_frame*)
 .eh_frame      0x000053c4        0x0 c:/renesas/ra/e2studio_v2021-04_fsp_v3.0.0/toolchains/gcc_arm/9_2020q2/bin/../lib/gcc/arm-none-eabi/9.3.1/thumb/v8-m.main+fp/hard/crtbegin.o
 .eh_frame      0x000053c4        0x4 c:/renesas/ra/e2studio_v2021-04_fsp_v3.0.0/toolchains/gcc_arm/9_2020q2/bin/../lib/gcc/arm-none-eabi/9.3.1/thumb/v8-m.main+fp/hard/crtend.o
                0x000053c8                __ROM_End = .
                0x000001c0                __Vectors_Size = (__Vectors_End - __Vectors)

.glue_7         0x000053c8        0x0
 .glue_7        0x000053c8        0x0 linker stubs

.glue_7t        0x000053c8        0x0
 .glue_7t       0x000053c8        0x0 linker stubs

.vfp11_veneer   0x000053c8        0x0
 .vfp11_veneer  0x000053c8        0x0 linker stubs

.v4_bx          0x000053c8        0x0
 .v4_bx         0x000053c8        0x0 linker stubs

.iplt           0x000053c8        0x0
 .iplt          0x000053c8        0x0 c:/renesas/ra/e2studio_v2021-04_fsp_v3.0.0/toolchains/gcc_arm/9_2020q2/bin/../lib/gcc/arm-none-eabi/9.3.1/thumb/v8-m.main+fp/hard/crtbegin.o

.ARM.extab
 *(.ARM.extab* .gnu.linkonce.armextab.*)
                0x000053c8                __exidx_start = .

.ARM.exidx
 *(.ARM.exidx* .gnu.linkonce.armexidx.*)
                0x000053c8                __exidx_end = .
                0x000053c8                __etext = .
                0x20000000                __tz_RAM_S = ORIGIN (RAM)

.fsp_dtc_vector_table
                0x20000000      0x180
                0x20000000                . = ORIGIN (RAM)
 *(.fsp_dtc_vector_table)
 .fsp_dtc_vector_table
                0x20000000      0x180 ./ra/fsp/src/r_dtc/r_dtc.o

.data           0x20000180      0x754 load address 0x000053c8
                0x20000180                __data_start__ = .
                0x20000180                . = ALIGN (0x4)
                0x20000180                __Code_In_RAM_Start = .
 *(.code_in_ram*)
 .code_in_ram   0x20000180      0x6a0 ./ra/fsp/src/r_flash_hp/r_flash_hp.o
 .code_in_ram.__stub
                0x20000820       0x10 linker stubs
                0x20000830                __Code_In_RAM_End = .
 *(vtable)
 *(.data.*)
 .data.g_transfer0_info
                0x20000830       0x10 ./ra_gen/hal_data.o
                0x20000830                g_transfer0_info
 .data.g_transfer1_info
                0x20000840       0x10 ./ra_gen/hal_data.o
                0x20000840                g_transfer1_info
 .data.g_configuration_area_data
                0x20000850       0x10 ./ra/fsp/src/r_flash_hp/r_flash_hp.o
 .data.mySetting
                0x20000860        0x4 ./public/u_setting.o
                0x20000860                mySetting
 .data.logPrintLevelMask
                0x20000864        0x2 ./mlos/services/mlos_log.o
                0x20000864                logPrintLevelMask
 *fill*         0x20000866        0x2 
 .data._impure_ptr
                0x20000868        0x4 c:/renesas/ra/e2studio_v2021-04_fsp_v3.0.0/toolchains/gcc_arm/9_2020q2/bin/../lib/gcc/arm-none-eabi/9.3.1/../../../../arm-none-eabi/lib/thumb/v8-m.main+fp/hard\libg_nano.a(lib_a-impure.o)
                0x20000868                _impure_ptr
 .data.impure_data
                0x2000086c       0x60 c:/renesas/ra/e2studio_v2021-04_fsp_v3.0.0/toolchains/gcc_arm/9_2020q2/bin/../lib/gcc/arm-none-eabi/9.3.1/../../../../arm-none-eabi/lib/thumb/v8-m.main+fp/hard\libg_nano.a(lib_a-impure.o)
 *(.data)
                0x200008cc                . = ALIGN (0x4)
                0x200008cc                PROVIDE (__preinit_array_start = .)
 *(.preinit_array)
                0x200008cc                PROVIDE (__preinit_array_end = .)
                0x200008cc                . = ALIGN (0x4)
                0x200008cc                PROVIDE (__init_array_start = .)
 *(SORT_BY_NAME(.init_array.*))
 *(.init_array)
 .init_array    0x200008cc        0x4 c:/renesas/ra/e2studio_v2021-04_fsp_v3.0.0/toolchains/gcc_arm/9_2020q2/bin/../lib/gcc/arm-none-eabi/9.3.1/thumb/v8-m.main+fp/hard/crtbegin.o
                0x200008d0                PROVIDE (__init_array_end = .)
                0x200008d0                . = ALIGN (0x4)
                [!provide]                PROVIDE (__fini_array_start = .)
 *(SORT_BY_NAME(.fini_array.*))
 *(.fini_array)
 .fini_array    0x200008d0        0x4 c:/renesas/ra/e2studio_v2021-04_fsp_v3.0.0/toolchains/gcc_arm/9_2020q2/bin/../lib/gcc/arm-none-eabi/9.3.1/thumb/v8-m.main+fp/hard/crtbegin.o
                [!provide]                PROVIDE (__fini_array_end = .)
 *(.jcr*)
                0x200008d4                . = ALIGN (0x4)
                0x200008d4                __data_end__ = .

.igot.plt       0x200008d4        0x0 load address 0x00005b1c
 .igot.plt      0x200008d4        0x0 c:/renesas/ra/e2studio_v2021-04_fsp_v3.0.0/toolchains/gcc_arm/9_2020q2/bin/../lib/gcc/arm-none-eabi/9.3.1/thumb/v8-m.main+fp/hard/crtbegin.o

.gnu.sgstubs    0x00005c00        0x0
                0x00005c00                . = (DEFINED (PROJECT_SECURE) && DEFINED (FLASH_NSC_START))?ABSOLUTE (FLASH_NSC_START):ALIGN (0x400)
                0x00005c00                __tz_FLASH_C = DEFINED (FLASH_NSC_START)?ABSOLUTE (FLASH_NSC_START):__RESERVE_NS_RAM?ABSOLUTE ((FLASH_START + FLASH_LENGTH)):ALIGN (0x400)
                0x00005c00                _start_sg = .
 *(.gnu.sgstubs*)
                0x00005c00                . = ALIGN (0x20)
                0x00005c00                _end_sg = .
                0x00008000                __tz_FLASH_N = DEFINED (FLASH_NS_START)?ABSOLUTE (FLASH_NS_START):__RESERVE_NS_RAM?ABSOLUTE ((FLASH_START + FLASH_LENGTH)):ALIGN (0x8000)
                0x00008000                FLASH_NS_IMAGE_START = DEFINED (FLASH_NS_IMAGE_START)?FLASH_NS_IMAGE_START:__tz_FLASH_N
                0x60000000                __tz_QSPI_FLASH_S = ORIGIN (QSPI_FLASH)

.qspi_flash     0x60000000        0x0
                0x60000000                __qspi_flash_start__ = .
 *(.qspi_flash*)
 *(.code_in_qspi*)
                0x60000000                __qspi_flash_end__ = .
                0x00000000                __qspi_flash_code_size__ = (__qspi_flash_end__ - __qspi_flash_start__)
                0x00005b1c                __qspi_flash_code_addr__ = (__etext + (__data_end__ - __data_start__))

.qspi_non_retentive
                0x60000000        0x0 load address 0x00005b1c
                0x60000000                __qspi_non_retentive_start__ = .
 *(.qspi_non_retentive*)
                0x60000000                __qspi_non_retentive_end__ = .
                0x00000000                __qspi_non_retentive_size__ = (__qspi_non_retentive_end__ - __qspi_non_retentive_start__)
                0x04000000                __qspi_region_max_size__ = 0x4000000
                0x60000000                __qspi_region_start_address__ = __qspi_flash_start__
                0x64000000                __qspi_region_end_address__ = (__qspi_flash_start__ + __qspi_region_max_size__)
                0x60000000                __tz_QSPI_FLASH_N = __qspi_non_retentive_end__
                0x68000000                __tz_OSPI_DEVICE_0_S = ORIGIN (OSPI_DEVICE_0)

.OSPI_DEVICE_0  0x68000000        0x0
                0x68000000                __ospi_device_0_start__ = .
 *(.ospi_device_0*)
 *(.code_in_ospi_device_0*)
                0x68000000                __ospi_device_0_end__ = .
                0x00000000                __ospi_device_0_code_size__ = (__ospi_device_0_end__ - __ospi_device_0_start__)
                0x00005b1c                __ospi_device_0_code_addr__ = (__etext + (__data_end__ - __data_start__))

.ospi_device_0_non_retentive
                0x68000000        0x0 load address 0x00005b1c
                0x68000000                __ospi_device_0_non_retentive_start__ = .
 *(.ospi_device_0_non_retentive*)
                0x68000000                __ospi_device_0_non_retentive_end__ = .
                0x00000000                __ospi_device_0_non_retentive_size__ = (__ospi_device_0_non_retentive_end__ - __ospi_device_0_non_retentive_start__)
                0x08000000                __ospi_device_0_region_max_size__ = 0x8000000
                0x68000000                __ospi_device_0_region_start_address__ = __ospi_device_0_start__
                0x70000000                __ospi_device_0_region_end_address__ = (__ospi_device_0_start__ + __ospi_device_0_region_max_size__)
                0x68000000                __tz_OSPI_DEVICE_0_N = __ospi_device_0_non_retentive_end__
                0x70000000                __tz_OSPI_DEVICE_1_S = ORIGIN (OSPI_DEVICE_1)

.OSPI_DEVICE_1  0x70000000        0x0
                0x70000000                __ospi_device_1_start__ = .
 *(.ospi_device_1*)
 *(.code_in_ospi_device_1*)
                0x70000000                __ospi_device_1_end__ = .
                0x00000000                __ospi_device_1_code_size__ = (__ospi_device_1_end__ - __ospi_device_1_start__)
                0x00005b1c                __ospi_device_1_code_addr__ = (__etext + (__data_end__ - __data_start__))

.ospi_device_1_non_retentive
                0x70000000        0x0 load address 0x00005b1c
                0x70000000                __ospi_device_1_non_retentive_start__ = .
 *(.ospi_device_1_non_retentive*)
                0x70000000                __ospi_device_1_non_retentive_end__ = .
                0x00000000                __ospi_device_1_non_retentive_size__ = (__ospi_device_1_non_retentive_end__ - __ospi_device_1_non_retentive_start__)
                0x10000000                __ospi_device_1_region_max_size__ = 0x10000000
                0x70000000                __ospi_device_1_region_start_address__ = __ospi_device_1_start__
                0x80000000                __ospi_device_1_region_end_address__ = (__ospi_device_1_start__ + __ospi_device_1_region_max_size__)
                0x70000000                __tz_OSPI_DEVICE_1_N = __ospi_device_1_non_retentive_end__

.noinit         0x200008d4       0x1c
                0x200008d4                . = ALIGN (0x4)
                0x200008d4                __noinit_start = .
 *(.noinit*)
 .noinit        0x200008d4       0x18 ./ra/fsp/src/bsp/mcu/all/bsp_clocks.o
                0x200008f0                . = ALIGN (0x8)
 *fill*         0x200008ec        0x4 
 *(.heap.*)
                0x200008f0                __noinit_end = .

.bss            0x200008f0     0x9290
                0x200008f0                . = ALIGN (0x4)
                0x200008f0                __bss_start__ = .
 *(.bss*)
 .bss           0x200008f0       0x1c c:/renesas/ra/e2studio_v2021-04_fsp_v3.0.0/toolchains/gcc_arm/9_2020q2/bin/../lib/gcc/arm-none-eabi/9.3.1/thumb/v8-m.main+fp/hard/crtbegin.o
 .bss.g_dtc_state_initialized.24782
                0x2000090c        0x1 ./ra/fsp/src/r_dtc/r_dtc.o
 *fill*         0x2000090d        0x3 
 .bss.g_bsp_group_irq_sources
                0x20000910       0x40 ./ra/fsp/src/bsp/mcu/all/bsp_group_irq.o
 .bss.g_protect_counters
                0x20000950        0x8 ./ra/fsp/src/bsp/mcu/all/bsp_register_protection.o
 .bss.current_heap_end.24622
                0x20000958        0x4 ./ra/fsp/src/bsp/mcu/all/bsp_sbrk.o
 .bss.SystemCoreClock
                0x2000095c        0x4 ./ra/fsp/src/bsp/cmsis/Device/RENESAS/Source/system.o
                0x2000095c                SystemCoreClock
 .bss.msClockTime
                0x20000960        0x4 ./mlos/os/mlos_clock.o
                0x20000960                msClockTime
 .bss.sysRealTime
                0x20000964        0x8 ./mlos/os/mlos_clock.o
                0x20000964                sysRealTime
 .bss.memBlockList
                0x2000096c        0xc ./mlos/os/mlos_malloc.o
 .bss.lastTime.27918
                0x20000978        0x4 ./mlos/os/mlos_rtimer.o
 .bss.mcuFlashEvent
                0x2000097c        0x4 ./mllib/mlflash/mcuflash/RA6M4/mcu_flash.o
                0x2000097c                mcuFlashEvent
 .bss.__malloc_free_list
                0x20000980        0x4 c:/renesas/ra/e2studio_v2021-04_fsp_v3.0.0/toolchains/gcc_arm/9_2020q2/bin/../lib/gcc/arm-none-eabi/9.3.1/../../../../arm-none-eabi/lib/thumb/v8-m.main+fp/hard\libg_nano.a(lib_a-nano-mallocr.o)
                0x20000980                __malloc_free_list
 .bss.__malloc_sbrk_start
                0x20000984        0x4 c:/renesas/ra/e2studio_v2021-04_fsp_v3.0.0/toolchains/gcc_arm/9_2020q2/bin/../lib/gcc/arm-none-eabi/9.3.1/../../../../arm-none-eabi/lib/thumb/v8-m.main+fp/hard\libg_nano.a(lib_a-nano-mallocr.o)
                0x20000984                __malloc_sbrk_start
 *(COMMON)
 COMMON         0x20000988        0x8 ./ra_gen/common_data.o
                0x20000988                g_ioport_ctrl
 COMMON         0x20000990      0x1b4 ./ra_gen/hal_data.o
                0x20000990                g_qspi0_ctrl
                0x200009a0                g_can1_ctrl
                0x200009c8                g_cssdSpi_ctrl
                0x200009f8                g_mcuflash_ctrl
                0x20000a3c                g_can0_ctrl
                0x20000a64                g_w5500spi_ctrl
                0x20000a94                g_transfer0_ctrl
                0x20000a9c                g_mlosClockTimer_ctrl
                0x20000abc                g_mlosTaskElapsedTimer_ctrl
                0x20000adc                g_transfer1_ctrl
                0x20000ae4                g_uart1_ctrl
                0x20000b14                g_uart0_ctrl
 COMMON         0x20000b44        0x4 ./ra/fsp/src/bsp/mcu/all/bsp_io.o
                0x20000b44                g_protect_pfswe_counter
 COMMON         0x20000b48      0x180 ./ra/fsp/src/bsp/mcu/all/bsp_irq.o
                0x20000b48                gp_renesas_isr_context
 COMMON         0x20000cc8       0x14 ./public/u_led.o
                0x20000cc8                led
 COMMON         0x20000cdc       0x10 ./mlos/services/mlos_log.o
                0x20000cdc                log
 COMMON         0x20000cec      0x4c4 ./mlos/services/mlos_shell.o
                0x20000cec                shell
 COMMON         0x200011b0     0x8028 ./mlos/port/RA6M4/mlos_port.o
                0x200011b0                memblock1
                0x200011c4                sram1
                0x200091c4                memblock2
 COMMON         0x200091d8       0x18 ./mlos/os/mlos.o
                0x200091d8                mlos
 COMMON         0x200091f0        0xc ./mlos/os/mlos_rtimer.o
                0x200091f0                pRtimerTask
                0x200091f4                pCurTmrList
                0x200091f8                pOvfTmrList
 COMMON         0x200091fc       0x8c ./mlos/os/mlos_task.o
                0x200091fc                pCurTaskgroup
                0x20009200                lastSecondStatisticsTime
                0x20009204                taskgroup
                0x2000927c                suspendTaskList
 COMMON         0x20009288       0x14 ./mllib/upper/upper_ntp.o
                0x20009288                upperNtp
 COMMON         0x2000929c       0x10 ./mllib/tool/tool.o
                0x2000929c                toolNtp
 COMMON         0x200092ac      0x800 ./mllib/tool/tool_iap.o
                0x200092ac                toolIapNtpTxbuf
 COMMON         0x20009aac        0x4 ./mllib/ntp/w5500/ra6m4/ntp_w5500_spi_driver.o
                0x20009aac                w5500spievent
 COMMON         0x20009ab0       0x24 ./mllib/ntp/w5500/ntp_w5500.o
                0x20009ab0                w5500
 COMMON         0x20009ad4       0x9c ./mllib/iap/iap.o
                0x20009ad4                iap
                0x20009af0                appFileinfo
 COMMON         0x20009b70        0x4 c:/renesas/ra/e2studio_v2021-04_fsp_v3.0.0/toolchains/gcc_arm/9_2020q2/bin/../lib/gcc/arm-none-eabi/9.3.1/../../../../arm-none-eabi/lib/thumb/v8-m.main+fp/hard\libg_nano.a(lib_a-reent.o)
                0x20009b70                errno
 COMMON         0x20009b74        0x9 c:/renesas/ra/e2studio_v2021-04_fsp_v3.0.0/toolchains/gcc_arm/9_2020q2/bin/../lib/gcc/arm-none-eabi/9.3.1/../../../../arm-none-eabi/lib/thumb/v8-m.main+fp/hard\libg_nano.a(lib_a-lock.o)
                0x20009b74                __lock___atexit_recursive_mutex
                0x20009b75                __lock___arc4random_mutex
                0x20009b76                __lock___env_recursive_mutex
                0x20009b77                __lock___sinit_recursive_mutex
                0x20009b78                __lock___malloc_recursive_mutex
                0x20009b79                __lock___at_quick_exit_mutex
                0x20009b7a                __lock___dd_hash_mutex
                0x20009b7b                __lock___tz_mutex
                0x20009b7c                __lock___sfp_recursive_mutex
                0x20009b80                . = ALIGN (0x4)
 *fill*         0x20009b7d        0x3 
                0x20009b80                __bss_end__ = .

.heap           0x20009b80        0x0
                0x20009b80                . = ALIGN (0x8)
                0x20009b80                __HeapBase = .
 *(.heap)
                0x20009b80                __HeapLimit = .

.stack_dummy    0x20009b80      0x400
                0x20009b80                . = ALIGN (0x8)
                0x20009b80                __StackLimit = .
 *(.stack)
 .stack         0x20009b80      0x400 ./ra/fsp/src/bsp/cmsis/Device/RENESAS/Source/startup.o
                0x20009f80                __StackTop = .
 *(.stack*)
                0x20009f80                __StackTopAll = .
                0x20009f80                PROVIDE (__stack = __StackTopAll)
                0x20009f80                __RAM_segment_used_end__ = ALIGN (__StackTopAll, 0x4)
                0x2000a000                __tz_RAM_C = DEFINED (RAM_NSC_START)?ABSOLUTE (RAM_NSC_START):__RESERVE_NS_RAM?ABSOLUTE (RAM_NS_BUFFER_BLOCK_START):ALIGN (__RAM_segment_used_end__, 0x400)
                0x2000a000                __tz_RAM_N = DEFINED (RAM_NS_START)?ABSOLUTE (RAM_NS_START):__RESERVE_NS_RAM?ABSOLUTE (RAM_NS_BUFFER_BLOCK_START):ALIGN (__tz_RAM_C, 0x2000)

.ns_buffer      0x20009f80        0x0
                0x20009f80                . = __RESERVE_NS_RAM?ABSOLUTE ((RAM_NS_BUFFER_START & 0xffffffe0)):.
 *(.ns_buffer*)

.data_flash     0x08000000        0x0
                0x08000000                . = ORIGIN (DATA_FLASH)
                0x08000000                __tz_DATA_FLASH_S = .
                0x08000000                __Data_Flash_Start = .
 *(.data_flash*)
                0x08000000                __Data_Flash_End = .
                0x08000000                __tz_DATA_FLASH_N = DEFINED (DATA_FLASH_NS_START)?ABSOLUTE (DATA_FLASH_NS_START):__RESERVE_NS_RAM?ABSOLUTE ((DATA_FLASH_START + DATA_FLASH_LENGTH)):ALIGN (0x400)
                0x90000000                __tz_SDRAM_S = ORIGIN (SDRAM)

.sdram          0x90000000        0x0
                0x90000000                __SDRAM_Start = .
 *(.sdram*)
 *(.frame*)
                0x90000000                __SDRAM_End = .
                0x90000000                __tz_SDRAM_N = __SDRAM_End
                0x00000000                __tz_ID_CODE_S = ORIGIN (ID_CODE)

.id_code        0x00000000        0x0
                0x00000000                __ID_Code_Start = .
 *(.id_code*)
                0x00000000                __ID_Code_End = .
                0x00000000                __tz_ID_CODE_N = __ID_Code_End
                0x0100a100                __tz_OPTION_SETTING_S = ORIGIN (OPTION_SETTING)

.option_setting
                0x0100a100       0x38
                0x0100a100                __OPTION_SETTING_Start = .
 *(.option_setting_ofs0)
 .option_setting_ofs0
                0x0100a100        0x4 ./ra/fsp/src/bsp/mcu/all/bsp_rom_registers.o
                0x0100a110                . = PROJECT_SECURE_OR_FLAT?(__OPTION_SETTING_Start + 0x10):__OPTION_SETTING_Start
 *fill*         0x0100a104        0xc ff
 *(.option_setting_dualsel)
 .option_setting_dualsel
                0x0100a110        0x4 ./ra/fsp/src/bsp/mcu/all/bsp_rom_registers.o
                0x0100a134                . = PROJECT_SECURE_OR_FLAT?(__OPTION_SETTING_Start + 0x34):__OPTION_SETTING_Start
 *fill*         0x0100a114       0x20 ff
 *(.option_setting_sas)
 .option_setting_sas
                0x0100a134        0x4 ./ra/fsp/src/bsp/mcu/all/bsp_rom_registers.o
                0x0100a138                __OPTION_SETTING_End = .
                0x0100a180                __tz_OPTION_SETTING_N = OPTION_SETTING_START_NS

.option_setting_ns
                0x0100a138        0x0
                0x0100a138                __OPTION_SETTING_NS_Start = .
 *(.option_setting_ofs1)
                0x0100a138                . = USE_OPTION_SETTING_NS?(__OPTION_SETTING_NS_Start + 0x10):__OPTION_SETTING_NS_Start
 *(.option_setting_banksel)
                0x0100a138                . = USE_OPTION_SETTING_NS?(__OPTION_SETTING_NS_Start + 0x40):__OPTION_SETTING_NS_Start
 *(.option_setting_bps0)
                0x0100a138                . = USE_OPTION_SETTING_NS?(__OPTION_SETTING_NS_Start + 0x44):__OPTION_SETTING_NS_Start
 *(.option_setting_bps1)
                0x0100a138                . = USE_OPTION_SETTING_NS?(__OPTION_SETTING_NS_Start + 0x48):__OPTION_SETTING_NS_Start
 *(.option_setting_bps2)
                0x0100a138                . = USE_OPTION_SETTING_NS?(__OPTION_SETTING_NS_Start + 0x60):__OPTION_SETTING_NS_Start
 *(.option_setting_pbps0)
                0x0100a138                . = USE_OPTION_SETTING_NS?(__OPTION_SETTING_NS_Start + 0x64):__OPTION_SETTING_NS_Start
 *(.option_setting_pbps1)
                0x0100a138                . = USE_OPTION_SETTING_NS?(__OPTION_SETTING_NS_Start + 0x68):__OPTION_SETTING_NS_Start
 *(.option_setting_pbps2)
                0x0100a138                __OPTION_SETTING_NS_End = .
                0x0100a200                __tz_OPTION_SETTING_S_S = ORIGIN (OPTION_SETTING_S)

.option_setting_s
                0x0100a200       0xcc
                0x0100a200                __OPTION_SETTING_S_Start = .
 *(.option_setting_ofs1_sec)
 .option_setting_ofs1_sec
                0x0100a200        0x4 ./ra/fsp/src/bsp/mcu/all/bsp_rom_registers.o
                0x0100a210                . = PROJECT_SECURE_OR_FLAT?(__OPTION_SETTING_S_Start + 0x10):__OPTION_SETTING_S_Start
 *fill*         0x0100a204        0xc ff
 *(.option_setting_banksel_sec)
 .option_setting_banksel_sec
                0x0100a210        0x4 ./ra/fsp/src/bsp/mcu/all/bsp_rom_registers.o
                0x0100a240                . = PROJECT_SECURE_OR_FLAT?(__OPTION_SETTING_S_Start + 0x40):__OPTION_SETTING_S_Start
 *fill*         0x0100a214       0x2c ff
 *(.option_setting_bps_sec0)
 .option_setting_bps_sec0
                0x0100a240        0x4 ./ra/fsp/src/bsp/mcu/all/bsp_rom_registers.o
                0x0100a244                . = PROJECT_SECURE_OR_FLAT?(__OPTION_SETTING_S_Start + 0x44):__OPTION_SETTING_S_Start
 *(.option_setting_bps_sec1)
 .option_setting_bps_sec1
                0x0100a244        0x4 ./ra/fsp/src/bsp/mcu/all/bsp_rom_registers.o
                0x0100a248                . = PROJECT_SECURE_OR_FLAT?(__OPTION_SETTING_S_Start + 0x48):__OPTION_SETTING_S_Start
 *(.option_setting_bps_sec2)
 .option_setting_bps_sec2
                0x0100a248        0x4 ./ra/fsp/src/bsp/mcu/all/bsp_rom_registers.o
                0x0100a260                . = PROJECT_SECURE_OR_FLAT?(__OPTION_SETTING_S_Start + 0x60):__OPTION_SETTING_S_Start
 *fill*         0x0100a24c       0x14 ff
 *(.option_setting_pbps_sec0)
 .option_setting_pbps_sec0
                0x0100a260        0x4 ./ra/fsp/src/bsp/mcu/all/bsp_rom_registers.o
                0x0100a264                . = PROJECT_SECURE_OR_FLAT?(__OPTION_SETTING_S_Start + 0x64):__OPTION_SETTING_S_Start
 *(.option_setting_pbps_sec1)
 .option_setting_pbps_sec1
                0x0100a264        0x4 ./ra/fsp/src/bsp/mcu/all/bsp_rom_registers.o
                0x0100a268                . = PROJECT_SECURE_OR_FLAT?(__OPTION_SETTING_S_Start + 0x68):__OPTION_SETTING_S_Start
 *(.option_setting_pbps_sec2)
 .option_setting_pbps_sec2
                0x0100a268        0x4 ./ra/fsp/src/bsp/mcu/all/bsp_rom_registers.o
                0x0100a280                . = PROJECT_SECURE_OR_FLAT?(__OPTION_SETTING_S_Start + 0x80):__OPTION_SETTING_S_Start
 *fill*         0x0100a26c       0x14 ff
 *(.option_setting_ofs1_sel)
 .option_setting_ofs1_sel
                0x0100a280        0x4 ./ra/fsp/src/bsp/mcu/all/bsp_rom_registers.o
                0x0100a290                . = PROJECT_SECURE_OR_FLAT?(__OPTION_SETTING_S_Start + 0x90):__OPTION_SETTING_S_Start
 *fill*         0x0100a284        0xc ff
 *(.option_setting_banksel_sel)
 .option_setting_banksel_sel
                0x0100a290        0x4 ./ra/fsp/src/bsp/mcu/all/bsp_rom_registers.o
                0x0100a2c0                . = PROJECT_SECURE_OR_FLAT?(__OPTION_SETTING_S_Start + 0xc0):__OPTION_SETTING_S_Start
 *fill*         0x0100a294       0x2c ff
 *(.option_setting_bps_sel0)
 .option_setting_bps_sel0
                0x0100a2c0        0x4 ./ra/fsp/src/bsp/mcu/all/bsp_rom_registers.o
                0x0100a2c4                . = PROJECT_SECURE_OR_FLAT?(__OPTION_SETTING_S_Start + 0xc4):__OPTION_SETTING_S_Start
 *(.option_setting_bps_sel1)
 .option_setting_bps_sel1
                0x0100a2c4        0x4 ./ra/fsp/src/bsp/mcu/all/bsp_rom_registers.o
                0x0100a2c8                . = PROJECT_SECURE_OR_FLAT?(__OPTION_SETTING_S_Start + 0xc8):__OPTION_SETTING_S_Start
 *(.option_setting_bps_sel2)
 .option_setting_bps_sel2
                0x0100a2c8        0x4 ./ra/fsp/src/bsp/mcu/all/bsp_rom_registers.o
                0x0100a2cc                __OPTION_SETTING_S_End = .
                0x0100a2cc                __tz_OPTION_SETTING_S_N = __OPTION_SETTING_S_End
OUTPUT(mc_r7fa6m4.elf elf32-littlearm)
LOAD linker stubs

.rel.dyn        0x0100a2cc        0x0
 .rel.iplt      0x0100a2cc        0x0 c:/renesas/ra/e2studio_v2021-04_fsp_v3.0.0/toolchains/gcc_arm/9_2020q2/bin/../lib/gcc/arm-none-eabi/9.3.1/thumb/v8-m.main+fp/hard/crtbegin.o

.ARM.attributes
                0x00000000       0x36
 .ARM.attributes
                0x00000000       0x22 c:/renesas/ra/e2studio_v2021-04_fsp_v3.0.0/toolchains/gcc_arm/9_2020q2/bin/../lib/gcc/arm-none-eabi/9.3.1/thumb/v8-m.main+fp/hard/crti.o
 .ARM.attributes
                0x00000022       0x38 c:/renesas/ra/e2studio_v2021-04_fsp_v3.0.0/toolchains/gcc_arm/9_2020q2/bin/../lib/gcc/arm-none-eabi/9.3.1/thumb/v8-m.main+fp/hard/crtbegin.o
 .ARM.attributes
                0x0000005a       0x3a ./src/hal_entry.o
 .ARM.attributes
                0x00000094       0x3a ./ra_gen/common_data.o
 .ARM.attributes
                0x000000ce       0x3a ./ra_gen/hal_data.o
 .ARM.attributes
                0x00000108       0x3a ./ra_gen/main.o
 .ARM.attributes
                0x00000142       0x3c ./ra_gen/pin_data.o
 .ARM.attributes
                0x0000017e       0x3c ./ra_gen/vector_data.o
 .ARM.attributes
                0x000001ba       0x3a ./ra/fsp/src/r_spi/r_spi.o
 .ARM.attributes
                0x000001f4       0x3a ./ra/fsp/src/r_sci_uart/r_sci_uart.o
 .ARM.attributes
                0x0000022e       0x3a ./ra/fsp/src/r_ioport/r_ioport.o
 .ARM.attributes
                0x00000268       0x3a ./ra/fsp/src/r_gpt/r_gpt.o
 .ARM.attributes
                0x000002a2       0x3a ./ra/fsp/src/r_flash_hp/r_flash_hp.o
 .ARM.attributes
                0x000002dc       0x3a ./ra/fsp/src/r_dtc/r_dtc.o
 .ARM.attributes
                0x00000316       0x3a ./ra/fsp/src/r_can/r_can.o
 .ARM.attributes
                0x00000350       0x3a ./ra/fsp/src/bsp/mcu/all/bsp_clocks.o
 .ARM.attributes
                0x0000038a       0x3a ./ra/fsp/src/bsp/mcu/all/bsp_common.o
 .ARM.attributes
                0x000003c4       0x3a ./ra/fsp/src/bsp/mcu/all/bsp_group_irq.o
 .ARM.attributes
                0x000003fe       0x3c ./ra/fsp/src/bsp/mcu/all/bsp_io.o
 .ARM.attributes
                0x0000043a       0x3a ./ra/fsp/src/bsp/mcu/all/bsp_irq.o
 .ARM.attributes
                0x00000474       0x3a ./ra/fsp/src/bsp/mcu/all/bsp_register_protection.o
 .ARM.attributes
                0x000004ae       0x3c ./ra/fsp/src/bsp/mcu/all/bsp_rom_registers.o
 .ARM.attributes
                0x000004ea       0x3a ./ra/fsp/src/bsp/mcu/all/bsp_sbrk.o
 .ARM.attributes
                0x00000524       0x3a ./ra/fsp/src/bsp/cmsis/Device/RENESAS/Source/startup.o
 .ARM.attributes
                0x0000055e       0x3a ./ra/fsp/src/bsp/cmsis/Device/RENESAS/Source/system.o
 .ARM.attributes
                0x00000598       0x3a ./public/u_led.o
 .ARM.attributes
                0x000005d2       0x3a ./public/u_setting.o
 .ARM.attributes
                0x0000060c       0x3a ./mlos/services/mlos_log.o
 .ARM.attributes
                0x00000646       0x3a ./mlos/services/mlos_shell.o
 .ARM.attributes
                0x00000680       0x3a ./mlos/port/RA6M4/mlos_port.o
 .ARM.attributes
                0x000006ba       0x3a ./mlos/os/mlos.o
 .ARM.attributes
                0x000006f4       0x3a ./mlos/os/mlos_clock.o
 .ARM.attributes
                0x0000072e       0x3a ./mlos/os/mlos_list.o
 .ARM.attributes
                0x00000768       0x3a ./mlos/os/mlos_ltimer.o
 .ARM.attributes
                0x000007a2       0x3a ./mlos/os/mlos_malloc.o
 .ARM.attributes
                0x000007dc       0x3a ./mlos/os/mlos_mpump.o
 .ARM.attributes
                0x00000816       0x3a ./mlos/os/mlos_rtimer.o
 .ARM.attributes
                0x00000850       0x3a ./mlos/os/mlos_task.o
 .ARM.attributes
                0x0000088a       0x3a ./mllib/upper/upper_ntp.o
 .ARM.attributes
                0x000008c4       0x3a ./mllib/tool/tool.o
 .ARM.attributes
                0x000008fe       0x3a ./mllib/tool/tool_iap.o
 .ARM.attributes
                0x00000938       0x3a ./mllib/tool/tool_setting.o
 .ARM.attributes
                0x00000972       0x3a ./mllib/ntp/w5500/ra6m4/ntp_w5500_spi_driver.o
 .ARM.attributes
                0x000009ac       0x3a ./mllib/ntp/w5500/ntp_w5500.o
 .ARM.attributes
                0x000009e6       0x3a ./mllib/ntp/ntp.o
 .ARM.attributes
                0x00000a20       0x3a ./mllib/ntp/ntp_usocket.o
 .ARM.attributes
                0x00000a5a       0x3a ./mllib/mlflash/mcuflash/RA6M4/mcu_flash.o
 .ARM.attributes
                0x00000a94       0x3a ./mllib/iap/RA6M4/iap_mcu_port.o
 .ARM.attributes
                0x00000ace       0x3a ./mllib/iap/iap.o
 .ARM.attributes
                0x00000b08       0x3a ./boot/u_boot.o
 .ARM.attributes
                0x00000b42       0x38 c:/renesas/ra/e2studio_v2021-04_fsp_v3.0.0/toolchains/gcc_arm/9_2020q2/bin/../lib/gcc/arm-none-eabi/9.3.1/../../../../arm-none-eabi/lib/thumb/v8-m.main+fp/hard\libg_nano.a(lib_a-errno.o)
 .ARM.attributes
                0x00000b7a       0x36 c:/renesas/ra/e2studio_v2021-04_fsp_v3.0.0/toolchains/gcc_arm/9_2020q2/bin/../lib/gcc/arm-none-eabi/9.3.1/../../../../arm-none-eabi/lib/thumb/v8-m.main+fp/hard\libg_nano.a(lib_a-impure.o)
 .ARM.attributes
                0x00000bb0       0x38 c:/renesas/ra/e2studio_v2021-04_fsp_v3.0.0/toolchains/gcc_arm/9_2020q2/bin/../lib/gcc/arm-none-eabi/9.3.1/../../../../arm-none-eabi/lib/thumb/v8-m.main+fp/hard\libg_nano.a(lib_a-memcmp.o)
 .ARM.attributes
                0x00000be8       0x38 c:/renesas/ra/e2studio_v2021-04_fsp_v3.0.0/toolchains/gcc_arm/9_2020q2/bin/../lib/gcc/arm-none-eabi/9.3.1/../../../../arm-none-eabi/lib/thumb/v8-m.main+fp/hard\libg_nano.a(lib_a-memcpy-stub.o)
 .ARM.attributes
                0x00000c20       0x38 c:/renesas/ra/e2studio_v2021-04_fsp_v3.0.0/toolchains/gcc_arm/9_2020q2/bin/../lib/gcc/arm-none-eabi/9.3.1/../../../../arm-none-eabi/lib/thumb/v8-m.main+fp/hard\libg_nano.a(lib_a-memset.o)
 .ARM.attributes
                0x00000c58       0x20 c:/renesas/ra/e2studio_v2021-04_fsp_v3.0.0/toolchains/gcc_arm/9_2020q2/bin/../lib/gcc/arm-none-eabi/9.3.1/../../../../arm-none-eabi/lib/thumb/v8-m.main+fp/hard\libg_nano.a(lib_a-strcmp.o)
 .ARM.attributes
                0x00000c78       0x17 c:/renesas/ra/e2studio_v2021-04_fsp_v3.0.0/toolchains/gcc_arm/9_2020q2/bin/../lib/gcc/arm-none-eabi/9.3.1/../../../../arm-none-eabi/lib/thumb/v8-m.main+fp/hard\libg_nano.a(lib_a-strlen.o)
 .ARM.attributes
                0x00000c8f       0x38 c:/renesas/ra/e2studio_v2021-04_fsp_v3.0.0/toolchains/gcc_arm/9_2020q2/bin/../lib/gcc/arm-none-eabi/9.3.1/../../../../arm-none-eabi/lib/thumb/v8-m.main+fp/hard\libg_nano.a(lib_a-vsprintf.o)
 .ARM.attributes
                0x00000cc7       0x38 c:/renesas/ra/e2studio_v2021-04_fsp_v3.0.0/toolchains/gcc_arm/9_2020q2/bin/../lib/gcc/arm-none-eabi/9.3.1/../../../../arm-none-eabi/lib/thumb/v8-m.main+fp/hard\libg_nano.a(lib_a-nano-svfprintf.o)
 .ARM.attributes
                0x00000cff       0x38 c:/renesas/ra/e2studio_v2021-04_fsp_v3.0.0/toolchains/gcc_arm/9_2020q2/bin/../lib/gcc/arm-none-eabi/9.3.1/../../../../arm-none-eabi/lib/thumb/v8-m.main+fp/hard\libg_nano.a(lib_a-nano-vfprintf_i.o)
 .ARM.attributes
                0x00000d37       0x38 c:/renesas/ra/e2studio_v2021-04_fsp_v3.0.0/toolchains/gcc_arm/9_2020q2/bin/../lib/gcc/arm-none-eabi/9.3.1/../../../../arm-none-eabi/lib/thumb/v8-m.main+fp/hard\libg_nano.a(lib_a-memchr-stub.o)
 .ARM.attributes
                0x00000d6f       0x38 c:/renesas/ra/e2studio_v2021-04_fsp_v3.0.0/toolchains/gcc_arm/9_2020q2/bin/../lib/gcc/arm-none-eabi/9.3.1/../../../../arm-none-eabi/lib/thumb/v8-m.main+fp/hard\libg_nano.a(lib_a-memmove.o)
 .ARM.attributes
                0x00000da7       0x38 c:/renesas/ra/e2studio_v2021-04_fsp_v3.0.0/toolchains/gcc_arm/9_2020q2/bin/../lib/gcc/arm-none-eabi/9.3.1/../../../../arm-none-eabi/lib/thumb/v8-m.main+fp/hard\libg_nano.a(lib_a-nano-freer.o)
 .ARM.attributes
                0x00000ddf       0x38 c:/renesas/ra/e2studio_v2021-04_fsp_v3.0.0/toolchains/gcc_arm/9_2020q2/bin/../lib/gcc/arm-none-eabi/9.3.1/../../../../arm-none-eabi/lib/thumb/v8-m.main+fp/hard\libg_nano.a(lib_a-nano-mallocr.o)
 .ARM.attributes
                0x00000e17       0x38 c:/renesas/ra/e2studio_v2021-04_fsp_v3.0.0/toolchains/gcc_arm/9_2020q2/bin/../lib/gcc/arm-none-eabi/9.3.1/../../../../arm-none-eabi/lib/thumb/v8-m.main+fp/hard\libg_nano.a(lib_a-nano-reallocr.o)
 .ARM.attributes
                0x00000e4f       0x38 c:/renesas/ra/e2studio_v2021-04_fsp_v3.0.0/toolchains/gcc_arm/9_2020q2/bin/../lib/gcc/arm-none-eabi/9.3.1/../../../../arm-none-eabi/lib/thumb/v8-m.main+fp/hard\libg_nano.a(lib_a-sbrkr.o)
 .ARM.attributes
                0x00000e87       0x38 c:/renesas/ra/e2studio_v2021-04_fsp_v3.0.0/toolchains/gcc_arm/9_2020q2/bin/../lib/gcc/arm-none-eabi/9.3.1/../../../../arm-none-eabi/lib/thumb/v8-m.main+fp/hard\libg_nano.a(lib_a-mlock.o)
 .ARM.attributes
                0x00000ebf       0x38 c:/renesas/ra/e2studio_v2021-04_fsp_v3.0.0/toolchains/gcc_arm/9_2020q2/bin/../lib/gcc/arm-none-eabi/9.3.1/../../../../arm-none-eabi/lib/thumb/v8-m.main+fp/hard\libg_nano.a(lib_a-nano-msizer.o)
 .ARM.attributes
                0x00000ef7       0x38 c:/renesas/ra/e2studio_v2021-04_fsp_v3.0.0/toolchains/gcc_arm/9_2020q2/bin/../lib/gcc/arm-none-eabi/9.3.1/../../../../arm-none-eabi/lib/thumb/v8-m.main+fp/hard\libg_nano.a(lib_a-reent.o)
 .ARM.attributes
                0x00000f2f       0x38 c:/renesas/ra/e2studio_v2021-04_fsp_v3.0.0/toolchains/gcc_arm/9_2020q2/bin/../lib/gcc/arm-none-eabi/9.3.1/../../../../arm-none-eabi/lib/thumb/v8-m.main+fp/hard\libg_nano.a(lib_a-lock.o)
 .ARM.attributes
                0x00000f67       0x38 c:/renesas/ra/e2studio_v2021-04_fsp_v3.0.0/toolchains/gcc_arm/9_2020q2/bin/../lib/gcc/arm-none-eabi/9.3.1/../../../../arm-none-eabi/lib/thumb/v8-m.main+fp/hard\libc_nano.a(lib_a-findfp.o)
 .ARM.attributes
                0x00000f9f       0x36 c:/renesas/ra/e2studio_v2021-04_fsp_v3.0.0/toolchains/gcc_arm/9_2020q2/bin/../lib/gcc/arm-none-eabi/9.3.1/thumb/v8-m.main+fp/hard/crtend.o
 .ARM.attributes
                0x00000fd5       0x22 c:/renesas/ra/e2studio_v2021-04_fsp_v3.0.0/toolchains/gcc_arm/9_2020q2/bin/../lib/gcc/arm-none-eabi/9.3.1/thumb/v8-m.main+fp/hard/crtn.o

.comment        0x00000000       0x4c
 .comment       0x00000000       0x4c ./src/hal_entry.o
                                 0x4d (size before relaxing)
 .comment       0x0000004c       0x4d ./ra_gen/common_data.o
 .comment       0x0000004c       0x4d ./ra_gen/hal_data.o
 .comment       0x0000004c       0x4d ./ra_gen/main.o
 .comment       0x0000004c       0x4d ./ra_gen/pin_data.o
 .comment       0x0000004c       0x4d ./ra_gen/vector_data.o
 .comment       0x0000004c       0x4d ./ra/fsp/src/r_spi/r_spi.o
 .comment       0x0000004c       0x4d ./ra/fsp/src/r_sci_uart/r_sci_uart.o
 .comment       0x0000004c       0x4d ./ra/fsp/src/r_ioport/r_ioport.o
 .comment       0x0000004c       0x4d ./ra/fsp/src/r_gpt/r_gpt.o
 .comment       0x0000004c       0x4d ./ra/fsp/src/r_flash_hp/r_flash_hp.o
 .comment       0x0000004c       0x4d ./ra/fsp/src/r_dtc/r_dtc.o
 .comment       0x0000004c       0x4d ./ra/fsp/src/r_can/r_can.o
 .comment       0x0000004c       0x4d ./ra/fsp/src/bsp/mcu/all/bsp_clocks.o
 .comment       0x0000004c       0x4d ./ra/fsp/src/bsp/mcu/all/bsp_common.o
 .comment       0x0000004c       0x4d ./ra/fsp/src/bsp/mcu/all/bsp_group_irq.o
 .comment       0x0000004c       0x4d ./ra/fsp/src/bsp/mcu/all/bsp_io.o
 .comment       0x0000004c       0x4d ./ra/fsp/src/bsp/mcu/all/bsp_irq.o
 .comment       0x0000004c       0x4d ./ra/fsp/src/bsp/mcu/all/bsp_register_protection.o
 .comment       0x0000004c       0x4d ./ra/fsp/src/bsp/mcu/all/bsp_rom_registers.o
 .comment       0x0000004c       0x4d ./ra/fsp/src/bsp/mcu/all/bsp_sbrk.o
 .comment       0x0000004c       0x4d ./ra/fsp/src/bsp/cmsis/Device/RENESAS/Source/startup.o
 .comment       0x0000004c       0x4d ./ra/fsp/src/bsp/cmsis/Device/RENESAS/Source/system.o
 .comment       0x0000004c       0x4d ./public/u_led.o
 .comment       0x0000004c       0x4d ./public/u_setting.o
 .comment       0x0000004c       0x4d ./mlos/services/mlos_log.o
 .comment       0x0000004c       0x4d ./mlos/services/mlos_shell.o
 .comment       0x0000004c       0x4d ./mlos/port/RA6M4/mlos_port.o
 .comment       0x0000004c       0x4d ./mlos/os/mlos.o
 .comment       0x0000004c       0x4d ./mlos/os/mlos_clock.o
 .comment       0x0000004c       0x4d ./mlos/os/mlos_list.o
 .comment       0x0000004c       0x4d ./mlos/os/mlos_ltimer.o
 .comment       0x0000004c       0x4d ./mlos/os/mlos_malloc.o
 .comment       0x0000004c       0x4d ./mlos/os/mlos_mpump.o
 .comment       0x0000004c       0x4d ./mlos/os/mlos_rtimer.o
 .comment       0x0000004c       0x4d ./mlos/os/mlos_task.o
 .comment       0x0000004c       0x4d ./mllib/upper/upper_ntp.o
 .comment       0x0000004c       0x4d ./mllib/tool/tool.o
 .comment       0x0000004c       0x4d ./mllib/tool/tool_iap.o
 .comment       0x0000004c       0x4d ./mllib/tool/tool_setting.o
 .comment       0x0000004c       0x4d ./mllib/ntp/w5500/ra6m4/ntp_w5500_spi_driver.o
 .comment       0x0000004c       0x4d ./mllib/ntp/w5500/ntp_w5500.o
 .comment       0x0000004c       0x4d ./mllib/ntp/ntp.o
 .comment       0x0000004c       0x4d ./mllib/ntp/ntp_usocket.o
 .comment       0x0000004c       0x4d ./mllib/mlflash/mcuflash/RA6M4/mcu_flash.o
 .comment       0x0000004c       0x4d ./mllib/iap/RA6M4/iap_mcu_port.o
 .comment       0x0000004c       0x4d ./mllib/iap/iap.o
 .comment       0x0000004c       0x4d ./boot/u_boot.o

.debug_info     0x00000000   0x15e7c9
 .debug_info    0x00000000     0x9de5 ./src/hal_entry.o
 .debug_info    0x00009de5     0x1984 ./ra_gen/common_data.o
 .debug_info    0x0000b769     0xa888 ./ra_gen/hal_data.o
 .debug_info    0x00015ff1     0x9b88 ./ra_gen/main.o
 .debug_info    0x0001fb79     0x1138 ./ra_gen/pin_data.o
 .debug_info    0x00020cb1     0x10ea ./ra_gen/vector_data.o
 .debug_info    0x00021d9b     0x82e0 ./ra/fsp/src/r_spi/r_spi.o
 .debug_info    0x0002a07b     0x95ae ./ra/fsp/src/r_sci_uart/r_sci_uart.o
 .debug_info    0x00033629     0x6d24 ./ra/fsp/src/r_ioport/r_ioport.o
 .debug_info    0x0003a34d     0x931c ./ra/fsp/src/r_gpt/r_gpt.o
 .debug_info    0x00043669     0x88f3 ./ra/fsp/src/r_flash_hp/r_flash_hp.o
 .debug_info    0x0004bf5c     0x5c55 ./ra/fsp/src/r_dtc/r_dtc.o
 .debug_info    0x00051bb1     0x5095 ./ra/fsp/src/r_can/r_can.o
 .debug_info    0x00056c46     0x4ab1 ./ra/fsp/src/bsp/mcu/all/bsp_clocks.o
 .debug_info    0x0005b6f7     0x1154 ./ra/fsp/src/bsp/mcu/all/bsp_common.o
 .debug_info    0x0005c84b     0x1b89 ./ra/fsp/src/bsp/mcu/all/bsp_group_irq.o
 .debug_info    0x0005e3d4      0x990 ./ra/fsp/src/bsp/mcu/all/bsp_io.o
 .debug_info    0x0005ed64     0x24eb ./ra/fsp/src/bsp/mcu/all/bsp_irq.o
 .debug_info    0x0006124f     0x4028 ./ra/fsp/src/bsp/mcu/all/bsp_register_protection.o
 .debug_info    0x00065277      0xaa7 ./ra/fsp/src/bsp/mcu/all/bsp_rom_registers.o
 .debug_info    0x00065d1e      0xa61 ./ra/fsp/src/bsp/mcu/all/bsp_sbrk.o
 .debug_info    0x0006677f      0xa51 ./ra/fsp/src/bsp/cmsis/Device/RENESAS/Source/startup.o
 .debug_info    0x000671d0     0x1173 ./ra/fsp/src/bsp/cmsis/Device/RENESAS/Source/system.o
 .debug_info    0x00068343     0xa4fc ./public/u_led.o
 .debug_info    0x0007283f     0xa2f8 ./public/u_setting.o
 .debug_info    0x0007cb37     0xa1b2 ./mlos/services/mlos_log.o
 .debug_info    0x00086ce9     0xa97f ./mlos/services/mlos_shell.o
 .debug_info    0x00091668     0x9ede ./mlos/port/RA6M4/mlos_port.o
 .debug_info    0x0009b546     0x9ea0 ./mlos/os/mlos.o
 .debug_info    0x000a53e6     0x9c84 ./mlos/os/mlos_clock.o
 .debug_info    0x000af06a      0xe0a ./mlos/os/mlos_list.o
 .debug_info    0x000afe74     0x9d70 ./mlos/os/mlos_ltimer.o
 .debug_info    0x000b9be4     0x9fb5 ./mlos/os/mlos_malloc.o
 .debug_info    0x000c3b99     0xa3ac ./mlos/os/mlos_mpump.o
 .debug_info    0x000cdf45     0xa468 ./mlos/os/mlos_rtimer.o
 .debug_info    0x000d83ad     0xa689 ./mlos/os/mlos_task.o